d = 4: 31 matched events; in band (1%) 31; verdict PASS
   K_eff  4 liftoff  A   4.2981  shift 1.39029  quadratic 1.37715 (+0.0095)  linear-2D -0.0958  linear-3D -0.0460
   K_eff  5 birth    A   5.9575  shift 1.93621  quadratic 1.93284 (+0.0017)  linear-2D -0.0719  linear-3D -0.0365
   K_eff  6 liftoff  A   6.6192  shift 1.56103  quadratic 1.55699 (+0.0026)  linear-2D -0.0486  linear-3D -0.0237
   K_eff  7 birth    A   7.9902  shift 1.95040  quadratic 1.95403 (-0.0019)  linear-2D -0.0322  linear-3D -0.0173
   K_eff  8 liftoff  A   8.6304  shift 1.65141  quadratic 1.65030 (+0.0007)  linear-2D -0.0280  linear-3D -0.0139
   K_eff  9 birth    A   9.8465  shift 1.96300  quadratic 1.96690 (-0.0020)  linear-2D -0.0135  linear-3D -0.0078
   K_eff 10 liftoff  A  10.4724  shift 1.71339  quadratic 1.71358 (-0.0001)  linear-2D -0.0161  linear-3D -0.0082
   K_eff 11 birth    A  11.5857  shift 1.97605  quadratic 1.97933 (-0.0017)  linear-2D -0.0030  linear-3D -0.0023
   K_eff 12 liftoff  A  12.2001  shift 1.76142  quadratic 1.76223 (-0.0005)  linear-2D -0.0083  linear-3D -0.0044
   K_eff 13 birth    A  13.2383  shift 1.98970  quadratic 1.99233 (-0.0013)  linear-2D +0.0035  linear-3D +0.0011
   K_eff 14 liftoff  A  13.8426  shift 1.80035  quadratic 1.80230 (-0.0011)  linear-2D -0.0019  linear-3D -0.0015
   K_eff 15 birth    A  14.8224  shift 2.00374  quadratic 2.00585 (-0.0011)  linear-2D +0.0078  linear-3D +0.0033
   K_eff 16 liftoff  A  15.4175  shift 1.83554  quadratic 1.83673 (-0.0007)  linear-2D +0.0011  linear-3D +0.0002
   K_eff 17 birth    A  16.3503  shift 2.01796  quadratic 2.01967 (-0.0008)  linear-2D +0.0107  linear-3D +0.0049
   K_eff 18 liftoff  A  16.9369  shift 1.86595  quadratic 1.86716 (-0.0006)  linear-2D +0.0042  linear-3D +0.0018
   K_eff 19 birth    A  17.8308  shift 2.03222  quadratic 2.03360 (-0.0007)  linear-2D +0.0129  linear-3D +0.0060
   K_eff 20 liftoff  A  18.4095  shift 1.89343  quadratic 1.89460 (-0.0006)  linear-2D +0.0066  linear-3D +0.0030
   K_eff 21 birth    A  19.2704  shift 2.04638  quadratic 2.04750 (-0.0005)  linear-2D +0.0144  linear-3D +0.0069
   K_eff 22 liftoff  A  19.8417  shift 1.91860  quadratic 1.91970 (-0.0006)  linear-2D +0.0084  linear-3D +0.0039
   K_eff 23 birth    A  20.6742  shift 2.06039  quadratic 2.06129 (-0.0004)  linear-2D +0.0156  linear-3D +0.0075
   K_eff 24 liftoff  A  21.2385  shift 1.94191  quadratic 1.94292 (-0.0005)  linear-2D +0.0099  linear-3D +0.0047
   K_eff 25 birth    A  22.0462  shift 2.07420  quadratic 2.07487 (-0.0003)  linear-2D +0.0164  linear-3D +0.0080
   K_eff 26 liftoff  A  22.6039  shift 1.96368  quadratic 1.96458 (-0.0005)  linear-2D +0.0111  linear-3D +0.0053
   K_eff 27 birth    A  23.3896  shift 2.08778  quadratic 2.08819 (-0.0002)  linear-2D +0.0170  linear-3D +0.0083
   K_eff 28 liftoff  A  23.9412  shift 1.98416  quadratic 1.98492 (-0.0004)  linear-2D +0.0120  linear-3D +0.0058
   K_eff 29 birth    A  24.7073  shift 2.10112  quadratic 2.10113 (-0.0000)  linear-2D +0.0174  linear-3D +0.0086
   K_eff 30 liftoff  A  25.2530  shift 2.00353  quadratic 2.00408 (-0.0003)  linear-2D +0.0127  linear-3D +0.0062
   K_eff 31 birth    A  26.0014  shift 2.11420  quadratic 2.11353 (+0.0003)  linear-2D +0.0175  linear-3D +0.0088
   K_eff 32 liftoff  A  26.5416  shift 2.02194  quadratic 2.02216 (-0.0001)  linear-2D +0.0133  linear-3D +0.0065
   K_eff 33 birth    A  27.2740  shift 2.12704  quadratic 2.12509 (+0.0009)  linear-2D +0.0172  linear-3D +0.0090
   K_eff 34 liftoff  A  27.8089  shift 2.03951  quadratic 2.03914 (+0.0002)  linear-2D +0.0135  linear-3D +0.0068
   rms rel: quadratic 0.0020, linear-2D 0.0268, linear-3D 0.0132
d = 5: 20 matched events; in band (2%) 19; verdict PASS
   K_eff  4 liftoff  A   4.6848  shift 1.77698  quadratic 1.72927 (+0.0276)  linear-2D -0.1332  linear-3D -0.0855
   K_eff  5 birth    A   6.5110  shift 2.48970  quadratic 2.47494 (+0.0060)  linear-2D -0.1049  linear-3D -0.0708
   K_eff  6 liftoff  A   7.0932  shift 2.03508  quadratic 2.02012 (+0.0074)  linear-2D -0.0698  linear-3D -0.0454
   K_eff  7 birth    A   8.5906  shift 2.55074  quadratic 2.56447 (-0.0054)  linear-2D -0.0508  linear-3D -0.0361
   K_eff  8 liftoff  A   9.1512  shift 2.17221  quadratic 2.16794 (+0.0020)  linear-2D -0.0411  linear-3D -0.0272
   K_eff  9 birth    A  10.4746  shift 2.59113  quadratic 2.60725 (-0.0062)  linear-2D -0.0234  linear-3D -0.0177
   K_eff 10 liftoff  A  11.0246  shift 2.26560  quadratic 2.26618 (-0.0003)  linear-2D -0.0243  linear-3D -0.0164
   K_eff 11 birth    A  12.2329  shift 2.62319  quadratic 2.63732 (-0.0054)  linear-2D -0.0074  linear-3D -0.0067
   K_eff 12 liftoff  A  12.7760  shift 2.33733  quadratic 2.34030 (-0.0013)  linear-2D -0.0131  linear-3D -0.0092
   K_eff 13 birth    A  13.8997  shift 2.65112  quadratic 2.66281 (-0.0044)  linear-2D +0.0028  linear-3D +0.0004
   K_eff 14 liftoff  A  14.4375  shift 2.39534  quadratic 2.40207 (-0.0028)  linear-2D -0.0041  linear-3D -0.0036
   K_eff 15 birth    A  15.4953  shift 2.67662  quadratic 2.68618 (-0.0036)  linear-2D +0.0096  linear-3D +0.0052
   K_eff 16 liftoff  A  16.0285  shift 2.44654  quadratic 2.45118 (-0.0019)  linear-2D +0.0008  linear-3D -0.0001
   K_eff 17 birth    A  17.0329  shift 2.70050  quadratic 2.70832 (-0.0029)  linear-2D +0.0144  linear-3D +0.0086
   K_eff 18 liftoff  A  17.5618  shift 2.49078  quadratic 2.49555 (-0.0019)  linear-2D +0.0053  linear-3D +0.0029
   K_eff 19 birth    A  18.5218  shift 2.72316  quadratic 2.72958 (-0.0024)  linear-2D +0.0179  linear-3D +0.0111
   K_eff 20 liftoff  A  19.0465  shift 2.53044  quadratic 2.53512 (-0.0018)  linear-2D +0.0089  linear-3D +0.0053
   K_eff 21 birth    A  19.9689  shift 2.74484  quadratic 2.75013 (-0.0019)  linear-2D +0.0205  linear-3D +0.0129
   K_eff 22 liftoff  A  20.4896  shift 2.56652  quadratic 2.57099 (-0.0017)  linear-2D +0.0117  linear-3D +0.0072
   K_eff 23 birth    A  21.3795  shift 2.76571  quadratic 2.77003 (-0.0016)  linear-2D +0.0224  linear-3D +0.0143
   rms rel: quadratic 0.0072, linear-2D 0.0453, linear-3D 0.0299
d = 8: 26 matched events; in band (5%) 25; verdict PASS
   K_eff  4 liftoff  A   5.7030  shift 2.79517  quadratic 2.46482 (+0.1340)  linear-2D -0.2209  linear-3D -0.1780
   K_eff  5 birth    A   7.9687  shift 3.94745  quadratic 3.79467 (+0.0403)  linear-2D -0.1890  linear-3D -0.1581
   K_eff  6 liftoff  A   8.4067  shift 3.34853  quadratic 3.24187 (+0.0329)  linear-2D -0.1254  linear-3D -0.1025
   K_eff  7 birth    A  10.2323  shift 4.19244  quadratic 4.27311 (-0.0189)  linear-2D -0.1085  linear-3D -0.0947
   K_eff  8 liftoff  A  10.6336  shift 3.65465  quadratic 3.62347 (+0.0086)  linear-2D -0.0781  linear-3D -0.0647
   K_eff  9 birth    A  12.2399  shift 4.35640  quadratic 4.48242 (-0.0281)  linear-2D -0.0617  linear-3D -0.0563
   K_eff 10 liftoff  A  12.6236  shift 3.86463  quadratic 3.86821 (-0.0009)  linear-2D -0.0489  linear-3D -0.0412
   K_eff 11 birth    A  14.0891  shift 4.47943  quadratic 4.60598 (-0.0275)  linear-2D -0.0314  linear-3D -0.0307
   K_eff 12 liftoff  A  14.4636  shift 4.02489  quadratic 4.04649 (-0.0053)  linear-2D -0.0289  linear-3D -0.0250
   K_eff 13 birth    A  15.8267  shift 4.57815  quadratic 4.69333 (-0.0245)  linear-2D -0.0105  linear-3D -0.0128
   K_eff 14 liftoff  A  16.1963  shift 4.15411  quadratic 4.19834 (-0.0105)  linear-2D -0.0130  linear-3D -0.0126
   K_eff 15 birth    A  17.4789  shift 4.66024  quadratic 4.76228 (-0.0214)  linear-2D +0.0045  linear-3D +0.0001
   K_eff 16 liftoff  A  17.8468  shift 4.26483  quadratic 4.30112 (-0.0084)  linear-2D -0.0031  linear-3D -0.0040
   K_eff 17 birth    A  19.0648  shift 4.73245  quadratic 4.82054 (-0.0183)  linear-2D +0.0159  linear-3D +0.0100
   K_eff 18 liftoff  A  19.4312  shift 4.36019  quadratic 4.39871 (-0.0088)  linear-2D +0.0056  linear-3D +0.0032
   K_eff 19 birth    A  20.5944  shift 4.79574  quadratic 4.87190 (-0.0156)  linear-2D +0.0244  linear-3D +0.0175
   K_eff 23 birth    A  23.5185  shift 4.90471  quadratic 4.96122 (-0.0114)  linear-2D +0.0361  linear-3D +0.0279
   K_eff 24 liftoff  A  23.8864  shift 4.58979  quadratic 4.62690 (-0.0080)  linear-2D +0.0230  linear-3D +0.0177
   K_eff 25 birth    A  24.9247  shift 4.95271  quadratic 5.00086 (-0.0096)  linear-2D +0.0401  linear-3D +0.0315
   K_eff 26 liftoff  A  25.2936  shift 4.65337  quadratic 4.68856 (-0.0075)  linear-2D +0.0268  linear-3D +0.0209
   K_eff 27 birth    A  26.2750  shift 4.97315  quadratic 5.03743 (-0.0128)  linear-2D +0.0383  linear-3D +0.0294
   K_eff 28 liftoff  A  26.6693  shift 4.71229  quadratic 4.74491 (-0.0069)  linear-2D +0.0301  linear-3D +0.0237
   K_eff 29 birth    A  27.6328  shift 5.02664  quadratic 5.07035 (-0.0086)  linear-2D +0.0431  linear-3D +0.0341
   K_eff 30 liftoff  A  28.0167  shift 4.76725  quadratic 4.79638 (-0.0061)  linear-2D +0.0327  linear-3D +0.0261
   K_eff 31 birth    A  28.9662  shift 5.07899  quadratic 5.09807 (-0.0037)  linear-2D +0.0476  linear-3D +0.0387
   K_eff 32 liftoff  A  29.3385  shift 4.81882  quadratic 4.84281 (-0.0050)  linear-2D +0.0349  linear-3D +0.0281
   rms rel: quadratic 0.0312, linear-2D 0.0734, linear-3D 0.0606
