  birth track d 8 m 3.691: f -6.159e-04; support [0.39385 3.69059]; weights [0.01252 0.98748]; residual 4.4e-13
  birth track d 8 m 3.716: f -3.090e-03; support [0.58943 3.71559]; weights [0.01346 0.98654]; residual 2.7e-15
  birth track d 8 m 3.741: f -7.402e-03; support [0.73349 3.74059]; weights [0.01444 0.98556]; residual 8.9e-16
  birth track d 8 m 3.766: f -1.349e-02; support [0.8526  3.76559]; weights [0.01547 0.98453]; residual 2.7e-15
  birth track d 8 m 3.791: f -2.127e-02; support [0.95616 3.79059]; weights [0.01655 0.98345]; residual 1.8e-15
  birth track d 8 m 3.816: f -3.068e-02; support [1.0488  3.81559]; weights [0.01767 0.98233]; residual 0.0e+00
  birth track d 8 m 3.841: f -4.162e-02; support [1.13324 3.84059]; weights [0.01884 0.98116]; residual 8.9e-16
  birth track d 8 m 3.866: f -5.399e-02; support [1.21122 3.86559]; weights [0.02005 0.97995]; residual 4.4e-13
  birth track d 8 m 3.891: f -6.771e-02; support [1.28392 3.89059]; weights [0.02132 0.97868]; residual 8.9e-16
  birth track d 8 m 3.916: f -8.266e-02; support [1.35223 3.91559]; weights [0.02262 0.97738]; residual 1.8e-15
  birth track d 8 m 3.941: f -9.874e-02; support [1.4168  3.94059]; weights [0.02398 0.97602]; residual 0.0e+00
  birth track d 8 m 3.966: f -1.158e-01; support [1.47813 3.96559]; weights [0.02537 0.97463]; residual 0.0e+00
  birth track d 8 m 3.991: f -1.339e-01; support [1.53664 3.99059]; weights [0.02682 0.97318]; residual 8.9e-16
  birth track d 8 m 4.016: f -1.527e-01; support [1.59264 4.01559]; weights [0.0283 0.9717]; residual 0.0e+00
  birth track d 8 m 4.041: f -1.721e-01; support [1.64641 4.04059]; weights [0.02984 0.97016]; residual 1.8e-15
  birth track d 8 m 4.066: f -1.922e-01; support [1.69818 4.06559]; weights [0.03141 0.96859]; residual 0.0e+00
  birth track d 8 m 4.091: f -2.126e-01; support [1.74813 4.09059]; weights [0.03303 0.96697]; residual 0.0e+00
  birth track d 8 m 4.116: f -2.334e-01; support [1.79644 4.11559]; weights [0.03468 0.96532]; residual 0.0e+00
  birth track d 8 m 4.141: f -2.544e-01; support [1.84324 4.14059]; weights [0.03638 0.96362]; residual 8.9e-16
  birth track d 8 m 4.166: f -2.755e-01; support [1.88867 4.16559]; weights [0.03812 0.96188]; residual 0.0e+00
  birth track d 8 m 4.191: f -2.966e-01; support [1.93282 4.19059]; weights [0.0399 0.9601]; residual 1.8e-15
  birth track d 8 m 4.216: f -3.175e-01; support [1.9758  4.21559]; weights [0.04171 0.95829]; residual 8.9e-16
  birth track d 8 m 4.241: f -3.382e-01; support [2.01769 4.24059]; weights [0.04356 0.95644]; residual 0.0e+00
  birth track d 8 m 4.266: f -3.584e-01; support [2.05856 4.26559]; weights [0.04545 0.95455]; residual 0.0e+00
  birth track d 8 m 4.291: f -3.783e-01; support [2.0985  4.29059]; weights [0.04738 0.95262]; residual 0.0e+00
  birth track d 8 m 4.316: f -3.975e-01; support [2.13756 4.31559]; weights [0.04933 0.95067]; residual 4.4e-13
  birth track d 8 m 4.341: f -4.161e-01; support [2.17579 4.34059]; weights [0.05132 0.94868]; residual 0.0e+00
  birth track d 8 m 4.366: f -4.339e-01; support [2.21325 4.36559]; weights [0.05334 0.94666]; residual 8.9e-16
  birth track d 8 m 4.391: f -4.508e-01; support [2.24998 4.39059]; weights [0.05539 0.94461]; residual 0.0e+00
  birth track d 8 m 4.416: f -4.668e-01; support [2.28604 4.41559]; weights [0.05747 0.94253]; residual 0.0e+00
  birth track d 8 m 4.441: f -4.818e-01; support [2.32145 4.44059]; weights [0.05958 0.94042]; residual 0.0e+00
  birth track d 8 m 4.466: f -4.956e-01; support [2.35626 4.46559]; weights [0.06171 0.93829]; residual 1.8e-15
  birth track d 8 m 4.491: f -5.082e-01; support [2.3905  4.49059]; weights [0.06387 0.93613]; residual 0.0e+00
  birth track d 8 m 4.516: f -5.195e-01; support [2.42419 4.51559]; weights [0.06606 0.93394]; residual 0.0e+00
  birth track d 8 m 4.541: f -5.294e-01; support [2.45738 4.54059]; weights [0.06826 0.93174]; residual 4.4e-13
  birth track d 8 m 4.566: f -5.380e-01; support [2.49008 4.56559]; weights [0.07049 0.92951]; residual 8.9e-16
  birth track d 8 m 4.591: f -5.450e-01; support [2.52232 4.59059]; weights [0.07275 0.92725]; residual 0.0e+00
  birth track d 8 m 4.616: f -5.505e-01; support [2.55413 4.61559]; weights [0.07502 0.92498]; residual 1.9e-14
  birth track d 8 m 4.641: f -5.544e-01; support [2.58552 4.64059]; weights [0.07731 0.92269]; residual 0.0e+00
  birth track d 8 m 4.666: f -5.566e-01; support [2.61652 4.66559]; weights [0.07962 0.92038]; residual 0.0e+00
  birth track d 8 m 4.691: f -5.571e-01; support [2.64714 4.69059]; weights [0.08194 0.91806]; residual 0.0e+00
  birth track d 8 m 4.716: f -5.559e-01; support [2.67741 4.71559]; weights [0.08428 0.91572]; residual 8.9e-16
  birth track d 8 m 4.741: f -5.528e-01; support [2.70734 4.74059]; weights [0.08664 0.91336]; residual 1.6e-13
  birth track d 8 m 4.766: f -5.479e-01; support [2.73694 4.76559]; weights [0.089 0.911]; residual 8.9e-16
  birth track d 8 m 4.791: f -5.412e-01; support [2.76624 4.79059]; weights [0.09139 0.90861]; residual 2.7e-15
  birth track d 8 m 4.816: f -5.325e-01; support [2.79524 4.81559]; weights [0.09378 0.90622]; residual 0.0e+00
  birth track d 8 m 4.841: f -5.219e-01; support [2.82396 4.84059]; weights [0.09618 0.90382]; residual 1.8e-15
  birth track d 8 m 4.866: f -5.094e-01; support [2.85242 4.86559]; weights [0.09859 0.90141]; residual 0.0e+00
  birth track d 8 m 4.891: f -4.949e-01; support [2.88062 4.89059]; weights [0.10102 0.89898]; residual 2.7e-15
  birth track d 8 m 4.916: f -4.783e-01; support [2.90857 4.91559]; weights [0.10345 0.89655]; residual 0.0e+00
  birth track d 8 m 4.941: f -4.598e-01; support [2.93629 4.94059]; weights [0.10588 0.89412]; residual 1.8e-15
  birth track d 8 m 4.966: f -4.392e-01; support [2.96379 4.96559]; weights [0.10833 0.89167]; residual 8.9e-16
  birth track d 8 m 4.991: f -4.166e-01; support [2.99107 4.99059]; weights [0.11077 0.88923]; residual 2.7e-15
  birth track d 8 m 5.016: f -3.919e-01; support [3.01815 5.01559]; weights [0.11323 0.88677]; residual 2.7e-15
  birth track d 8 m 5.041: f -3.651e-01; support [3.04503 5.04059]; weights [0.11568 0.88432]; residual 7.1e-15
  birth track d 8 m 5.066: f -3.363e-01; support [3.07173 5.06559]; weights [0.11814 0.88186]; residual 1.8e-15
  birth track d 8 m 5.091: f -3.054e-01; support [3.09824 5.09059]; weights [0.1206 0.8794]; residual 9.8e-15
d 8: no birth crossing after m 3.670594; chain stopped
EVENTS []
