  birth track d 1 m 8.403: f -8.736e-08; support [0.33441 1.62385 3.15558 4.77249 6.49885 8.40349]; weights [0.15553 0.24516 0.22704 0.18476 0.12691 0.06061]; residual 5.6e-13
  birth track d 1 m 8.428: f -1.935e-07; support [0.39549 1.6659  3.18501 4.79854 6.52402 8.42849]; weights [0.16477 0.24024 0.22504 0.18358 0.12614 0.06023]; residual 3.3e-13
  birth track d 1 m 8.453: f -3.381e-07; support [0.44187 1.70585 3.21425 4.82458 6.54919 8.45349]; weights [0.17298 0.23625 0.22312 0.18242 0.12538 0.05986]; residual 4.4e-13
  birth track d 1 m 8.478: f -5.182e-07; support [0.47893 1.74374 3.24324 4.85059 6.57436 8.47849]; weights [0.18028 0.23305 0.2213  0.18127 0.12462 0.05949]; residual 3.9e-13
  birth track d 1 m 8.503: f -7.303e-07; support [0.5095  1.77963 3.27195 4.87658 6.59953 8.50349]; weights [0.18677 0.23053 0.21958 0.18013 0.12387 0.05912]; residual 5.6e-13
  birth track d 1 m 8.528: f -9.706e-07; support [0.53532 1.81363 3.30036 4.90251 6.6247  8.52849]; weights [0.19257 0.22858 0.21795 0.17902 0.12313 0.05875]; residual 3.9e-13
  birth track d 1 m 8.553: f -1.235e-06; support [0.55752 1.84584 3.32842 4.92839 6.64986 8.55349]; weights [0.19776 0.2271  0.21643 0.17793 0.12239 0.05839]; residual 1.0e-12
  birth track d 1 m 8.578: f -1.518e-06; support [0.57689 1.87637 3.35613 4.95421 6.67501 8.57849]; weights [0.20242 0.22601 0.21501 0.17686 0.12166 0.05803]; residual 6.7e-13
  birth track d 1 m 8.603: f -1.815e-06; support [0.59399 1.90534 3.38345 4.97996 6.70015 8.60349]; weights [0.20663 0.22525 0.21369 0.17581 0.12094 0.05768]; residual 7.8e-13
  birth track d 1 m 8.628: f -2.121e-06; support [0.60926 1.93286 3.41038 5.00563 6.72528 8.62849]; weights [0.21044 0.22475 0.21247 0.17479 0.12023 0.05732]; residual 5.0e-13
  birth track d 1 m 8.653: f -2.428e-06; support [0.62301 1.95903 3.43691 5.0312  6.7504  8.65349]; weights [0.2139  0.22447 0.21134 0.17379 0.11952 0.05697]; residual 5.0e-13
  birth track d 1 m 8.678: f -2.730e-06; support [0.63549 1.98396 3.46302 5.05668 6.7755  8.67849]; weights [0.21706 0.22437 0.2103  0.17282 0.11882 0.05663]; residual 1.1e-12
  birth track d 1 m 8.703: f -3.020e-06; support [0.64691 2.00773 3.48872 5.08206 6.80059 8.70349]; weights [0.21995 0.2244  0.20935 0.17188 0.11814 0.05628]; residual 5.6e-13
  birth track d 1 m 8.728: f -3.290e-06; support [0.65741 2.03044 3.51399 5.10732 6.82566 8.72849]; weights [0.22261 0.22455 0.20848 0.17096 0.11746 0.05594]; residual 5.6e-13
  birth track d 1 m 8.753: f -3.532e-06; support [0.66714 2.05217 3.53884 5.13246 6.8507  8.75349]; weights [0.22505 0.22479 0.20769 0.17008 0.11678 0.0556 ]; residual 6.1e-13
  birth track d 1 m 8.778: f -3.737e-06; support [0.67618 2.07298 3.56328 5.15749 6.87572 8.77849]; weights [0.22731 0.22511 0.20697 0.16922 0.11612 0.05527]; residual 6.7e-13
  birth track d 1 m 8.803: f -3.895e-06; support [0.68463 2.09295 3.5873  5.18238 6.90072 8.80349]; weights [0.22941 0.22548 0.20632 0.16838 0.11547 0.05494]; residual 1.3e-13
  birth track d 1 m 8.828: f -3.997e-06; support [0.69257 2.11214 3.61091 5.20714 6.92569 8.82849]; weights [0.23136 0.2259  0.20574 0.16758 0.11482 0.05461]; residual 6.1e-13
  birth track d 1 m 8.853: f -4.032e-06; support [0.70005 2.13061 3.63412 5.23176 6.95063 8.85349]; weights [0.23318 0.22634 0.20521 0.1668  0.11419 0.05428]; residual 8.3e-13
  birth track d 1 m 8.878: f -3.989e-06; support [0.70712 2.14841 3.65693 5.25624 6.97553 8.87849]; weights [0.23487 0.22682 0.20474 0.16605 0.11356 0.05396]; residual 3.3e-13
  birth track d 1 m 8.903: f -3.856e-06; support [0.71383 2.16558 3.67936 5.28057 7.00041 8.90349]; weights [0.23646 0.22731 0.20431 0.16533 0.11295 0.05364]; residual 2.2e-13
  birth track d 1 m 8.928: f -3.620e-06; support [0.72022 2.18217 3.7014  5.30476 7.02525 8.92849]; weights [0.23796 0.22782 0.20394 0.16463 0.11234 0.05332]; residual 4.4e-13
  birth track d 1 m 8.953: f -3.270e-06; support [0.72632 2.19822 3.72307 5.32879 7.05006 8.95349]; weights [0.23936 0.22833 0.2036  0.16396 0.11174 0.053  ]; residual 2.2e-13
  birth track d 1 m 8.978: f -2.792e-06; support [0.73215 2.21378 3.74438 5.35267 7.07483 8.97849]; weights [0.24068 0.22884 0.20331 0.16332 0.11116 0.05269]; residual 1.1e-12
  birth track d 1 m 9.003: f -2.172e-06; support [0.73775 2.22886 3.76534 5.3764  7.09955 9.00349]; weights [0.24193 0.22936 0.20305 0.1627  0.11058 0.05238]; residual 5.0e-13
  birth track d 1 m 9.028: f -1.394e-06; support [0.74313 2.2435  3.78596 5.39997 7.12424 9.02849]; weights [0.24311 0.22987 0.20282 0.1621  0.11001 0.05208]; residual 5.6e-13
  birth track d 1 m 9.053: f -4.447e-07; support [0.74831 2.25773 3.80625 5.42337 7.14889 9.05349]; weights [0.24422 0.23038 0.20263 0.16153 0.10946 0.05177]; residual 8.3e-13
  birth track d 1 m 9.078: f +6.928e-07; support [0.75331 2.27158 3.82621 5.44663 7.17349 9.07849]; weights [0.24528 0.23089 0.20246 0.16099 0.10891 0.05147]; residual 2.8e-13
  state at root - 0.01: support [0.748371 2.257898 3.806484 5.423649 7.149177 9.053789]; weights [0.244236 0.23039  0.202626 0.161527 0.10945  0.051771]; residual 6.7e-13; interior excess +0.00e+00
CHAIN d 1 e3 birth: m 9.06378852; support [0.750392 2.263481 3.814506 5.432968 7.159022 9.063789]; weights [0.244666 0.230592 0.202556 0.161305 0.109231 0.05165 ]; residual 3.9e-13
  split track d 1 m 9.074: f -1.489e-06; support [0.      0.78535 2.27781 3.82559 5.44321 7.16906 9.07379]; weights [0.01295 0.2344  0.22924 0.20197 0.16093 0.10898 0.05153]; residual 1.7e-13
  split track d 1 m 9.099: f -1.193e-05; support [0.      0.81109 2.29759 3.84765 5.4671  7.19378 9.09879]; weights [0.02027 0.22963 0.22871 0.20146 0.16028 0.10842 0.05123]; residual 9.7e-07
  split track d 1 m 9.124: f -3.354e-05; support [0.      0.83094 2.31598 3.86923 5.49082 7.21847 9.12379]; weights [0.02513 0.22694 0.22845 0.20102 0.15966 0.10787 0.05093]; residual 3.0e-06
  split track d 1 m 9.149: f -4.729e-05; support [0.      0.8615  2.33792 3.89217 5.51503 7.24329 9.14879]; weights [0.03298 0.22213 0.2276  0.20038 0.15897 0.1073  0.05064]; residual 4.9e-06
  split track d 1 m 9.174: f -7.010e-05; support [0.      0.86059 2.34951 3.91108 5.53785 7.26778 9.17379]; weights [0.03123 0.22439 0.2284  0.20035 0.1585  0.10678 0.05035]; residual 7.5e-06
  split track d 1 m 9.199: f -1.407e-04; support [0.      0.82279 2.35038 3.92616 5.55945 7.292   9.19879]; weights [0.01727 0.23616 0.23107 0.20093 0.15821 0.10631 0.05006]; residual 1.8e-05
  split track d 1 m 9.224: f -9.449e-05; support [0.      0.75473 2.3389  3.93364 5.57762 7.31529 9.22379]; weights [-0.01062  0.25949  0.23471  0.20229  0.15836  0.10597  0.04979]; residual 5.6e-06
  split track d 1 m 9.249: f -9.875e-05; support [0.      0.69077 2.33094 3.94214 5.5963  7.33889 9.24879]; weights [-0.04483  0.29007  0.23771  0.20347  0.15848  0.10559  0.04951]; residual 3.6e-05
  split track d 1 m 9.274: f -2.798e-04; support [0.      0.66814 2.34469 3.96476 5.62072 7.36357 9.27379]; weights [-0.06389  0.30942  0.2393   0.20316  0.15775  0.10504  0.04923]; residual 4.1e-05
  split track d 1 m 9.299: f -1.199e-04; support [0.      0.59616 2.33349 3.96899 5.63617 7.3858  9.29879]; weights [-0.12085  0.36251  0.24189  0.20448  0.15813  0.10484  0.04898]; residual 2.0e-05
  split track d 1 m 9.324: f -1.327e-04; support [0.      0.54924 2.3351  3.98203 5.65634 7.40964 9.32379]; weights [-0.17389  0.41404  0.24367  0.20503  0.15801  0.10443  0.04871]; residual 1.0e-05
  split track d 1 m 9.349: f -1.023e-04; support [0.      0.46372 2.33043 3.99113 5.67427 7.43262 9.34879]; weights [-0.31111  0.54844  0.24606  0.20592  0.1581   0.10413  0.04846]; residual 6.1e-06
  split track d 1 m 9.374: f -8.700e-05; support [0.      0.39347 2.33031 4.0022  5.69288 7.45576 9.37379]; weights [-0.49881  0.73442  0.24777  0.20653  0.15809  0.1038   0.0482 ]; residual 6.4e-06
  split track d 1 m 9.399: f -7.872e-05; support [0.      0.34583 2.33399 4.01489 5.71208 7.47901 9.39879]; weights [-0.69944  0.93423  0.2489   0.20692  0.15799  0.10346  0.04794]; residual 6.4e-06
  split track d 1 m 9.424: f -6.856e-05; support [0.      0.33249 2.34126 4.02889 5.73143 7.5021  9.42379]; weights [-0.77761  1.01245  0.24943  0.20708  0.15782  0.10314  0.0477 ]; residual 3.3e-05
  split track d 1 m 9.449: f -6.157e-05; support [0.      0.31665 2.34842 4.04301 5.75113 7.52546 9.44879]; weights [-0.88252  1.11738  0.25001  0.20726  0.15765  0.10278  0.04745]; residual 3.0e-05
  split track d 1 m 9.474: f -9.719e-05; support [0.      0.31083 2.35677 4.05796 5.77157 7.54927 9.47379]; weights [-0.93178  1.16692  0.25047  0.20739  0.15744  0.10238  0.04718]; residual 1.7e-05
  split track d 1 m 9.499: f -8.773e-05; support [0.      0.28144 2.3626  4.07107 5.79051 7.57228 9.49879]; weights [-1.18201  1.41691  0.25114  0.20763  0.15732  0.10207  0.04694]; residual 8.4e-06
  split track d 1 m 9.524: f -8.107e-05; support [0.      0.26312 2.36927 4.08456 5.80975 7.59547 9.52379]; weights [-1.38711  1.62198  0.25167  0.20783  0.15719  0.10174  0.0467 ]; residual 1.0e-05
  split track d 1 m 9.549: f -7.719e-05; support [0.      0.24124 2.37575 4.09774 5.8286  7.61841 9.54879]; weights [-1.69452  1.92934  0.25219  0.20802  0.15707  0.10144  0.04646]; residual 6.8e-06
  split track d 1 m 9.574: f -8.719e-05; support [0.      0.23424 2.38334 4.11156 5.8479  7.64158 9.57379]; weights [-1.82239  2.05741  0.25257  0.20816  0.15693  0.10111  0.04622]; residual 2.2e-05
  split track d 1 m 9.599: f -5.077e-05; support [0.      0.2283  2.39049 4.12455 5.86613 7.66406 9.59879]; weights [-1.94172  2.17689  0.25288  0.20828  0.15682  0.10086  0.046  ]; residual 3.1e-05
  split track d 1 m 9.624: f -2.270e-05; support [0.      0.2202  2.39725 4.13757 5.88496 7.68709 9.62379]; weights [-2.11372  2.34899  0.25324  0.20846  0.15672  0.10055  0.04576]; residual 5.4e-06
  split track d 1 m 9.649: f -6.204e-05; support [0.      0.2121  2.40513 4.15127 5.90365 7.70977 9.64879]; weights [-2.31179  2.54729  0.25358  0.20853  0.15657  0.10027  0.04553]; residual 3.3e-05
  split track d 1 m 9.674: f -4.994e-05; support [0.      0.20405 2.41223 4.16434 5.92219 7.73252 9.67379]; weights [-2.52947  2.76512  0.25391  0.20867  0.15646  0.09999  0.04531]; residual 2.8e-05
  split track d 1 m 9.699: f -4.955e-05; support [0.      0.1968  2.41928 4.1773  5.9406  7.75518 9.69879]; weights [-2.75131  2.9871   0.25423  0.2088   0.15636  0.09972  0.04508]; residual 3.6e-05
  split track d 1 m 9.724: f -6.147e-05; support [0.      0.18903 2.42642 4.1903  5.95899 7.77782 9.72379]; weights [-3.01823  3.25419  0.25454  0.20893  0.15626  0.09946  0.04486]; residual 3.5e-05
  split track d 1 m 9.749: f -4.149e-05; support [0.      0.18326 2.43333 4.20297 5.97711 7.80033 9.74879]; weights [-3.24379  3.47989  0.25483  0.20906  0.15617  0.0992   0.04464]; residual 3.3e-05
  split track d 1 m 9.774: f -7.908e-05; support [0.      0.18982 2.44115 4.21634 5.99581 7.82316 9.77379]; weights [-3.03522  3.27164  0.25505  0.20915  0.15605  0.09891  0.04442]; residual 4.4e-06
  split track d 1 m 9.799: f -5.598e-05; support [0.      0.18266 2.44788 4.22866 6.01341 7.8453  9.79879]; weights [-3.31241  3.54895  0.25531  0.20927  0.15598  0.09869  0.04421]; residual 3.1e-05
  split track d 1 m 9.824: f -7.151e-05; support [0.      0.17519 2.45472 4.24118 6.03131 7.86766 9.82379]; weights [-3.63992  3.87658  0.25559  0.20939  0.1559   0.09845  0.044  ]; residual 3.2e-05
  split track d 1 m 9.849: f -6.205e-05; support [0.      0.16697 2.46125 4.25335 6.04893 7.88989 9.84879]; weights [-4.04916  4.28592  0.25586  0.20952  0.15584  0.09823  0.0438 ]; residual 2.7e-05
  split track d 1 m 9.874: f -5.210e-05; support [0.      0.1606  2.46787 4.26554 6.06652 7.91206 9.87379]; weights [-4.41731  4.65419  0.25611  0.20964  0.15578  0.098    0.04359]; residual 3.1e-05
  split track d 1 m 9.899: f -5.473e-05; support [0.      0.15552 2.47459 4.27776 6.08408 7.9342  9.89879]; weights [-4.75134  4.98835  0.25635  0.20976  0.15571  0.09779  0.04339]; residual 3.3e-05
  split track d 1 m 9.924: f -5.107e-05; support [0.      0.15219 2.48125 4.28985 6.10151 7.95627 9.92379]; weights [-4.99912  5.23627  0.25657  0.20987  0.15565  0.09757  0.04319]; residual 3.2e-05
  split track d 1 m 9.949: f +8.971e-05; support [0.      0.16147 2.48711 4.30094 6.11828 7.97807 9.94879]; weights [-4.44036  4.67759  0.2567   0.21003  0.15565  0.09739  0.04299]; residual 2.3e-05
