  birth track d 1 m 2.024: f -1.727e-05; support [0.16833 2.02365]; weights [0.42903 0.57097]; residual 0.0e+00
  birth track d 1 m 2.049: f -8.450e-05; support [0.25059 2.04865]; weights [0.43901 0.56099]; residual 0.0e+00
  birth track d 1 m 2.074: f -1.975e-04; support [0.31024 2.07365]; weights [0.44866 0.55134]; residual 1.1e-16
  birth track d 1 m 2.099: f -3.512e-04; support [0.35882 2.09865]; weights [0.45799 0.54201]; residual 5.6e-14
  birth track d 1 m 2.124: f -5.406e-04; support [0.40044 2.12365]; weights [0.467 0.533]; residual 4.4e-16
  birth track d 1 m 2.149: f -7.609e-04; support [0.43717 2.14865]; weights [0.47569 0.52431]; residual 1.1e-16
  birth track d 1 m 2.174: f -1.007e-03; support [0.4702  2.17365]; weights [0.48408 0.51592]; residual 1.1e-16
  birth track d 1 m 2.199: f -1.275e-03; support [0.50031 2.19865]; weights [0.49217 0.50783]; residual 0.0e+00
  birth track d 1 m 2.224: f -1.560e-03; support [0.52805 2.22365]; weights [0.49997 0.50003]; residual 0.0e+00
  birth track d 1 m 2.249: f -1.858e-03; support [0.55379 2.24865]; weights [0.50747 0.49253]; residual 1.1e-16
  birth track d 1 m 2.274: f -2.163e-03; support [0.57785 2.27365]; weights [0.51469 0.48531]; residual 1.1e-16
  birth track d 1 m 2.299: f -2.472e-03; support [0.60046 2.29865]; weights [0.52164 0.47836]; residual 1.1e-16
  birth track d 1 m 2.324: f -2.781e-03; support [0.6218  2.32365]; weights [0.52832 0.47168]; residual 3.3e-16
  birth track d 1 m 2.349: f -3.085e-03; support [0.64202 2.34865]; weights [0.53475 0.46525]; residual 0.0e+00
  birth track d 1 m 2.374: f -3.380e-03; support [0.66126 2.37365]; weights [0.54092 0.45908]; residual 0.0e+00
  birth track d 1 m 2.399: f -3.661e-03; support [0.6796  2.39865]; weights [0.54686 0.45314]; residual 1.1e-16
  birth track d 1 m 2.424: f -3.925e-03; support [0.69715 2.42365]; weights [0.55255 0.44745]; residual 3.3e-16
  birth track d 1 m 2.449: f -4.167e-03; support [0.71398 2.44865]; weights [0.55802 0.44198]; residual 1.1e-16
  birth track d 1 m 2.474: f -4.383e-03; support [0.73016 2.47365]; weights [0.56328 0.43672]; residual 3.3e-16
  birth track d 1 m 2.499: f -4.569e-03; support [0.74574 2.49865]; weights [0.56832 0.43168]; residual 2.2e-16
  birth track d 1 m 2.524: f -4.720e-03; support [0.76078 2.52365]; weights [0.57315 0.42685]; residual 2.2e-16
  birth track d 1 m 2.549: f -4.832e-03; support [0.77531 2.54865]; weights [0.5778 0.4222]; residual 1.1e-16
  birth track d 1 m 2.574: f -4.901e-03; support [0.78938 2.57365]; weights [0.58225 0.41775]; residual 2.2e-16
  birth track d 1 m 2.599: f -4.923e-03; support [0.80303 2.59865]; weights [0.58652 0.41348]; residual 1.8e-15
  birth track d 1 m 2.624: f -4.893e-03; support [0.81628 2.62365]; weights [0.59061 0.40939]; residual 1.1e-16
  birth track d 1 m 2.649: f -4.807e-03; support [0.82917 2.64865]; weights [0.59454 0.40546]; residual 1.1e-16
  birth track d 1 m 2.674: f -4.660e-03; support [0.84172 2.67365]; weights [0.5983 0.4017]; residual 5.6e-14
  birth track d 1 m 2.699: f -4.449e-03; support [0.85396 2.69865]; weights [0.60191 0.39809]; residual 1.1e-16
  birth track d 1 m 2.724: f -4.168e-03; support [0.86589 2.72365]; weights [0.60537 0.39463]; residual 0.0e+00
  birth track d 1 m 2.749: f -3.814e-03; support [0.87755 2.74865]; weights [0.60869 0.39131]; residual 1.1e-16
  birth track d 1 m 2.774: f -3.381e-03; support [0.88896 2.77365]; weights [0.61186 0.38814]; residual 1.1e-16
  birth track d 1 m 2.799: f -2.866e-03; support [0.90012 2.79865]; weights [0.61491 0.38509]; residual 3.3e-16
  birth track d 1 m 2.824: f -2.265e-03; support [0.91105 2.82365]; weights [0.61783 0.38217]; residual 3.3e-16
  birth track d 1 m 2.849: f -1.572e-03; support [0.92178 2.84865]; weights [0.62063 0.37937]; residual 0.0e+00
  birth track d 1 m 2.874: f -7.832e-04; support [0.93229 2.87365]; weights [0.62331 0.37669]; residual 2.2e-16
  birth track d 1 m 2.899: f +1.055e-04; support [0.94262 2.89865]; weights [0.62588 0.37412]; residual 0.0e+00
  state at root - 0.01: support [0.937348 2.885823]; weights [0.624577 0.375423]; residual 2.2e-16; interior excess +0.00e+00
CHAIN d 1 e3 birth: m 2.89582313; support [0.941466 2.895823]; weights [0.625597 0.374403]; residual 0.0e+00
  split track d 1 m 2.906: f -3.196e-03; support [0.      0.96107 2.90582]; weights [0.01542 0.61217 0.37241]; residual 1.1e-16
  split track d 1 m 2.931: f -3.811e-03; support [0.      1.00768 2.93082]; weights [0.04851 0.58399 0.3675 ]; residual 1.1e-16
  split track d 1 m 2.956: f -4.447e-03; support [0.      1.05126 2.95582]; weights [0.07551 0.56179 0.36269]; residual 1.1e-16
  split track d 1 m 2.981: f -5.099e-03; support [0.      1.09221 2.98082]; weights [0.09798 0.54405 0.35798]; residual 4.4e-16
  split track d 1 m 3.006: f -5.757e-03; support [0.      1.13087 3.00582]; weights [0.11695 0.52969 0.35336]; residual 1.1e-16
  split track d 1 m 3.031: f -6.416e-03; support [0.      1.1675  3.03082]; weights [0.13319 0.51796 0.34885]; residual 1.1e-16
  split track d 1 m 3.056: f -7.069e-03; support [0.      1.20231 3.05582]; weights [0.14724 0.50832 0.34444]; residual 1.1e-16
  split track d 1 m 3.081: f -7.709e-03; support [0.      1.23551 3.08082]; weights [0.15951 0.50035 0.34013]; residual 2.2e-16
  split track d 1 m 3.106: f -8.329e-03; support [0.      1.26724 3.10582]; weights [0.17033 0.49374 0.33593]; residual 3.3e-16
  split track d 1 m 3.131: f -8.923e-03; support [0.      1.29763 3.13082]; weights [0.17992 0.48825 0.33183]; residual 0.0e+00
  split track d 1 m 3.156: f -9.485e-03; support [0.      1.32682 3.15582]; weights [0.1885  0.48367 0.32783]; residual 5.6e-14
  split track d 1 m 3.181: f -1.001e-02; support [0.      1.3549  3.18082]; weights [0.1962  0.47986 0.32394]; residual 5.6e-16
  split track d 1 m 3.206: f -1.049e-02; support [0.      1.38196 3.20582]; weights [0.20315 0.4767  0.32015]; residual 2.2e-16
  split track d 1 m 3.231: f -1.092e-02; support [0.      1.40808 3.23082]; weights [0.20946 0.47408 0.31646]; residual 1.1e-16
  split track d 1 m 3.256: f -1.130e-02; support [0.      1.43334 3.25582]; weights [0.21521 0.47192 0.31287]; residual 2.2e-16
  split track d 1 m 3.281: f -1.161e-02; support [0.      1.45779 3.28082]; weights [0.22047 0.47016 0.30937]; residual 0.0e+00
  split track d 1 m 3.306: f -1.186e-02; support [0.      1.4815  3.30582]; weights [0.22529 0.46873 0.30598]; residual 1.1e-16
  split track d 1 m 3.331: f -1.204e-02; support [0.      1.50451 3.33082]; weights [0.22973 0.46759 0.30268]; residual 1.1e-16
  split track d 1 m 3.356: f -1.214e-02; support [0.      1.52688 3.35582]; weights [0.23383 0.46669 0.29948]; residual 1.1e-16
  split track d 1 m 3.381: f -1.216e-02; support [0.      1.54864 3.38082]; weights [0.23763 0.46601 0.29637]; residual 8.9e-16
  split track d 1 m 3.406: f -1.209e-02; support [0.      1.56984 3.40582]; weights [0.24115 0.46551 0.29335]; residual 5.6e-14
  split track d 1 m 3.431: f -1.193e-02; support [0.      1.5905  3.43082]; weights [0.24442 0.46516 0.29042]; residual 4.2e-14
  split track d 1 m 3.456: f -1.168e-02; support [0.      1.61067 3.45582]; weights [0.24747 0.46495 0.28758]; residual 2.2e-16
  split track d 1 m 3.481: f -1.132e-02; support [0.      1.63037 3.48082]; weights [0.25032 0.46486 0.28482]; residual 3.3e-16
  split track d 1 m 3.506: f -1.086e-02; support [0.      1.64963 3.50582]; weights [0.25298 0.46487 0.28215]; residual 3.3e-16
  split track d 1 m 3.531: f -1.028e-02; support [0.      1.66847 3.53082]; weights [0.25548 0.46496 0.27955]; residual 3.3e-16
  split track d 1 m 3.556: f -9.593e-03; support [0.      1.68693 3.55582]; weights [0.25782 0.46513 0.27704]; residual 3.3e-16
  split track d 1 m 3.581: f -8.785e-03; support [0.      1.70501 3.58082]; weights [0.26002 0.46537 0.27461]; residual 1.1e-16
  split track d 1 m 3.606: f -7.854e-03; support [0.      1.72274 3.60582]; weights [0.2621  0.46565 0.27225]; residual 3.3e-16
  split track d 1 m 3.631: f -6.794e-03; support [0.      1.74015 3.63082]; weights [0.26405 0.46599 0.26997]; residual 3.3e-16
  split track d 1 m 3.656: f -5.603e-03; support [0.      1.75724 3.65582]; weights [0.26589 0.46636 0.26775]; residual 2.2e-16
  split track d 1 m 3.681: f -4.276e-03; support [0.      1.77403 3.68082]; weights [0.26763 0.46676 0.26561]; residual 1.1e-16
  split track d 1 m 3.706: f -2.809e-03; support [0.      1.79054 3.70582]; weights [0.26927 0.46719 0.26354]; residual 1.1e-16
  split track d 1 m 3.731: f -1.198e-03; support [0.      1.80678 3.73082]; weights [0.27083 0.46764 0.26153]; residual 2.2e-16
  split track d 1 m 3.756: f +5.605e-04; support [0.      1.82276 3.75582]; weights [0.2723  0.46812 0.25958]; residual 1.1e-16
  state at root - 0.01: support [0.       1.811444 3.738081]; weights [0.271265 0.467779 0.260956]; residual 3.3e-16; interior excess +2.22e-16
CHAIN d 1 e4 split: m 3.74808086; support [0.       1.817839 3.748081]; weights [0.271855 0.467968 0.260178]; residual 1.1e-16
  birth track d 1 m 3.768: f -1.689e-06; support [0.1954  1.84428 3.76808]; weights [0.28177 0.46032 0.25791]; residual 5.6e-14
  birth track d 1 m 3.793: f -8.341e-06; support [0.28778 1.8769  3.79308]; weights [0.29353 0.45136 0.25511]; residual 5.6e-16
  birth track d 1 m 3.818: f -1.967e-05; support [0.35264 1.90902 3.81808]; weights [0.3046  0.44305 0.25235]; residual 5.6e-14
  birth track d 1 m 3.843: f -3.528e-05; support [0.40386 1.94062 3.84308]; weights [0.31501 0.43536 0.24963]; residual 8.4e-15
  birth track d 1 m 3.868: f -5.473e-05; support [0.44648 1.97167 3.86808]; weights [0.32477 0.42828 0.24695]; residual 3.3e-16
  birth track d 1 m 3.893: f -7.758e-05; support [0.48305 2.00218 3.89308]; weights [0.33392 0.42176 0.24432]; residual 5.6e-14
  birth track d 1 m 3.918: f -1.034e-04; support [0.51508 2.03213 3.91808]; weights [0.3425  0.41577 0.24174]; residual 3.3e-16
  birth track d 1 m 3.943: f -1.317e-04; support [0.54355 2.06152 3.94308]; weights [0.35053 0.41027 0.23919]; residual 5.6e-14
  birth track d 1 m 3.968: f -1.620e-04; support [0.56916 2.09037 3.96808]; weights [0.35806 0.40524 0.2367 ]; residual 5.6e-14
  birth track d 1 m 3.993: f -1.938e-04; support [0.5924  2.11867 3.99308]; weights [0.36512 0.40063 0.23425]; residual 1.1e-13
  birth track d 1 m 4.018: f -2.266e-04; support [0.61367 2.14644 4.01808]; weights [0.37174 0.39642 0.23184]; residual 1.1e-13
  birth track d 1 m 4.043: f -2.599e-04; support [0.63326 2.1737  4.04308]; weights [0.37795 0.39257 0.22949]; residual 1.1e-16
  birth track d 1 m 4.068: f -2.931e-04; support [0.6514  2.20044 4.06808]; weights [0.38378 0.38905 0.22717]; residual 5.6e-14
  birth track d 1 m 4.093: f -3.257e-04; support [0.6683  2.22669 4.09308]; weights [0.38926 0.38583 0.22491]; residual 5.6e-14
  birth track d 1 m 4.118: f -3.571e-04; support [0.68411 2.25246 4.11808]; weights [0.39441 0.3829  0.22269]; residual 5.6e-14
  birth track d 1 m 4.143: f -3.867e-04; support [0.69895 2.27777 4.14308]; weights [0.39926 0.38022 0.22052]; residual 5.6e-14
  birth track d 1 m 4.168: f -4.140e-04; support [0.71295 2.30262 4.16808]; weights [0.40383 0.37778 0.21839]; residual 1.1e-13
  birth track d 1 m 4.193: f -4.384e-04; support [0.72619 2.32704 4.19308]; weights [0.40814 0.37555 0.21631]; residual 1.1e-13
  birth track d 1 m 4.218: f -4.592e-04; support [0.73876 2.35103 4.21808]; weights [0.4122  0.37352 0.21428]; residual 2.1e-14
  birth track d 1 m 4.243: f -4.758e-04; support [0.75071 2.37463 4.24308]; weights [0.41604 0.37167 0.21229]; residual 1.1e-13
  birth track d 1 m 4.268: f -4.876e-04; support [0.76212 2.39782 4.26808]; weights [0.41967 0.36999 0.21034]; residual 1.0e-15
  birth track d 1 m 4.293: f -4.939e-04; support [0.77303 2.42065 4.29308]; weights [0.4231  0.36846 0.20844]; residual 5.6e-14
  birth track d 1 m 4.318: f -4.941e-04; support [0.7835  2.4431  4.31808]; weights [0.42635 0.36706 0.20658]; residual 5.6e-14
  birth track d 1 m 4.343: f -4.874e-04; support [0.79355 2.46521 4.34308]; weights [0.42944 0.36579 0.20477]; residual 5.6e-14
  birth track d 1 m 4.368: f -4.733e-04; support [0.80323 2.48697 4.36808]; weights [0.43236 0.36464 0.203  ]; residual 1.1e-13
  birth track d 1 m 4.393: f -4.509e-04; support [0.81256 2.50842 4.39308]; weights [0.43513 0.3636  0.20127]; residual 5.6e-16
  birth track d 1 m 4.418: f -4.197e-04; support [0.82158 2.52954 4.41808]; weights [0.43777 0.36265 0.19959]; residual 4.4e-16
  birth track d 1 m 4.443: f -3.788e-04; support [0.83031 2.55037 4.44308]; weights [0.44027 0.36179 0.19794]; residual 1.1e-13
  birth track d 1 m 4.468: f -3.275e-04; support [0.83877 2.57091 4.46808]; weights [0.44266 0.36101 0.19633]; residual 4.4e-16
  birth track d 1 m 4.493: f -2.651e-04; support [0.84699 2.59116 4.49308]; weights [0.44493 0.36031 0.19477]; residual 5.6e-14
  birth track d 1 m 4.518: f -1.908e-04; support [0.85497 2.61114 4.51808]; weights [0.44709 0.35967 0.19324]; residual 1.1e-13
  birth track d 1 m 4.543: f -1.040e-04; support [0.86274 2.63087 4.54308]; weights [0.44915 0.3591  0.19175]; residual 5.6e-14
  birth track d 1 m 4.568: f -3.685e-06; support [0.87031 2.65034 4.56808]; weights [0.45112 0.35858 0.1903 ]; residual 1.1e-13
  birth track d 1 m 4.593: f +1.108e-04; support [0.8777  2.66958 4.59308]; weights [0.45299 0.35812 0.18888]; residual 5.6e-14
  state at root - 0.01: support [0.867563 2.64325  4.558938]; weights [0.450409 0.358766 0.190825]; residual 5.6e-14; interior excess +0.00e+00
CHAIN d 1 e5 birth: m 4.56893787; support [0.870566 2.651007 4.568938]; weights [0.451183 0.358568 0.190249]; residual 5.6e-14
  split track d 1 m 4.579: f -2.500e-04; support [0.      0.89561 2.66244 4.57894]; weights [0.0151  0.43867 0.35671 0.18953]; residual 5.6e-14
  split track d 1 m 4.604: f -3.263e-04; support [0.      0.95354 2.69095 4.60394]; weights [0.04561 0.4145  0.35215 0.18774]; residual 5.6e-14
  split track d 1 m 4.629: f -4.095e-04; support [0.      1.0058  2.71934 4.62894]; weights [0.06879 0.3975  0.34774 0.18597]; residual 5.6e-14
  split track d 1 m 4.654: f -4.983e-04; support [0.      1.05338 2.74759 4.65394]; weights [0.08699 0.38529 0.34349 0.18422]; residual 5.6e-14
  split track d 1 m 4.679: f -5.917e-04; support [0.      1.09703 2.77568 4.67894]; weights [0.10168 0.37642 0.33941 0.1825 ]; residual 5.6e-14
  split track d 1 m 4.704: f -6.883e-04; support [0.      1.1373  2.80358 4.70394]; weights [0.11378 0.36994 0.33548 0.18079]; residual 5.6e-14
  split track d 1 m 4.729: f -7.870e-04; support [0.      1.17467 2.83129 4.72894]; weights [0.12392 0.36523 0.33173 0.17912]; residual 1.7e-13
  split track d 1 m 4.754: f -8.864e-04; support [0.      1.20949 2.85879 4.75394]; weights [0.13255 0.36184 0.32815 0.17746]; residual 4.4e-16
  split track d 1 m 4.779: f -9.854e-04; support [0.      1.24207 2.88605 4.77894]; weights [0.13998 0.35946 0.32474 0.17583]; residual 1.1e-13
  split track d 1 m 4.804: f -1.083e-03; support [0.      1.27266 2.91309 4.80394]; weights [0.14644 0.35785 0.32149 0.17422]; residual 5.6e-14
  split track d 1 m 4.829: f -1.177e-03; support [0.      1.30148 2.93988 4.82894]; weights [0.15212 0.35684 0.3184  0.17263]; residual 5.6e-14
  split track d 1 m 4.854: f -1.267e-03; support [0.      1.32872 2.96642 4.85394]; weights [0.15715 0.3563  0.31548 0.17107]; residual 1.1e-14
  split track d 1 m 4.879: f -1.351e-03; support [0.      1.35452 2.9927  4.87894]; weights [0.16164 0.35612 0.3127  0.16953]; residual 5.6e-14
  split track d 1 m 4.904: f -1.428e-03; support [0.      1.37903 3.01873 4.90394]; weights [0.16566 0.35624 0.31008 0.16802]; residual 1.1e-13
  split track d 1 m 4.929: f -1.497e-03; support [0.      1.40238 3.0445  4.92894]; weights [0.1693  0.35657 0.3076  0.16653]; residual 8.9e-16
  split track d 1 m 4.954: f -1.557e-03; support [0.      1.42465 3.07    4.95394]; weights [0.17259 0.35709 0.30525 0.16507]; residual 5.6e-14
  split track d 1 m 4.979: f -1.606e-03; support [0.      1.44596 3.09524 4.97894]; weights [0.1756  0.35774 0.30304 0.16363]; residual 1.7e-15
  split track d 1 m 5.004: f -1.642e-03; support [0.      1.46637 3.12021 5.00394]; weights [0.17834 0.35849 0.30095 0.16221]; residual 2.2e-13
  split track d 1 m 5.029: f -1.665e-03; support [0.      1.48597 3.14493 5.02894]; weights [0.18087 0.35933 0.29898 0.16082]; residual 2.8e-13
  split track d 1 m 5.054: f -1.673e-03; support [0.      1.50481 3.16939 5.05394]; weights [0.18319 0.36023 0.29712 0.15946]; residual 1.1e-13
  split track d 1 m 5.079: f -1.665e-03; support [0.      1.52296 3.19358 5.07894]; weights [0.18534 0.36117 0.29538 0.15812]; residual 5.6e-14
  split track d 1 m 5.104: f -1.639e-03; support [0.      1.54048 3.21753 5.10394]; weights [0.18734 0.36213 0.29373 0.1568 ]; residual 1.1e-13
  split track d 1 m 5.129: f -1.594e-03; support [0.      1.5574  3.24122 5.12894]; weights [0.18919 0.36312 0.29218 0.15551]; residual 1.1e-13
  split track d 1 m 5.154: f -1.529e-03; support [0.      1.57378 3.26467 5.15394]; weights [0.19092 0.36412 0.29073 0.15424]; residual 5.6e-14
  split track d 1 m 5.179: f -1.443e-03; support [0.      1.58964 3.28787 5.17894]; weights [0.19253 0.36512 0.28936 0.15299]; residual 1.2e-13
  split track d 1 m 5.204: f -1.333e-03; support [0.      1.60503 3.31084 5.20394]; weights [0.19404 0.36612 0.28807 0.15177]; residual 1.7e-13
  split track d 1 m 5.229: f -1.199e-03; support [0.      1.61998 3.33356 5.22894]; weights [0.19546 0.36712 0.28686 0.15057]; residual 5.6e-14
  split track d 1 m 5.254: f -1.040e-03; support [0.      1.63452 3.35606 5.25394]; weights [0.19679 0.3681  0.28572 0.1494 ]; residual 1.1e-13
  split track d 1 m 5.279: f -8.539e-04; support [0.      1.64868 3.37834 5.27894]; weights [0.19804 0.36907 0.28465 0.14825]; residual 1.7e-13
  split track d 1 m 5.304: f -6.393e-04; support [0.      1.66247 3.40039 5.30394]; weights [0.19922 0.37002 0.28364 0.14712]; residual 1.1e-13
  split track d 1 m 5.329: f -3.952e-04; support [0.      1.67593 3.42223 5.32894]; weights [0.20034 0.37095 0.2827  0.14601]; residual 5.6e-14
  split track d 1 m 5.354: f -1.202e-04; support [0.      1.68907 3.44386 5.35394]; weights [0.20139 0.37187 0.28181 0.14493]; residual 5.6e-14
  split track d 1 m 5.379: f +1.871e-04; support [0.      1.70191 3.46528 5.37894]; weights [0.20239 0.37277 0.28098 0.14387]; residual 5.6e-14
  state at root - 0.01: support [0.       1.689122 3.443941 5.354037]; weights [0.201395 0.371873 0.281807 0.144925]; residual 1.7e-13; interior excess +0.00e+00
CHAIN d 1 e6 split: m 5.36403666; support [0.       1.694294 3.452533 5.364037]; weights [0.2018   0.372234 0.281468 0.144498]; residual 5.6e-14
  birth track d 1 m 5.384: f -2.703e-07; support [0.2081  1.72503 3.47393 5.38404]; weights [0.21178 0.36544 0.27926 0.14352]; residual 1.1e-13
  birth track d 1 m 5.409: f -1.342e-06; support [0.3042  1.7626  3.50067 5.40904]; weights [0.22342 0.35773 0.27655 0.14231]; residual 5.6e-14
  birth track d 1 m 5.434: f -3.182e-06; support [0.37014 1.79917 3.52737 5.43404]; weights [0.23416 0.35085 0.27388 0.14111]; residual 1.7e-13
  birth track d 1 m 5.459: f -5.731e-06; support [0.42112 1.83468 3.55402 5.45904]; weights [0.24405 0.34476 0.27127 0.13992]; residual 1.7e-13
  birth track d 1 m 5.484: f -8.929e-06; support [0.4627  1.86914 3.58061 5.48404]; weights [0.25314 0.33939 0.26872 0.13875]; residual 5.6e-14
  birth track d 1 m 5.509: f -1.271e-05; support [0.49773 1.90253 3.60713 5.50904]; weights [0.26149 0.33469 0.26624 0.13759]; residual 1.7e-13
  birth track d 1 m 5.534: f -1.700e-05; support [0.52789 1.93486 3.63356 5.53404]; weights [0.26916 0.33058 0.26382 0.13644]; residual 5.6e-14
  birth track d 1 m 5.559: f -2.172e-05; support [0.55428 1.96617 3.6599  5.55904]; weights [0.27621 0.32701 0.26147 0.13531]; residual 5.6e-14
  birth track d 1 m 5.584: f -2.680e-05; support [0.57767 1.99648 3.68614 5.58404]; weights [0.2827  0.32392 0.25918 0.13419]; residual 5.6e-14
  birth track d 1 m 5.609: f -3.214e-05; support [0.59863 2.02582 3.71226 5.60904]; weights [0.28869 0.32126 0.25697 0.13308]; residual 1.1e-13
  birth track d 1 m 5.634: f -3.766e-05; support [0.61757 2.05423 3.73827 5.63404]; weights [0.29421 0.31896 0.25483 0.13199]; residual 1.1e-13
  birth track d 1 m 5.659: f -4.325e-05; support [0.63482 2.08175 3.76414 5.65904]; weights [0.29932 0.317   0.25277 0.13091]; residual 1.1e-13
  birth track d 1 m 5.684: f -4.882e-05; support [0.65064 2.10842 3.78988 5.68404]; weights [0.30405 0.31533 0.25077 0.12985]; residual 1.7e-13
  birth track d 1 m 5.709: f -5.427e-05; support [0.66523 2.13427 3.81548 5.70904]; weights [0.30844 0.31391 0.24885 0.1288 ]; residual 1.7e-13
  birth track d 1 m 5.734: f -5.947e-05; support [0.67877 2.15936 3.84093 5.73404]; weights [0.31252 0.31272 0.24699 0.12777]; residual 2.2e-13
  birth track d 1 m 5.759: f -6.432e-05; support [0.69138 2.18371 3.86623 5.75904]; weights [0.31632 0.31172 0.24521 0.12675]; residual 1.7e-13
  birth track d 1 m 5.784: f -6.870e-05; support [0.70319 2.20736 3.89138 5.78404]; weights [0.31987 0.31089 0.2435  0.12574]; residual 1.7e-13
  birth track d 1 m 5.809: f -7.249e-05; support [0.71428 2.23035 3.91637 5.80904]; weights [0.32318 0.31022 0.24185 0.12475]; residual 1.7e-13
  birth track d 1 m 5.834: f -7.554e-05; support [0.72475 2.25271 3.94119 5.83404]; weights [0.32629 0.30967 0.24027 0.12377]; residual 1.1e-13
  birth track d 1 m 5.859: f -7.774e-05; support [0.73466 2.27448 3.96586 5.85904]; weights [0.3292  0.30924 0.23876 0.12281]; residual 2.2e-13
  birth track d 1 m 5.884: f -7.893e-05; support [0.74406 2.29568 3.99036 5.88404]; weights [0.33193 0.30891 0.2373  0.12186]; residual 2.2e-13
  birth track d 1 m 5.909: f -7.899e-05; support [0.75301 2.31634 4.01469 5.90904]; weights [0.3345  0.30867 0.23591 0.12092]; residual 2.8e-13
  birth track d 1 m 5.934: f -7.776e-05; support [0.76156 2.33649 4.03886 5.93404]; weights [0.33692 0.3085  0.23458 0.12   ]; residual 2.2e-13
  birth track d 1 m 5.959: f -7.510e-05; support [0.76974 2.35616 4.06286 5.95904]; weights [0.3392  0.3084  0.2333  0.11909]; residual 1.7e-13
  birth track d 1 m 5.984: f -7.083e-05; support [0.77759 2.37537 4.0867  5.98404]; weights [0.34135 0.30836 0.23208 0.1182 ]; residual 1.1e-13
  birth track d 1 m 6.009: f -6.482e-05; support [0.78513 2.39415 4.11036 6.00904]; weights [0.34339 0.30837 0.23092 0.11732]; residual 1.7e-13
  birth track d 1 m 6.034: f -5.688e-05; support [0.7924  2.41251 4.13387 6.03404]; weights [0.34532 0.30842 0.2298  0.11646]; residual 1.1e-13
  birth track d 1 m 6.059: f -4.686e-05; support [0.79941 2.43048 4.1572  6.05904]; weights [0.34715 0.30851 0.22873 0.11561]; residual 1.7e-13
  birth track d 1 m 6.084: f -3.458e-05; support [0.80619 2.44808 4.18037 6.08404]; weights [0.34889 0.30862 0.22771 0.11477]; residual 1.1e-13
  birth track d 1 m 6.109: f -1.986e-05; support [0.81275 2.46532 4.20338 6.10904]; weights [0.35054 0.30877 0.22674 0.11395]; residual 1.1e-13
  birth track d 1 m 6.134: f -2.526e-06; support [0.81911 2.48223 4.22622 6.13404]; weights [0.35211 0.30894 0.22581 0.11314]; residual 1.7e-13
  birth track d 1 m 6.159: f +1.761e-05; support [0.82529 2.49881 4.24891 6.15904]; weights [0.3536  0.30913 0.22493 0.11235]; residual 1.1e-13
  state at root - 0.01: support [0.817437 2.477759 4.220153 6.127378]; weights [0.351697 0.308893 0.226056 0.113355]; residual 1.7e-13; interior excess +0.00e+00
CHAIN d 1 e7 birth: m 6.13737846; support [0.81995  2.484465 4.229263 6.137378]; weights [0.352311 0.308964 0.225691 0.113033]; residual 1.7e-13
  split track d 1 m 6.147: f -3.460e-05; support [0.      0.84896 2.49701 4.23963 6.14738]; weights [0.01435 0.34068 0.30733 0.22495 0.11268]; residual 1.1e-13
  split track d 1 m 6.172: f -4.836e-05; support [0.      0.9146  2.52822 4.26554 6.17238]; weights [0.04202 0.31968 0.30337 0.22312 0.11181]; residual 1.1e-13
  split track d 1 m 6.197: f -6.390e-05; support [0.      0.97221 2.55917 4.29146 6.19738]; weights [0.06192 0.30623 0.29959 0.2213  0.11095]; residual 2.2e-13
  split track d 1 m 6.222: f -8.098e-05; support [0.      1.02344 2.58982 4.31736 6.22238]; weights [0.07694 0.29743 0.29602 0.21951 0.1101 ]; residual 2.8e-13
  split track d 1 m 6.247: f -9.935e-05; support [0.      1.06945 2.62012 4.34325 6.24738]; weights [0.08867 0.29166 0.29266 0.21775 0.10926]; residual 1.7e-13
  split track d 1 m 6.272: f -1.188e-04; support [0.      1.1111  2.65003 4.36911 6.27238]; weights [0.09811 0.28794 0.28951 0.21601 0.10842]; residual 1.7e-13
  split track d 1 m 6.297: f -1.389e-04; support [0.      1.14906 2.67953 4.39493 6.29738]; weights [0.10587 0.28566 0.28657 0.2143  0.1076 ]; residual 1.1e-13
  split track d 1 m 6.322: f -1.596e-04; support [0.      1.18388 2.70859 4.42072 6.32238]; weights [0.11236 0.28439 0.28384 0.21263 0.10678]; residual 1.1e-13
  split track d 1 m 6.347: f -1.804e-04; support [0.      1.21597 2.7372  4.44645 6.34738]; weights [0.11788 0.28384 0.28132 0.21099 0.10597]; residual 1.7e-13
  split track d 1 m 6.372: f -2.011e-04; support [0.      1.24569 2.76533 4.47214 6.37238]; weights [0.12263 0.28383 0.27899 0.20938 0.10517]; residual 5.6e-14
  split track d 1 m 6.397: f -2.214e-04; support [0.      1.27333 2.79299 4.49776 6.39738]; weights [0.12677 0.28421 0.27685 0.20781 0.10438]; residual 2.8e-13
  split track d 1 m 6.422: f -2.409e-04; support [0.      1.29914 2.82017 4.52331 6.42238]; weights [0.1304  0.28486 0.27488 0.20627 0.10359]; residual 2.2e-13
  split track d 1 m 6.447: f -2.594e-04; support [0.      1.32333 2.84686 4.5488  6.44738]; weights [0.13362 0.28571 0.27308 0.20477 0.10282]; residual 1.7e-13
  split track d 1 m 6.472: f -2.764e-04; support [0.      1.34607 2.87307 4.5742  6.47238]; weights [0.13649 0.28671 0.27144 0.20331 0.10205]; residual 3.3e-13
  split track d 1 m 6.497: f -2.917e-04; support [0.      1.36751 2.8988  4.59953 6.49738]; weights [0.13907 0.28781 0.26994 0.20188 0.1013 ]; residual 1.7e-13
  split track d 1 m 6.522: f -3.048e-04; support [0.      1.38779 2.92407 4.62477 6.52238]; weights [0.14141 0.28897 0.26858 0.2005  0.10055]; residual 4.4e-13
  split track d 1 m 6.547: f -3.155e-04; support [0.      1.40703 2.94886 4.64991 6.54738]; weights [0.14353 0.29018 0.26734 0.19915 0.09981]; residual 1.7e-13
  split track d 1 m 6.572: f -3.233e-04; support [0.      1.42532 2.97321 4.67496 6.57238]; weights [0.14546 0.2914  0.26622 0.19784 0.09908]; residual 6.3e-14
  split track d 1 m 6.597: f -3.279e-04; support [0.      1.44275 2.9971  4.69991 6.59738]; weights [0.14723 0.29264 0.26521 0.19656 0.09836]; residual 1.1e-13
  split track d 1 m 6.622: f -3.289e-04; support [0.      1.4594  3.02056 4.72476 6.62238]; weights [0.14886 0.29387 0.26429 0.19533 0.09765]; residual 3.3e-13
  split track d 1 m 6.647: f -3.259e-04; support [0.      1.47534 3.0436  4.74951 6.64738]; weights [0.15037 0.29508 0.26347 0.19413 0.09694]; residual 2.2e-13
  split track d 1 m 6.672: f -3.185e-04; support [0.      1.49063 3.06623 4.77415 6.67238]; weights [0.15176 0.29628 0.26273 0.19297 0.09625]; residual 1.7e-13
  split track d 1 m 6.697: f -3.062e-04; support [0.      1.50532 3.08845 4.79867 6.69738]; weights [0.15306 0.29746 0.26207 0.19185 0.09556]; residual 6.7e-13
  split track d 1 m 6.722: f -2.888e-04; support [0.      1.51947 3.11029 4.82309 6.72238]; weights [0.15427 0.29861 0.26148 0.19076 0.09489]; residual 1.1e-13
  split track d 1 m 6.747: f -2.657e-04; support [0.      1.53311 3.13175 4.84739 6.74738]; weights [0.1554  0.29973 0.26095 0.18971 0.09422]; residual 1.1e-13
  split track d 1 m 6.772: f -2.365e-04; support [0.      1.54629 3.15285 4.87157 6.77238]; weights [0.15645 0.30082 0.26047 0.18869 0.09356]; residual 1.1e-13
  split track d 1 m 6.797: f -2.009e-04; support [0.      1.55903 3.17359 4.89564 6.79738]; weights [0.15745 0.30188 0.26006 0.18771 0.09291]; residual 1.7e-13
  split track d 1 m 6.822: f -1.584e-04; support [0.      1.57138 3.19399 4.91959 6.82238]; weights [0.15838 0.3029  0.25969 0.18676 0.09227]; residual 1.7e-13
  split track d 1 m 6.847: f -1.085e-04; support [0.      1.58336 3.21407 4.94343 6.84738]; weights [0.15926 0.3039  0.25936 0.18584 0.09164]; residual 2.8e-13
  split track d 1 m 6.872: f -5.086e-05; support [0.      1.595   3.23382 4.96714 6.87238]; weights [0.16009 0.30487 0.25907 0.18496 0.09102]; residual 1.7e-13
  split track d 1 m 6.897: f +1.504e-05; support [0.      1.60631 3.25327 4.99073 6.89738]; weights [0.16087 0.3058  0.25882 0.1841  0.0904 ]; residual 2.8e-13
  state at root - 0.01: support [0.       1.599366 3.241302 4.97618  6.881947]; weights [0.160391 0.305226 0.258974 0.184627 0.090781]; residual 3.3e-13; interior excess +0.00e+00
CHAIN d 1 e8 split: m 6.89194677; support [0.       1.603882 3.249072 4.985613 6.891947]; weights [0.160703 0.305599 0.258876 0.184287 0.090536]; residual 1.1e-13
  birth track d 1 m 6.912: f -5.673e-08; support [0.2158  1.63801 3.27171 5.00601 6.91195]; weights [0.1704  0.29941 0.25694 0.18323 0.09002]; residual 4.4e-13
  birth track d 1 m 6.937: f -2.827e-07; support [0.3135  1.67938 3.29996 5.03151 6.93695]; weights [0.18155 0.29259 0.25457 0.18191 0.08938]; residual 2.8e-13
  birth track d 1 m 6.962: f -6.721e-07; support [0.37928 1.71923 3.32812 5.05702 6.96195]; weights [0.19166 0.28673 0.25226 0.1806  0.08874]; residual 1.1e-13
  birth track d 1 m 6.987: f -1.214e-06; support [0.42927 1.75751 3.35617 5.08252 6.98695]; weights [0.2008  0.28175 0.25003 0.17931 0.08811]; residual 2.2e-13
  birth track d 1 m 7.012: f -1.897e-06; support [0.46941 1.79421 3.38408 5.10802 7.01195]; weights [0.20905 0.27757 0.24786 0.17804 0.08749]; residual 2.8e-13
  birth track d 1 m 7.037: f -2.707e-06; support [0.50273 1.82936 3.41183 5.1335  7.03695]; weights [0.2165  0.27408 0.24578 0.17677 0.08687]; residual 2.2e-13
  birth track d 1 m 7.062: f -3.630e-06; support [0.53106 1.863   3.43939 5.15897 7.06195]; weights [0.22324 0.27119 0.24378 0.17553 0.08626]; residual 1.1e-13
  birth track d 1 m 7.087: f -4.648e-06; support [0.55556 1.8952  3.46674 5.18442 7.08695]; weights [0.22934 0.26884 0.24187 0.1743  0.08565]; residual 2.8e-13
  birth track d 1 m 7.112: f -5.744e-06; support [0.57705 1.92602 3.49386 5.20984 7.11195]; weights [0.23488 0.26693 0.24005 0.17309 0.08505]; residual 3.3e-13
  birth track d 1 m 7.137: f -6.898e-06; support [0.59612 1.95553 3.52075 5.23524 7.13695]; weights [0.23992 0.2654  0.23831 0.1719  0.08446]; residual 1.1e-13
  birth track d 1 m 7.162: f -8.090e-06; support [0.61322 1.98381 3.54738 5.2606  7.16195]; weights [0.24453 0.26421 0.23667 0.17073 0.08387]; residual 3.9e-13
  birth track d 1 m 7.187: f -9.297e-06; support [0.62868 2.01092 3.57375 5.28592 7.18695]; weights [0.24874 0.26329 0.23511 0.16958 0.08329]; residual 2.2e-13
  birth track d 1 m 7.212: f -1.050e-05; support [0.64275 2.03694 3.59984 5.31119 7.21195]; weights [0.25261 0.2626  0.23364 0.16845 0.08271]; residual 3.3e-13
  birth track d 1 m 7.237: f -1.166e-05; support [0.65566 2.06194 3.62565 5.33643 7.23695]; weights [0.25617 0.26211 0.23225 0.16734 0.08214]; residual 2.8e-13
  birth track d 1 m 7.262: f -1.276e-05; support [0.66757 2.08597 3.65117 5.36161 7.26195]; weights [0.25945 0.26179 0.23094 0.16625 0.08157]; residual 1.7e-13
  birth track d 1 m 7.287: f -1.378e-05; support [0.67862 2.10911 3.6764  5.38674 7.28695]; weights [0.26249 0.26161 0.22971 0.16518 0.08101]; residual 2.8e-13
  birth track d 1 m 7.312: f -1.467e-05; support [0.68891 2.13141 3.70134 5.41181 7.31195]; weights [0.26531 0.26154 0.22855 0.16414 0.08046]; residual 3.3e-13
  birth track d 1 m 7.337: f -1.541e-05; support [0.69855 2.15292 3.72598 5.43682 7.33695]; weights [0.26793 0.26157 0.22747 0.16312 0.07991]; residual 2.8e-13
  birth track d 1 m 7.362: f -1.597e-05; support [0.70761 2.17369 3.75032 5.46177 7.36195]; weights [0.27037 0.26168 0.22646 0.16212 0.07937]; residual 1.7e-13
  birth track d 1 m 7.387: f -1.630e-05; support [0.71616 2.19377 3.77436 5.48665 7.38695]; weights [0.27265 0.26186 0.22551 0.16114 0.07884]; residual 2.8e-13
  birth track d 1 m 7.412: f -1.638e-05; support [0.72425 2.21321 3.79811 5.51146 7.41195]; weights [0.27478 0.2621  0.22462 0.16019 0.07831]; residual 4.4e-13
  birth track d 1 m 7.437: f -1.617e-05; support [0.73194 2.23204 3.82156 5.5362  7.43695]; weights [0.27678 0.26237 0.2238  0.15926 0.07778]; residual 6.6e-14
  birth track d 1 m 7.462: f -1.562e-05; support [0.73926 2.2503  3.84473 5.56086 7.46195]; weights [0.27866 0.26269 0.22303 0.15835 0.07727]; residual 2.2e-13
  birth track d 1 m 7.487: f -1.470e-05; support [0.74625 2.26803 3.8676  5.58545 7.48695]; weights [0.28043 0.26304 0.22231 0.15747 0.07675]; residual 2.2e-13
  birth track d 1 m 7.512: f -1.336e-05; support [0.75294 2.28526 3.8902  5.60996 7.51195]; weights [0.2821  0.26341 0.22164 0.15661 0.07625]; residual 1.7e-13
  birth track d 1 m 7.537: f -1.156e-05; support [0.75937 2.30202 3.91251 5.63439 7.53695]; weights [0.28367 0.26379 0.22102 0.15577 0.07575]; residual 1.7e-13
  birth track d 1 m 7.562: f -9.250e-06; support [0.76555 2.31833 3.93455 5.65874 7.56195]; weights [0.28516 0.26419 0.22044 0.15495 0.07525]; residual 3.9e-13
  birth track d 1 m 7.587: f -6.385e-06; support [0.7715  2.33423 3.95632 5.683   7.58695]; weights [0.28657 0.2646  0.21991 0.15415 0.07477]; residual 5.0e-13
  birth track d 1 m 7.612: f -2.916e-06; support [0.77725 2.34974 3.97783 5.70718 7.61195]; weights [0.28791 0.26502 0.21941 0.15338 0.07428]; residual 2.2e-13
  birth track d 1 m 7.637: f +1.207e-06; support [0.78281 2.36488 3.99907 5.73127 7.63695]; weights [0.28917 0.26544 0.21895 0.15263 0.07381]; residual 3.3e-13
  state at root - 0.01: support [0.779068 2.35468  3.984734 5.714992 7.620042]; weights [0.288324 0.265156 0.219258 0.153135 0.074128]; residual 4.4e-13; interior excess +0.00e+00
CHAIN d 1 e9 birth: m 7.63004210; support [0.78129  2.360731 3.99323  5.724627 7.630042]; weights [0.28883  0.265324 0.219074 0.152834 0.073938]; residual 3.9e-13
  split track d 1 m 7.640: f -6.504e-06; support [0.      0.8135  2.37422 4.00396 5.73474 7.64004]; weights [0.01361 0.27794 0.26386 0.21842 0.15243 0.07374]; residual 3.3e-13
  split track d 1 m 7.665: f -9.621e-06; support [0.      0.88503 2.40771 4.03078 5.76002 7.66504]; weights [0.03881 0.25939 0.26033 0.21679 0.15144 0.07325]; residual 2.2e-13
  split track d 1 m 7.690: f -1.324e-05; support [0.      0.94638 2.44079 4.05759 5.78531 7.69004]; weights [0.05613 0.24845 0.25702 0.21518 0.15045 0.07277]; residual 6.7e-13
  split track d 1 m 7.715: f -1.731e-05; support [0.      0.99986 2.47339 4.08436 5.8106  7.71504]; weights [0.0688  0.2419  0.25396 0.2136  0.14947 0.07228]; residual 7.2e-13
  split track d 1 m 7.740: f -2.175e-05; support [0.      1.04706 2.50543 4.11109 5.83588 7.74004]; weights [0.07847 0.23805 0.25114 0.21205 0.1485  0.07181]; residual 3.3e-13
  split track d 1 m 7.765: f -2.652e-05; support [0.      1.08912 2.53686 4.13775 5.86117 7.76504]; weights [0.0861  0.23594 0.24856 0.21053 0.14753 0.07133]; residual 2.8e-13
  split track d 1 m 7.790: f -3.153e-05; support [0.      1.12694 2.56766 4.16432 5.88645 7.79004]; weights [0.09229 0.23498 0.24623 0.20905 0.14658 0.07086]; residual 1.0e-12
  split track d 1 m 7.815: f -3.671e-05; support [0.      1.16117 2.59778 4.19081 5.91172 7.81504]; weights [0.09741 0.23481 0.24413 0.20762 0.14564 0.0704 ]; residual 5.0e-13
  split track d 1 m 7.840: f -4.198e-05; support [0.      1.19236 2.62721 4.21718 5.93698 7.84004]; weights [0.10172 0.23517 0.24226 0.20622 0.1447  0.06994]; residual 6.1e-13
  split track d 1 m 7.865: f -4.727e-05; support [0.      1.22093 2.65596 4.24343 5.96223 7.86504]; weights [0.10541 0.23588 0.24059 0.20486 0.14378 0.06948]; residual 6.7e-13
  split track d 1 m 7.890: f -5.247e-05; support [0.      1.24725 2.684   4.26954 5.98745 7.89004]; weights [0.10859 0.23685 0.23911 0.20355 0.14287 0.06903]; residual 2.8e-13
  split track d 1 m 7.915: f -5.751e-05; support [0.      1.2716  2.71135 4.29551 6.01266 7.91504]; weights [0.11138 0.23797 0.23781 0.20229 0.14197 0.06858]; residual 5.0e-13
  split track d 1 m 7.940: f -6.228e-05; support [0.      1.29423 2.73802 4.32132 6.03784 7.94004]; weights [0.11384 0.2392  0.23667 0.20107 0.14109 0.06813]; residual 7.8e-13
  split track d 1 m 7.965: f -6.669e-05; support [0.      1.31535 2.76401 4.34697 6.06299 7.96504]; weights [0.11603 0.24048 0.23568 0.1999  0.14021 0.06769]; residual 6.7e-13
  split track d 1 m 7.990: f -7.062e-05; support [0.      1.33513 2.78936 4.37244 6.08812 7.99004]; weights [0.11799 0.2418  0.23483 0.19877 0.13936 0.06726]; residual 6.1e-13
  split track d 1 m 8.015: f -7.398e-05; support [0.      1.35372 2.81406 4.39773 6.11321 8.01504]; weights [0.11976 0.24312 0.2341  0.19769 0.13851 0.06682]; residual 2.2e-13
  split track d 1 m 8.040: f -7.665e-05; support [0.      1.37125 2.83815 4.42284 6.13827 8.04004]; weights [0.12136 0.24443 0.23347 0.19666 0.13768 0.0664 ]; residual 5.0e-13
  split track d 1 m 8.065: f -7.852e-05; support [0.      1.38783 2.86164 4.44775 6.16329 8.06504]; weights [0.12282 0.24573 0.23295 0.19567 0.13686 0.06597]; residual 7.2e-13
  split track d 1 m 8.090: f -7.947e-05; support [0.      1.40356 2.88455 4.47247 6.18827 8.09004]; weights [0.12416 0.247   0.23251 0.19473 0.13605 0.06555]; residual 6.1e-13
  split track d 1 m 8.115: f -7.937e-05; support [0.      1.41851 2.90691 4.49698 6.21321 8.11504]; weights [0.12539 0.24824 0.23215 0.19382 0.13526 0.06513]; residual 3.3e-13
  split track d 1 m 8.140: f -7.810e-05; support [0.      1.43277 2.92874 4.52129 6.23811 8.14004]; weights [0.12653 0.24944 0.23185 0.19297 0.13449 0.06472]; residual 5.0e-13
  split track d 1 m 8.165: f -7.553e-05; support [0.      1.4464  2.95005 4.5454  6.26295 8.16504]; weights [0.12758 0.25061 0.23162 0.19215 0.13372 0.06432]; residual 3.9e-13
  split track d 1 m 8.190: f -7.152e-05; support [0.      1.45945 2.97087 4.5693  6.28775 8.19004]; weights [0.12856 0.25173 0.23145 0.19137 0.13298 0.06391]; residual 5.0e-13
  split track d 1 m 8.215: f -6.594e-05; support [0.      1.47198 2.99123 4.59299 6.3125  8.21504]; weights [0.12948 0.25282 0.23132 0.19063 0.13225 0.06351]; residual 6.7e-13
  split track d 1 m 8.240: f -5.865e-05; support [0.      1.48403 3.01113 4.61646 6.33719 8.24004]; weights [0.13033 0.25387 0.23123 0.18993 0.13153 0.06312]; residual 2.2e-13
  split track d 1 m 8.265: f -4.950e-05; support [0.      1.49563 3.0306  4.63973 6.36183 8.26504]; weights [0.13113 0.25488 0.23118 0.18926 0.13083 0.06272]; residual 3.9e-13
  split track d 1 m 8.290: f -3.834e-05; support [0.      1.50683 3.04966 4.66279 6.38641 8.29004]; weights [0.13188 0.25586 0.23117 0.18862 0.13014 0.06234]; residual 5.0e-13
  split track d 1 m 8.315: f -2.503e-05; support [0.      1.51766 3.06832 4.68564 6.41093 8.31504]; weights [0.13258 0.25679 0.23118 0.18802 0.12946 0.06195]; residual 5.0e-13
  split track d 1 m 8.340: f -9.414e-06; support [0.      1.52814 3.08661 4.70829 6.43539 8.34004]; weights [0.13325 0.2577  0.23122 0.18745 0.12881 0.06157]; residual 5.6e-13
  split track d 1 m 8.365: f +8.669e-06; support [0.      1.53831 3.10453 4.73072 6.45979 8.36504]; weights [0.13388 0.25857 0.23128 0.18692 0.12816 0.0612 ]; residual 1.1e-12
  state at root - 0.01: support [0.       1.529565 3.089105 4.711398 6.438767 8.343495]; weights [0.133338 0.25782  0.231227 0.187378 0.128715 0.061522]; residual 5.0e-13; interior excess +1.78e-15
CHAIN d 1 e10 split: m 8.35349461; support [0.       1.53365  3.096298 4.720386 6.448531 8.353495]; weights [0.133592 0.25817  0.231249 0.187161 0.128457 0.061372]; residual 5.0e-13
  birth track d 1 m 8.373: f -1.421e-08; support [0.22119 1.57066 3.12006 4.74122 6.46866 8.37349]; weights [0.14294 0.25243 0.22953 0.1862  0.12783 0.06107]; residual 6.7e-13
  birth track d 1 m 8.398: f +1.545e-06; support [0.23353 1.584   3.13898 4.76394 6.49311 8.39849]; weights [0.14451 0.2526  0.2294  0.18561 0.12719 0.06069]; residual 3.0e-06
