  birth track d 2 m 8.815: f -4.441e-06; support [0.62884 2.01195 3.55488 5.17919 6.91045 8.81531]; weights [0.03756 0.14548 0.22711 0.2547  0.2164  0.11876]; residual 4.4e-13
  birth track d 2 m 8.840: f -6.822e-06; support [0.6863  2.0477  3.5827  5.20484 6.93554 8.84031]; weights [0.04046 0.14565 0.22664 0.2538  0.21536 0.11808]; residual 3.3e-13
  birth track d 2 m 8.865: f -9.639e-06; support [0.73453 2.08246 3.61041 5.23048 6.96063 8.86531]; weights [0.04323 0.14593 0.2262  0.2529  0.21434 0.11741]; residual 4.4e-13
  birth track d 2 m 8.890: f -1.285e-05; support [0.77583 2.11618 3.63799 5.25611 6.98573 8.89031]; weights [0.04585 0.14631 0.22578 0.25201 0.21331 0.11674]; residual 3.3e-13
  birth track d 2 m 8.915: f -1.640e-05; support [0.81175 2.14883 3.66542 5.28173 7.01082 8.91531]; weights [0.04831 0.14681 0.22538 0.25112 0.2123  0.11608]; residual 7.8e-13
  birth track d 2 m 8.940: f -2.024e-05; support [0.84338 2.1804  3.69268 5.30732 7.03591 8.94031]; weights [0.05064 0.1474  0.22501 0.25024 0.21129 0.11543]; residual 4.4e-13
  birth track d 2 m 8.965: f -2.430e-05; support [0.87153 2.21091 3.71974 5.33288 7.061   8.96531]; weights [0.05282 0.14807 0.22468 0.24937 0.21028 0.11478]; residual 4.4e-13
  birth track d 2 m 8.990: f -2.852e-05; support [0.8968  2.24037 3.74659 5.3584  7.08609 8.99031]; weights [0.05486 0.14883 0.22438 0.24851 0.20929 0.11413]; residual 8.9e-13
  birth track d 2 m 9.015: f -3.283e-05; support [0.91967 2.26881 3.77321 5.38388 7.11116 9.01531]; weights [0.05678 0.14965 0.22412 0.24766 0.2083  0.11349]; residual 1.1e-12
  birth track d 2 m 9.040: f -3.715e-05; support [0.94051 2.29627 3.79958 5.40931 7.13624 9.04031]; weights [0.05859 0.15052 0.2239  0.24683 0.20731 0.11285]; residual 6.7e-13
  birth track d 2 m 9.065: f -4.139e-05; support [0.95963 2.32279 3.8257  5.43469 7.1613  9.06531]; weights [0.06028 0.15144 0.22371 0.24601 0.20634 0.11222]; residual 3.3e-13
  birth track d 2 m 9.090: f -4.547e-05; support [0.97726 2.34841 3.85156 5.46001 7.18636 9.09031]; weights [0.06188 0.1524  0.22356 0.24521 0.20537 0.11159]; residual 4.4e-13
  birth track d 2 m 9.115: f -4.928e-05; support [0.99361 2.37318 3.87715 5.48527 7.2114  9.11531]; weights [0.06338 0.15338 0.22344 0.24442 0.20441 0.11097]; residual 6.7e-13
  birth track d 2 m 9.140: f -5.274e-05; support [1.00885 2.39712 3.90246 5.51045 7.23644 9.14031]; weights [0.06479 0.15439 0.22336 0.24364 0.20346 0.11035]; residual 5.6e-13
  birth track d 2 m 9.165: f -5.571e-05; support [1.02311 2.4203  3.92749 5.53557 7.26146 9.16531]; weights [0.06612 0.15541 0.22332 0.24289 0.20252 0.10974]; residual 7.8e-13
  birth track d 2 m 9.190: f -5.811e-05; support [1.03651 2.44274 3.95223 5.5606  7.28647 9.19031]; weights [0.06739 0.15644 0.2233  0.24215 0.20159 0.10913]; residual 5.6e-13
  birth track d 2 m 9.215: f -5.979e-05; support [1.04915 2.4645  3.97668 5.58555 7.31146 9.21531]; weights [0.06858 0.15747 0.22332 0.24144 0.20067 0.10853]; residual 3.3e-13
  birth track d 2 m 9.240: f -6.063e-05; support [1.06111 2.4856  4.00085 5.61042 7.33644 9.24031]; weights [0.06971 0.1585  0.22337 0.24074 0.19975 0.10793]; residual 6.7e-13
  birth track d 2 m 9.265: f -6.050e-05; support [1.07247 2.50608 4.02472 5.6352  7.36139 9.26531]; weights [0.07078 0.15953 0.22345 0.24006 0.19885 0.10733]; residual 1.6e-12
  birth track d 2 m 9.290: f -5.926e-05; support [1.08329 2.52599 4.04831 5.65988 7.38633 9.29031]; weights [0.0718  0.16055 0.22356 0.2394  0.19795 0.10674]; residual 6.7e-13
  birth track d 2 m 9.315: f -5.676e-05; support [1.09362 2.54534 4.07162 5.68447 7.41125 9.31531]; weights [0.07277 0.16156 0.22368 0.23875 0.19707 0.10616]; residual 8.9e-13
  birth track d 2 m 9.340: f -5.284e-05; support [1.10352 2.56418 4.09464 5.70896 7.43615 9.34031]; weights [0.0737  0.16256 0.22384 0.23813 0.19619 0.10558]; residual 1.1e-12
  birth track d 2 m 9.365: f -4.734e-05; support [1.11301 2.58254 4.11738 5.73334 7.46103 9.36531]; weights [0.07458 0.16355 0.22401 0.23753 0.19533 0.105  ]; residual 8.9e-13
  birth track d 2 m 9.390: f -4.009e-05; support [1.12215 2.60043 4.13985 5.75763 7.48588 9.39031]; weights [0.07543 0.16452 0.2242  0.23695 0.19447 0.10443]; residual 8.9e-13
  birth track d 2 m 9.415: f -3.092e-05; support [1.13095 2.61788 4.16205 5.7818  7.51071 9.41531]; weights [0.07623 0.16547 0.22441 0.23638 0.19363 0.10387]; residual 3.3e-13
  birth track d 2 m 9.440: f -1.964e-05; support [1.13945 2.63493 4.18398 5.80587 7.53551 9.44031]; weights [0.07701 0.16641 0.22464 0.23584 0.1928  0.1033 ]; residual 3.3e-13
  birth track d 2 m 9.465: f -6.070e-06; support [1.14768 2.65159 4.20565 5.82983 7.56028 9.46531]; weights [0.07775 0.16733 0.22488 0.23531 0.19198 0.10275]; residual 5.6e-13
  birth track d 2 m 9.490: f +9.996e-06; support [1.15566 2.66789 4.22706 5.85368 7.58503 9.49031]; weights [0.07846 0.16824 0.22514 0.2348  0.19117 0.10219]; residual 6.7e-13
  state at root - 0.01: support [1.14766  2.651544 4.205584 5.829764 7.560211 9.465237]; weights [0.077746 0.167332 0.224882 0.235313 0.191979 0.102749]; residual 6.7e-13; interior excess +0.00e+00
CHAIN d 2 e3 birth: m 9.47523700; support [1.15088  2.658104 4.21418  5.839317 7.570113 9.475237]; weights [0.078035 0.167696 0.224982 0.235107 0.191653 0.102527]; residual 4.4e-13
  split track d 2 m 9.485: f -2.053e-05; support [0.      1.17481 2.67112 4.22496 5.8495  7.58014 9.48524]; weights [0.00119 0.07807 0.16761 0.22476 0.23477 0.1913  0.1023 ]; residual 4.4e-13
  split track d 2 m 9.510: f -2.578e-05; support [0.      1.2298  2.70338 4.25189 5.87495 7.6052  9.51024]; weights [0.00367 0.0786  0.16743 0.22422 0.23392 0.19041 0.10175]; residual 1.7e-12
  split track d 2 m 9.535: f -3.143e-05; support [0.      1.27887 2.73517 4.27877 5.9004  7.63026 9.53524]; weights [0.00564 0.07955 0.16732 0.22369 0.23308 0.18952 0.1012 ]; residual 8.9e-13
  split track d 2 m 9.560: f -3.739e-05; support [0.      1.323   2.76644 4.30559 5.92584 7.65533 9.56024]; weights [0.00725 0.08078 0.16728 0.22317 0.23224 0.18864 0.10065]; residual 6.7e-13
  split track d 2 m 9.585: f -4.358e-05; support [0.      1.36294 2.79713 4.33232 5.95128 7.68039 9.58524]; weights [0.00859 0.08217 0.16731 0.22267 0.2314  0.18777 0.1001 ]; residual 4.4e-13
  split track d 2 m 9.610: f -4.992e-05; support [0.      1.39933 2.82722 4.35896 5.9767  7.70546 9.61024]; weights [0.00972 0.08366 0.16741 0.22218 0.23057 0.18689 0.09956]; residual 1.2e-12
  split track d 2 m 9.635: f -5.630e-05; support [0.      1.43265 2.85668 4.38548 6.0021  7.73052 9.63524]; weights [0.01069 0.08521 0.16759 0.22171 0.22975 0.18603 0.09903]; residual 6.7e-13
  split track d 2 m 9.660: f -6.263e-05; support [0.      1.46331 2.88548 4.41186 6.02749 7.75558 9.66024]; weights [0.01153 0.08677 0.16783 0.22127 0.22893 0.18517 0.09849]; residual 1.1e-12
  split track d 2 m 9.685: f -6.879e-05; support [0.      1.49165 2.91364 4.4381  6.05284 7.78063 9.68524]; weights [0.01228 0.08833 0.16813 0.22085 0.22812 0.18432 0.09797]; residual 5.6e-13
  split track d 2 m 9.710: f -7.469e-05; support [0.      1.51796 2.94113 4.46419 6.07816 7.80569 9.71024]; weights [0.01293 0.08988 0.1685  0.22046 0.22733 0.18347 0.09744]; residual 1.7e-12
  split track d 2 m 9.735: f -8.019e-05; support [0.      1.54249 2.96797 4.49011 6.10345 7.83073 9.73524]; weights [0.01352 0.09139 0.16892 0.22009 0.22654 0.18262 0.09692]; residual 8.9e-13
  split track d 2 m 9.760: f -8.518e-05; support [0.      1.56544 2.99416 4.51584 6.1287  7.85577 9.76024]; weights [0.01405 0.09286 0.16939 0.21975 0.22576 0.18179 0.0964 ]; residual 8.9e-13
  split track d 2 m 9.785: f -8.953e-05; support [0.      1.58698 3.01972 4.54139 6.1539  7.88081 9.78524]; weights [0.01453 0.09429 0.1699  0.21944 0.225   0.18096 0.09589]; residual 6.7e-13
  split track d 2 m 9.810: f -9.310e-05; support [0.      1.60726 3.04466 4.56674 6.17905 7.90583 9.81024]; weights [0.01497 0.09568 0.17045 0.21915 0.22424 0.18014 0.09538]; residual 7.8e-13
  split track d 2 m 9.835: f -9.574e-05; support [0.      1.62643 3.069   4.59189 6.20415 7.93085 9.83524]; weights [0.01537 0.09701 0.17103 0.2189  0.2235  0.17932 0.09487]; residual 8.9e-13
  split track d 2 m 9.860: f -9.732e-05; support [0.      1.64459 3.09275 4.61683 6.2292  7.95585 9.86024]; weights [0.01574 0.0983  0.17163 0.21867 0.22278 0.17851 0.09437]; residual 7.8e-13
  split track d 2 m 9.885: f -9.769e-05; support [0.      1.66185 3.11593 4.64156 6.25418 7.98085 9.88524]; weights [0.01608 0.09955 0.17226 0.21847 0.22206 0.17771 0.09387]; residual 1.1e-12
  split track d 2 m 9.910: f -9.667e-05; support [0.      1.67828 3.13856 4.66607 6.27911 8.00583 9.91024]; weights [0.0164  0.10074 0.17291 0.21829 0.22137 0.17691 0.09337]; residual 5.6e-13
  split track d 2 m 9.935: f -9.412e-05; support [0.      1.69397 3.16067 4.69035 6.30396 8.0308  9.93524]; weights [0.0167  0.1019  0.17358 0.21814 0.22068 0.17612 0.09288]; residual 1.2e-12
  split track d 2 m 9.960: f -8.986e-05; support [0.      1.70899 3.18227 4.71441 6.32875 8.05576 9.96024]; weights [0.01697 0.10301 0.17426 0.21802 0.22001 0.17534 0.09239]; residual 7.8e-13
  split track d 2 m 9.985: f -8.372e-05; support [0.      1.7234  3.20339 4.73825 6.35346 8.0807  9.98524]; weights [0.01723 0.10407 0.17494 0.21792 0.21936 0.17457 0.09191]; residual 5.6e-13
  split track d 2 m 10.010: f -7.551e-05; support [ 0.       1.73724  3.22403  4.76186  6.3781   8.10562 10.01024]; weights [0.01747 0.1051  0.17563 0.21784 0.21872 0.17381 0.09143]; residual 1.0e-12
  split track d 2 m 10.035: f -6.506e-05; support [ 0.       1.75056  3.24423  4.78524  6.40266  8.13053 10.03524]; weights [0.0177  0.10609 0.17633 0.21778 0.2181  0.17305 0.09095]; residual 6.7e-13
  split track d 2 m 10.060: f -5.217e-05; support [ 0.       1.76342  3.264    4.8084   6.42713  8.15542 10.06024]; weights [0.01792 0.10704 0.17702 0.21775 0.21749 0.1723  0.09048]; residual 7.8e-13
  split track d 2 m 10.085: f -3.665e-05; support [ 0.       1.77584  3.28336  4.83133  6.45153  8.18029 10.08524]; weights [0.01813 0.10796 0.17772 0.21773 0.2169  0.17156 0.09001]; residual 4.4e-13
  split track d 2 m 10.110: f -1.830e-05; support [ 0.       1.78786  3.30233  4.85404  6.47584  8.20515 10.11024]; weights [0.01832 0.10884 0.17841 0.21774 0.21632 0.17083 0.08954]; residual 8.9e-13
  split track d 2 m 10.135: f +3.094e-06; support [ 0.       1.79951  3.32092  4.87652  6.50006  8.22998 10.13524]; weights [0.0185  0.10969 0.1791  0.21776 0.21576 0.1701  0.08908]; residual 1.1e-12
  state at root - 0.01: support [ 0.        1.793308  3.310998  4.8645    6.487087  8.216671 10.121839]; weights [0.018407 0.109239 0.178732 0.217745 0.216063 0.170491 0.089324]; residual 1.2e-12; interior excess +0.00e+00
CHAIN d 2 e4 split: m 10.13183892; support [ 0.        1.797944  3.31841   4.873478  6.49677   8.226602 10.131839]; weights [0.01848  0.109578 0.179007 0.217755 0.21584  0.170202 0.089139]; residual 1.1e-12
  birth track d 2 m 10.232: f -1.497e-06; support [ 0.6355   1.95717  3.43389  4.97763  6.59772  8.32671 10.23184]; weights [0.02899 0.10988 0.1782  0.21568 0.21279 0.16716 0.0873 ]; residual 6.7e-13
  birth track d 2 m 10.257: f -2.302e-06; support [ 0.69149  1.99439  3.46256  5.00369  6.62297  8.35175 10.25684]; weights [0.03136 0.11018 0.17802 0.21515 0.21203 0.16641 0.08685]; residual 1.1e-12
  birth track d 2 m 10.282: f -3.257e-06; support [ 0.73802  2.03032  3.49107  5.02972  6.64823  8.37678 10.28184]; weights [0.0336  0.11058 0.17786 0.21463 0.21127 0.16566 0.0864 ]; residual 1.2e-12
  birth track d 2 m 10.307: f -4.345e-06; support [ 0.77753  2.06491  3.51938  5.05573  6.67348  8.40181 10.30684]; weights [0.03569 0.11107 0.17772 0.21412 0.21052 0.16491 0.08596]; residual 8.9e-13
  birth track d 2 m 10.332: f -5.550e-06; support [ 0.81161  2.09815  3.54746  5.08171  6.69873  8.42685 10.33184]; weights [0.03765 0.11166 0.17762 0.21361 0.20977 0.16417 0.08552]; residual 4.4e-13
  birth track d 2 m 10.357: f -6.851e-06; support [ 0.84141  2.13005  3.57528  5.10763  6.72397  8.45188 10.35684]; weights [0.03947 0.11234 0.17755 0.21311 0.20902 0.16344 0.08508]; residual 6.7e-13
  birth track d 2 m 10.382: f -8.229e-06; support [ 0.86776  2.16064  3.60281  5.1335   6.7492   8.47692 10.38184]; weights [0.04117 0.11308 0.17751 0.21262 0.20828 0.16271 0.08464]; residual 1.2e-12
  birth track d 2 m 10.407: f -9.657e-06; support [ 0.89129  2.18998  3.63002  5.1593   6.77442  8.50195 10.40684]; weights [0.04275 0.11388 0.17751 0.21214 0.20754 0.16198 0.08421]; residual 1.0e-12
  birth track d 2 m 10.432: f -1.111e-05; support [ 0.91247  2.2181   3.65691  5.18502  6.79963  8.52698 10.43184]; weights [0.04422 0.11473 0.17754 0.21167 0.2068  0.16126 0.08378]; residual 1.7e-12
  birth track d 2 m 10.457: f -1.256e-05; support [ 0.93169  2.24508  3.68346  5.21066  6.82482  8.552   10.45684]; weights [0.04559 0.11561 0.17761 0.21122 0.20608 0.16054 0.08335]; residual 7.8e-13
  birth track d 2 m 10.482: f -1.398e-05; support [ 0.94925  2.27096  3.70966  5.2362   6.84999  8.57703 10.48184]; weights [0.04688 0.11653 0.17771 0.21078 0.20536 0.15982 0.08292]; residual 7.8e-13
  birth track d 2 m 10.507: f -1.532e-05; support [ 0.9654   2.29582  3.73548  5.26164  6.87513  8.60205 10.50684]; weights [0.04808 0.11746 0.17785 0.21035 0.20464 0.15911 0.0825 ]; residual 1.2e-12
  birth track d 2 m 10.532: f -1.656e-05; support [ 0.98033  2.31972  3.76094  5.28698  6.90025  8.62707 10.53184]; weights [0.0492  0.1184  0.17802 0.20995 0.20394 0.15841 0.08208]; residual 1.0e-12
  birth track d 2 m 10.557: f -1.766e-05; support [ 0.9942   2.3427   3.78603  5.31219  6.92533  8.65208 10.55684]; weights [0.05025 0.11935 0.17822 0.20956 0.20324 0.15771 0.08167]; residual 1.1e-12
  birth track d 2 m 10.582: f -1.857e-05; support [ 1.00715  2.36484  3.81074  5.33729  6.95039  8.67708 10.58184]; weights [0.05124 0.1203  0.17845 0.20919 0.20255 0.15702 0.08125]; residual 5.6e-13
  birth track d 2 m 10.607: f -1.925e-05; support [ 1.01929  2.38617  3.83507  5.36225  6.97541  8.70208 10.60684]; weights [0.05218 0.12125 0.1787  0.20883 0.20187 0.15633 0.08084]; residual 3.4e-12
  birth track d 2 m 10.632: f -1.966e-05; support [ 1.03073  2.40677  3.85903  5.38708  7.0004   8.72708 10.63184]; weights [0.05306 0.12219 0.17898 0.2085  0.2012  0.15564 0.08044]; residual 5.6e-13
  birth track d 2 m 10.657: f -1.973e-05; support [ 1.04154  2.42666  3.88262  5.41177  7.02534  8.75206 10.65684]; weights [0.05389 0.12312 0.17928 0.20818 0.20054 0.15496 0.08003]; residual 4.4e-13
  birth track d 2 m 10.682: f -1.943e-05; support [ 1.05178  2.4459   3.90585  5.43632  7.05025  8.77704 10.68184]; weights [0.05467 0.12404 0.1796  0.20788 0.19988 0.15429 0.07963]; residual 8.9e-13
  birth track d 2 m 10.707: f -1.868e-05; support [ 1.06153  2.46453  3.92871  5.46072  7.07511  8.80201 10.70684]; weights [0.05542 0.12494 0.17994 0.2076  0.19924 0.15362 0.07923]; residual 1.3e-12
  birth track d 2 m 10.732: f -1.744e-05; support [ 1.07083  2.48259  3.95121  5.48497  7.09992  8.82696 10.73184]; weights [0.05613 0.12583 0.1803  0.20733 0.19861 0.15296 0.07883]; residual 5.6e-13
  birth track d 2 m 10.757: f -1.564e-05; support [ 1.07972  2.50011  3.97337  5.50907  7.12468  8.85191 10.75684]; weights [0.05681 0.12671 0.18067 0.20709 0.19799 0.1523  0.07844]; residual 6.7e-13
  birth track d 2 m 10.782: f -1.322e-05; support [ 1.08825  2.51713  3.99519  5.53301  7.14939  8.87685 10.78184]; weights [0.05745 0.12756 0.18106 0.20686 0.19738 0.15165 0.07805]; residual 1.1e-12
  birth track d 2 m 10.807: f -1.010e-05; support [ 1.09645  2.53368  4.01668  5.5568   7.17405  8.90178 10.80684]; weights [0.05807 0.1284  0.18145 0.20665 0.19677 0.15101 0.07766]; residual 5.6e-13
  birth track d 2 m 10.832: f -6.217e-06; support [ 1.10435  2.54979  4.03784  5.58042  7.19865  8.92669 10.83184]; weights [0.05865 0.12922 0.18185 0.20645 0.19619 0.15037 0.07727]; residual 1.8e-12
  birth track d 2 m 10.857: f -1.494e-06; support [ 1.11197  2.56549  4.05868  5.60388  7.22319  8.95159 10.85684]; weights [0.05922 0.13002 0.18227 0.20627 0.19561 0.14973 0.07689]; residual 2.0e-12
  birth track d 2 m 10.882: f +4.149e-06; support [ 1.11935  2.5808   4.07922  5.62718  7.24767  8.97648 10.88184]; weights [0.05975 0.1308  0.18268 0.20611 0.19504 0.1491  0.07651]; residual 8.9e-13
  state at root - 0.01: support [ 1.111087  2.563656  4.056236  5.601119  7.220293  8.948651 10.853885]; weights [0.05915  0.129924 0.182217 0.206291 0.195675 0.149806 0.076937]; residual 2.2e-12; interior excess +0.00e+00
CHAIN d 2 e5 birth: m 10.86388538; support [ 1.114077  2.569842  4.064501  5.610466  7.230096  8.958608 10.863885]; weights [0.05937  0.13024  0.182383 0.206223 0.195446 0.149554 0.076785]; residual 1.1e-12
  split track d 2 m 10.874: f -6.256e-06; support [ 0.       1.13954  2.58345  4.07555  5.62076  7.24017  8.96862 10.87389]; weights [0.00099 0.05943 0.13021 0.18227 0.20601 0.19517 0.14929 0.07663]; residual 1.2e-12
  split track d 2 m 10.899: f -8.070e-06; support [ 0.       1.19745  2.6171   4.10314  5.64651  7.26535  8.99364 10.89889]; weights [0.00303 0.05995 0.13018 0.182   0.20548 0.19447 0.14864 0.07625]; residual 2.1e-12
  split track d 2 m 10.924: f -1.005e-05; support [ 0.       1.24842  2.65014  4.13065  5.67225  7.29053  9.01866 10.92389]; weights [0.00461 0.06085 0.13022 0.18173 0.20494 0.19377 0.14799 0.07587]; residual 2.2e-12
  split track d 2 m 10.949: f -1.216e-05; support [ 0.       1.2937   2.68251  4.15807  5.69799  7.31571  9.04368 10.94889]; weights [0.00588 0.06198 0.13032 0.18148 0.20441 0.19308 0.14734 0.0755 ]; residual 1.0e-12
  split track d 2 m 10.974: f -1.438e-05; support [ 0.       1.33424  2.71415  4.18537  5.7237   7.34089  9.06871 10.97389]; weights [0.00693 0.06323 0.13049 0.18125 0.20389 0.19239 0.1467  0.07513]; residual 1.8e-12
  split track d 2 m 10.999: f -1.667e-05; support [ 0.       1.37079  2.74501  4.21252  5.74939  7.36607  9.09373 10.99889]; weights [0.0078  0.06455 0.13074 0.18103 0.20337 0.1917  0.14606 0.07475]; residual 1.8e-12
  split track d 2 m 11.024: f -1.899e-05; support [ 0.       1.40396  2.77508  4.2395   5.77505  7.39125  9.11876 11.02389]; weights [0.00854 0.0659  0.13104 0.18084 0.20285 0.19102 0.14542 0.07439]; residual 1.4e-12
  split track d 2 m 11.049: f -2.132e-05; support [ 0.       1.43424  2.80433  4.26629  5.80067  7.41641  9.14378 11.04889]; weights [0.00918 0.06725 0.13141 0.18067 0.20234 0.19034 0.14479 0.07402]; residual 1.2e-12
  split track d 2 m 11.074: f -2.359e-05; support [ 0.       1.46201  2.83277  4.29288  5.82624  7.44157  9.1688  11.07389]; weights [0.00974 0.06858 0.13183 0.18052 0.20184 0.18967 0.14416 0.07366]; residual 5.6e-13
  split track d 2 m 11.099: f -2.578e-05; support [ 0.       1.48762  2.86039  4.31924  5.85175  7.46672  9.19382 11.09889]; weights [0.01024 0.06988 0.13231 0.1804  0.20135 0.18899 0.14353 0.0733 ]; residual 3.0e-12
  split track d 2 m 11.124: f -2.783e-05; support [ 0.       1.51134  2.88723  4.34536  5.87721  7.49185  9.21884 11.12389]; weights [0.01068 0.07115 0.13282 0.18031 0.20087 0.18833 0.14291 0.07294]; residual 1.4e-12
  split track d 2 m 11.149: f -2.970e-05; support [ 0.       1.53341  2.91328  4.37124  5.90259  7.51697  9.24385 11.14889]; weights [0.01107 0.07237 0.13338 0.18024 0.2004  0.18767 0.14229 0.07258]; residual 1.3e-12
  split track d 2 m 11.174: f -3.133e-05; support [ 0.       1.55402  2.93858  4.39685  5.9279   7.54207  9.26887 11.17389]; weights [0.01143 0.07355 0.13397 0.1802  0.19994 0.18701 0.14168 0.07223]; residual 1.8e-12
  split track d 2 m 11.199: f -3.266e-05; support [ 0.       1.57334  2.96315  4.4222   5.95313  7.56715  9.29387 11.19889]; weights [0.01176 0.07468 0.13458 0.18018 0.1995  0.18636 0.14107 0.07187]; residual 1.6e-12
  split track d 2 m 11.224: f -3.365e-05; support [ 0.       1.59151  2.98701  4.44727  5.97827  7.5922   9.31888 11.22389]; weights [0.01205 0.07577 0.13522 0.18019 0.19906 0.18572 0.14046 0.07153]; residual 8.9e-13
  split track d 2 m 11.249: f -3.422e-05; support [ 0.       1.60867  3.01019  4.47206  6.00332  7.61724  9.34388 11.24889]; weights [0.01233 0.07681 0.13587 0.18022 0.19864 0.18508 0.13986 0.07118]; residual 2.6e-12
  split track d 2 m 11.274: f -3.431e-05; support [ 0.       1.62491  3.03273  4.49656  6.02827  7.64224  9.36888 11.27389]; weights [0.01258 0.07781 0.13654 0.18028 0.19824 0.18445 0.13926 0.07083]; residual 2.2e-12
  split track d 2 m 11.299: f -3.386e-05; support [ 0.       1.64033  3.05464  4.52078  6.05312  7.66722  9.39387 11.29889]; weights [0.01281 0.07877 0.13721 0.18036 0.19785 0.18383 0.13867 0.07049]; residual 1.4e-12
  split track d 2 m 11.324: f -3.279e-05; support [ 0.       1.65502  3.07596  4.5447   6.07786  7.69217  9.41885 11.32389]; weights [0.01303 0.07969 0.1379  0.18047 0.19747 0.18321 0.13808 0.07015]; residual 1.6e-12
  split track d 2 m 11.349: f -3.104e-05; support [ 0.       1.66903  3.09671  4.56833  6.10249  7.71708  9.44383 11.34889]; weights [0.01323 0.08057 0.13858 0.18059 0.19711 0.18261 0.13749 0.06981]; residual 1.4e-12
  split track d 2 m 11.374: f -2.853e-05; support [ 0.       1.68244  3.11693  4.59168  6.127    7.74196  9.46881 11.37389]; weights [0.01342 0.08142 0.13927 0.18073 0.19676 0.18201 0.13691 0.06948]; residual 1.1e-12
  split track d 2 m 11.399: f -2.518e-05; support [ 0.       1.6953   3.13663  4.61473  6.1514   7.7668   9.49377 11.39889]; weights [0.0136  0.08223 0.13995 0.18089 0.19643 0.18142 0.13634 0.06914]; residual 1.1e-12
  split track d 2 m 11.424: f -2.090e-05; support [ 0.       1.70766  3.15585  4.6375   6.17567  7.79161  9.51873 11.42389]; weights [0.01377 0.08301 0.14063 0.18107 0.19611 0.18083 0.13576 0.06881]; residual 6.7e-13
  split track d 2 m 11.449: f -1.562e-05; support [ 0.       1.71955  3.1746   4.65998  6.19982  7.81637  9.54367 11.44889]; weights [0.01393 0.08376 0.14131 0.18126 0.19581 0.18026 0.1352  0.06848]; residual 1.0e-12
  split track d 2 m 11.474: f -9.249e-06; support [ 0.       1.73103  3.19291  4.68218  6.22383  7.84109  9.56861 11.47389]; weights [0.01408 0.08448 0.14198 0.18146 0.19552 0.17969 0.13463 0.06815]; residual 8.9e-13
  split track d 2 m 11.499: f -1.691e-06; support [ 0.       1.74212  3.21081  4.70411  6.24772  7.86576  9.59354 11.49889]; weights [0.01422 0.08517 0.14264 0.18168 0.19525 0.17914 0.13408 0.06783]; residual 1.8e-12
  split track d 2 m 11.524: f +7.145e-06; support [ 0.       1.75286  3.2283   4.72576  6.27148  7.89039  9.61846 11.52389]; weights [0.01436 0.08583 0.14329 0.18191 0.19499 0.17859 0.13352 0.06751]; residual 1.7e-12
  state at root - 0.01: support [ 0.        1.739971  3.207322  4.699817  6.243036  7.860915  9.588641
 11.49397 ]; weights [0.014197 0.085035 0.142509 0.181635 0.195298 0.179246 0.134186 0.067893]; residual 1.7e-12; interior excess +4.44e-16
CHAIN d 2 e6 split: m 11.50397036; support [ 0.        1.744333  3.214399  4.708532  6.252564  7.870776  9.598611
 11.50397 ]; weights [0.014253 0.085306 0.142772 0.181725 0.195192 0.179025 0.133963 0.067763]; residual 1.1e-12
  birth track d 2 m 11.604: f -5.432e-07; support [ 0.63997  1.91122  3.33351  4.81438  6.35426  7.97118  9.69865 11.60397]; weights [0.02317 0.08583 0.14254 0.1806  0.19316 0.17652 0.1317  0.06648]; residual 3.0e-12
  birth track d 2 m 11.629: f -8.363e-07; support [ 0.69444  1.94966  3.36298  4.84084  6.37971  7.99629  9.72366 11.62897]; weights [0.02514 0.08618 0.14251 0.18031 0.19265 0.17589 0.13114 0.06617]; residual 1.0e-12
  birth track d 2 m 11.654: f -1.184e-06; support [ 0.73933  1.9865   3.39222  4.86728  6.40515  8.0214   9.74867 11.65397]; weights [0.02699 0.08662 0.1425  0.18003 0.19214 0.17527 0.13059 0.06585]; residual 1.0e-12
  birth track d 2 m 11.679: f -1.581e-06; support [ 0.77713  2.02171  3.42118  4.89366  6.43059  8.04651  9.77368 11.67897]; weights [0.02869 0.08716 0.14253 0.17976 0.19163 0.17465 0.13004 0.06554]; residual 2.8e-12
  birth track d 2 m 11.704: f -2.020e-06; support [ 0.80952  2.0553   3.44982  4.91998  6.45602  8.07162  9.7987  11.70397]; weights [0.03027 0.08777 0.14258 0.17949 0.19113 0.17403 0.12949 0.06523]; residual 1.0e-12
  birth track d 2 m 11.729: f -2.494e-06; support [ 0.83767  2.0873   3.4781   4.94623  6.48143  8.09673  9.82371 11.72897]; weights [0.03173 0.08846 0.14267 0.17923 0.19063 0.17342 0.12894 0.06492]; residual 7.8e-13
  birth track d 2 m 11.754: f -2.995e-06; support [ 0.86242  2.11778  3.50599  4.97238  6.50683  8.12184  9.84872 11.75397]; weights [0.03308 0.08919 0.14279 0.17899 0.19013 0.17281 0.12839 0.06462]; residual 1.6e-12
  birth track d 2 m 11.779: f -3.514e-06; support [ 0.88441  2.14681  3.53347  4.99843  6.5322   8.14694  9.87374 11.77897]; weights [0.03433 0.08997 0.14294 0.17875 0.18963 0.1722  0.12785 0.06431]; residual 1.3e-12
  birth track d 2 m 11.804: f -4.041e-06; support [ 0.90414  2.17447  3.56051  5.02437  6.55754  8.17204  9.89875 11.80397]; weights [0.03549 0.09079 0.14313 0.17853 0.18914 0.17159 0.12732 0.06401]; residual 7.8e-13
  birth track d 2 m 11.829: f -4.563e-06; support [ 0.92197  2.20084  3.58712  5.05017  6.58285  8.19713  9.92376 11.82897]; weights [0.03656 0.09162 0.14335 0.17833 0.18866 0.17099 0.12678 0.06371]; residual 2.9e-12
  birth track d 2 m 11.854: f -5.070e-06; support [ 0.93822  2.226    3.61326  5.07583  6.60812  8.22221  9.94877 11.85397]; weights [0.03755 0.09247 0.14361 0.17813 0.18818 0.17039 0.12625 0.06341]; residual 4.4e-13
  birth track d 2 m 11.879: f -5.546e-06; support [ 0.95311  2.25005  3.63895  5.10134  6.63335  8.24728  9.97377 11.87897]; weights [0.03848 0.09333 0.14389 0.17796 0.18771 0.1698  0.12572 0.06312]; residual 1.0e-12
  birth track d 2 m 11.904: f -5.978e-06; support [ 0.96685  2.27304  3.66417  5.12669  6.65853  8.27233  9.99878 11.90397]; weights [0.03934 0.09418 0.1442  0.1778  0.18725 0.16921 0.12519 0.06282]; residual 1.8e-12
  birth track d 2 m 11.929: f -6.350e-06; support [ 0.97959  2.29506  3.68893  5.15187  6.68365  8.29738 10.02378 11.92897]; weights [0.04015 0.09504 0.14453 0.17766 0.18679 0.16862 0.12467 0.06253]; residual 1.7e-12
  birth track d 2 m 11.954: f -6.645e-06; support [ 0.99146  2.31618  3.71322  5.17688  6.70873  8.32241 10.04878 11.95397]; weights [0.04091 0.09589 0.14489 0.17754 0.18635 0.16804 0.12415 0.06224]; residual 1.1e-12
  birth track d 2 m 11.979: f -6.844e-06; support [ 1.00258  2.33646  3.73706  5.20171  6.73374  8.34742 10.07378 11.97897]; weights [0.04162 0.09672 0.14527 0.17743 0.18591 0.16747 0.12363 0.06195]; residual 1.7e-12
  birth track d 2 m 12.004: f -6.929e-06; support [ 1.01304  2.35597  3.76045  5.22634  6.75869  8.37242 10.09877 12.00397]; weights [0.04229 0.09755 0.14566 0.17734 0.18548 0.16689 0.12312 0.06166]; residual 6.7e-13
  birth track d 2 m 12.029: f -6.878e-06; support [ 1.02291  2.37474  3.7834   5.25078  6.78356  8.3974  10.12377 12.02897]; weights [0.04292 0.09836 0.14608 0.17727 0.18506 0.16633 0.12261 0.06138]; residual 1.0e-12
  birth track d 2 m 12.054: f -6.669e-06; support [ 1.03226  2.39285  3.80592  5.27503  6.80837  8.42236 10.14875 12.05397]; weights [0.04351 0.09915 0.1465  0.17721 0.18466 0.16577 0.12211 0.06109]; residual 2.2e-12
  birth track d 2 m 12.079: f -6.278e-06; support [ 1.04115  2.41033  3.82801  5.29907  6.8331   8.44729 10.17374 12.07897]; weights [0.04408 0.09993 0.14694 0.17717 0.18426 0.16521 0.1216  0.06081]; residual 1.7e-12
  birth track d 2 m 12.104: f -5.681e-06; support [ 1.04962  2.42724  3.8497   5.32291  6.85776  8.4722  10.19871 12.10397]; weights [0.04461 0.10069 0.14738 0.17715 0.18387 0.16466 0.1211  0.06053]; residual 1.2e-12
  birth track d 2 m 12.129: f -4.852e-06; support [ 1.05772  2.4436   3.87098  5.34654  6.88233  8.49709 10.22369 12.12897]; weights [0.04512 0.10143 0.14784 0.17714 0.18349 0.16412 0.12061 0.06025]; residual 1.4e-12
  birth track d 2 m 12.154: f -3.762e-06; support [ 1.06548  2.45946  3.89188  5.36996  6.90681  8.52195 10.24865 12.15397]; weights [0.04561 0.10215 0.1483  0.17715 0.18313 0.16358 0.12011 0.05997]; residual 1.3e-12
  birth track d 2 m 12.179: f -2.382e-06; support [ 1.07294  2.47485  3.9124   5.39318  6.93121  8.54678 10.27362 12.17897]; weights [0.04607 0.10286 0.14876 0.17717 0.18277 0.16305 0.11962 0.0597 ]; residual 7.8e-13
  birth track d 2 m 12.204: f -6.816e-07; support [ 1.08012  2.48981  3.93256  5.41619  6.95552  8.57158 10.29857 12.20397]; weights [0.04652 0.10354 0.14923 0.1772  0.18242 0.16252 0.11914 0.05943]; residual 7.8e-13
  birth track d 2 m 12.229: f +1.372e-06; support [ 1.08705  2.50435  3.95237  5.43898  6.97973  8.59635 10.32352 12.22897]; weights [0.04694 0.10421 0.1497  0.17724 0.18209 0.16201 0.11866 0.05915]; residual 1.2e-12
  state at root - 0.01: support [ 1.079781  2.489105  3.931611  5.415094  6.954363  8.570402 10.297383
 12.202779]; weights [0.046494 0.103511 0.149208 0.177196 0.182441 0.16255  0.119161 0.059439]; residual 2.6e-12; interior excess +0.00e+00
CHAIN d 2 e7 birth: m 12.21277902; support [ 1.082586  2.494978  3.939583  5.424242  6.964061  8.580315 10.307364
 12.212779]; weights [0.046666 0.103781 0.149395 0.177213 0.182306 0.162341 0.118968 0.05933 ]; residual 1.9e-12
  split track d 2 m 12.223: f -3.364e-06; support [ 0.       1.09532  2.50395  3.94862  5.43371  6.97383  8.59023 10.31734
 12.22278]; weights [0.00036 0.04677 0.10392 0.14949 0.17718 0.18216 0.16213 0.11878 0.05922]; residual 1.8e-07
  split track d 2 m 12.248: f -2.749e-06; support [ 0.       1.16997  2.54408  3.97912  5.46072  6.99951  8.61543 10.34237
 12.24778]; weights [0.00255 0.04724 0.10383 0.14922 0.17677 0.18161 0.16155 0.11828 0.05895]; residual 1.4e-12
  split track d 2 m 12.273: f -3.488e-06; support [ 0.       1.22254  2.57829  4.00725  5.48677  7.02484  8.64051 10.36738
 12.27278]; weights [0.00386 0.04807 0.10394 0.14911 0.17645 0.18112 0.16098 0.11779 0.05868]; residual 1.6e-12
  split track d 2 m 12.298: f -4.287e-06; support [ 0.       1.26872  2.61166  4.03525  5.51281  7.05017  8.66559 10.39239
 12.29778]; weights [0.00489 0.04909 0.10411 0.14902 0.17613 0.18063 0.16042 0.11731 0.05841]; residual 1.9e-12
  split track d 2 m 12.323: f -5.134e-06; support [ 0.       1.30964  2.64412  4.06308  5.53881  7.07549  8.69067 10.4174
 12.32278]; weights [0.00572 0.05021 0.10435 0.14894 0.17582 0.18013 0.15985 0.11682 0.05815]; residual 1.6e-12
  split track d 2 m 12.348: f -6.014e-06; support [ 0.       1.34621  2.67565  4.09072  5.56478  7.10081  8.71576 10.44241
 12.34778]; weights [0.00641 0.05138 0.10465 0.14888 0.17551 0.17964 0.15929 0.11634 0.05788]; residual 2.0e-12
  split track d 2 m 12.373: f -6.914e-06; support [ 0.       1.37911  2.7062   4.11812  5.59069  7.12611  8.74084 10.46742
 12.37278]; weights [0.007   0.05256 0.10502 0.14884 0.17521 0.17915 0.15874 0.11587 0.05762]; residual 1.8e-12
  split track d 2 m 12.398: f -7.818e-06; support [ 0.       1.40892  2.73578  4.14528  5.61654  7.15141  8.76592 10.49243
 12.39778]; weights [0.0075  0.05372 0.10543 0.14883 0.17492 0.17867 0.15818 0.11539 0.05736]; residual 4.3e-12
  split track d 2 m 12.423: f -8.708e-06; support [ 0.       1.43608  2.7644   4.17216  5.64232  7.17669  8.79099 10.51743
 12.42278]; weights [0.00794 0.05486 0.1059  0.14884 0.17463 0.17819 0.15763 0.11492 0.0571 ]; residual 1.0e-12
  split track d 2 m 12.448: f -9.567e-06; support [ 0.       1.46098  2.79206  4.19875  5.66802  7.20194  8.81607 10.54244
 12.44778]; weights [0.00832 0.05597 0.10641 0.14888 0.17435 0.17771 0.15708 0.11445 0.05684]; residual 1.8e-12
  split track d 2 m 12.473: f -1.038e-05; support [ 0.       1.48391  2.81879  4.22503  5.69363  7.22717  8.84113 10.56745
 12.47278]; weights [0.00866 0.05703 0.10695 0.14894 0.17409 0.17724 0.15653 0.11398 0.05658]; residual 2.0e-12
  split track d 2 m 12.498: f -1.111e-05; support [ 0.       1.50514  2.84462  4.25099  5.71913  7.25238  8.86619 10.59245
 12.49778]; weights [0.00896 0.05805 0.10752 0.14903 0.17384 0.17677 0.15599 0.11351 0.05633]; residual 2.2e-12
  split track d 2 m 12.523: f -1.175e-05; support [ 0.       1.52487  2.86959  4.27661  5.74453  7.27755  8.89125 10.61746
 12.52278]; weights [0.00924 0.05903 0.10812 0.14914 0.17359 0.1763  0.15545 0.11305 0.05607]; residual 1.4e-12
  split track d 2 m 12.548: f -1.228e-05; support [ 0.       1.5433   2.89373  4.30189  5.76981  7.30268  8.91629 10.64246
 12.54778]; weights [0.00949 0.05997 0.10873 0.14928 0.17336 0.17585 0.15491 0.11259 0.05582]; residual 1.8e-12
  split track d 2 m 12.573: f -1.266e-05; support [ 0.       1.56058  2.91707  4.32682  5.79496  7.32778  8.94132 10.66746
 12.57278]; weights [0.00971 0.06086 0.10936 0.14944 0.17315 0.1754  0.15438 0.11213 0.05557]; residual 1.2e-12
  split track d 2 m 12.598: f -1.286e-05; support [ 0.       1.57683  2.93967  4.3514   5.81998  7.35284  8.96634 10.69246
 12.59778]; weights [0.00992 0.06172 0.11    0.14962 0.17295 0.17495 0.15385 0.11168 0.05532]; residual 1.3e-12
  split track d 2 m 12.623: f -1.288e-05; support [ 0.       1.59218  2.96154  4.37563  5.84486  7.37785  8.99135 10.71746
 12.62278]; weights [0.01011 0.06253 0.11064 0.14982 0.17276 0.17451 0.15332 0.11123 0.05507]; residual 2.8e-12
  split track d 2 m 12.648: f -1.266e-05; support [ 0.       1.60671  2.98274  4.3995   5.86959  7.40281  9.01635 10.74245
 12.64778]; weights [0.01029 0.06331 0.11129 0.15004 0.17258 0.17408 0.1528  0.11078 0.05483]; residual 1.0e-12
  split track d 2 m 12.673: f -1.219e-05; support [ 0.       1.62051  3.00329  4.42302  5.89418  7.42771  9.04133 10.76745
 12.67278]; weights [0.01046 0.06405 0.11193 0.15027 0.17242 0.17366 0.15228 0.11033 0.05458]; residual 1.3e-12
  split track d 2 m 12.698: f -1.142e-05; support [ 0.       1.63366  3.02324  4.44618  5.91861  7.45256  9.0663  10.79244
 12.69778]; weights [0.01061 0.06476 0.11258 0.15053 0.17228 0.17325 0.15177 0.10989 0.05434]; residual 1.0e-12
  split track d 2 m 12.723: f -1.033e-05; support [ 0.       1.64622  3.0426   4.469    5.94288  7.47736  9.09125 10.81742
 12.72278]; weights [0.01076 0.06544 0.11322 0.15079 0.17214 0.17284 0.15126 0.10945 0.0541 ]; residual 1.7e-12
  split track d 2 m 12.748: f -8.882e-06; support [ 0.       1.65824  3.06143  4.49147  5.96698  7.50209  9.11618 10.8424
 12.74778]; weights [0.01089 0.06609 0.11385 0.15107 0.17202 0.17244 0.15076 0.10901 0.05386]; residual 2.3e-12
  split track d 2 m 12.773: f -7.034e-06; support [ 0.       1.66977  3.07974  4.5136   5.99092  7.52675  9.14109 10.86738
 12.77278]; weights [0.01102 0.06672 0.11448 0.15136 0.17192 0.17205 0.15026 0.10857 0.05362]; residual 1.0e-12
  split track d 2 m 12.798: f -4.750e-06; support [ 0.       1.68086  3.09757  4.53541  6.01469  7.55135  9.16598 10.89236
 12.79778]; weights [0.01114 0.06732 0.1151  0.15167 0.17183 0.17167 0.14976 0.10814 0.05338]; residual 2.3e-12
  split track d 2 m 12.823: f -1.989e-06; support [ 0.       1.69154  3.11493  4.55688  6.03829  7.57588  9.19085 10.91733
 12.82278]; weights [0.01126 0.06789 0.1157  0.15198 0.17175 0.1713  0.14927 0.10771 0.05315]; residual 3.6e-12
  split track d 2 m 12.848: f +1.290e-06; support [ 0.       1.70186  3.13186  4.57804  6.06171  7.60033  9.21569 10.94229
 12.84778]; weights [0.01137 0.06844 0.1163  0.15229 0.17168 0.17093 0.14879 0.10728 0.05291]; residual 1.2e-12
  state at root - 0.01: support [ 0.        1.693905  3.118795  4.561689  6.043599  7.581409  9.196463
 10.922967 12.828428]; weights [0.011284 0.068015 0.11584  0.152047 0.17173  0.171215 0.149164 0.107612
 0.053092]; residual 1.6e-12; interior excess +0.00e+00
CHAIN d 2 e8 split: m 12.83842847; support [ 0.        1.69804   3.12558   4.57016   6.052974  7.591193  9.206401
 10.932953 12.838428]; weights [0.011328 0.068236 0.11608  0.152174 0.171703 0.171069 0.14897  0.107441
 0.052998]; residual 1.2e-12
EVENTS [["birth", 9.475237], ["split", 10.13183892], ["birth", 10.86388538], ["split", 11.50397036], ["birth", 12.21277902], ["split", 12.83842847]]
