  split track d 2 m 4.992: f -1.734e-03; support [0.      1.33529 3.08503 4.99162]; weights [0.00249 0.24617 0.42706 0.32428]; residual 2.2e-13
  split track d 2 m 5.017: f -1.970e-03; support [0.      1.37816 3.11225 5.01662]; weights [0.00806 0.24572 0.42448 0.32174]; residual 1.1e-13
  split track d 2 m 5.042: f -2.210e-03; support [0.      1.41836 3.13937 5.04162]; weights [0.01284 0.24597 0.42197 0.31922]; residual 1.1e-15
  split track d 2 m 5.067: f -2.449e-03; support [0.      1.45619 3.16637 5.06662]; weights [0.01699 0.24675 0.41953 0.31673]; residual 3.5e-14
  split track d 2 m 5.092: f -2.685e-03; support [0.      1.4919  3.19323 5.09162]; weights [0.02063 0.24793 0.41718 0.31427]; residual 4.0e-14
  split track d 2 m 5.117: f -2.915e-03; support [0.      1.52569 3.21995 5.11662]; weights [0.02385 0.24942 0.4149  0.31183]; residual 6.2e-15
  split track d 2 m 5.142: f -3.137e-03; support [0.      1.55776 3.24651 5.14162]; weights [0.02672 0.25114 0.41272 0.30942]; residual 2.2e-13
  split track d 2 m 5.167: f -3.348e-03; support [0.      1.58827 3.27292 5.16662]; weights [0.02929 0.25304 0.41062 0.30704]; residual 1.1e-13
  split track d 2 m 5.192: f -3.546e-03; support [0.      1.61736 3.29916 5.19162]; weights [0.03162 0.25508 0.40862 0.30468]; residual 1.1e-13
  split track d 2 m 5.217: f -3.727e-03; support [0.      1.64515 3.32523 5.21662]; weights [0.03373 0.25722 0.4067  0.30236]; residual 1.1e-13
  split track d 2 m 5.242: f -3.889e-03; support [0.      1.67175 3.35111 5.24162]; weights [0.03565 0.25942 0.40487 0.30006]; residual 1.1e-13
  split track d 2 m 5.267: f -4.029e-03; support [0.      1.69726 3.37682 5.26662]; weights [0.03741 0.26166 0.40313 0.29779]; residual 2.2e-13
  split track d 2 m 5.292: f -4.144e-03; support [0.      1.72177 3.40233 5.29162]; weights [0.03903 0.26394 0.40148 0.29556]; residual 1.1e-13
  split track d 2 m 5.317: f -4.232e-03; support [0.      1.74535 3.42766 5.31662]; weights [0.04052 0.26622 0.39991 0.29335]; residual 1.1e-13
  split track d 2 m 5.342: f -4.290e-03; support [0.      1.76808 3.4528  5.34162]; weights [0.0419  0.2685  0.39843 0.29117]; residual 1.1e-13
  split track d 2 m 5.367: f -4.315e-03; support [0.      1.79002 3.47775 5.36662]; weights [0.04319 0.27077 0.39703 0.28902]; residual 1.1e-13
  split track d 2 m 5.392: f -4.305e-03; support [0.      1.81123 3.5025  5.39162]; weights [0.04438 0.27301 0.3957  0.2869 ]; residual 1.1e-13
  split track d 2 m 5.417: f -4.256e-03; support [0.      1.83175 3.52707 5.41662]; weights [0.0455  0.27523 0.39445 0.28481]; residual 2.2e-13
  split track d 2 m 5.442: f -4.167e-03; support [0.      1.85164 3.55144 5.44162]; weights [0.04654 0.27742 0.39328 0.28276]; residual 6.7e-16
  split track d 2 m 5.467: f -4.034e-03; support [0.      1.87094 3.57562 5.46662]; weights [0.04752 0.27957 0.39217 0.28073]; residual 1.1e-13
  split track d 2 m 5.492: f -3.854e-03; support [0.      1.8897  3.59961 5.49162]; weights [0.04845 0.28169 0.39113 0.27873]; residual 1.1e-13
  split track d 2 m 5.517: f -3.626e-03; support [0.      1.90793 3.62341 5.51662]; weights [0.04931 0.28376 0.39016 0.27677]; residual 1.1e-13
  split track d 2 m 5.542: f -3.346e-03; support [0.      1.92569 3.64703 5.54162]; weights [0.05013 0.28579 0.38925 0.27483]; residual 1.1e-13
  split track d 2 m 5.567: f -3.012e-03; support [0.      1.943   3.67046 5.56662]; weights [0.05091 0.28777 0.3884  0.27292]; residual 1.1e-13
  split track d 2 m 5.592: f -2.621e-03; support [0.      1.95988 3.69371 5.59162]; weights [0.05164 0.28971 0.38761 0.27105]; residual 1.1e-13
  split track d 2 m 5.617: f -2.171e-03; support [0.      1.97637 3.71678 5.61662]; weights [0.05233 0.2916  0.38686 0.2692 ]; residual 1.1e-13
  split track d 2 m 5.642: f -1.659e-03; support [0.      1.99249 3.73967 5.64162]; weights [0.05299 0.29345 0.38618 0.26739]; residual 1.1e-13
  split track d 2 m 5.667: f -1.082e-03; support [0.      2.00826 3.7624  5.66662]; weights [0.05362 0.29525 0.38553 0.2656 ]; residual 3.4e-13
  split track d 2 m 5.692: f -4.385e-04; support [0.      2.0237  3.78494 5.69162]; weights [0.05421 0.297   0.38494 0.26385]; residual 1.3e-15
  split track d 2 m 5.717: f +2.747e-04; support [0.      2.03883 3.80733 5.71662]; weights [0.05478 0.29871 0.38439 0.26212]; residual 1.1e-13
  state at root - 0.01: support [0.       2.027154 3.790027 5.697282]; weights [0.054343 0.297391 0.38481  0.263455]; residual 2.2e-16; interior excess +0.00e+00
CHAIN d 2 e3 split: m 5.70728244; support [0.       2.033215 3.798985 5.707282]; weights [0.054571 0.298077 0.384589 0.262764]; residual 1.1e-13
  birth track d 2 m 5.727: f -2.276e-06; support [0.28525 2.0595  3.81971 5.72728]; weights [0.05859 0.29723 0.38294 0.26124]; residual 2.2e-13
  birth track d 2 m 5.752: f -1.133e-05; support [0.4201  2.09222 3.84564 5.75228]; weights [0.06358 0.29619 0.38088 0.25935]; residual 6.7e-16
  birth track d 2 m 5.777: f -2.692e-05; support [0.51464 2.1247  3.87158 5.77728]; weights [0.06852 0.29519 0.37882 0.25748]; residual 2.2e-13
  birth track d 2 m 5.802: f -4.864e-05; support [0.58915 2.15689 3.89751 5.80228]; weights [0.07336 0.29426 0.37676 0.25562]; residual 3.3e-13
  birth track d 2 m 5.827: f -7.601e-05; support [0.65096 2.1887  3.92345 5.82728]; weights [0.07808 0.29342 0.37472 0.25378]; residual 1.1e-13
  birth track d 2 m 5.852: f -1.086e-04; support [0.70381 2.2201  3.94936 5.85228]; weights [0.08267 0.29269 0.3727  0.25195]; residual 2.2e-13
  birth track d 2 m 5.877: f -1.457e-04; support [0.7499  2.25104 3.97526 5.87728]; weights [0.0871  0.29207 0.3707  0.25014]; residual 2.2e-13
  birth track d 2 m 5.902: f -1.869e-04; support [0.7907  2.28148 4.00112 5.90228]; weights [0.09137 0.29157 0.36872 0.24834]; residual 2.2e-13
  birth track d 2 m 5.927: f -2.316e-04; support [0.82722 2.31141 4.02695 5.92728]; weights [0.09547 0.2912  0.36676 0.24657]; residual 1.1e-13
  birth track d 2 m 5.952: f -2.791e-04; support [0.86022 2.34082 4.05273 5.95228]; weights [0.0994  0.29095 0.36484 0.24481]; residual 2.2e-13
  birth track d 2 m 5.977: f -3.287e-04; support [0.89027 2.36968 4.07846 5.97728]; weights [0.10317 0.29082 0.36295 0.24306]; residual 4.4e-13
  birth track d 2 m 6.002: f -3.797e-04; support [0.91782 2.398   4.10414 6.00228]; weights [0.10677 0.2908  0.36109 0.24134]; residual 1.1e-13
  birth track d 2 m 6.027: f -4.313e-04; support [0.94323 2.42577 4.12975 6.02728]; weights [0.11021 0.29089 0.35927 0.23963]; residual 6.7e-13
  birth track d 2 m 6.052: f -4.828e-04; support [0.96678 2.453   4.15529 6.05228]; weights [0.11349 0.29108 0.35749 0.23793]; residual 4.4e-13
  birth track d 2 m 6.077: f -5.333e-04; support [0.98871 2.4797  4.18076 6.07728]; weights [0.11663 0.29136 0.35575 0.23626]; residual 4.4e-13
  birth track d 2 m 6.102: f -5.819e-04; support [1.00923 2.50587 4.20615 6.10228]; weights [0.11962 0.29172 0.35405 0.2346 ]; residual 3.3e-13
  birth track d 2 m 6.127: f -6.279e-04; support [1.02851 2.53153 4.23146 6.12728]; weights [0.12248 0.29216 0.3524  0.23296]; residual 2.2e-13
  birth track d 2 m 6.152: f -6.701e-04; support [1.04667 2.55669 4.25668 6.15228]; weights [0.12521 0.29267 0.35078 0.23134]; residual 3.3e-13
  birth track d 2 m 6.177: f -7.078e-04; support [1.06385 2.58136 4.28181 6.17728]; weights [0.12781 0.29324 0.34921 0.22973]; residual 1.1e-13
  birth track d 2 m 6.202: f -7.398e-04; support [1.08015 2.60556 4.30685 6.20228]; weights [0.1303  0.29387 0.34768 0.22815]; residual 2.2e-13
  birth track d 2 m 6.227: f -7.652e-04; support [1.09565 2.62929 4.3318  6.22728]; weights [0.13268 0.29454 0.3462  0.22658]; residual 1.1e-13
  birth track d 2 m 6.252: f -7.828e-04; support [1.11045 2.65258 4.35664 6.25228]; weights [0.13496 0.29526 0.34476 0.22503]; residual 1.1e-13
  birth track d 2 m 6.277: f -7.916e-04; support [1.1246  2.67545 4.38139 6.27728]; weights [0.13714 0.29601 0.34336 0.2235 ]; residual 2.2e-13
  birth track d 2 m 6.302: f -7.904e-04; support [1.13817 2.69789 4.40603 6.30228]; weights [0.13922 0.29679 0.342   0.22198]; residual 1.1e-13
  birth track d 2 m 6.327: f -7.781e-04; support [1.1512  2.71995 4.43056 6.32728]; weights [0.14122 0.2976  0.34069 0.22048]; residual 3.3e-13
  birth track d 2 m 6.352: f -7.535e-04; support [1.16376 2.74161 4.45499 6.35228]; weights [0.14314 0.29843 0.33942 0.219  ]; residual 1.1e-13
  birth track d 2 m 6.377: f -7.154e-04; support [1.17587 2.76291 4.47932 6.37728]; weights [0.14498 0.29928 0.3382  0.21754]; residual 2.2e-13
  birth track d 2 m 6.402: f -6.624e-04; support [1.18758 2.78385 4.50353 6.40228]; weights [0.14675 0.30014 0.33701 0.2161 ]; residual 1.1e-13
  birth track d 2 m 6.427: f -5.933e-04; support [1.19891 2.80445 4.52764 6.42728]; weights [0.14845 0.30101 0.33586 0.21468]; residual 3.3e-13
  birth track d 2 m 6.452: f -5.069e-04; support [1.20991 2.82473 4.55164 6.45228]; weights [0.15008 0.30189 0.33475 0.21327]; residual 7.8e-13
  birth track d 2 m 6.477: f -4.016e-04; support [1.22059 2.84469 4.57552 6.47728]; weights [0.15166 0.30278 0.33368 0.21188]; residual 4.4e-13
  birth track d 2 m 6.502: f -2.762e-04; support [1.23098 2.86435 4.5993  6.50228]; weights [0.15317 0.30366 0.33265 0.21051]; residual 2.2e-13
  birth track d 2 m 6.527: f -1.291e-04; support [1.24111 2.88372 4.62297 6.52728]; weights [0.15464 0.30455 0.33166 0.20916]; residual 3.3e-13
  birth track d 2 m 6.552: f +4.088e-05; support [1.25098 2.90281 4.64653 6.55228]; weights [0.15605 0.30543 0.3307  0.20782]; residual 2.2e-13
  state at root - 0.01: support [1.244807 2.890848 4.631745 6.536581]; weights [0.155166 0.304878 0.331296 0.208661]; residual 3.3e-13; interior excess +0.00e+00
CHAIN d 2 e4 birth: m 6.54658097; support [1.24875  2.898476 4.641165 6.546581]; weights [0.155728 0.305231 0.330913 0.208127]; residual 1.1e-13
  split track d 2 m 6.557: f -3.221e-04; support [0.      1.26904 2.91017 4.65141 6.55658]; weights [0.00186 0.15562 0.30476 0.3302  0.20756]; residual 3.3e-13
  split track d 2 m 6.582: f -3.803e-04; support [0.      1.31677 2.93927 4.677   6.58158]; weights [0.00591 0.15587 0.30362 0.32844 0.20616]; residual 2.2e-13
  split track d 2 m 6.607: f -4.406e-04; support [0.      1.3607  2.96815 4.70259 6.60658]; weights [0.00929 0.15671 0.30255 0.32668 0.20476]; residual 3.3e-13
  split track d 2 m 6.632: f -5.023e-04; support [0.      1.40133 2.99678 4.72817 6.63158]; weights [0.01215 0.15796 0.30156 0.32495 0.20338]; residual 3.3e-13
  split track d 2 m 6.657: f -5.646e-04; support [0.      1.43907 3.02514 4.75372 6.65658]; weights [0.01461 0.15951 0.30064 0.32323 0.20201]; residual 1.1e-13
  split track d 2 m 6.682: f -6.267e-04; support [0.      1.47427 3.05321 4.77924 6.68158]; weights [0.01675 0.16127 0.2998  0.32153 0.20065]; residual 1.1e-13
  split track d 2 m 6.707: f -6.878e-04; support [0.      1.50721 3.08098 4.80474 6.70658]; weights [0.01863 0.16317 0.29904 0.31986 0.19931]; residual 2.2e-13
  split track d 2 m 6.732: f -7.471e-04; support [0.      1.53814 3.10842 4.8302  6.73158]; weights [0.02029 0.16517 0.29836 0.3182  0.19797]; residual 4.4e-13
  split track d 2 m 6.757: f -8.037e-04; support [0.      1.56727 3.13553 4.85562 6.75658]; weights [0.02177 0.16723 0.29777 0.31658 0.19665]; residual 3.3e-13
  split track d 2 m 6.782: f -8.567e-04; support [0.      1.59479 3.1623  4.881   6.78158]; weights [0.02311 0.16932 0.29725 0.31498 0.19534]; residual 3.3e-13
  split track d 2 m 6.807: f -9.053e-04; support [0.      1.62084 3.18873 4.90632 6.80658]; weights [0.02431 0.17142 0.29681 0.3134  0.19405]; residual 4.4e-13
  split track d 2 m 6.832: f -9.485e-04; support [0.      1.64557 3.21481 4.9316  6.83158]; weights [0.02541 0.17352 0.29645 0.31186 0.19276]; residual 2.2e-13
  split track d 2 m 6.857: f -9.854e-04; support [0.      1.66911 3.24054 4.95682 6.85658]; weights [0.02641 0.1756  0.29615 0.31035 0.19149]; residual 2.2e-13
  split track d 2 m 6.882: f -1.015e-03; support [0.      1.69156 3.26591 4.98198 6.88158]; weights [0.02733 0.17765 0.29592 0.30886 0.19023]; residual 3.3e-13
  split track d 2 m 6.907: f -1.036e-03; support [0.      1.71301 3.29094 5.00708 6.90658]; weights [0.02818 0.17967 0.29576 0.30741 0.18899]; residual 1.1e-13
  split track d 2 m 6.932: f -1.049e-03; support [0.      1.73355 3.31562 5.03211 6.93158]; weights [0.02896 0.18164 0.29566 0.30599 0.18775]; residual 4.4e-13
  split track d 2 m 6.957: f -1.051e-03; support [0.      1.75326 3.33996 5.05708 6.95658]; weights [0.02969 0.18358 0.29561 0.3046  0.18653]; residual 3.3e-13
  split track d 2 m 6.982: f -1.042e-03; support [0.      1.77221 3.36396 5.08197 6.98158]; weights [0.03037 0.18546 0.29561 0.30324 0.18532]; residual 3.3e-13
  split track d 2 m 7.007: f -1.020e-03; support [0.      1.79045 3.38763 5.10679 7.00658]; weights [0.031   0.1873  0.29566 0.30191 0.18413]; residual 3.3e-13
  split track d 2 m 7.032: f -9.858e-04; support [0.      1.80804 3.41097 5.13153 7.03158]; weights [0.03159 0.18909 0.29575 0.30062 0.18295]; residual 2.2e-13
  split track d 2 m 7.057: f -9.369e-04; support [0.      1.82503 3.43399 5.15619 7.05658]; weights [0.03215 0.19083 0.29589 0.29936 0.18178]; residual 2.2e-13
  split track d 2 m 7.082: f -8.728e-04; support [0.      1.84147 3.45669 5.18077 7.08158]; weights [0.03267 0.19252 0.29606 0.29814 0.18062]; residual 2.2e-13
  split track d 2 m 7.107: f -7.922e-04; support [0.      1.85739 3.47909 5.20527 7.10658]; weights [0.03316 0.19416 0.29626 0.29694 0.17948]; residual 3.3e-13
  split track d 2 m 7.132: f -6.942e-04; support [0.      1.87283 3.50118 5.22969 7.13158]; weights [0.03363 0.19575 0.2965  0.29578 0.17834]; residual 2.2e-13
  split track d 2 m 7.157: f -5.776e-04; support [0.      1.88783 3.52299 5.25402 7.15658]; weights [0.03407 0.19729 0.29676 0.29465 0.17723]; residual 4.4e-13
  split track d 2 m 7.182: f -4.414e-04; support [0.      1.90242 3.54451 5.27826 7.18158]; weights [0.03449 0.19879 0.29705 0.29355 0.17612]; residual 2.2e-13
  split track d 2 m 7.207: f -2.845e-04; support [0.      1.91662 3.56575 5.30242 7.20658]; weights [0.03489 0.20024 0.29736 0.29248 0.17503]; residual 4.4e-13
  split track d 2 m 7.232: f -1.057e-04; support [0.      1.93045 3.58672 5.32649 7.23158]; weights [0.03527 0.20165 0.29769 0.29145 0.17395]; residual 2.2e-13
  split track d 2 m 7.257: f +9.593e-05; support [0.      1.94395 3.60743 5.35047 7.25658]; weights [0.03563 0.20302 0.29803 0.29044 0.17288]; residual 2.2e-13
  state at root - 0.01: support [0.       1.932347 3.589608 5.329821 7.235051]; weights [0.035317 0.201843 0.297733 0.291306 0.173801]; residual 2.2e-13; interior excess +9.86e-14
CHAIN d 2 e5 split: m 7.24505067; support [0.       1.937768 3.597907 5.339418 7.245051]; weights [0.035462 0.202392 0.297871 0.290902 0.173373]; residual 3.3e-13
  birth track d 2 m 7.265: f -6.089e-07; support [0.29697 1.96647 3.61944 5.35962 7.26505]; weights [0.03864 0.20208 0.29706 0.28973 0.17249]; residual 2.2e-13
  birth track d 2 m 7.290: f -3.040e-06; support [0.43543 2.0021  3.64638 5.38487 7.29005]; weights [0.04259 0.20171 0.29604 0.28827 0.17139]; residual 2.2e-13
  birth track d 2 m 7.315: f -7.242e-06; support [0.53116 2.03733 3.67333 5.41014 7.31505]; weights [0.04649 0.20138 0.29502 0.28681 0.1703 ]; residual 3.3e-13
  birth track d 2 m 7.340: f -1.312e-05; support [0.60559 2.07203 3.70027 5.43541 7.34005]; weights [0.05028 0.20114 0.294   0.28536 0.16922]; residual 2.2e-13
  birth track d 2 m 7.365: f -2.054e-05; support [0.66654 2.10613 3.72717 5.46069 7.36505]; weights [0.05395 0.201   0.29299 0.28391 0.16814]; residual 2.2e-13
  birth track d 2 m 7.390: f -2.940e-05; support [0.718   2.13953 3.75403 5.48597 7.39005]; weights [0.05748 0.20097 0.292   0.28247 0.16708]; residual 2.2e-13
  birth track d 2 m 7.415: f -3.954e-05; support [0.76237 2.1722  3.78081 5.51124 7.41505]; weights [0.06086 0.20105 0.29102 0.28104 0.16602]; residual 1.1e-13
  birth track d 2 m 7.440: f -5.081e-05; support [0.80121 2.20409 3.80752 5.53651 7.44005]; weights [0.06408 0.20126 0.29007 0.27962 0.16497]; residual 3.3e-13
  birth track d 2 m 7.465: f -6.303e-05; support [0.83562 2.23518 3.83413 5.56178 7.46505]; weights [0.06714 0.20157 0.28914 0.27821 0.16393]; residual 2.2e-13
  birth track d 2 m 7.490: f -7.603e-05; support [0.86642 2.26546 3.86063 5.58703 7.49005]; weights [0.07005 0.20199 0.28825 0.27681 0.1629 ]; residual 3.3e-13
  birth track d 2 m 7.515: f -8.960e-05; support [0.89422 2.29494 3.88701 5.61227 7.51505]; weights [0.0728  0.20251 0.28738 0.27543 0.16188]; residual 3.3e-13
  birth track d 2 m 7.540: f -1.035e-04; support [0.9195  2.32362 3.91325 5.63749 7.54005]; weights [0.07541 0.20312 0.28655 0.27405 0.16087]; residual 3.3e-13
  birth track d 2 m 7.565: f -1.176e-04; support [0.94265 2.35151 3.93935 5.6627  7.56505]; weights [0.07787 0.20381 0.28576 0.2727  0.15986]; residual 1.2e-13
  birth track d 2 m 7.590: f -1.316e-04; support [0.96395 2.37864 3.96529 5.68789 7.59005]; weights [0.08021 0.20457 0.28501 0.27135 0.15886]; residual 2.2e-13
  birth track d 2 m 7.615: f -1.451e-04; support [0.98368 2.40503 3.99107 5.71305 7.61505]; weights [0.08242 0.20539 0.28429 0.27002 0.15788]; residual 5.6e-13
  birth track d 2 m 7.640: f -1.581e-04; support [1.00203 2.43071 4.01667 5.73818 7.64005]; weights [0.08451 0.20627 0.28362 0.26871 0.1569 ]; residual 2.2e-13
  birth track d 2 m 7.665: f -1.701e-04; support [1.01917 2.45569 4.0421  5.76329 7.66505]; weights [0.08649 0.20719 0.28298 0.26742 0.15592]; residual 3.3e-13
  birth track d 2 m 7.690: f -1.809e-04; support [1.03525 2.48    4.06735 5.78836 7.69005]; weights [0.08837 0.20815 0.28238 0.26614 0.15496]; residual 5.6e-13
  birth track d 2 m 7.715: f -1.902e-04; support [1.0504  2.50368 4.0924  5.8134  7.71505]; weights [0.09016 0.20913 0.28183 0.26488 0.15401]; residual 5.6e-13
  birth track d 2 m 7.740: f -1.976e-04; support [1.06471 2.52676 4.11727 5.83841 7.74005]; weights [0.09185 0.21014 0.28131 0.26364 0.15306]; residual 6.7e-13
  birth track d 2 m 7.765: f -2.027e-04; support [1.07828 2.54925 4.14194 5.86338 7.76505]; weights [0.09346 0.21117 0.28082 0.26241 0.15213]; residual 3.3e-13
  birth track d 2 m 7.790: f -2.053e-04; support [1.09118 2.57118 4.16641 5.88831 7.79005]; weights [0.095   0.21221 0.28038 0.26121 0.1512 ]; residual 4.4e-13
  birth track d 2 m 7.815: f -2.049e-04; support [1.10349 2.59258 4.19068 5.91319 7.81505]; weights [0.09646 0.21326 0.27997 0.26003 0.15028]; residual 7.8e-13
  birth track d 2 m 7.840: f -2.012e-04; support [1.11526 2.61348 4.21475 5.93803 7.84005]; weights [0.09786 0.21432 0.2796  0.25886 0.14937]; residual 1.0e-12
  birth track d 2 m 7.865: f -1.937e-04; support [1.12653 2.63391 4.23862 5.96283 7.86505]; weights [0.09919 0.21537 0.27925 0.25772 0.14846]; residual 4.4e-13
  birth track d 2 m 7.890: f -1.821e-04; support [1.13737 2.65387 4.26229 5.98758 7.89005]; weights [0.10046 0.21642 0.27895 0.2566  0.14757]; residual 3.3e-13
  birth track d 2 m 7.915: f -1.658e-04; support [1.1478  2.6734  4.28576 6.01228 7.91505]; weights [0.10168 0.21747 0.27867 0.25549 0.14668]; residual 5.6e-13
  birth track d 2 m 7.940: f -1.445e-04; support [1.15786 2.69251 4.30903 6.03693 7.94005]; weights [0.10285 0.21851 0.27842 0.25441 0.14581]; residual 5.6e-13
  birth track d 2 m 7.965: f -1.176e-04; support [1.16759 2.71123 4.3321  6.06152 7.96505]; weights [0.10397 0.21954 0.27819 0.25335 0.14494]; residual 3.3e-13
  birth track d 2 m 7.990: f -8.474e-05; support [1.17701 2.72958 4.35497 6.08607 7.99005]; weights [0.10505 0.22056 0.278   0.25231 0.14408]; residual 4.4e-13
  birth track d 2 m 8.015: f -4.535e-05; support [1.18614 2.74757 4.37765 6.11056 8.01505]; weights [0.10608 0.22157 0.27783 0.25129 0.14323]; residual 1.2e-12
  birth track d 2 m 8.040: f +1.066e-06; support [1.19501 2.76522 4.40014 6.13499 8.04005]; weights [0.10707 0.22257 0.27768 0.25029 0.14239]; residual 1.2e-12
  state at root - 0.01: support [1.191303 2.757824 4.390688 6.124703 8.029518]; weights [0.106661 0.22215  0.277741 0.250708 0.14274 ]; residual 6.7e-13; interior excess +0.00e+00
CHAIN d 2 e6 birth: m 8.03951814; support [1.194823 2.764848 4.39966  6.13447  8.039518]; weights [0.107054 0.222547 0.277684 0.250311 0.142404]; residual 5.6e-13
  split track d 2 m 8.050: f -7.533e-05; support [0.      1.21705 2.77723 4.41017 6.14454 8.04952]; weights [0.00146 0.10705 0.22234 0.27728 0.24981 0.14206]; residual 5.6e-13
  split track d 2 m 8.075: f -9.189e-05; support [0.      1.26871 2.80799 4.43643 6.16973 8.07452]; weights [0.00457 0.10752 0.22186 0.27627 0.24858 0.14121]; residual 3.3e-13
  split track d 2 m 8.100: f -1.094e-04; support [0.      1.31548 2.8384  4.46267 6.19492 8.09952]; weights [0.0071  0.10848 0.22144 0.27527 0.24734 0.14036]; residual 3.3e-13
  split track d 2 m 8.125: f -1.276e-04; support [0.      1.35811 2.86844 4.48887 6.2201  8.12452]; weights [0.0092  0.10978 0.22109 0.27429 0.24612 0.13952]; residual 6.7e-13
  split track d 2 m 8.150: f -1.463e-04; support [0.      1.39718 2.89805 4.51501 6.24528 8.14952]; weights [0.01097 0.1113  0.22082 0.27332 0.2449  0.13868]; residual 5.6e-13
  split track d 2 m 8.175: f -1.652e-04; support [0.      1.43315 2.92722 4.5411  6.27046 8.17452]; weights [0.01249 0.11296 0.22063 0.27237 0.24369 0.13785]; residual 1.4e-12
  split track d 2 m 8.200: f -1.841e-04; support [0.      1.46643 2.95593 4.56712 6.29563 8.19952]; weights [0.01381 0.11472 0.22051 0.27144 0.2425  0.13703]; residual 4.4e-13
  split track d 2 m 8.225: f -2.026e-04; support [0.      1.49734 2.98415 4.59306 6.32079 8.22452]; weights [0.01496 0.11652 0.22047 0.27053 0.24131 0.13621]; residual 5.6e-13
  split track d 2 m 8.250: f -2.205e-04; support [0.      1.52617 3.01187 4.61891 6.34594 8.24952]; weights [0.01599 0.11834 0.2205  0.26964 0.24013 0.13541]; residual 5.6e-13
  split track d 2 m 8.275: f -2.375e-04; support [0.      1.55314 3.0391  4.64467 6.37108 8.27452]; weights [0.0169  0.12016 0.2206  0.26878 0.23896 0.1346 ]; residual 2.2e-13
  split track d 2 m 8.300: f -2.532e-04; support [0.      1.57846 3.06582 4.67031 6.3962  8.29952]; weights [0.01772 0.12196 0.22077 0.26794 0.2378  0.13381]; residual 6.7e-13
  split track d 2 m 8.325: f -2.674e-04; support [0.      1.60231 3.09203 4.69585 6.42131 8.32452]; weights [0.01846 0.12374 0.22099 0.26714 0.23666 0.13302]; residual 5.6e-13
  split track d 2 m 8.350: f -2.797e-04; support [0.      1.62483 3.11775 4.72127 6.44639 8.34952]; weights [0.01913 0.12548 0.22127 0.26636 0.23552 0.13223]; residual 8.9e-13
  split track d 2 m 8.375: f -2.897e-04; support [0.      1.64617 3.14298 4.74656 6.47146 8.37452]; weights [0.01975 0.12717 0.2216  0.26561 0.2344  0.13146]; residual 7.8e-13
  split track d 2 m 8.400: f -2.971e-04; support [0.      1.66643 3.16772 4.77172 6.4965  8.39952]; weights [0.02032 0.12883 0.22198 0.26489 0.2333  0.13069]; residual 6.7e-13
  split track d 2 m 8.425: f -3.016e-04; support [0.      1.68571 3.19198 4.79674 6.52152 8.42452]; weights [0.02084 0.13043 0.2224  0.26421 0.2322  0.12992]; residual 3.3e-13
  split track d 2 m 8.450: f -3.027e-04; support [0.      1.70412 3.21577 4.82162 6.54651 8.44952]; weights [0.02132 0.13199 0.22286 0.26355 0.23112 0.12916]; residual 1.0e-12
  split track d 2 m 8.475: f -3.000e-04; support [0.      1.72171 3.23912 4.84636 6.57147 8.47452]; weights [0.02177 0.13349 0.22335 0.26292 0.23006 0.12841]; residual 1.2e-12
  split track d 2 m 8.500: f -2.933e-04; support [0.      1.73858 3.26201 4.87095 6.5964  8.49952]; weights [0.02219 0.13495 0.22386 0.26232 0.22901 0.12767]; residual 3.3e-13
  split track d 2 m 8.525: f -2.819e-04; support [0.      1.75477 3.28448 4.89538 6.6213  8.52452]; weights [0.02258 0.13636 0.2244  0.26175 0.22797 0.12693]; residual 5.6e-13
  split track d 2 m 8.550: f -2.656e-04; support [0.      1.77035 3.30654 4.91966 6.64617 8.54952]; weights [0.02295 0.13772 0.22497 0.26121 0.22695 0.1262 ]; residual 3.1e-13
  split track d 2 m 8.575: f -2.440e-04; support [0.      1.78536 3.32819 4.94379 6.671   8.57452]; weights [0.0233  0.13904 0.22555 0.2607  0.22594 0.12547]; residual 6.7e-13
  split track d 2 m 8.600: f -2.164e-04; support [0.      1.79985 3.34945 4.96775 6.69579 8.59952]; weights [0.02362 0.14031 0.22614 0.26022 0.22495 0.12475]; residual 6.7e-13
  split track d 2 m 8.625: f -1.827e-04; support [0.      1.81386 3.37033 4.99156 6.72055 8.62452]; weights [0.02393 0.14154 0.22675 0.25976 0.22398 0.12404]; residual 2.2e-13
  split track d 2 m 8.650: f -1.422e-04; support [0.      1.82742 3.39084 5.01521 6.74527 8.64952]; weights [0.02422 0.14273 0.22737 0.25933 0.22302 0.12333]; residual 3.3e-13
  split track d 2 m 8.675: f -9.446e-05; support [0.      1.84058 3.41101 5.03869 6.76994 8.67452]; weights [0.0245  0.14387 0.22799 0.25892 0.22208 0.12263]; residual 1.3e-12
  split track d 2 m 8.700: f -3.912e-05; support [0.      1.85335 3.43084 5.06201 6.79458 8.69952]; weights [0.02476 0.14498 0.22862 0.25854 0.22115 0.12194]; residual 4.4e-13
  split track d 2 m 8.725: f +2.436e-05; support [0.      1.86576 3.45034 5.08517 6.81917 8.72452]; weights [0.02501 0.14605 0.22926 0.25819 0.22024 0.12125]; residual 6.7e-13
  state at root - 0.01: support [0.       1.856254 3.435385 5.067392 6.800276 8.70531 ]; weights [0.024821 0.145231 0.228769 0.258459 0.220938 0.121782]; residual 3.3e-13; interior excess +8.88e-16
CHAIN d 2 e7 split: m 8.71530960; support [0.       1.86123  3.443194 5.076661 6.810113 8.71531 ]; weights [0.024921 0.14566  0.229022 0.258316 0.220573 0.121507]; residual 7.8e-13
  birth track d 2 m 8.735: f -1.856e-07; support [0.30553 1.89207 3.46553 5.09715 6.83017 8.73531]; weights [0.02752 0.14556 0.22864 0.2576  0.21973 0.12095]; residual 1.3e-12
  birth track d 2 m 8.760: f +5.763e-06; support [0.30611 1.9042  3.48483 5.1202  6.85473 8.76031]; weights [0.02776 0.14661 0.22927 0.25725 0.21884 0.12027]; residual 1.2e-05
