  split track d 4 m 7.346: f -4.382e-03; support [0.      1.9909  3.67645 5.4367  7.34592]; weights [1.0000e-04 4.5440e-02 2.1088e-01 3.9412e-01 3.4945e-01]; residual 4.4e-13
  split track d 4 m 7.371: f -4.663e-03; support [0.      2.02644 3.70355 5.46199 7.37092]; weights [3.4000e-04 4.6760e-02 2.1197e-01 3.9338e-01 3.4755e-01]; residual 2.2e-13
  split track d 4 m 7.396: f -4.928e-03; support [0.      2.06035 3.73049 5.48727 7.39592]; weights [0.00055 0.04809 0.21305 0.39264 0.34567]; residual 4.4e-13
  split track d 4 m 7.421: f -5.171e-03; support [0.      2.09275 3.75727 5.51254 7.42092]; weights [0.00075 0.04942 0.21414 0.3919  0.34379]; residual 4.4e-13
  split track d 4 m 7.446: f -5.391e-03; support [0.      2.12377 3.78387 5.53779 7.44592]; weights [0.00093 0.05075 0.21523 0.39115 0.34193]; residual 4.4e-13
  split track d 4 m 7.471: f -5.582e-03; support [0.      2.15352 3.81028 5.56301 7.47092]; weights [0.0011  0.05208 0.21632 0.39041 0.34009]; residual 2.2e-13
  split track d 4 m 7.496: f -5.742e-03; support [0.      2.18209 3.83651 5.58822 7.49592]; weights [0.00126 0.0534  0.21742 0.38967 0.33825]; residual 4.4e-13
  split track d 4 m 7.521: f -5.868e-03; support [0.      2.20958 3.86254 5.61339 7.52092]; weights [0.00141 0.05471 0.21853 0.38893 0.33643]; residual 4.4e-13
  split track d 4 m 7.546: f -5.954e-03; support [0.      2.23607 3.88838 5.63854 7.54592]; weights [0.00155 0.05601 0.21963 0.38819 0.33462]; residual 4.4e-13
  split track d 4 m 7.571: f -5.998e-03; support [0.      2.26162 3.914   5.66367 7.57092]; weights [0.00168 0.05729 0.22074 0.38746 0.33283]; residual 4.4e-13
  split track d 4 m 7.596: f -5.996e-03; support [0.      2.28632 3.93943 5.68876 7.59592]; weights [0.0018  0.05856 0.22186 0.38674 0.33104]; residual 2.2e-13
  split track d 4 m 7.621: f -5.944e-03; support [0.      2.31021 3.96464 5.71382 7.62092]; weights [0.00191 0.05981 0.22298 0.38602 0.32927]; residual 4.4e-13
  split track d 4 m 7.646: f -5.839e-03; support [0.      2.33335 3.98965 5.73884 7.64592]; weights [0.00202 0.06104 0.22411 0.38531 0.32752]; residual 6.7e-13
  split track d 4 m 7.671: f -5.677e-03; support [0.      2.3558  4.01445 5.76382 7.67092]; weights [0.00213 0.06226 0.22523 0.38461 0.32577]; residual 4.4e-13
  split track d 4 m 7.696: f -5.455e-03; support [0.      2.37759 4.03903 5.78877 7.69592]; weights [0.00222 0.06346 0.22636 0.38391 0.32404]; residual 2.2e-13
  split track d 4 m 7.721: f -5.168e-03; support [0.      2.39878 4.06341 5.81368 7.72092]; weights [0.00232 0.06464 0.22749 0.38323 0.32233]; residual 8.9e-13
  split track d 4 m 7.746: f -4.813e-03; support [0.      2.41941 4.08758 5.83855 7.74592]; weights [0.00241 0.06579 0.22863 0.38255 0.32062]; residual 2.2e-13
  split track d 4 m 7.771: f -4.386e-03; support [0.      2.4395  4.11155 5.86337 7.77092]; weights [0.00249 0.06693 0.22976 0.38188 0.31893]; residual 4.4e-13
  split track d 4 m 7.796: f -3.885e-03; support [0.      2.4591  4.13531 5.88815 7.79592]; weights [0.00257 0.06805 0.23089 0.38122 0.31726]; residual 6.7e-13
  split track d 4 m 7.821: f -3.304e-03; support [0.      2.47823 4.15887 5.91289 7.82092]; weights [0.00265 0.06915 0.23202 0.38058 0.3156 ]; residual 2.2e-13
  split track d 4 m 7.846: f -2.642e-03; support [0.      2.49692 4.18223 5.93758 7.84592]; weights [0.00273 0.07023 0.23315 0.37994 0.31395]; residual 4.4e-13
  split track d 4 m 7.871: f -1.893e-03; support [0.      2.5152  4.20539 5.96222 7.87092]; weights [0.0028  0.07129 0.23428 0.37932 0.31231]; residual 4.4e-13
  split track d 4 m 7.896: f -1.055e-03; support [0.      2.5331  4.22836 5.98682 7.89592]; weights [0.00287 0.07233 0.23541 0.3787  0.31069]; residual 6.7e-13
  split track d 4 m 7.921: f -1.240e-04; support [0.      2.55063 4.25114 6.01136 7.92092]; weights [0.00294 0.07335 0.23653 0.3781  0.30908]; residual 6.7e-13
  split track d 4 m 7.946: f +9.033e-04; support [0.      2.56782 4.27373 6.03586 7.94592]; weights [0.003   0.07435 0.23765 0.37751 0.30749]; residual 2.2e-13
  state at root - 0.01: support [0.       2.545857 4.244912 6.004638 7.914068]; weights [0.002918 0.073069 0.236224 0.378265 0.309524]; residual 6.7e-13; interior excess +1.91e-13
CHAIN d 4 e3 split: m 7.92406834; support [0.       2.55281  4.253991 6.014448 7.924068]; weights [0.002944 0.073474 0.236672 0.378027 0.308883]; residual 8.9e-13
  birth track d 4 m 7.944: f -9.812e-06; support [0.3972  2.57623 4.27453 6.03449 7.94407]; weights [0.00328 0.07444 0.23732 0.37737 0.30758]; residual 4.4e-13
  birth track d 4 m 7.969: f -4.904e-05; support [0.58789 2.6057  4.30024 6.05956 7.96907]; weights [0.00374 0.07565 0.2381  0.37655 0.30597]; residual 4.4e-13
  birth track d 4 m 7.994: f -1.170e-04; support [0.72359 2.63533 4.326   6.08463 7.99407]; weights [0.00422 0.07684 0.23887 0.37571 0.30436]; residual 4.4e-13
  birth track d 4 m 8.019: f -2.123e-04; support [0.83201 2.66506 4.3518  6.10971 8.01907]; weights [0.00473 0.07803 0.23961 0.37487 0.30276]; residual 2.2e-13
  birth track d 4 m 8.044: f -3.333e-04; support [0.92309 2.69483 4.37762 6.1348  8.04407]; weights [0.00526 0.07921 0.24034 0.37402 0.30117]; residual 4.4e-13
  birth track d 4 m 8.069: f -4.781e-04; support [1.00187 2.72461 4.40346 6.1599  8.06907]; weights [0.00582 0.08038 0.24105 0.37316 0.2996 ]; residual 6.7e-13
  birth track d 4 m 8.094: f -6.450e-04; support [1.07129 2.75434 4.42932 6.18499 8.09407]; weights [0.00639 0.08155 0.24174 0.37229 0.29803]; residual 4.4e-13
  birth track d 4 m 8.119: f -8.317e-04; support [1.13331 2.78398 4.45519 6.2101  8.11907]; weights [0.00698 0.08272 0.24241 0.37142 0.29647]; residual 4.4e-13
  birth track d 4 m 8.144: f -1.036e-03; support [1.18929 2.81348 4.48106 6.2352  8.14407]; weights [0.00758 0.08388 0.24307 0.37055 0.29492]; residual 4.4e-13
  birth track d 4 m 8.169: f -1.255e-03; support [1.24024 2.84282 4.50692 6.26031 8.16907]; weights [0.00818 0.08505 0.24372 0.36967 0.29338]; residual 4.4e-13
  birth track d 4 m 8.194: f -1.487e-03; support [1.28693 2.87195 4.53277 6.28542 8.19407]; weights [0.0088  0.08621 0.24435 0.36878 0.29185]; residual 8.9e-13
  birth track d 4 m 8.219: f -1.729e-03; support [1.32997 2.90085 4.55861 6.31053 8.21907]; weights [0.00942 0.08738 0.24498 0.36789 0.29033]; residual 4.4e-13
  birth track d 4 m 8.244: f -1.978e-03; support [1.36984 2.92949 4.58441 6.33564 8.24407]; weights [0.01004 0.08855 0.24559 0.367   0.28882]; residual 8.9e-13
  birth track d 4 m 8.269: f -2.230e-03; support [1.40695 2.95785 4.61019 6.36074 8.26907]; weights [0.01066 0.08972 0.2462  0.36611 0.28732]; residual 6.7e-13
  birth track d 4 m 8.294: f -2.484e-03; support [1.44163 2.98593 4.63593 6.38585 8.29407]; weights [0.01127 0.09089 0.2468  0.36521 0.28583]; residual 4.4e-13
  birth track d 4 m 8.319: f -2.734e-03; support [1.47416 3.01369 4.66163 6.41094 8.31907]; weights [0.01189 0.09207 0.24739 0.36431 0.28435]; residual 6.7e-13
  birth track d 4 m 8.344: f -2.979e-03; support [1.50478 3.04114 4.68728 6.43604 8.34407]; weights [0.01249 0.09325 0.24797 0.36341 0.28287]; residual 8.9e-13
  birth track d 4 m 8.369: f -3.213e-03; support [1.5337  3.06826 4.71288 6.46113 8.36907]; weights [0.0131  0.09443 0.24855 0.36251 0.28141]; residual 8.9e-13
  birth track d 4 m 8.394: f -3.435e-03; support [1.5611  3.09505 4.73842 6.48621 8.39407]; weights [0.01369 0.09561 0.24913 0.36161 0.27996]; residual 4.4e-13
  birth track d 4 m 8.419: f -3.638e-03; support [1.58712 3.12151 4.7639  6.51128 8.41907]; weights [0.01428 0.09679 0.2497  0.36071 0.27851]; residual 2.2e-13
  birth track d 4 m 8.444: f -3.820e-03; support [1.61191 3.14763 4.78931 6.53634 8.44407]; weights [0.01486 0.09798 0.25027 0.35982 0.27708]; residual 8.9e-13
  birth track d 4 m 8.469: f -3.976e-03; support [1.63557 3.17342 4.81466 6.5614  8.46907]; weights [0.01543 0.09916 0.25083 0.35892 0.27565]; residual 6.7e-13
  birth track d 4 m 8.494: f -4.103e-03; support [1.65823 3.19888 4.83993 6.58644 8.49407]; weights [0.01599 0.10035 0.2514  0.35803 0.27424]; residual 4.4e-13
  birth track d 4 m 8.519: f -4.194e-03; support [1.67996 3.224   4.86513 6.61147 8.51907]; weights [0.01654 0.10153 0.25196 0.35713 0.27283]; residual 2.2e-13
  birth track d 4 m 8.544: f -4.247e-03; support [1.70085 3.24881 4.89025 6.63649 8.54407]; weights [0.01708 0.10271 0.25253 0.35625 0.27144]; residual 2.2e-13
  birth track d 4 m 8.569: f -4.255e-03; support [1.72098 3.27329 4.91528 6.66149 8.56907]; weights [0.01762 0.10389 0.25309 0.35536 0.27005]; residual 8.9e-13
  birth track d 4 m 8.594: f -4.215e-03; support [1.7404  3.29746 4.94023 6.68648 8.59407]; weights [0.01814 0.10506 0.25365 0.35448 0.26867]; residual 6.7e-13
  birth track d 4 m 8.619: f -4.121e-03; support [1.75918 3.32132 4.9651  6.71145 8.61907]; weights [0.01866 0.10623 0.25421 0.3536  0.2673 ]; residual 8.9e-13
  birth track d 4 m 8.644: f -3.968e-03; support [1.77738 3.34489 4.98988 6.73641 8.64407]; weights [0.01917 0.1074  0.25477 0.35272 0.26594]; residual 4.4e-13
  birth track d 4 m 8.669: f -3.751e-03; support [1.79503 3.36816 5.01456 6.76135 8.66907]; weights [0.01967 0.10856 0.25533 0.35185 0.26459]; residual 4.4e-13
  birth track d 4 m 8.694: f -3.465e-03; support [1.81218 3.39114 5.03916 6.78628 8.69407]; weights [0.02016 0.10971 0.25589 0.35099 0.26325]; residual 6.7e-13
  birth track d 4 m 8.719: f -3.104e-03; support [1.82888 3.41385 5.06366 6.81118 8.71907]; weights [0.02064 0.11086 0.25645 0.35013 0.26192]; residual 4.4e-13
  birth track d 4 m 8.744: f -2.663e-03; support [1.84515 3.4363  5.08807 6.83607 8.74407]; weights [0.02111 0.112   0.25701 0.34928 0.2606 ]; residual 8.9e-13
  birth track d 4 m 8.769: f -2.136e-03; support [1.86103 3.45848 5.11239 6.86093 8.76907]; weights [0.02158 0.11313 0.25758 0.34843 0.25929]; residual 6.7e-13
  birth track d 4 m 8.794: f -1.516e-03; support [1.87655 3.48041 5.13661 6.88578 8.79407]; weights [0.02204 0.11425 0.25814 0.34758 0.25798]; residual 4.4e-13
  birth track d 4 m 8.819: f -7.996e-04; support [1.89173 3.50209 5.16073 6.9106  8.81907]; weights [0.02249 0.11537 0.2587  0.34675 0.25669]; residual 8.9e-13
  birth track d 4 m 8.844: f +2.072e-05; support [1.9066  3.52354 5.18476 6.9354  8.84407]; weights [0.02294 0.11648 0.25926 0.34592 0.25541]; residual 4.4e-13
  state at root - 0.01: support [1.900334 3.514481 5.174592 6.924896 8.833475]; weights [0.022749 0.11601  0.259023 0.346269 0.255948]; residual 4.4e-13; interior excess +0.00e+00
CHAIN d 4 e4 birth: m 8.84347480; support [1.906249 3.523035 5.184193 6.934814 8.843475]; weights [0.022926 0.116453 0.259248 0.345938 0.255435]; residual 2.7e-13
  split track d 4 m 8.853: f -1.502e-03; support [0.      1.92195 3.53433 5.19449 6.94485 8.85347]; weights [6.0000e-05 2.3250e-02 1.1685e-01 2.5936e-01 3.4556e-01 2.5492e-01]; residual 8.9e-13
  split track d 4 m 8.878: f -1.626e-03; support [0.      1.95963 3.56242 5.2202  6.96995 8.87847]; weights [1.9000e-04 2.4070e-02 1.1786e-01 2.5965e-01 3.4460e-01 2.5363e-01]; residual 6.7e-13
  split track d 4 m 8.903: f -1.744e-03; support [0.      1.99522 3.59027 5.24588 6.99505 8.90347]; weights [3.0000e-04 2.4890e-02 1.1887e-01 2.5993e-01 3.4365e-01 2.5235e-01]; residual 6.8e-13
  split track d 4 m 8.928: f -1.856e-03; support [0.      2.02892 3.61787 5.27153 7.02014 8.92847]; weights [0.00041 0.02572 0.11989 0.2602  0.3427  0.25108]; residual 3.0e-13
  split track d 4 m 8.953: f -1.960e-03; support [0.      2.06092 3.64521 5.29713 7.04523 8.95347]; weights [0.00051 0.02654 0.1209  0.26047 0.34175 0.24982]; residual 6.7e-13
  split track d 4 m 8.978: f -2.054e-03; support [0.      2.09135 3.67228 5.3227  7.07032 8.97847]; weights [0.0006  0.02737 0.12193 0.26074 0.3408  0.24856]; residual 6.7e-13
  split track d 4 m 9.003: f -2.136e-03; support [0.      2.12035 3.69906 5.34821 7.09539 9.00347]; weights [0.00068 0.02818 0.12296 0.26101 0.33985 0.24731]; residual 4.4e-13
  split track d 4 m 9.028: f -2.204e-03; support [0.      2.14806 3.72555 5.37366 7.12046 9.02847]; weights [0.00076 0.02899 0.12399 0.26128 0.33891 0.24607]; residual 8.9e-13
  split track d 4 m 9.053: f -2.257e-03; support [0.      2.17457 3.75175 5.39906 7.14553 9.05347]; weights [0.00084 0.02978 0.12502 0.26155 0.33796 0.24484]; residual 8.9e-13
  split track d 4 m 9.078: f -2.293e-03; support [0.      2.19998 3.77765 5.4244  7.17058 9.07847]; weights [0.0009  0.03057 0.12606 0.26182 0.33702 0.24362]; residual 8.9e-13
  split track d 4 m 9.103: f -2.309e-03; support [0.      2.22438 3.80326 5.44967 7.19562 9.10347]; weights [0.00097 0.03135 0.12711 0.26209 0.33609 0.2424 ]; residual 6.7e-13
  split track d 4 m 9.128: f -2.305e-03; support [0.      2.24786 3.82856 5.47487 7.22065 9.12847]; weights [0.00103 0.03211 0.12815 0.26236 0.33516 0.2412 ]; residual 4.4e-13
  split track d 4 m 9.153: f -2.277e-03; support [0.      2.27047 3.85356 5.49999 7.24567 9.15347]; weights [0.00108 0.03286 0.12919 0.26263 0.33423 0.24   ]; residual 4.4e-13
  split track d 4 m 9.178: f -2.224e-03; support [0.      2.29229 3.87826 5.52504 7.27068 9.17847]; weights [0.00114 0.0336  0.13024 0.26291 0.33331 0.23881]; residual 2.2e-13
  split track d 4 m 9.203: f -2.145e-03; support [0.      2.31338 3.90266 5.55    7.29567 9.20347]; weights [0.00119 0.03432 0.13128 0.26319 0.33239 0.23762]; residual 8.9e-13
  split track d 4 m 9.228: f -2.036e-03; support [0.      2.33379 3.92677 5.57489 7.32064 9.22847]; weights [0.00124 0.03504 0.13233 0.26347 0.33148 0.23645]; residual 8.9e-13
  split track d 4 m 9.253: f -1.897e-03; support [0.      2.35356 3.9506  5.59969 7.3456  9.25347]; weights [0.00128 0.03573 0.13337 0.26376 0.33057 0.23528]; residual 6.7e-13
  split track d 4 m 9.278: f -1.724e-03; support [0.      2.37275 3.97413 5.6244  7.37055 9.27847]; weights [0.00133 0.03642 0.13441 0.26405 0.32968 0.23412]; residual 6.7e-13
  split track d 4 m 9.303: f -1.516e-03; support [0.      2.39138 3.99739 5.64902 7.39547 9.30347]; weights [0.00137 0.03709 0.13545 0.26435 0.32878 0.23297]; residual 4.4e-13
  split track d 4 m 9.328: f -1.270e-03; support [0.      2.40951 4.02037 5.67355 7.42038 9.32847]; weights [0.00141 0.03774 0.13648 0.26465 0.3279  0.23182]; residual 1.1e-12
  split track d 4 m 9.353: f -9.853e-04; support [0.      2.42716 4.04308 5.69799 7.44527 9.35347]; weights [0.00145 0.03839 0.13751 0.26495 0.32702 0.23069]; residual 4.4e-13
  split track d 4 m 9.378: f -6.589e-04; support [0.      2.44437 4.06553 5.72233 7.47014 9.37847]; weights [0.00148 0.03902 0.13853 0.26526 0.32614 0.22956]; residual 1.1e-12
  split track d 4 m 9.403: f -2.887e-04; support [0.      2.46116 4.08772 5.74658 7.49498 9.40347]; weights [0.00152 0.03964 0.13955 0.26557 0.32528 0.22844]; residual 4.4e-13
  split track d 4 m 9.428: f +1.272e-04; support [0.      2.47757 4.10966 5.77073 7.51981 9.42847]; weights [0.00155 0.04024 0.14056 0.26589 0.32442 0.22733]; residual 6.7e-13
  state at root - 0.01: support [0.       2.466222 4.094458 5.753973 7.502579 9.411121]; weights [0.00153  0.039822 0.139861 0.26567  0.325018 0.228099]; residual 6.7e-13; interior excess +0.00e+00
CHAIN d 4 e5 split: m 9.42112112; support [0.       2.472781 4.103232 5.763632 7.512509 9.421121]; weights [0.001543 0.040065 0.140266 0.265797 0.324675 0.227654]; residual 8.9e-13
  birth track d 4 m 9.441: f -4.144e-06; support [0.41039 2.49738 4.12419 5.78383 7.53253 9.44112]; weights [0.00175 0.04071 0.14096 0.26589 0.32393 0.22676]; residual 1.1e-12
  birth track d 4 m 9.466: f +1.021e-12; support [-0.       2.50159  4.14223  5.8069   7.55715  9.46612]; weights [0.0016  0.04113 0.14207 0.26638 0.32315 0.22567]; residual 1.0e-12
  state at root - 0.01: support [0.537833 2.515946 4.139936 5.798988 7.54754  9.456121]; weights [0.001912 0.041195 0.141473 0.265959 0.323367 0.226095]; residual 1.1e-12; interior excess +0.00e+00
d 4: INVALID birth state at m 9.466121 (min radius -5.43e-07, weights 0.0016..0.323, residual 1.8e-12); chain stopped
EVENTS [["split", 7.92406834], ["birth", 8.8434748], ["split", 9.42112112]]
