  birth track d 5 m 3.090: f -3.182e-04; support [0.33557 3.09029]; weights [0.045 0.955]; residual 1.3e-15
  birth track d 5 m 3.115: f -1.584e-03; support [0.50153 3.11529]; weights [0.04776 0.95224]; residual 4.4e-16
  birth track d 5 m 3.140: f -3.767e-03; support [0.62331 3.14029]; weights [0.0506 0.9494]; residual 0.0e+00
  birth track d 5 m 3.165: f -6.812e-03; support [0.72362 3.16529]; weights [0.05352 0.94648]; residual 4.4e-16
  birth track d 5 m 3.190: f -1.066e-02; support [0.8105  3.19029]; weights [0.05651 0.94349]; residual 1.3e-15
  birth track d 5 m 3.215: f -1.526e-02; support [0.88795 3.21529]; weights [0.05957 0.94043]; residual 8.9e-16
  birth track d 5 m 3.240: f -2.055e-02; support [0.9583  3.24029]; weights [0.0627 0.9373]; residual 4.4e-16
  birth track d 5 m 3.265: f -2.646e-02; support [1.02304 3.26529]; weights [0.06589 0.93411]; residual 0.0e+00
  birth track d 5 m 3.290: f -3.293e-02; support [1.08321 3.29029]; weights [0.06914 0.93086]; residual 0.0e+00
  birth track d 5 m 3.315: f -3.989e-02; support [1.13957 3.31529]; weights [0.07244 0.92756]; residual 0.0e+00
  birth track d 5 m 3.340: f -4.730e-02; support [1.19268 3.34029]; weights [0.07579 0.92421]; residual 4.4e-16
  birth track d 5 m 3.365: f -5.507e-02; support [1.24299 3.36529]; weights [0.07919 0.92081]; residual 0.0e+00
  birth track d 5 m 3.390: f -6.314e-02; support [1.29084 3.39029]; weights [0.08264 0.91736]; residual 0.0e+00
  birth track d 5 m 3.415: f -7.145e-02; support [1.33653 3.41529]; weights [0.08612 0.91388]; residual 8.9e-16
  birth track d 5 m 3.440: f -7.994e-02; support [1.3803  3.44029]; weights [0.08964 0.91036]; residual 0.0e+00
  birth track d 5 m 3.465: f -8.854e-02; support [1.42233 3.46529]; weights [0.0932 0.9068]; residual 4.4e-16
  birth track d 5 m 3.490: f -9.719e-02; support [1.4628  3.49029]; weights [0.09678 0.90322]; residual 8.9e-16
  birth track d 5 m 3.515: f -1.058e-01; support [1.50187 3.51529]; weights [0.10039 0.89961]; residual 4.4e-16
  birth track d 5 m 3.540: f -1.144e-01; support [1.53964 3.54029]; weights [0.10402 0.89598]; residual 0.0e+00
  birth track d 5 m 3.565: f -1.228e-01; support [1.57624 3.56529]; weights [0.10767 0.89233]; residual 4.4e-16
  birth track d 5 m 3.590: f -1.310e-01; support [1.61175 3.59029]; weights [0.11134 0.88866]; residual 0.0e+00
  birth track d 5 m 3.615: f -1.390e-01; support [1.64627 3.61529]; weights [0.11502 0.88498]; residual 0.0e+00
  birth track d 5 m 3.640: f -1.467e-01; support [1.67987 3.64029]; weights [0.11871 0.88129]; residual 0.0e+00
  birth track d 5 m 3.665: f -1.540e-01; support [1.71262 3.66529]; weights [0.1224 0.8776]; residual 4.4e-16
  birth track d 5 m 3.690: f -1.608e-01; support [1.74459 3.69029]; weights [0.1261 0.8739]; residual 4.4e-16
  birth track d 5 m 3.715: f -1.672e-01; support [1.77582 3.71529]; weights [0.1298 0.8702]; residual 4.4e-16
  birth track d 5 m 3.740: f -1.731e-01; support [1.80637 3.74029]; weights [0.1335 0.8665]; residual 0.0e+00
  birth track d 5 m 3.765: f -1.784e-01; support [1.83629 3.76529]; weights [0.1372 0.8628]; residual 4.4e-16
  birth track d 5 m 3.790: f -1.831e-01; support [1.86561 3.79029]; weights [0.14089 0.85911]; residual 4.4e-16
  birth track d 5 m 3.815: f -1.872e-01; support [1.89438 3.81529]; weights [0.14457 0.85543]; residual 4.4e-16
  birth track d 5 m 3.840: f -1.905e-01; support [1.92264 3.84029]; weights [0.14825 0.85175]; residual 0.0e+00
  birth track d 5 m 3.865: f -1.930e-01; support [1.9504  3.86529]; weights [0.15191 0.84809]; residual 8.9e-16
  birth track d 5 m 3.890: f -1.948e-01; support [1.97771 3.89029]; weights [0.15556 0.84444]; residual 4.4e-16
  birth track d 5 m 3.915: f -1.957e-01; support [2.0046  3.91529]; weights [0.1592 0.8408]; residual 0.0e+00
  birth track d 5 m 3.940: f -1.957e-01; support [2.03108 3.94029]; weights [0.16281 0.83719]; residual 4.4e-16
  birth track d 5 m 3.965: f -1.949e-01; support [2.05719 3.96529]; weights [0.16641 0.83359]; residual 0.0e+00
  birth track d 5 m 3.990: f -1.931e-01; support [2.08295 3.99029]; weights [0.16999 0.83001]; residual 8.9e-16
  birth track d 5 m 4.015: f -1.903e-01; support [2.10837 4.01529]; weights [0.17355 0.82645]; residual 0.0e+00
  birth track d 5 m 4.040: f -1.864e-01; support [2.13348 4.04029]; weights [0.17709 0.82291]; residual 0.0e+00
  birth track d 5 m 4.065: f -1.816e-01; support [2.15829 4.06529]; weights [0.18061 0.81939]; residual 4.4e-16
  birth track d 5 m 4.090: f -1.756e-01; support [2.18283 4.09029]; weights [0.1841 0.8159]; residual 2.2e-15
  birth track d 5 m 4.115: f -1.685e-01; support [2.20711 4.11529]; weights [0.18757 0.81243]; residual 4.4e-16
  birth track d 5 m 4.140: f -1.604e-01; support [2.23114 4.14029]; weights [0.19101 0.80899]; residual 0.0e+00
  birth track d 5 m 4.165: f -1.510e-01; support [2.25494 4.16529]; weights [0.19442 0.80558]; residual 3.1e-15
  birth track d 5 m 4.190: f -1.405e-01; support [2.27853 4.19029]; weights [0.19781 0.80219]; residual 4.4e-16
  birth track d 5 m 4.215: f -1.287e-01; support [2.30191 4.21529]; weights [0.20117 0.79883]; residual 4.4e-16
  birth track d 5 m 4.240: f -1.157e-01; support [2.32509 4.24029]; weights [0.20451 0.79549]; residual 2.2e-13
  birth track d 5 m 4.265: f -1.015e-01; support [2.3481  4.26529]; weights [0.20781 0.79219]; residual 1.3e-15
  birth track d 5 m 4.290: f -8.598e-02; support [2.37093 4.29029]; weights [0.21108 0.78892]; residual 8.9e-16
  birth track d 5 m 4.315: f -6.919e-02; support [2.3936  4.31529]; weights [0.21433 0.78567]; residual 2.2e-13
  birth track d 5 m 4.340: f -5.108e-02; support [2.41612 4.34029]; weights [0.21754 0.78246]; residual 2.2e-13
  birth track d 5 m 4.365: f -3.166e-02; support [2.43851 4.36529]; weights [0.22073 0.77927]; residual 1.3e-15
  birth track d 5 m 4.390: f -1.089e-02; support [2.46075 4.39029]; weights [0.22388 0.77612]; residual 2.2e-13
  birth track d 5 m 4.415: f +1.122e-02; support [2.48288 4.41529]; weights [0.22701 0.77299]; residual 2.2e-13
  state at root - 0.01: support [2.462976 4.3928  ]; weights [0.224198 0.775802]; residual 0.0e+00; interior excess +0.00e+00
CHAIN d 5 e3 birth: m 4.40279978; support [2.471835 4.4028  ]; weights [0.22545 0.77455]; residual 8.9e-16
  split track d 5 m 4.413: f -9.081e-02; support [0.      2.48347 4.4128 ]; weights [2.5000e-04 2.2673e-01 7.7302e-01]; residual 8.0e-15
  split track d 5 m 4.438: f -9.107e-02; support [0.      2.51216 4.4378 ]; weights [0.00084 0.22994 0.76921]; residual 2.2e-15
  split track d 5 m 4.463: f -9.095e-02; support [0.      2.54032 4.4628 ]; weights [0.0014  0.23316 0.76544]; residual 8.9e-16
  split track d 5 m 4.488: f -9.046e-02; support [0.      2.56797 4.4878 ]; weights [0.00194 0.23637 0.76169]; residual 2.7e-15
  split track d 5 m 4.513: f -8.958e-02; support [0.      2.59514 4.5128 ]; weights [0.00244 0.23958 0.75798]; residual 1.3e-15
  split track d 5 m 4.538: f -8.830e-02; support [0.      2.62186 4.5378 ]; weights [0.00292 0.24277 0.75431]; residual 8.9e-16
  split track d 5 m 4.563: f -8.661e-02; support [0.      2.64815 4.5628 ]; weights [0.00337 0.24596 0.75067]; residual 4.4e-16
  split track d 5 m 4.588: f -8.450e-02; support [0.      2.67402 4.5878 ]; weights [0.0038  0.24913 0.74707]; residual 2.2e-13
  split track d 5 m 4.613: f -8.195e-02; support [0.      2.69951 4.6128 ]; weights [0.00421 0.25228 0.7435 ]; residual 1.3e-15
  split track d 5 m 4.638: f -7.897e-02; support [0.      2.72462 4.6378 ]; weights [0.0046  0.25542 0.73998]; residual 8.9e-16
  split track d 5 m 4.663: f -7.554e-02; support [0.      2.74939 4.6628 ]; weights [0.00497 0.25853 0.7365 ]; residual 2.7e-15
  split track d 5 m 4.688: f -7.166e-02; support [0.      2.77382 4.6878 ]; weights [0.00533 0.26161 0.73306]; residual 8.9e-16
  split track d 5 m 4.713: f -6.733e-02; support [0.      2.79793 4.7128 ]; weights [0.00567 0.26467 0.72966]; residual 2.2e-13
  split track d 5 m 4.738: f -6.252e-02; support [0.      2.82175 4.7378 ]; weights [0.00599 0.26771 0.72631]; residual 1.8e-15
  split track d 5 m 4.763: f -5.725e-02; support [0.      2.84527 4.7628 ]; weights [0.00629 0.27071 0.72299]; residual 8.9e-16
  split track d 5 m 4.788: f -5.151e-02; support [0.      2.86853 4.7878 ]; weights [0.00659 0.27369 0.71973]; residual 1.3e-15
  split track d 5 m 4.813: f -4.529e-02; support [0.      2.89152 4.8128 ]; weights [0.00686 0.27663 0.71651]; residual 4.4e-16
  split track d 5 m 4.838: f -3.859e-02; support [0.      2.91427 4.8378 ]; weights [0.00713 0.27954 0.71333]; residual 4.4e-16
  split track d 5 m 4.863: f -3.140e-02; support [0.      2.93679 4.8628 ]; weights [0.00738 0.28242 0.7102 ]; residual 2.2e-13
  split track d 5 m 4.888: f -2.373e-02; support [0.      2.95909 4.8878 ]; weights [0.00762 0.28526 0.70712]; residual 2.2e-13
  split track d 5 m 4.913: f -1.557e-02; support [0.      2.98117 4.9128 ]; weights [0.00785 0.28807 0.70408]; residual 4.4e-16
  split track d 5 m 4.938: f -6.928e-03; support [0.      3.00306 4.9378 ]; weights [0.00807 0.29084 0.70109]; residual 2.2e-13
  split track d 5 m 4.963: f +2.206e-03; support [0.      3.02475 4.9628 ]; weights [0.00828 0.29358 0.69814]; residual 8.9e-16
  state at root - 0.01: support [0.       3.01096  4.946883]; weights [0.008147 0.291843 0.70001 ]; residual 8.0e-15; interior excess +0.00e+00
CHAIN d 5 e4 split: m 4.95688315; support [0.       3.019633 4.956883]; weights [0.00823  0.292937 0.698832]; residual 4.4e-16
  birth track d 5 m 4.977: f -1.274e-04; support [0.3861  3.04011 4.97688]; weights [0.0089  0.29494 0.69616]; residual 4.4e-13
  birth track d 5 m 5.002: f -6.350e-04; support [0.57521 3.06579 5.00188]; weights [0.00977 0.29741 0.69282]; residual 2.2e-13
  birth track d 5 m 5.027: f -1.511e-03; support [0.71261 3.09155 5.02688]; weights [0.0107  0.29982 0.68948]; residual 1.3e-15
  birth track d 5 m 5.052: f -2.735e-03; support [0.82467 3.11738 5.05188]; weights [0.01167 0.30218 0.68615]; residual 8.9e-16
  birth track d 5 m 5.077: f -4.285e-03; support [0.9208  3.14327 5.07688]; weights [0.01268 0.3045  0.68282]; residual 4.4e-13
  birth track d 5 m 5.102: f -6.136e-03; support [1.00568 3.16922 5.10188]; weights [0.01374 0.30677 0.67949]; residual 2.2e-13
  birth track d 5 m 5.127: f -8.265e-03; support [1.08203 3.19521 5.12688]; weights [0.01484 0.30899 0.67617]; residual 2.2e-13
  birth track d 5 m 5.152: f -1.065e-02; support [1.15165 3.22124 5.15188]; weights [0.01598 0.31117 0.67286]; residual 5.8e-14
  birth track d 5 m 5.177: f -1.325e-02; support [1.21575 3.2473  5.17688]; weights [0.01715 0.3133  0.66955]; residual 2.2e-13
  birth track d 5 m 5.202: f -1.606e-02; support [1.27524 3.27338 5.20188]; weights [0.01836 0.31539 0.66624]; residual 2.2e-13
  birth track d 5 m 5.227: f -1.903e-02; support [1.3308  3.29948 5.22688]; weights [0.01961 0.31744 0.66295]; residual 2.2e-13
  birth track d 5 m 5.252: f -2.215e-02; support [1.38296 3.32558 5.25188]; weights [0.02088 0.31946 0.65966]; residual 1.3e-15
  birth track d 5 m 5.277: f -2.539e-02; support [1.43216 3.35168 5.27688]; weights [0.02218 0.32143 0.65639]; residual 2.2e-13
  birth track d 5 m 5.302: f -2.871e-02; support [1.47873 3.37777 5.30188]; weights [0.02351 0.32337 0.65312]; residual 2.2e-13
  birth track d 5 m 5.327: f -3.208e-02; support [1.52297 3.40385 5.32688]; weights [0.02486 0.32528 0.64986]; residual 2.2e-13
  birth track d 5 m 5.352: f -3.549e-02; support [1.56512 3.42991 5.35188]; weights [0.02623 0.32715 0.64662]; residual 2.2e-13
  birth track d 5 m 5.377: f -3.889e-02; support [1.60539 3.45594 5.37688]; weights [0.02762 0.329   0.64338]; residual 2.2e-13
  birth track d 5 m 5.402: f -4.225e-02; support [1.64396 3.48194 5.40188]; weights [0.02903 0.33081 0.64016]; residual 7.8e-14
  birth track d 5 m 5.427: f -4.555e-02; support [1.68098 3.5079  5.42688]; weights [0.03046 0.3326  0.63695]; residual 2.2e-13
  birth track d 5 m 5.452: f -4.876e-02; support [1.71659 3.53382 5.45188]; weights [0.03189 0.33436 0.63375]; residual 2.2e-13
  birth track d 5 m 5.477: f -5.185e-02; support [1.75092 3.55969 5.47688]; weights [0.03334 0.33609 0.63057]; residual 9.8e-15
  birth track d 5 m 5.502: f -5.478e-02; support [1.78406 3.58551 5.50188]; weights [0.0348 0.3378 0.6274]; residual 6.5e-14
  birth track d 5 m 5.527: f -5.753e-02; support [1.81611 3.61128 5.52688]; weights [0.03627 0.33949 0.62424]; residual 4.4e-16
  birth track d 5 m 5.552: f -6.006e-02; support [1.84716 3.63699 5.55188]; weights [0.03774 0.34116 0.6211 ]; residual 8.9e-16
  birth track d 5 m 5.577: f -6.235e-02; support [1.87728 3.66264 5.57688]; weights [0.03922 0.3428  0.61798]; residual 8.9e-16
  birth track d 5 m 5.602: f -6.437e-02; support [1.90655 3.68823 5.60188]; weights [0.0407  0.34443 0.61487]; residual 1.8e-15
  birth track d 5 m 5.627: f -6.609e-02; support [1.93502 3.71375 5.62688]; weights [0.04218 0.34604 0.61178]; residual 4.4e-13
  birth track d 5 m 5.652: f -6.748e-02; support [1.96275 3.73921 5.65188]; weights [0.04366 0.34763 0.60871]; residual 1.1e-13
  birth track d 5 m 5.677: f -6.850e-02; support [1.9898  3.7646  5.67688]; weights [0.04515 0.3492  0.60566]; residual 2.5e-14
  birth track d 5 m 5.702: f -6.914e-02; support [2.01621 3.78992 5.70188]; weights [0.04663 0.35075 0.60262]; residual 8.9e-16
  birth track d 5 m 5.727: f -6.936e-02; support [2.04203 3.81516 5.72688]; weights [0.04811 0.35229 0.5996 ]; residual 8.9e-16
  birth track d 5 m 5.752: f -6.914e-02; support [2.06729 3.84034 5.75188]; weights [0.04959 0.35381 0.5966 ]; residual 8.9e-16
  birth track d 5 m 5.777: f -6.845e-02; support [2.09204 3.86544 5.77688]; weights [0.05107 0.35532 0.59362]; residual 1.8e-15
  birth track d 5 m 5.802: f -6.726e-02; support [2.11631 3.89047 5.80188]; weights [0.05254 0.35681 0.59065]; residual 4.4e-15
  birth track d 5 m 5.827: f -6.555e-02; support [2.14012 3.91543 5.82688]; weights [0.05401 0.35828 0.58771]; residual 1.8e-15
  birth track d 5 m 5.852: f -6.328e-02; support [2.16352 3.94031 5.85188]; weights [0.05547 0.35975 0.58479]; residual 8.9e-16
  birth track d 5 m 5.877: f -6.044e-02; support [2.18652 3.96512 5.87688]; weights [0.05692 0.36119 0.58188]; residual 1.2e-13
  birth track d 5 m 5.902: f -5.700e-02; support [2.20915 3.98986 5.90188]; weights [0.05838 0.36263 0.579  ]; residual 8.9e-16
  birth track d 5 m 5.927: f -5.293e-02; support [2.23144 4.01453 5.92688]; weights [0.05982 0.36404 0.57614]; residual 0.0e+00
  birth track d 5 m 5.952: f -4.821e-02; support [2.2534  4.03912 5.95188]; weights [0.06126 0.36545 0.57329]; residual 0.0e+00
  birth track d 5 m 5.977: f -4.282e-02; support [2.27506 4.06364 5.97688]; weights [0.06269 0.36684 0.57047]; residual 3.6e-15
  birth track d 5 m 6.002: f -3.674e-02; support [2.29643 4.08809 6.00188]; weights [0.06411 0.36821 0.56767]; residual 4.4e-13
  birth track d 5 m 6.027: f -2.993e-02; support [2.31754 4.11246 6.02688]; weights [0.06553 0.36958 0.56489]; residual 4.4e-13
  birth track d 5 m 6.052: f -2.239e-02; support [2.3384  4.13677 6.05188]; weights [0.06694 0.37093 0.56214]; residual 0.0e+00
  birth track d 5 m 6.077: f -1.408e-02; support [2.35902 4.16101 6.07688]; weights [0.06834 0.37226 0.5594 ]; residual 1.8e-15
  birth track d 5 m 6.102: f -4.989e-03; support [2.37942 4.18519 6.10188]; weights [0.06973 0.37358 0.55668]; residual 4.4e-13
  birth track d 5 m 6.127: f +4.904e-03; support [2.39962 4.20929 6.12688]; weights [0.07112 0.37489 0.55399]; residual 1.8e-15
  state at root - 0.01: support [2.381748 4.187951 6.104747]; weights [0.069893 0.373732 0.556375]; residual 4.4e-13; interior excess +0.00e+00
CHAIN d 5 e5 birth: m 6.11474690; support [2.389842 4.197599 6.114747]; weights [0.070448 0.374256 0.555296]; residual 4.4e-13
  split track d 5 m 6.125: f -2.858e-02; support [0.      2.40254 4.20793 6.12475]; weights [8.0000e-05 7.1160e-02 3.7461e-01 5.5416e-01]; residual 5.5e-13
  split track d 5 m 6.150: f -2.920e-02; support [0.      2.43363 4.23372 6.14975]; weights [2.6000e-04 7.2930e-02 3.7548e-01 5.5133e-01]; residual 4.4e-13
  split track d 5 m 6.175: f -2.969e-02; support [0.      2.46381 4.25943 6.17475]; weights [4.4000e-04 7.4710e-02 3.7634e-01 5.4851e-01]; residual 4.4e-13
  split track d 5 m 6.200: f -3.003e-02; support [0.      2.49314 4.28508 6.19975]; weights [0.0006  0.07649 0.37719 0.54572]; residual 4.4e-13
  split track d 5 m 6.225: f -3.021e-02; support [0.      2.52168 4.31066 6.22475]; weights [0.00076 0.07827 0.37804 0.54294]; residual 8.9e-13
  split track d 5 m 6.250: f -3.023e-02; support [0.      2.54947 4.33615 6.24975]; weights [0.0009  0.08004 0.37888 0.54018]; residual 4.4e-13
  split track d 5 m 6.275: f -3.007e-02; support [0.      2.57656 4.36157 6.27475]; weights [0.00104 0.0818  0.37972 0.53744]; residual 4.4e-13
  split track d 5 m 6.300: f -2.974e-02; support [0.      2.60299 4.38691 6.29975]; weights [0.00118 0.08356 0.38056 0.53471]; residual 4.4e-13
  split track d 5 m 6.325: f -2.921e-02; support [0.      2.6288  4.41216 6.32475]; weights [0.0013  0.0853  0.38139 0.53201]; residual 4.4e-13
  split track d 5 m 6.350: f -2.848e-02; support [0.      2.65402 4.43733 6.34975]; weights [0.00142 0.08703 0.38222 0.52932]; residual 4.4e-13
  split track d 5 m 6.375: f -2.754e-02; support [0.      2.67869 4.46241 6.37475]; weights [0.00154 0.08875 0.38305 0.52666]; residual 8.0e-15
  split track d 5 m 6.400: f -2.638e-02; support [0.      2.70284 4.48741 6.39975]; weights [0.00164 0.09046 0.38388 0.52402]; residual 1.5e-13
  split track d 5 m 6.425: f -2.500e-02; support [0.      2.7265  4.51231 6.42475]; weights [0.00175 0.09215 0.38471 0.5214 ]; residual 4.4e-13
  split track d 5 m 6.450: f -2.339e-02; support [0.      2.7497  4.53713 6.44975]; weights [0.00185 0.09382 0.38554 0.51879]; residual 4.4e-13
  split track d 5 m 6.475: f -2.154e-02; support [0.      2.77245 4.56186 6.47475]; weights [0.00194 0.09548 0.38636 0.51621]; residual 9.8e-15
  split track d 5 m 6.500: f -1.944e-02; support [0.      2.79479 4.5865  6.49975]; weights [0.00204 0.09712 0.38719 0.51365]; residual 4.4e-13
  split track d 5 m 6.525: f -1.709e-02; support [0.      2.81674 4.61105 6.52475]; weights [0.00212 0.09874 0.38802 0.51112]; residual 4.4e-13
  split track d 5 m 6.550: f -1.449e-02; support [0.      2.83832 4.6355  6.54975]; weights [0.00221 0.10035 0.38884 0.5086 ]; residual 8.9e-16
  split track d 5 m 6.575: f -1.161e-02; support [0.      2.85955 4.65987 6.57475]; weights [0.00229 0.10193 0.38967 0.50611]; residual 4.4e-13
  split track d 5 m 6.600: f -8.469e-03; support [0.      2.88044 4.68415 6.59975]; weights [0.00237 0.1035  0.39049 0.50364]; residual 1.8e-15
  split track d 5 m 6.625: f -5.049e-03; support [0.      2.90103 4.70834 6.62475]; weights [0.00244 0.10505 0.39132 0.50119]; residual 4.4e-13
  split track d 5 m 6.650: f -1.346e-03; support [0.      2.92131 4.73244 6.64975]; weights [0.00252 0.10658 0.39214 0.49877]; residual 4.4e-13
  split track d 5 m 6.675: f +2.644e-03; support [0.      2.94131 4.75645 6.67475]; weights [0.00259 0.10809 0.39296 0.49636]; residual 4.4e-13
  state at root - 0.01: support [0.       2.920214 4.73113  6.648386]; weights [0.002512 0.106496 0.392095 0.498897]; residual 4.4e-13; interior excess +4.44e-14
CHAIN d 5 e6 split: m 6.65838598; support [0.       2.928254 4.740748 6.658386]; weights [0.00254  0.107103 0.392424 0.497933]; residual 4.4e-13
  birth track d 5 m 6.678: f -5.564e-05; support [0.41378 2.9496  4.76084 6.67839]; weights [0.0028  0.10844 0.39282 0.49594]; residual 8.9e-13
  birth track d 5 m 6.703: f -2.777e-04; support [0.61511 2.97642 4.78597 6.70339]; weights [0.00315 0.1101  0.39328 0.49346]; residual 4.4e-13
  birth track d 5 m 6.728: f -6.616e-04; support [0.76039 3.00337 4.81112 6.72839]; weights [0.00353 0.11176 0.39372 0.49099]; residual 6.7e-14
  birth track d 5 m 6.753: f -1.199e-03; support [0.87808 3.03045 4.83629 6.75339]; weights [0.00393 0.11341 0.39413 0.48853]; residual 8.9e-13
  birth track d 5 m 6.778: f -1.880e-03; support [0.97835 3.05762 4.86147 6.77839]; weights [0.00436 0.11505 0.39451 0.48608]; residual 4.4e-13
  birth track d 5 m 6.803: f -2.695e-03; support [1.06626 3.08487 4.88667 6.80339]; weights [0.00481 0.11669 0.39486 0.48365]; residual 4.4e-13
  birth track d 5 m 6.828: f -3.634e-03; support [1.14481 3.11219 4.91189 6.82839]; weights [0.00528 0.11831 0.39519 0.48122]; residual 1.8e-15
  birth track d 5 m 6.853: f -4.684e-03; support [1.21592 3.13954 4.93711 6.85339]; weights [0.00577 0.11993 0.39549 0.47881]; residual 0.0e+00
  birth track d 5 m 6.878: f -5.834e-03; support [1.28096 3.16692 4.96235 6.87839]; weights [0.00628 0.12154 0.39576 0.47641]; residual 8.9e-13
  birth track d 5 m 6.903: f -7.073e-03; support [1.3409  3.19431 4.98759 6.90339]; weights [0.00682 0.12314 0.39602 0.47402]; residual 4.4e-13
  birth track d 5 m 6.928: f -8.386e-03; support [1.39651 3.22168 5.01284 6.92839]; weights [0.00736 0.12474 0.39625 0.47165]; residual 4.4e-13
  birth track d 5 m 6.953: f -9.762e-03; support [1.44838 3.24903 5.03809 6.95339]; weights [0.00793 0.12633 0.39646 0.46928]; residual 4.4e-13
  birth track d 5 m 6.978: f -1.119e-02; support [1.49697 3.27634 5.06335 6.97839]; weights [0.00851 0.12791 0.39665 0.46693]; residual 4.4e-13
  birth track d 5 m 7.003: f -1.264e-02; support [1.54268 3.30359 5.0886  7.00339]; weights [0.0091  0.12949 0.39682 0.46459]; residual 8.9e-16
  birth track d 5 m 7.028: f -1.412e-02; support [1.58584 3.33077 5.11386 7.02839]; weights [0.0097  0.13106 0.39698 0.46226]; residual 4.4e-13
  birth track d 5 m 7.053: f -1.560e-02; support [1.62671 3.35787 5.13911 7.05339]; weights [0.01032 0.13263 0.39711 0.45994]; residual 8.9e-13
  birth track d 5 m 7.078: f -1.707e-02; support [1.66553 3.38488 5.16436 7.07839]; weights [0.01094 0.13419 0.39723 0.45764]; residual 4.4e-13
  birth track d 5 m 7.103: f -1.852e-02; support [1.7025  3.41179 5.1896  7.10339]; weights [0.01157 0.13575 0.39733 0.45535]; residual 8.9e-16
  birth track d 5 m 7.128: f -1.993e-02; support [1.7378  3.43859 5.21483 7.12839]; weights [0.01221 0.13731 0.39742 0.45307]; residual 4.4e-13
  birth track d 5 m 7.153: f -2.127e-02; support [1.77157 3.46527 5.24006 7.15339]; weights [0.01285 0.13886 0.39749 0.4508 ]; residual 4.4e-13
  birth track d 5 m 7.178: f -2.255e-02; support [1.80396 3.49182 5.26527 7.17839]; weights [0.0135  0.14041 0.39755 0.44855]; residual 4.4e-13
  birth track d 5 m 7.203: f -2.373e-02; support [1.83508 3.51825 5.29047 7.20339]; weights [0.01415 0.14195 0.3976  0.44631]; residual 4.4e-13
  birth track d 5 m 7.228: f -2.481e-02; support [1.86504 3.54453 5.31566 7.22839]; weights [0.0148  0.14349 0.39763 0.44408]; residual 4.4e-13
  birth track d 5 m 7.253: f -2.576e-02; support [1.89394 3.57068 5.34083 7.25339]; weights [0.01545 0.14503 0.39765 0.44187]; residual 4.4e-13
  birth track d 5 m 7.278: f -2.658e-02; support [1.92186 3.59669 5.36598 7.27839]; weights [0.01611 0.14656 0.39767 0.43966]; residual 8.9e-13
  birth track d 5 m 7.303: f -2.723e-02; support [1.94888 3.62255 5.39112 7.30339]; weights [0.01677 0.14809 0.39767 0.43748]; residual 4.4e-13
  birth track d 5 m 7.328: f -2.771e-02; support [1.97507 3.64826 5.41624 7.32839]; weights [0.01742 0.14962 0.39766 0.4353 ]; residual 8.9e-14
  birth track d 5 m 7.353: f -2.800e-02; support [2.00048 3.67382 5.44134 7.35339]; weights [0.01808 0.15114 0.39765 0.43314]; residual 4.4e-13
  birth track d 5 m 7.378: f -2.808e-02; support [2.02519 3.69923 5.46642 7.37839]; weights [0.01873 0.15265 0.39763 0.43099]; residual 4.4e-13
  birth track d 5 m 7.403: f -2.794e-02; support [2.04924 3.72449 5.49147 7.40339]; weights [0.01939 0.15417 0.3976  0.42885]; residual 8.9e-13
  birth track d 5 m 7.428: f -2.755e-02; support [2.07268 3.7496  5.51651 7.42839]; weights [0.02004 0.15568 0.39756 0.42673]; residual 4.4e-13
  birth track d 5 m 7.453: f -2.690e-02; support [2.09555 3.77456 5.54151 7.45339]; weights [0.02069 0.15718 0.39751 0.42462]; residual 4.4e-13
  birth track d 5 m 7.478: f -2.596e-02; support [2.11789 3.79937 5.5665  7.47839]; weights [0.02133 0.15868 0.39747 0.42252]; residual 4.4e-13
  birth track d 5 m 7.503: f -2.473e-02; support [2.13975 3.82402 5.59145 7.50339]; weights [0.02198 0.16017 0.39741 0.42044]; residual 4.4e-13
  birth track d 5 m 7.528: f -2.319e-02; support [2.16114 3.84854 5.61639 7.52839]; weights [0.02262 0.16166 0.39735 0.41837]; residual 4.4e-13
  birth track d 5 m 7.553: f -2.132e-02; support [2.18212 3.8729  5.64129 7.55339]; weights [0.02326 0.16314 0.39729 0.41631]; residual 4.4e-13
  birth track d 5 m 7.578: f -1.909e-02; support [2.2027  3.89712 5.66617 7.57839]; weights [0.02389 0.16462 0.39722 0.41427]; residual 8.9e-13
  birth track d 5 m 7.603: f -1.650e-02; support [2.2229  3.9212  5.69101 7.60339]; weights [0.02453 0.16609 0.39715 0.41224]; residual 4.4e-13
  birth track d 5 m 7.628: f -1.353e-02; support [2.24277 3.94514 5.71583 7.62839]; weights [0.02516 0.16755 0.39707 0.41023]; residual 4.4e-13
  birth track d 5 m 7.653: f -1.016e-02; support [2.26231 3.96895 5.74062 7.65339]; weights [0.02578 0.169   0.39699 0.40822]; residual 8.9e-13
  birth track d 5 m 7.678: f -6.365e-03; support [2.28155 3.99262 5.76538 7.67839]; weights [0.02641 0.17045 0.39691 0.40624]; residual 4.4e-13
  birth track d 5 m 7.703: f -2.139e-03; support [2.30051 4.01615 5.79011 7.70339]; weights [0.02703 0.17189 0.39682 0.40426]; residual 8.9e-13
  birth track d 5 m 7.728: f +2.539e-03; support [2.31921 4.03956 5.81481 7.72839]; weights [0.02764 0.17332 0.39673 0.4023 ]; residual 4.4e-13
  state at root - 0.01: support [2.301822 4.017785 5.79183  7.705125]; weights [0.02707  0.171988 0.396816 0.404126]; residual 4.4e-13; interior excess +0.00e+00
CHAIN d 5 e7 birth: m 7.71512452; support [2.309324 4.027159 5.801713 7.715125]; weights [0.027317 0.172561 0.396781 0.40334 ]; residual 8.9e-16
EVENTS [["birth", 4.40279978], ["split", 4.95688315], ["birth", 6.1147469], ["split", 6.65838598], ["birth", 7.71512452]]
