  birth track d 2 m 2.337: f -6.730e-05; support [0.23233 2.33715]; weights [0.21847 0.78153]; residual 4.4e-16
  birth track d 2 m 2.362: f -3.309e-04; support [0.34631 2.36215]; weights [0.22673 0.77327]; residual 8.9e-16
  birth track d 2 m 2.387: f -7.770e-04; support [0.42927 2.38715]; weights [0.23492 0.76508]; residual 0.0e+00
  birth track d 2 m 2.412: f -1.388e-03; support [0.49709 2.41215]; weights [0.24302 0.75698]; residual 0.0e+00
  birth track d 2 m 2.437: f -2.146e-03; support [0.55541 2.43715]; weights [0.25101 0.74899]; residual 0.0e+00
  birth track d 2 m 2.462: f -3.035e-03; support [0.60702 2.46215]; weights [0.2589 0.7411]; residual 0.0e+00
  birth track d 2 m 2.487: f -4.036e-03; support [0.65359 2.48715]; weights [0.26668 0.73332]; residual 2.2e-16
  birth track d 2 m 2.512: f -5.134e-03; support [0.69617 2.51215]; weights [0.27433 0.72567]; residual 0.0e+00
  birth track d 2 m 2.537: f -6.313e-03; support [0.7355  2.53715]; weights [0.28185 0.71815]; residual 3.1e-14
  birth track d 2 m 2.562: f -7.555e-03; support [0.77211 2.56215]; weights [0.28924 0.71076]; residual 3.8e-15
  birth track d 2 m 2.587: f -8.846e-03; support [0.80642 2.58715]; weights [0.29649 0.70351]; residual 2.2e-16
  birth track d 2 m 2.612: f -1.017e-02; support [0.83875 2.61215]; weights [0.30359 0.69641]; residual 2.2e-16
  birth track d 2 m 2.637: f -1.151e-02; support [0.86933 2.63715]; weights [0.31055 0.68945]; residual 0.0e+00
  birth track d 2 m 2.662: f -1.285e-02; support [0.89839 2.66215]; weights [0.31736 0.68264]; residual 0.0e+00
  birth track d 2 m 2.687: f -1.418e-02; support [0.9261  2.68715]; weights [0.32401 0.67599]; residual 2.2e-16
  birth track d 2 m 2.712: f -1.548e-02; support [0.95259 2.71215]; weights [0.33052 0.66948]; residual 1.1e-15
  birth track d 2 m 2.737: f -1.674e-02; support [0.97799 2.73715]; weights [0.33687 0.66313]; residual 4.4e-16
  birth track d 2 m 2.762: f -1.794e-02; support [1.0024  2.76215]; weights [0.34308 0.65692]; residual 2.2e-16
  birth track d 2 m 2.787: f -1.907e-02; support [1.02593 2.78715]; weights [0.34913 0.65087]; residual 1.1e-15
  birth track d 2 m 2.812: f -2.011e-02; support [1.04864 2.81215]; weights [0.35502 0.64498]; residual 4.4e-16
  birth track d 2 m 2.837: f -2.105e-02; support [1.0706  2.83715]; weights [0.36077 0.63923]; residual 2.2e-16
  birth track d 2 m 2.862: f -2.188e-02; support [1.09189 2.86215]; weights [0.36637 0.63363]; residual 0.0e+00
  birth track d 2 m 2.887: f -2.258e-02; support [1.11255 2.88715]; weights [0.37183 0.62817]; residual 0.0e+00
  birth track d 2 m 2.912: f -2.314e-02; support [1.13264 2.91215]; weights [0.37713 0.62287]; residual 2.2e-16
  birth track d 2 m 2.937: f -2.354e-02; support [1.15219 2.93715]; weights [0.3823 0.6177]; residual 4.4e-16
  birth track d 2 m 2.962: f -2.377e-02; support [1.17126 2.96215]; weights [0.38732 0.61268]; residual 1.8e-15
  birth track d 2 m 2.987: f -2.381e-02; support [1.18987 2.98715]; weights [0.3922 0.6078]; residual 2.2e-16
  birth track d 2 m 3.012: f -2.366e-02; support [1.20806 3.01215]; weights [0.39695 0.60305]; residual 1.1e-15
  birth track d 2 m 3.037: f -2.330e-02; support [1.22586 3.03715]; weights [0.40156 0.59844]; residual 0.0e+00
  birth track d 2 m 3.062: f -2.271e-02; support [1.2433  3.06215]; weights [0.40605 0.59395]; residual 0.0e+00
  birth track d 2 m 3.087: f -2.188e-02; support [1.2604  3.08715]; weights [0.4104 0.5896]; residual 4.4e-16
  birth track d 2 m 3.112: f -2.080e-02; support [1.27719 3.11215]; weights [0.41463 0.58537]; residual 1.1e-15
  birth track d 2 m 3.137: f -1.946e-02; support [1.2937  3.13715]; weights [0.41874 0.58126]; residual 1.6e-15
  birth track d 2 m 3.162: f -1.784e-02; support [1.30993 3.16215]; weights [0.42273 0.57727]; residual 8.9e-16
  birth track d 2 m 3.187: f -1.592e-02; support [1.32591 3.18715]; weights [0.4266 0.5734]; residual 1.3e-15
  birth track d 2 m 3.212: f -1.370e-02; support [1.34166 3.21215]; weights [0.43036 0.56964]; residual 4.4e-16
  birth track d 2 m 3.237: f -1.116e-02; support [1.35719 3.23715]; weights [0.43401 0.56599]; residual 1.1e-13
  birth track d 2 m 3.262: f -8.283e-03; support [1.37252 3.26215]; weights [0.43755 0.56245]; residual 2.2e-16
  birth track d 2 m 3.287: f -5.064e-03; support [1.38766 3.28715]; weights [0.44099 0.55901]; residual 1.1e-15
  birth track d 2 m 3.312: f -1.485e-03; support [1.40263 3.31215]; weights [0.44432 0.55568]; residual 0.0e+00
  birth track d 2 m 3.337: f +2.466e-03; support [1.41744 3.33715]; weights [0.44755 0.55245]; residual 4.4e-16
  state at root - 0.01: support [1.402438 3.311828]; weights [0.444276 0.555724]; residual 1.1e-13; interior excess +0.00e+00
CHAIN d 2 e3 birth: m 3.32182818; support [1.40838  3.321828]; weights [0.445581 0.554419]; residual 6.7e-16
  split track d 2 m 3.332: f -1.402e-02; support [0.      1.42334 3.33183]; weights [0.0036  0.44413 0.55227]; residual 8.9e-16
  split track d 2 m 3.357: f -1.518e-02; support [0.      1.45963 3.35683]; weights [0.01188 0.44118 0.54694]; residual 0.0e+00
  split track d 2 m 3.382: f -1.630e-02; support [0.      1.49446 3.38183]; weights [0.01925 0.43905 0.54169]; residual 2.2e-16
  split track d 2 m 3.407: f -1.738e-02; support [0.      1.52796 3.40683]; weights [0.02586 0.43761 0.53653]; residual 8.9e-16
  split track d 2 m 3.432: f -1.840e-02; support [0.      1.56023 3.43183]; weights [0.03181 0.43673 0.53146]; residual 1.1e-13
  split track d 2 m 3.457: f -1.936e-02; support [0.      1.59138 3.45683]; weights [0.0372  0.43632 0.52648]; residual 4.4e-16
  split track d 2 m 3.482: f -2.025e-02; support [0.      1.62148 3.48183]; weights [0.04211 0.4363  0.52159]; residual 2.2e-16
  split track d 2 m 3.507: f -2.106e-02; support [0.      1.65062 3.50683]; weights [0.04659 0.43662 0.51679]; residual 2.2e-16
  split track d 2 m 3.532: f -2.178e-02; support [0.      1.67886 3.53183]; weights [0.05071 0.43722 0.51208]; residual 2.2e-16
  split track d 2 m 3.557: f -2.240e-02; support [0.      1.70627 3.55683]; weights [0.05449 0.43805 0.50747]; residual 2.7e-15
  split track d 2 m 3.582: f -2.291e-02; support [0.      1.7329  3.58183]; weights [0.05798 0.43907 0.50295]; residual 2.2e-16
  split track d 2 m 3.607: f -2.331e-02; support [0.      1.75881 3.60683]; weights [0.06121 0.44026 0.49852]; residual 4.4e-16
  split track d 2 m 3.632: f -2.358e-02; support [0.      1.78404 3.63183]; weights [0.06421 0.44159 0.49419]; residual 4.4e-16
  split track d 2 m 3.657: f -2.373e-02; support [0.      1.80864 3.65683]; weights [0.06701 0.44304 0.48996]; residual 4.4e-16
  split track d 2 m 3.682: f -2.373e-02; support [0.      1.83263 3.68183]; weights [0.06961 0.44458 0.48582]; residual 0.0e+00
  split track d 2 m 3.707: f -2.359e-02; support [0.      1.85607 3.70683]; weights [0.07204 0.44619 0.48177]; residual 2.0e-15
  split track d 2 m 3.732: f -2.330e-02; support [0.      1.87898 3.73183]; weights [0.07432 0.44787 0.47782]; residual 4.4e-16
  split track d 2 m 3.757: f -2.285e-02; support [0.      1.9014  3.75683]; weights [0.07645 0.44959 0.47396]; residual 3.2e-14
  split track d 2 m 3.782: f -2.223e-02; support [0.      1.92334 3.78183]; weights [0.07845 0.45136 0.47019]; residual 2.2e-16
  split track d 2 m 3.807: f -2.144e-02; support [0.      1.94485 3.80683]; weights [0.08034 0.45315 0.46651]; residual 2.2e-16
  split track d 2 m 3.832: f -2.047e-02; support [0.      1.96593 3.83183]; weights [0.08211 0.45496 0.46293]; residual 1.1e-13
  split track d 2 m 3.857: f -1.932e-02; support [0.      1.98662 3.85683]; weights [0.08379 0.45678 0.45943]; residual 4.4e-16
  split track d 2 m 3.882: f -1.798e-02; support [0.      2.00694 3.88183]; weights [0.08537 0.45861 0.45602]; residual 2.2e-16
  split track d 2 m 3.907: f -1.644e-02; support [0.      2.02691 3.90683]; weights [0.08686 0.46044 0.4527 ]; residual 1.1e-13
  split track d 2 m 3.932: f -1.470e-02; support [0.      2.04654 3.93183]; weights [0.08827 0.46226 0.44947]; residual 2.2e-16
  split track d 2 m 3.957: f -1.275e-02; support [0.      2.06585 3.95683]; weights [0.08961 0.46407 0.44632]; residual 0.0e+00
  split track d 2 m 3.982: f -1.058e-02; support [0.      2.08486 3.98183]; weights [0.09088 0.46587 0.44325]; residual 4.4e-16
  split track d 2 m 4.007: f -8.204e-03; support [0.      2.10359 4.00683]; weights [0.09208 0.46766 0.44027]; residual 2.2e-16
  split track d 2 m 4.032: f -5.602e-03; support [0.      2.12204 4.03183]; weights [0.09322 0.46942 0.43736]; residual 0.0e+00
  split track d 2 m 4.057: f -2.772e-03; support [0.      2.14023 4.05683]; weights [0.0943  0.47117 0.43453]; residual 1.1e-13
  split track d 2 m 4.082: f +2.895e-04; support [0.      2.15818 4.08183]; weights [0.09533 0.47289 0.43179]; residual 1.1e-13
  state at root - 0.01: support [0.       2.149394 4.069543]; weights [0.094828 0.472046 0.433126]; residual 2.2e-16; interior excess +2.22e-16
CHAIN d 2 e4 split: m 4.07954337; support [0.       2.156554 4.079543]; weights [0.095234 0.472732 0.432033]; residual 2.2e-16
  birth track d 2 m 4.100: f -1.035e-05; support [0.26716 2.18001 4.09954]; weights [0.10047 0.47042 0.42911]; residual 1.1e-13
  birth track d 2 m 4.125: f -4.441e-16; support [-0.       2.18832  4.12454]; weights [0.09696 0.47577 0.42726]; residual 4.4e-16
  birth track d 2 m 4.150: f -2.514e-13; support [-0.       2.20567  4.14954]; weights [0.09786 0.47742 0.42472]; residual 1.7e-10
  birth track d 2 m 4.175: f -4.441e-16; support [-0.       2.22281  4.17454]; weights [0.09871 0.47905 0.42224]; residual 3.7e-10
  birth track d 2 m 4.200: f -1.959e-12; support [-0.       2.23975  4.19954]; weights [0.09952 0.48064 0.41984]; residual 5.7e-10
  birth track d 2 m 4.225: f +3.356e-12; support [-0.       2.25651  4.22454]; weights [0.10029 0.48221 0.4175 ]; residual 8.0e-10
  state at root - 0.01: support [-0.        2.232998  4.189545]; weights [0.099201 0.480009 0.420791]; residual 4.8e-10; interior excess +3.06e-03
CHAIN d 2 e5 birth: m 4.19954503; support [-0.        2.239754  4.199545]; weights [0.09952  0.480643 0.419837]; residual 6.7e-16
  split track d 2 m 4.210: f +1.969e-02; support [ 0.      -0.       2.24648  4.20955]; weights [0.00265 0.09718 0.48127 0.4189 ]; residual 1.1e-13
  split track d 2 m 4.235: f +2.426e-02; support [ 0.      -0.       2.26317  4.23455]; weights [0.00236 0.09823 0.48283 0.41659]; residual 4.4e-16
  split track d 2 m 4.260: f +2.908e-02; support [ 0.      -0.       2.27969  4.25955]; weights [0.0048  0.09651 0.48435 0.41435]; residual 1.1e-13
  split track d 2 m 4.285: f +3.416e-02; support [ 0.      -0.       2.29604  4.28455]; weights [0.00476 0.09723 0.48584 0.41217]; residual 4.4e-16
  split track d 2 m 4.310: f +3.950e-02; support [ 0.      -0.       2.31224  4.30955]; weights [0.00079 0.10185 0.48731 0.41006]; residual 2.2e-16
  split track d 2 m 4.335: f +4.511e-02; support [ 0.      -0.       2.32829  4.33455]; weights [0.00078 0.10247 0.48874 0.40801]; residual 3.3e-13
  split track d 2 m 4.360: f +5.099e-02; support [ 0.      -0.       2.34419  4.35955]; weights [-0.00587  0.10971  0.49014  0.40602]; residual 1.1e-13
  split track d 2 m 4.385: f +5.714e-02; support [ 0.      -0.       2.35996  4.38455]; weights [ 0.23909 -0.13469  0.49151  0.40409]; residual 1.1e-13
  split track d 2 m 4.410: f +6.356e-02; support [ 0.      -0.       2.3756   4.40955]; weights [ 0.27912 -0.17419  0.49285  0.40222]; residual 1.1e-13
  split track d 2 m 4.435: f +1.967e-04; support [ 0.00000e+00 -1.93000e-03  2.54195e+00  4.43455e+00]; weights [-2.97626683e+04  2.97628316e+04  4.53610000e-01  3.83070000e-01]; residual 3.6e-07
  split track d 2 m 4.460: f +5.944e-06; support [ 0.00000e+00 -1.89000e-03  2.56494e+00  4.45955e+00]; weights [-3.23413304e+04  3.23414965e+04  4.53790000e-01  3.80130000e-01]; residual 9.4e-09
  split track d 2 m 4.485: f +1.192e-05; support [ 0.00000e+00 -1.94000e-03  2.58717e+00  4.48455e+00]; weights [-3.22867885e+04  3.22869571e+04  4.54160000e-01  3.77300000e-01]; residual 1.1e-09
  split track d 2 m 4.510: f +1.103e-05; support [ 0.00000e+00 -1.95000e-03  2.60899e+00  4.50955e+00]; weights [-3.30213093e+04  3.30214802e+04  4.54600000e-01  3.74540000e-01]; residual 9.6e-10
  split track d 2 m 4.535: f +1.897e-05; support [ 0.00000e+00 -1.99000e-03  2.63040e+00  4.53455e+00]; weights [-3.30232962e+04  3.30234693e+04  4.55110000e-01  3.71850000e-01]; residual 1.4e-08
  split track d 2 m 4.560: f +2.741e-05; support [ 0.00000e+00 -2.03000e-03  2.65143e+00  4.55955e+00]; weights [-3.28614621e+04  3.28616371e+04  4.55690000e-01  3.69230000e-01]; residual 3.1e-08
  split track d 2 m 4.585: f +1.278e-05; support [ 0.00000e+00 -2.08000e-03  2.67213e+00  4.58455e+00]; weights [-3.22799619e+04  3.22801389e+04  4.56320000e-01  3.66680000e-01]; residual 1.8e-10
  split track d 2 m 4.610: f +5.529e-06; support [ 0.00000e+00 -2.09000e-03  2.69247e+00  4.60955e+00]; weights [-3.31981113e+04  3.31982901e+04  4.57000000e-01  3.64200000e-01]; residual 1.5e-08
  split track d 2 m 4.635: f +6.379e-05; support [ 0.00000e+00 -2.12000e-03  2.71242e+00  4.63455e+00]; weights [-3.29230664e+04  3.29232469e+04  4.57730000e-01  3.61790000e-01]; residual 1.1e-07
  split track d 2 m 4.660: f +1.104e-05; support [ 0.00000e+00 -2.14000e-03  2.73216e+00  4.65955e+00]; weights [-3.32425210e+04  3.32427031e+04  4.58480000e-01  3.59430000e-01]; residual 5.4e-09
  split track d 2 m 4.685: f +5.617e-06; support [ 0.00000e+00 -2.15000e-03  2.75155e+00  4.68455e+00]; weights [-3.39143903e+04  3.39145739e+04  4.59260000e-01  3.57150000e-01]; residual 1.7e-08
  split track d 2 m 4.710: f +1.785e-05; support [ 0.00000e+00 -2.15000e-03  2.77064e+00  4.70955e+00]; weights [-3.47320475e+04  3.47322325e+04  4.60080000e-01  3.54930000e-01]; residual 8.9e-09
  split track d 2 m 4.735: f +1.150e-05; support [ 0.00000e+00 -2.17000e-03  2.78947e+00  4.73455e+00]; weights [-3.46762124e+04  3.46763987e+04  4.60910000e-01  3.52770000e-01]; residual 5.5e-09
  split track d 2 m 4.760: f +9.613e-06; support [ 0.00000e+00 -2.21000e-03  2.80802e+00  4.75955e+00]; weights [-3.42260451e+04  3.42262327e+04  4.61750000e-01  3.50670000e-01]; residual 1.1e-08
  split track d 2 m 4.785: f +2.030e-05; support [ 0.00000e+00 -2.20000e-03  2.82632e+00  4.78455e+00]; weights [-3.54757009e+04  3.54758897e+04  4.62620000e-01  3.48630000e-01]; residual 1.3e-08
  split track d 2 m 4.810: f +1.601e-05; support [ 0.00000e+00 -2.22000e-03  2.84438e+00  4.80955e+00]; weights [-3.54695957e+04  3.54697855e+04  4.63490000e-01  3.46660000e-01]; residual 3.2e-09
  split track d 2 m 4.835: f +8.954e-06; support [ 0.00000e+00 -2.25000e-03  2.86221e+00  4.83455e+00]; weights [-3.52188012e+04  3.52189921e+04  4.64370000e-01  3.44740000e-01]; residual 1.3e-08
  split track d 2 m 4.860: f +1.428e-05; support [ 0.00000e+00 -2.24000e-03  2.87981e+00  4.85955e+00]; weights [-3.60544306e+04  3.60546224e+04  4.65250000e-01  3.42880000e-01]; residual 1.4e-09
  split track d 2 m 4.885: f +1.351e-05; support [ 0.00000e+00 -2.23000e-03  2.89720e+00  4.88455e+00]; weights [-3.68281361e+04  3.68283289e+04  4.66140000e-01  3.41070000e-01]; residual 3.0e-09
  split track d 2 m 4.910: f -4.685e-06; support [ 0.00000e+00 -2.23000e-03  2.91440e+00  4.90955e+00]; weights [-3.76932840e+04  3.76934777e+04  4.67030000e-01  3.39320000e-01]; residual 4.3e-08
  split track d 2 m 4.935: f +2.171e-05; support [ 0.00000e+00 -2.23000e-03  2.93137e+00  4.93455e+00]; weights [-3.81748800e+04  3.81750744e+04  4.67920000e-01  3.37630000e-01]; residual 1.5e-08
  state at root - 0.01: support [ 0.000000e+00 -2.223000e-03  2.907543e+00  4.899550e+00]; weights [-3.75977362e+04  3.75979295e+04  4.66675000e-01  3.40017000e-01]; residual 7.7e-09; interior excess +3.87e-03
CHAIN d 2 e6 split: m 4.90955045; support [ 0.00000e+00 -2.22500e-03  2.91440e+00  4.90955e+00]; weights [-3.77469523e+04  3.77471460e+04  4.67029000e-01  3.39322000e-01]; residual 3.7e-08
  birth track d 2 m 4.930: f +2.188e+04; support [ 0.24252 -0.01664  2.91687  4.92955]; weights [ 5.54209956e+05 -5.54218534e+05  2.69510800e+01 -1.73732500e+01]; residual 3.0e+04
  birth track d 2 m 4.955: f +3.599e+01; support [ 0.2227  -0.20779  2.92549  4.95455]; weights [ 2.35296031e+07 -2.35293122e+07  1.33777822e+03 -1.62770790e+03]; residual 7.3e+01
  birth track d 2 m 4.980: f +3.426e+01; support [ 0.21602 -0.20202  2.92959  4.97955]; weights [ 1.14677716e+07 -1.14692737e+07  4.17692343e+03 -2.67390780e+03]; residual 6.6e+01
  birth track d 2 m 5.005: f +3.439e+01; support [ 0.21555 -0.19985  2.92558  5.00455]; weights [ 1.21213707e+07 -1.21230210e+07  4.52827947e+03 -2.87702035e+03]; residual 6.7e+01
  birth track d 2 m 5.030: f +3.499e+01; support [ 0.16081 -0.08719  2.68314  5.02955]; weights [ 2.96218623e+08 -2.96253820e+08  9.86188242e+04 -6.34202921e+04]; residual 7.2e+01
  birth track d 2 m 5.055: f -2.440e+01; support [ 0.16081 -0.08719  2.68314  5.05455]; weights [ 2.96218623e+08 -2.96253820e+08  9.86188242e+04 -6.34202921e+04]; residual 9.7e+01
  birth track d 2 m 5.080: f +3.099e+01; support [ 0.20806 -0.14854  2.66767  5.07955]; weights [ 2.94725449e+08 -2.94780225e+08  1.42294166e+05 -8.75174795e+04]; residual 6.3e+01
  state at root - 0.01: support [ 0.160617 -0.087072  2.684831  5.050095]; weights [-1.84389469e+09  1.84411037e+09 -6.10193837e+05  3.94523461e+05]; residual 6.4e+01; interior excess +8.17e+01
CHAIN d 2 e7 birth: m 5.06009490; support [ 0.183099 -0.169073  2.664587  5.060095]; weights [ 2.71747866e+08 -2.72975661e+08  2.07232206e+06 -8.44525873e+05]; residual 3.6e+01
  split track d 2 m 5.070: f +1.020e+02; support [ 0.       0.18306 -0.16913  2.66585  5.07009]; weights [-1.85818845e+05  2.55666548e+08 -2.57100871e+08  1.96448964e+06
 -3.44346552e+05]; residual 5.7e+01
  split track d 2 m 5.095: f +1.017e+02; support [ 0.       0.18302 -0.16917  2.67071  5.09509]; weights [ 7.25983639e+06 -7.08649417e+09  7.12459478e+09 -5.50636856e+07
  9.70323638e+06]; residual 5.6e+01
  split track d 2 m 5.120: f +1.017e+02; support [ 0.       0.18471 -0.1701   2.69503  5.12009]; weights [ 1.23096677e+09  5.53424505e+11 -5.58243017e+11  4.39628258e+09
 -8.08737374e+08]; residual 5.4e+01
  split track d 2 m 5.145: f +1.040e+02; support [ 0.       0.18471 -0.17016  2.70589  5.14509]; weights [ 3.01517509e+09 -1.33878262e+13  1.34732254e+13 -1.08710183e+11
  2.02957782e+10]; residual 5.4e+01
  split track d 2 m 5.170: f +1.063e+02; support [ 0.       0.18471 -0.17016  2.70589  5.17009]; weights [ 3.01517509e+09 -1.33878262e+13  1.34732254e+13 -1.08710183e+11
  2.02957782e+10]; residual 5.8e+01
  split track d 2 m 5.195: f +1.039e+02; support [ 0.       0.18469 -0.16997  2.72502  5.19509]; weights [ 4.33927465e+11  3.49649001e+14 -3.52330584e+14  2.75310134e+12
 -5.05445296e+11]; residual 5.3e+01
  split track d 2 m 5.220: f +1.076e+02; support [ 0.       0.18469 -0.16997  2.72502  5.22009]; weights [ 4.33927465e+11  3.49649001e+14 -3.52330584e+14  2.75310134e+12
 -5.05445296e+11]; residual 5.6e+01
  split track d 2 m 5.245: f +1.034e+02; support [ 0.       0.18467 -0.17001  2.73183  5.24509]; weights [ 1.42989462e+13 -1.04049663e+16  1.04686479e+16 -9.95527336e+13
  2.15721966e+13]; residual 4.9e+01
  split track d 2 m 5.270: f +1.035e+02; support [ 0.       0.18484 -0.16984  2.74299  5.27009]; weights [ 1.14986121e+15 -2.15702353e+18  2.17158797e+18 -1.98890976e+16
  4.17479408e+15]; residual 5.0e+01
  split track d 2 m 5.295: f +1.161e+02; support [ 0.       0.18484 -0.16984  2.74299  5.29509]; weights [ 1.14986121e+15 -2.15702353e+18  2.17158797e+18 -1.98890976e+16
  4.17479408e+15]; residual 6.4e+01
  split track d 2 m 5.320: f +1.054e+02; support [ 0.       0.18487 -0.16987  2.75815  5.32009]; weights [-5.60320652e+16  6.20608436e+18 -6.20341428e+18  7.01109932e+16
 -1.67490016e+16]; residual 4.2e+01
  split track d 2 m 5.345: f +1.117e+02; support [ 0.       0.18487 -0.16987  2.75815  5.34509]; weights [-5.60320652e+16  6.20608436e+18 -6.20341428e+18  7.01109932e+16
 -1.67490016e+16]; residual 4.5e+01
  split track d 2 m 5.370: f +1.048e+02; support [ 0.       0.18466 -0.17023  2.76064  5.37009]; weights [-6.40092954e+18 -2.22969790e+20  2.30976135e+20 -2.12053633e+18
  5.15120548e+17]; residual 4.1e+01
  split track d 2 m 5.395: f +1.124e+02; support [ 0.       0.18466 -0.17023  2.76064  5.39509]; weights [-6.40092954e+18 -2.22969790e+20  2.30976135e+20 -2.12053633e+18
  5.15120548e+17]; residual 5.3e+01
  split track d 2 m 5.420: f +1.057e+02; support [ 0.       0.18461 -0.17018  2.77073  5.42009]; weights [-5.60500459e+18 -2.23262279e+20  2.30686064e+20 -2.46336526e+18
  6.44585126e+17]; residual 4.0e+01
  split track d 2 m 5.445: f +1.252e+02; support [ 0.       0.18461 -0.17018  2.77073  5.44509]; weights [-5.60500459e+18 -2.23262279e+20  2.30686064e+20 -2.46336526e+18
  6.44585126e+17]; residual 6.1e+01
  split track d 2 m 5.470: f +1.079e+02; support [ 0.       0.18439 -0.16998  2.79017  5.47009]; weights [-2.45323748e+21  6.46724169e+24 -6.52374313e+24  7.96447772e+22
 -2.06900939e+22]; residual 3.7e+01
  split track d 2 m 5.495: f +1.107e+02; support [ 0.       0.18439 -0.16998  2.79017  5.49509]; weights [-2.45323748e+21  6.46724169e+24 -6.52374313e+24  7.96447772e+22
 -2.06900939e+22]; residual 4.8e+01
  split track d 2 m 5.520: f +1.067e+02; support [ 0.       0.18274 -0.16889  2.79012  5.52009]; weights [ 2.62829966e+22 -6.62296577e+27  6.68282075e+27 -8.07710732e+25
  2.08898087e+25]; residual 3.6e+01
  split track d 2 m 5.545: f +1.065e+02; support [ 0.       0.18443 -0.17134  2.78945  5.54509]; weights [ 3.51206845e+31 -9.06076437e+36  9.14314208e+36 -1.11280705e+35
  2.88678719e+34]; residual 3.6e+01
  split track d 2 m 5.570: f +1.067e+02; support [ 0.       0.18424 -0.17146  2.79132  5.57009]; weights [-3.45154985e+36 -1.89909424e+41  1.91661496e+41 -2.36772140e+39
  6.19101642e+38]; residual 3.5e+01
  split track d 2 m 5.595: f +1.070e+02; support [ 0.       0.18415 -0.17148  2.78482  5.59509]; weights [ 5.34553798e+36 -1.89902923e+41  1.91732500e+41 -2.47843299e+39
  6.43510653e+38]; residual 3.5e+01
  split track d 2 m 5.620: f +1.073e+02; support [ 0.       0.18407 -0.17149  2.782    5.62009]; weights [-3.99742242e+36 -1.89004194e+41  1.90916567e+41 -2.57758116e+39
  6.69205142e+38]; residual 3.5e+01
  split track d 2 m 5.645: f +1.076e+02; support [ 0.       0.18399 -0.1716   2.78268  5.64509]; weights [ 8.67314874e+36 -1.89000963e+41  1.90960522e+41 -2.66470011e+39
  6.96468062e+38]; residual 3.5e+01
  split track d 2 m 5.670: f +1.081e+02; support [ 0.       0.18431 -0.17132  2.78112  5.67009]; weights [ 4.56298773e+38 -1.88623131e+41  1.90361295e+41 -2.97395412e+39
  7.79491513e+38]; residual 3.5e+01
  split track d 2 m 5.695: f +1.092e+02; support [ 0.       0.18416 -0.17154  2.77841  5.69509]; weights [ 5.46459918e+39 -9.60032058e+41  9.66701705e+41 -1.65612403e+40
  4.42699423e+39]; residual 3.6e+01
  split track d 2 m 5.720: f +1.086e+02; support [ 0.       0.18412 -0.17155  2.77998  5.72009]; weights [-4.24148654e+39 -9.65618917e+41  9.82104232e+41 -1.67737396e+40
  4.52991133e+39]; residual 3.3e+01
  split track d 2 m 5.745: f +1.086e+02; support [ 0.       0.1819  -0.16932  2.78465  5.74509]; weights [-1.94446356e+43 -8.28284850e+44  8.56916339e+44 -1.25667879e+43
  3.37993433e+42]; residual 3.2e+01
  split track d 2 m 5.770: f +7.893e+01; support [ 0.       0.18207 -0.16942  2.79337  5.77009]; weights [-1.01029184e+44 -6.31602158e+44  7.33109226e+44 -6.47628565e+41
  1.69744822e+41]; residual 2.3e+01
  split track d 2 m 5.795: f +7.273e+01; support [ 0.       0.18207 -0.16942  2.79337  5.79509]; weights [-1.01029184e+44 -6.31602158e+44  7.33109226e+44 -6.47628565e+41
  1.69744822e+41]; residual 3.0e+01
  split track d 2 m 5.820: f +8.699e+01; support [ 0.       0.18201 -0.16937  2.81378  5.82009]; weights [-9.48130727e+43 -6.34817520e+44  7.30400729e+44 -1.01705319e+42
  2.46917115e+41]; residual 3.3e+01
  split track d 2 m 5.845: f +9.500e+01; support [ 0.       0.18201 -0.16937  2.81378  5.84509]; weights [-9.48130727e+43 -6.34817520e+44  7.30400729e+44 -1.01705319e+42
  2.46917115e+41]; residual 3.7e+01
  split track d 2 m 5.870: f +7.440e+01; support [ 0.       0.18202 -0.16939  2.82757  5.87009]; weights [-9.54559009e+43 -6.12033411e+44  7.07967624e+44 -6.26920912e+41
  1.48608578e+41]; residual 2.4e+01
  split track d 2 m 5.895: f +8.516e+01; support [ 0.       0.18202 -0.16939  2.82757  5.89509]; weights [-9.54559009e+43 -6.12033411e+44  7.07967624e+44 -6.26920912e+41
  1.48608578e+41]; residual 2.6e+01
  split track d 2 m 5.920: f +7.449e+00; support [ 0.       0.18206 -0.16939  2.84138  5.92009]; weights [-1.01084975e+44 -6.48829561e+44  7.50046607e+44 -5.40354017e+40
 -7.80357474e+40]; residual 7.0e+00
  split track d 2 m 5.945: f +6.882e+00; support [ 0.       0.18206 -0.16939  2.88888  5.94509]; weights [-1.01157275e+44 -6.48709842e+44  7.49997292e+44 -5.47985822e+40
 -7.53761203e+40]; residual 6.1e+00
  split track d 2 m 5.970: f +7.696e+00; support [ 0.       0.18206 -0.16939  2.88888  5.97009]; weights [-1.01157275e+44 -6.48709842e+44  7.49997292e+44 -5.47985822e+40
 -7.53761203e+40]; residual 6.9e+00
  split track d 2 m 5.995: f +2.726e+00; support [ 0.       0.18241 -0.16963  4.69454  5.99509]; weights [-1.01117372e+44 -6.52529610e+44  7.53742682e+44 -7.94529449e+40
 -1.62465964e+40]; residual 1.3e+00
  split track d 2 m 6.020: f +2.752e+00; support [ 0.       0.18241 -0.16963  4.69454  6.02009]; weights [-1.01117372e+44 -6.52529610e+44  7.53742682e+44 -7.94529449e+40
 -1.62465964e+40]; residual 1.3e+00
  split track d 2 m 6.045: f +2.437e+00; support [ 0.       0.18289 -0.1701   6.6338   6.04509]; weights [-1.01088479e+44 -6.52761203e+44  7.53945637e+44 -4.54382806e+40
 -5.05159549e+40]; residual 4.4e-01
  split track d 2 m 6.070: f +2.436e+00; support [ 0.       0.18289 -0.1701   6.6338   6.07009]; weights [-1.01088479e+44 -6.52761203e+44  7.53945637e+44 -4.54382806e+40
 -5.05159549e+40]; residual 4.4e-01
  split track d 2 m 6.095: f +2.436e+00; support [ 0.       0.18289 -0.1701   6.6338   6.09509]; weights [-1.01088479e+44 -6.52761203e+44  7.53945637e+44 -4.54382806e+40
 -5.05159549e+40]; residual 4.4e-01
  split track d 2 m 6.120: f +2.277e+00; support [ 0.       0.18252 -0.16976  6.50579  6.12009]; weights [-1.01092259e+44 -6.52772376e+44  7.53956839e+44 -3.16387947e+40
 -6.05655456e+40]; residual 4.1e-01
  split track d 2 m 6.145: f +2.276e+00; support [ 0.       0.18252 -0.16976  6.50579  6.14509]; weights [-1.01092259e+44 -6.52772376e+44  7.53956839e+44 -3.16387947e+40
 -6.05655456e+40]; residual 4.1e-01
  split track d 2 m 6.170: f +2.276e+00; support [ 0.       0.18252 -0.16976  6.50579  6.17009]; weights [-1.01092259e+44 -6.52772376e+44  7.53956839e+44 -3.16387947e+40
 -6.05655456e+40]; residual 4.1e-01
  split track d 2 m 6.195: f +2.275e+00; support [ 0.       0.18252 -0.16976  6.50579  6.19509]; weights [-1.01092259e+44 -6.52772376e+44  7.53956839e+44 -3.16387947e+40
 -6.05655456e+40]; residual 4.1e-01
  split track d 2 m 6.220: f +2.275e+00; support [ 0.       0.18252 -0.16976  6.50579  6.22009]; weights [-1.01092259e+44 -6.52772376e+44  7.53956839e+44 -3.16387947e+40
 -6.05655456e+40]; residual 4.1e-01
  split track d 2 m 6.245: f +2.274e+00; support [ 0.       0.18252 -0.16976  6.50579  6.24509]; weights [-1.01092259e+44 -6.52772376e+44  7.53956839e+44 -3.16387947e+40
 -6.05655456e+40]; residual 4.1e-01
  split track d 2 m 6.270: f +2.274e+00; support [ 0.       0.18252 -0.16976  6.50579  6.27009]; weights [-1.01092259e+44 -6.52772376e+44  7.53956839e+44 -3.16387947e+40
 -6.05655456e+40]; residual 4.1e-01
  split track d 2 m 6.295: f +2.273e+00; support [ 0.       0.18252 -0.16976  6.50579  6.29509]; weights [-1.01092259e+44 -6.52772376e+44  7.53956839e+44 -3.16387947e+40
 -6.05655456e+40]; residual 4.1e-01
  split track d 2 m 6.320: f +2.273e+00; support [ 0.       0.18252 -0.16976  6.50579  6.32009]; weights [-1.01092259e+44 -6.52772376e+44  7.53956839e+44 -3.16387947e+40
 -6.05655456e+40]; residual 4.1e-01
  split track d 2 m 6.345: f +2.272e+00; support [ 0.       0.18252 -0.16976  6.50579  6.34509]; weights [-1.01092259e+44 -6.52772376e+44  7.53956839e+44 -3.16387947e+40
 -6.05655456e+40]; residual 4.1e-01
  split track d 2 m 6.370: f +2.272e+00; support [ 0.       0.18252 -0.16976  6.50579  6.37009]; weights [-1.01092259e+44 -6.52772376e+44  7.53956839e+44 -3.16387947e+40
 -6.05655456e+40]; residual 4.1e-01
  split track d 2 m 6.395: f +2.271e+00; support [ 0.       0.18252 -0.16976  6.50579  6.39509]; weights [-1.01092259e+44 -6.52772376e+44  7.53956839e+44 -3.16387947e+40
 -6.05655456e+40]; residual 4.1e-01
  split track d 2 m 6.420: f +2.084e+00; support [ 0.       0.18254 -0.1698   6.48301  6.42009]; weights [-1.01086291e+44 -6.52776797e+44  7.53953847e+44  1.95049815e+41
 -2.85809086e+41]; residual 3.8e-01
  split track d 2 m 6.445: f +2.082e+00; support [ 0.       0.18254 -0.1698   6.48301  6.44509]; weights [-1.01086291e+44 -6.52776797e+44  7.53953847e+44  1.95049815e+41
 -2.85809086e+41]; residual 3.8e-01
  split track d 2 m 6.470: f +2.080e+00; support [ 0.       0.18254 -0.1698   6.48301  6.47009]; weights [-1.01086291e+44 -6.52776797e+44  7.53953847e+44  1.95049815e+41
 -2.85809086e+41]; residual 4.0e-01
  split track d 2 m 6.495: f +2.214e+00; support [ 0.       0.1806  -0.16798  6.50721  6.49509]; weights [-1.01057240e+44 -6.52807151e+44  7.53952800e+44  1.30036074e+42
 -1.38876936e+42]; residual 4.0e-01
  split track d 2 m 6.520: f +2.119e+00; support [ 0.       0.1806  -0.16798  6.50721  6.52009]; weights [-1.01057240e+44 -6.52807151e+44  7.53952800e+44  1.30036074e+42
 -1.38876936e+42]; residual 1.0e+00
  split track d 2 m 6.545: f +4.458e+01; support [ 0.       0.18128 -0.16864  6.50737  6.54509]; weights [-1.00991274e+44 -6.53152846e+44  7.54238219e+44  1.38737610e+42
 -1.48147503e+42]; residual 1.5e+02
  split track d 2 m 6.570: f +7.902e+00; support [ 0.       0.18128 -0.16864  6.50737  6.57009]; weights [-1.00991274e+44 -6.53152846e+44  7.54238219e+44  1.38737610e+42
 -1.48147503e+42]; residual 2.8e+02
  split track d 2 m 6.595: f +1.000e+01; support [ 0.       0.18141 -0.16871  6.50769  6.59509]; weights [-1.00682172e+44 -6.53392172e+44  7.54175229e+44  1.42097269e+42
 -1.52185681e+42]; residual 1.4e+02
  split track d 2 m 6.620: f +1.104e+02; support [ 0.       0.18212 -0.16939  6.50349  6.62009]; weights [-1.00765945e+44 -6.53361774e+44  7.54222946e+44  1.33808615e+42
 -1.43331221e+42]; residual 1.2e+02
  split track d 2 m 6.645: f +1.389e+02; support [ 0.       0.17073 -0.15862  6.55982  6.64509]; weights [-1.05965857e+45  2.44367182e+43  1.02908613e+45 -5.48297892e+43
  6.09655121e+43]; residual 2.4e+02
  split track d 2 m 6.670: f +1.454e+02; support [ 0.       0.16504 -0.15873  6.55843  6.67009]; weights [-1.00693447e+45  2.40263984e+43  9.77034203e+44 -5.17628698e+43
  5.76367418e+43]; residual 2.2e+02
  split track d 2 m 6.695: f +1.639e+02; support [ 0.       0.15163 -0.15934  6.55826  6.69509]; weights [-1.02025631e+45 -5.14244614e+42  1.01940326e+45 -5.21601902e+43
  5.81556865e+43]; residual 1.9e+02
  split track d 2 m 6.720: f +1.825e+02; support [ 0.       0.13292 -0.15949  6.55069  6.72009]; weights [-9.00503365e+44 -2.35712325e+43  9.18703719e+44 -4.27570347e+43
  4.81279129e+43]; residual 2.3e+02
  split track d 2 m 6.745: f +1.099e+02; support [ 0.       0.09001 -0.16013  6.54696  6.74509]; weights [-5.96662182e+44 -9.11712833e+43  6.84308344e+44 -2.91064458e+43
  3.26315673e+43]; residual 1.3e+02
  split track d 2 m 6.770: f +1.350e+02; support [ 0.       0.09324 -0.15987  6.54796  6.77009]; weights [-6.41962536e+44 -8.83983829e+43  7.26592168e+44 -3.11268855e+43
  3.48956365e+43]; residual 1.5e+02
  split track d 2 m 6.795: f +1.741e+02; support [ 0.       0.0919  -0.1603   6.53982  6.79509]; weights [-6.42430350e+44 -8.92500723e+43  7.27636232e+44 -3.27246944e+43
  3.67688856e+43]; residual 2.0e+02
  split track d 2 m 6.820: f +1.414e+02; support [ 0.       0.09318 -0.16032  6.54765  6.82009]; weights [-8.37271170e+44 -2.70543954e+44  1.10217447e+45 -4.72293723e+43
  5.28700257e+43]; residual 1.1e+02
  split track d 2 m 6.845: f +1.117e+02; support [ 0.       0.09318 -0.16032  6.54765  6.84509]; weights [-8.37271170e+44 -2.70543954e+44  1.10217447e+45 -4.72293723e+43
  5.28700257e+43]; residual 1.9e+02
  split track d 2 m 6.870: f +1.089e+02; support [ 0.       0.07975 -0.16145  6.5471   6.87009]; weights [-3.11185536e+45 -3.99137342e+43  3.13398508e+45 -1.50908632e+44
  1.68692649e+44]; residual 5.5e+01
  split track d 2 m 6.895: f +1.168e+02; support [ 0.       0.07115 -0.15932  6.64379  6.89509]; weights [ 5.62118918e+45 -1.82781730e+46  1.26072940e+46 -5.21504495e+44
  5.71194323e+44]; residual 6.6e+01
  split track d 2 m 6.920: f +1.167e+02; support [ 0.       0.07115 -0.15926  6.63065  6.92009]; weights [ 1.13039485e+47  1.07053218e+47 -2.18989872e+47  1.15928760e+46
 -1.26957070e+46]; residual 4.8e+01
  split track d 2 m 6.945: f +1.130e+02; support [ 0.       0.07116 -0.15988  6.62522  6.94509]; weights [ 2.03422083e+48 -1.91187550e+48 -1.19433598e+47  2.97257847e+46
 -3.26375198e+46]; residual 4.2e+01
  split track d 2 m 6.970: f -4.827e+01; support [ 0.       0.07117 -0.15989  6.62843  6.97009]; weights [-8.17098528e+46  1.20156119e+47 -3.84899825e+46  1.37679568e+45
 -1.33307924e+45]; residual 7.0e+01
  split track d 2 m 6.995: f +5.626e+01; support [ 0.       0.07175 -0.15813  6.64141  6.99509]; weights [-7.76907387e+46  1.17802719e+47 -4.01575778e+46  1.55260729e+45
 -1.50700953e+45]; residual 8.1e+00
  state at root - 0.01: support [ 0.        0.07115  -0.159917  6.631203  6.970311]; weights [-8.46352657e+46  1.12570387e+47 -2.79524189e+46  5.54678762e+44
 -5.37381173e+44]; residual 8.4e+00; interior excess +1.82e+03
CHAIN d 2 e8 split: m 6.98031087; support [ 0.        0.070951 -0.160409  6.642361  6.980311]; weights [-1.49989469e+46  5.85546226e+46 -4.36493286e+46  3.24034290e+45
 -3.14669002e+45]; residual 5.5e+01
  birth track d 2 m 7.000: f -1.712e-01; support [ 0.25635  0.06757 -0.16079  6.64576  7.00031]; weights [-2.09691697e+47  1.61890602e+47  4.71275330e+46  2.13512730e+46
 -2.06777113e+46]; residual 6.8e+00
  birth track d 2 m 7.025: f +9.191e+01; support [ 0.25635  0.06757 -0.16079  6.64576  7.02531]; weights [-2.09691697e+47  1.61890602e+47  4.71275330e+46  2.13512730e+46
 -2.06777113e+46]; residual 9.2e+01
  state at root - 0.01: support [ 0.256634  0.068238 -0.160942  6.585388  6.990344]; weights [-5.71877568e+47  2.85964629e+47  2.84222019e+47  4.68360690e+46
 -4.51451489e+46]; residual 6.6e+01; interior excess +8.50e+02
CHAIN d 2 e9 birth: m 7.00034448; support [ 0.256346  0.067575 -0.160789  6.645759  7.000344]; weights [-2.09691697e+47  1.61890602e+47  4.71275330e+46  2.13512730e+46
 -2.06777113e+46]; residual 6.6e+00
  split track d 2 m 7.010: f -9.335e+00; support [ 0.       0.25683  0.06494 -0.15728  6.64594  7.01034]; weights [ 1.77766855e+08 -2.09714015e+47  1.61912902e+47  4.71231044e+46
  2.13211392e+46 -2.06431313e+46]; residual 4.8e+01
  split track d 2 m 7.035: f -3.511e+00; support [ 0.       0.25683  0.06494 -0.15728  6.64594  7.03534]; weights [ 1.77766855e+08 -2.09714015e+47  1.61912902e+47  4.71231044e+46
  2.13211392e+46 -2.06431313e+46]; residual 8.4e+01
  split track d 2 m 7.060: f +2.688e+01; support [ 0.       0.25994  0.05542 -0.15767  6.6899   7.06034]; weights [ 1.15089502e+08 -3.60978875e+47  3.67767884e+47 -8.04329780e+45
  4.24978797e+46 -4.12435902e+46]; residual 7.8e+00
  state at root - 0.01: support [ 0.        0.257784  0.05941  -0.149492  6.645971  7.026157]; weights [ 4.62202564e+09 -2.18539827e+47  1.11687124e+47  1.06198430e+47
  2.03712989e+46 -1.97170258e+46]; residual 5.6e+01; interior excess +5.59e+01
CHAIN d 2 e10 split: m 7.03615730; support [ 0.        0.264278  0.146612 -0.157387  6.646564  7.036157]; weights [ 1.83614173e+08 -5.53376554e+47  9.64960373e+47 -4.13194104e+47
  5.61076877e+46 -5.44974031e+46]; residual 3.5e+01
  birth track d 2 m 7.056: f +1.355e+00; support [ 0.25342  0.2644   0.14649 -0.15766  6.64652  7.05616]; weights [-1.82124666e+10 -5.54914713e+47  9.64110720e+47 -4.10808349e+47
  5.62778534e+46 -5.46655111e+46]; residual 5.8e+01
  birth track d 2 m 7.081: f +3.292e+01; support [ 0.27267  0.26553  0.14731 -0.15878  6.65048  7.08116]; weights [ 1.80303480e+12 -3.91723225e+47  9.58217898e+47 -5.67661199e+47
  4.17286527e+46 -4.05621270e+46]; residual 5.7e+01
  birth track d 2 m 7.106: f +9.374e+00; support [ 0.23978  0.26512  0.14693 -0.15846  6.60839  7.10616]; weights [-7.96496895e+12  6.81790227e+46  2.11419260e+47 -2.79412793e+47
 -5.58347315e+45  5.39798369e+45]; residual 3.4e+01
  birth track d 2 m 7.131: f -8.219e+00; support [ 0.23978  0.26512  0.14693 -0.15846  6.60839  7.13116]; weights [-7.96496895e+12  6.81790227e+46  2.11419260e+47 -2.79412793e+47
 -5.58347315e+45  5.39798369e+45]; residual 7.6e+01
  birth track d 2 m 7.156: f +1.636e-01; support [ 7.20000e-04  2.64550e-01  1.46660e-01 -1.58370e-01  6.60451e+00
  7.15616e+00]; weights [-7.96496399e+12  1.50886842e+47  9.17764850e+46 -2.42159885e+47
 -1.51041643e+46  1.46007228e+46]; residual 1.3e+01
  state at root - 0.01: support [ 0.097038  0.264758  0.146613 -0.15824   6.608921  7.146156]; weights [-7.96496873e+12  7.14011880e+46  1.96213326e+47 -2.67417523e+47
 -6.13689521e+45  5.93990410e+45]; residual 6.8e+01; interior excess +1.12e+01
CHAIN d 2 e11 birth: m 7.15615589; support [ 2.169000e-03  2.650390e-01  1.467840e-01 -1.583590e-01  6.596685e+00
  7.156156e+00]; weights [-7.98454870e+12  4.15036236e+46  2.46589223e+47 -2.88006442e+47
 -2.40772830e+45  2.32132372e+45]; residual 1.2e+01
centre_scripts\q868_lfp_events_dimd.py:20: RuntimeWarning: overflow encountered in exp
  return (np.where(small, np.exp(-x)*(1 + x*x/(2*d)), K), np.where(small, x/d - x**3/(d*d*(d + 2)), A))
centre_scripts\q868_lfp_events_dimd.py:33: RuntimeWarning: invalid value encountered in multiply
  K, A = kern(d, r*rho); e = wi*np.exp(-(rho - r)**2/2)*K
centre_scripts\q868_lfp_events_dimd.py:40: RuntimeWarning: invalid value encountered in multiply
  f = cd(d)*x**(d - 1)*np.exp(-(x - t)**2/2)*K
  split track d 2 m 7.166: f -8.226e+00; support [ 0.00000e+00  2.00000e-05  2.65180e-01  1.46810e-01 -1.58310e-01
  6.59570e+00  7.16616e+00]; weights [ 2.62643229e+12 -1.84854483e+12  3.78735133e+46  2.23776541e+47
 -2.61571006e+47 -2.18936639e+45  2.11031726e+45]; residual 5.3e+01
  split track d 2 m 7.191: f -3.098e+01; support [ 0.00000e+00  4.70000e-04  2.64850e-01  1.46680e-01 -1.58410e-01
  6.58933e+00  7.19116e+00]; weights [-1.00054495e+17 -1.32754901e+16 -6.54308196e+50 -2.31893013e+51
  2.97135066e+51  5.11167446e+49 -4.92290763e+49]; residual 7.1e+01
  split track d 2 m 7.216: f +5.113e+01; support [ 0.00000e+00  1.00000e-05  2.63960e-01  1.46030e-01 -1.58290e-01
  6.58818e+00  7.21616e+00]; weights [-1.00058528e+17 -1.32736878e+16 -6.69993923e+50 -2.04170846e+51
  2.70972614e+51  5.40942100e+49 -5.21179646e+49]; residual 1.4e+01
