  birth track d 2 m 12.938: f -2.092e-07; support [ 0.64297  1.87191  3.24817  4.67772  6.15549  7.69198  9.30659 11.03296
 12.93843]; weights [0.01901 0.06886 0.11615 0.15163 0.17042 0.16921 0.14692 0.10573 0.05207]; residual 3.6e-12
  birth track d 2 m 12.963: f -2.322e-07; support [ 0.67302  1.89739  3.27177  4.7016   6.17988  7.71672  9.3315  11.05794
 12.96343]; weights [0.01995 0.06928 0.11645 0.1517  0.17023 0.1688  0.14644 0.10531 0.05184]; residual 3.2e-07
  birth track d 2 m 12.988: f -1.691e-07; support [ 0.67563  1.90778  3.2888   4.72287  6.20339  7.74121  9.35636 11.0829
 12.98843]; weights [0.02009 0.06983 0.11703 0.152   0.17014 0.16843 0.14596 0.10489 0.05161]; residual 1.2e-06
  birth track d 2 m 13.013: f -6.100e-07; support [ 0.77545  1.98454  3.33783  4.75817  6.23243  7.76761  9.38176 11.10798
 13.01343]; weights [0.02364 0.07022 0.11639 0.15123 0.16945 0.16781 0.14541 0.10446 0.05139]; residual 1.6e-12
  birth track d 2 m 13.038: f -7.797e-07; support [ 0.80628  2.01829  3.36694  4.78482  6.25805  7.79282  9.40681 11.13298
 13.03843]; weights [0.02494 0.07083 0.11653 0.15112 0.16913 0.16735 0.1449  0.10405 0.05116]; residual 2.0e-12
  birth track d 2 m 13.063: f -9.630e-07; support [ 0.83293  2.05023  3.3956   4.81137  6.28364  7.81802  9.43187 11.15799
 13.06343]; weights [0.02613 0.07148 0.11671 0.15101 0.16881 0.16689 0.1444  0.10363 0.05094]; residual 1.4e-12
  birth track d 2 m 13.088: f -1.156e-06; support [ 0.85626  2.08045  3.42376  4.83778  6.3092   7.84322  9.45692 11.18299
 13.08843]; weights [0.02722 0.07219 0.11691 0.15092 0.1685  0.16643 0.14391 0.10322 0.05072]; residual 2.6e-12
  birth track d 2 m 13.113: f -1.356e-06; support [ 0.87691  2.10906  3.4514   4.86405  6.33472  7.8684   9.48197 11.208
 13.11343]; weights [0.02822 0.07292 0.11715 0.15084 0.16819 0.16597 0.14341 0.10281 0.0505 ]; residual 1.6e-12
  birth track d 2 m 13.138: f -1.558e-06; support [ 0.89536  2.13616  3.47851  4.89015  6.3602   7.89358  9.50702 11.233
 13.13843]; weights [0.02915 0.07367 0.11742 0.15077 0.16788 0.16551 0.14292 0.1024  0.05028]; residual 1.3e-12
  birth track d 2 m 13.163: f -1.757e-06; support [ 0.912    2.16186  3.50507  4.91607  6.38562  7.91874  9.53207 11.258
 13.16343]; weights [0.03    0.07444 0.11772 0.15072 0.16758 0.16506 0.14243 0.10199 0.05006]; residual 3.1e-12
  birth track d 2 m 13.188: f -1.949e-06; support [ 0.92711  2.18627  3.53108  4.94181  6.41098  7.94388  9.55711 11.28301
 13.18843]; weights [0.03079 0.0752  0.11805 0.15069 0.16729 0.16461 0.14194 0.10159 0.04984]; residual 2.7e-12
  birth track d 2 m 13.213: f -2.127e-06; support [ 0.94094  2.20948  3.55653  4.96733  6.43627  7.96901  9.58215 11.30801
 13.21343]; weights [0.03152 0.07597 0.1184  0.15067 0.16701 0.16417 0.14145 0.10119 0.04962]; residual 2.9e-12
  birth track d 2 m 13.238: f -2.286e-06; support [ 0.95367  2.23159  3.58143  4.99265  6.46149  7.99411  9.60718 11.33301
 13.23843]; weights [0.0322  0.07674 0.11877 0.15067 0.16673 0.16373 0.14097 0.10079 0.04941]; residual 3.0e-12
  birth track d 2 m 13.263: f -2.419e-06; support [ 0.96546  2.25268  3.60579  5.01774  6.48663  8.01919  9.6322  11.35801
 13.26343]; weights [0.03283 0.07749 0.11916 0.15068 0.16647 0.16329 0.14049 0.10039 0.0492 ]; residual 1.8e-12
  birth track d 2 m 13.288: f -2.518e-06; support [ 0.97644  2.27283  3.6296   5.0426   6.51169  8.04424  9.65722 11.38301
 13.28843]; weights [0.03342 0.07823 0.11957 0.15071 0.16621 0.16286 0.14001 0.1     0.04898]; residual 2.9e-12
  birth track d 2 m 13.313: f -2.576e-06; support [ 0.9867   2.29212  3.65289  5.06722  6.53666  8.06926  9.68223 11.40801
 13.31343]; weights [0.03398 0.07896 0.12    0.15076 0.16596 0.16243 0.13954 0.0996  0.04877]; residual 1.9e-12
  birth track d 2 m 13.338: f -2.584e-06; support [ 0.99635  2.31062  3.67567  5.09159  6.56153  8.09425  9.70724 11.433
 13.33843]; weights [0.0345  0.07967 0.12044 0.15083 0.16572 0.16201 0.13906 0.09921 0.04856]; residual 4.0e-12
  birth track d 2 m 13.363: f -2.533e-06; support [ 1.00544  2.32838  3.69795  5.11572  6.5863   8.11921  9.73223 11.458
 13.36343]; weights [0.03499 0.08037 0.12089 0.1509  0.16549 0.16159 0.1386  0.09882 0.04836]; residual 1.8e-12
  birth track d 2 m 13.388: f -2.414e-06; support [ 1.01405  2.34546  3.71974  5.1396   6.61097  8.14413  9.75721 11.48299
 13.38843]; weights [0.03546 0.08105 0.12134 0.151   0.16527 0.16118 0.13813 0.09843 0.04815]; residual 8.9e-13
  birth track d 2 m 13.413: f -2.217e-06; support [ 1.02223  2.36192  3.74106  5.16322  6.63552  8.16901  9.78218 11.50798
 13.41343]; weights [0.03589 0.08171 0.1218  0.1511  0.16506 0.16077 0.13767 0.09805 0.04794]; residual 1.9e-12
  birth track d 2 m 13.438: f -1.930e-06; support [ 1.03002  2.3778   3.76193  5.18659  6.65997  8.19385  9.80714 11.53297
 13.43843]; weights [0.03631 0.08235 0.12227 0.15122 0.16486 0.16037 0.13721 0.09767 0.04774]; residual 1.9e-12
  birth track d 2 m 13.463: f -1.541e-06; support [ 1.03747  2.39314  3.78236  5.20971  6.68429  8.21864  9.83209 11.55796
 13.46343]; weights [0.03671 0.08297 0.12274 0.15135 0.16467 0.15998 0.13675 0.09729 0.04753]; residual 2.9e-12
  birth track d 2 m 13.488: f -1.040e-06; support [ 1.04461  2.40799  3.80237  5.23257  6.7085   8.24339  9.85702 11.58294
 13.48843]; weights [0.03708 0.08358 0.12321 0.1515  0.16449 0.15959 0.1363  0.09691 0.04733]; residual 2.3e-12
  birth track d 2 m 13.513: f -4.115e-07; support [ 1.05146  2.42237  3.82197  5.25518  6.73258  8.26809  9.88194 11.60792
 13.51343]; weights [0.03744 0.08417 0.12368 0.15165 0.16432 0.15921 0.13586 0.09653 0.04713]; residual 5.0e-12
  birth track d 2 m 13.538: f +3.570e-07; support [ 1.05806  2.43633  3.84118  5.27753  6.75653  8.29273  9.90684 11.63289
 13.53843]; weights [0.03778 0.08475 0.12416 0.15181 0.16416 0.15884 0.13541 0.09616 0.04693]; residual 3.1e-12
  state at root - 0.01: support [ 1.052526  2.42462   3.825051  5.258751  6.736397  8.272013  9.885902
 11.611893 13.517408]; weights [0.037497 0.084265 0.123759 0.151676 0.164295 0.159151 0.135785 0.096475
 0.047096]; residual 2.8e-12; interior excess +0.00e+00
CHAIN d 2 e3 birth: m 13.52740786; support [ 1.055178  2.430226  3.832757  5.267706  6.745985  8.281875  9.895864
 11.621884 13.527408]; weights [0.037635 0.084496 0.123948 0.151741 0.164232 0.159001 0.135607 0.096325
 0.047016]; residual 2.4e-12
  split track d 2 m 13.537: f -8.170e-07; support [ 0.       1.05179  2.433    3.83875  5.2757   6.75511  8.29156  9.90577
 11.63186 13.53741]; weights [-1.6000e-04  3.7760e-02  8.4730e-02  1.2418e-01  1.5186e-01  1.6421e-01
  1.5887e-01  1.3544e-01  9.6180e-02  4.6940e-02]; residual 1.4e-07
  split track d 2 m 13.562: f -1.002e-06; support [ 0.       1.14621  2.48108  3.87318  5.30463  6.78166  8.31709  9.93092
 11.65689 13.56241]; weights [0.00219 0.03818 0.0846  0.1239  0.15149 0.16377 0.15838 0.13496 0.0958
 0.04674]; residual 3.1e-12
  split track d 2 m 13.587: f -1.294e-06; support [ 0.       1.20017  2.51636  3.90191  5.331    6.80714  8.34225  9.95596
 11.68189 13.58741]; weights [0.00328 0.03895 0.08474 0.12388 0.15131 0.16343 0.15794 0.1345  0.09543
 0.04654]; residual 2.4e-12
  split track d 2 m 13.612: f -1.613e-06; support [ 0.       1.24704  2.55064  3.93046  5.35734  6.83263  8.36741  9.981
 11.70689 13.61241]; weights [0.00413 0.03988 0.08494 0.12387 0.15114 0.1631  0.1575  0.13404 0.09505
 0.04634]; residual 2.6e-12
  split track d 2 m 13.637: f -1.953e-06; support [ 0.       1.2882   2.58385  3.9588   5.38363  6.85811  8.39258 10.00605
 11.7319  13.63741]; weights [0.00481 0.04088 0.08521 0.12388 0.15097 0.16277 0.15706 0.13358 0.09469
 0.04614]; residual 5.6e-12
  split track d 2 m 13.662: f -2.310e-06; support [ 0.       1.32466  2.61593  3.98689  5.40987  6.88357  8.41773 10.03109
 11.7569  13.66241]; weights [0.00538 0.04192 0.08554 0.12392 0.1508  0.16243 0.15662 0.13313 0.09432
 0.04595]; residual 1.8e-12
  split track d 2 m 13.687: f -2.676e-06; support [ 0.       1.35722  2.64688  4.01469  5.43604  6.90903  8.44289 10.05613
 11.7819  13.68741]; weights [0.00585 0.04295 0.08592 0.12397 0.15064 0.1621  0.15618 0.13268 0.09395
 0.04576]; residual 3.9e-12
  split track d 2 m 13.712: f -3.045e-06; support [ 0.       1.38651  2.6767   4.04216  5.46212  6.93445  8.46804 10.08117
 11.80691 13.71241]; weights [0.00625 0.04396 0.08635 0.12405 0.15049 0.16178 0.15575 0.13222 0.09359
 0.04556]; residual 4.2e-12
  split track d 2 m 13.737: f -3.411e-06; support [ 0.       1.41304  2.7054   4.0693   5.4881   6.95986  8.49319 10.10621
 11.83191 13.73741]; weights [0.0066  0.04494 0.08682 0.12415 0.15035 0.16145 0.15531 0.13177 0.09322
 0.04537]; residual 4.2e-12
  split track d 2 m 13.762: f -3.764e-06; support [ 0.       1.43723  2.73301  4.09607  5.51397  6.98523  8.51833 10.13125
 11.85691 13.76241]; weights [0.0069  0.04588 0.08733 0.12428 0.15022 0.16113 0.15488 0.13133 0.09286
 0.04518]; residual 3.0e-12
  split track d 2 m 13.787: f -4.097e-06; support [ 0.       1.4594   2.75957  4.12245  5.53971  7.01056  8.54345 10.15629
 11.88191 13.78741]; weights [0.00717 0.04679 0.08787 0.12443 0.1501  0.16082 0.15445 0.13088 0.09251
 0.04499]; residual 2.0e-12
  split track d 2 m 13.812: f -4.401e-06; support [ 0.       1.47984  2.78512  4.14844  5.56531  7.03584  8.56857 10.18132
 11.90692 13.81241]; weights [0.00741 0.04765 0.08842 0.12461 0.14999 0.16051 0.15403 0.13044 0.09215
 0.0448 ]; residual 1.3e-12
  split track d 2 m 13.837: f -4.664e-06; support [ 0.       1.49876  2.80971  4.17402  5.59077  7.06108  8.59367 10.20635
 11.93192 13.83741]; weights [0.00762 0.04847 0.089   0.12481 0.14989 0.1602  0.1536  0.13    0.09179
 0.04461]; residual 2.1e-12
  split track d 2 m 13.862: f -4.878e-06; support [ 0.       1.51638  2.83339  4.19918  5.61607  7.08627  8.61875 10.23138
 11.95692 13.86241]; weights [0.00782 0.04925 0.08958 0.12503 0.14981 0.1599  0.15318 0.12956 0.09144
 0.04443]; residual 5.2e-12
  split track d 2 m 13.887: f -5.030e-06; support [ 0.       1.53284  2.8562   4.22393  5.6412   7.1114   8.64382 10.2564
 11.98192 13.88741]; weights [0.008   0.04999 0.09018 0.12527 0.14974 0.15961 0.15276 0.12912 0.09109
 0.04424]; residual 3.1e-12
  split track d 2 m 13.912: f -5.109e-06; support [ 0.       1.54828  2.87819  4.24825  5.66616  7.13646  8.66886 10.28141
 12.00692 13.91241]; weights [0.00816 0.0507  0.09077 0.12552 0.14968 0.15933 0.15235 0.12869 0.09074
 0.04406]; residual 1.4e-12
  split track d 2 m 13.937: f -5.101e-06; support [ 0.       1.56282  2.89942  4.27216  5.69093  7.16145  8.69389 10.30642
 12.03191 13.93741]; weights [0.00831 0.05137 0.09137 0.1258  0.14964 0.15905 0.15194 0.12826 0.09039
 0.04387]; residual 2.2e-12
  split track d 2 m 13.962: f -4.994e-06; support [ 0.       1.57657  2.91991  4.29565  5.71551  7.18637  8.71889 10.33143
 12.05691 13.96241]; weights [0.00845 0.05201 0.09197 0.12609 0.14961 0.15878 0.15154 0.12783 0.09005
 0.04369]; residual 2.3e-12
  split track d 2 m 13.987: f -4.773e-06; support [ 0.       1.5896   2.93973  4.31873  5.7399   7.21122  8.74386 10.35642
 12.08191 13.98741]; weights [0.00858 0.05262 0.09256 0.12639 0.14959 0.15852 0.15113 0.1274  0.0897
 0.04351]; residual 4.4e-12
  split track d 2 m 14.012: f -4.423e-06; support [ 0.       1.60199  2.95891  4.3414   5.76409  7.23598  8.7688  10.38141
 12.1069  14.01241]; weights [0.0087  0.0532  0.09314 0.1267  0.14958 0.15826 0.15074 0.12698 0.08936
 0.04333]; residual 2.1e-12
  split track d 2 m 14.037: f -3.928e-06; support [ 0.       1.6138   2.97748  4.36368  5.78808  7.26065  8.79372 10.40639
 12.13189 14.03741]; weights [0.00882 0.05375 0.09372 0.12703 0.14959 0.15801 0.15034 0.12656 0.08902
 0.04315]; residual 3.3e-12
  split track d 2 m 14.062: f -3.272e-06; support [ 0.       1.6251   2.99549  4.38556  5.81186  7.28524  8.8186  10.43136
 12.15688 14.06241]; weights [0.00892 0.05428 0.09429 0.12736 0.14961 0.15778 0.14996 0.12614 0.08868
 0.04297]; residual 3.1e-12
  split track d 2 m 14.087: f -2.437e-06; support [ 0.       1.63592  3.01297  4.40706  5.83543  7.30973  8.84345 10.45632
 12.18187 14.08741]; weights [0.00902 0.05479 0.09485 0.12771 0.14964 0.15755 0.14957 0.12572 0.08834
 0.04279]; residual 3.4e-12
  split track d 2 m 14.112: f -1.406e-06; support [ 0.       1.64632  3.02995  4.42818  5.85878  7.33413  8.86826 10.48127
 12.20686 14.11241]; weights [0.00912 0.05527 0.09541 0.12805 0.14969 0.15733 0.14919 0.12531 0.08801
 0.04262]; residual 2.4e-12
  split track d 2 m 14.137: f -1.578e-07; support [ 0.       1.65632  3.04646  4.44895  5.88193  7.35842  8.89303 10.50621
 12.23184 14.13741]; weights [0.00921 0.05574 0.09595 0.12841 0.14974 0.15711 0.14882 0.1249  0.08768
 0.04244]; residual 3.0e-12
  split track d 2 m 14.162: f +1.326e-06; support [ 0.       1.66597  3.06253  4.46936  5.90486  7.38261  8.91776 10.53113
 12.25682 14.16241]; weights [0.0093  0.05618 0.09648 0.12876 0.14981 0.15691 0.14845 0.1245  0.08735
 0.04227]; residual 2.2e-12
  state at root - 0.01: support [ 0.        1.653506  3.041793  4.44306   5.875348  7.351501  8.885965
 10.499095 12.224715 14.130276]; weights [0.009185 0.055608 0.095793 0.128306 0.149726 0.157173 0.148927 0.125019
 0.087771 0.042492]; residual 2.9e-12; interior excess +1.96e-12
CHAIN d 2 e4 split: m 14.14027592; support [ 0.        1.657447  3.048322  4.451306  5.88457   7.361202  8.895867
 10.509068 12.234708 14.140276]; weights [0.00922  0.05579  0.096008 0.128448 0.14975  0.157089 0.148779 0.124856
 0.087638 0.042422]; residual 4.1e-12
  birth track d 2 m 14.240: f -8.469e-08; support [ 0.64492  1.83773  3.17425  4.56058  5.98795  7.46242  8.99628 10.60917
 12.33471 14.24028]; weights [0.01593 0.05645 0.09624 0.12825 0.14899 0.15578 0.14713 0.12319 0.08632
 0.04173]; residual 5.4e-12
  birth track d 2 m 14.265: f -1.251e-07; support [ 0.68285  1.86883  3.20038  4.58545  6.01269  7.48726  9.02122 10.63415
 12.3597  14.26528]; weights [0.01697 0.05682 0.09645 0.12832 0.14888 0.1555  0.14673 0.12278 0.08599
 0.04156]; residual 7.4e-08
  birth track d 2 m 14.290: f -2.376e-07; support [ 0.71592  1.89927  3.22676  4.61065  6.03766  7.51223  9.0462  10.65914
 12.38469 14.29028]; weights [0.01796 0.05724 0.09668 0.12839 0.14876 0.15521 0.14634 0.12237 0.08567
 0.04139]; residual 2.3e-07
  birth track d 2 m 14.315: f -3.980e-07; support [ 0.71429  1.90613  3.24163  4.63066  6.06051  7.53643  9.07096 10.68409
 12.40968 14.31528]; weights [0.01795 0.05769 0.09725 0.12877 0.14883 0.155   0.14598 0.12198 0.08534
 0.04122]; residual 1.0e-06
  birth track d 2 m 14.340: f -3.804e-07; support [ 0.78532  1.96997  3.28625  4.66468  6.08934  7.56291  9.09645 10.70922
 12.4347  14.34028]; weights [0.0203  0.05827 0.09702 0.12835 0.14838 0.15455 0.14552 0.12155 0.08502
 0.04105]; residual 2.0e-07
  birth track d 2 m 14.365: f -3.905e-07; support [ 0.82764  2.01753  3.32418  4.69595  6.1171   7.58901  9.12183 10.73432
 12.45972 14.36528]; weights [0.02192 0.059   0.09703 0.1281  0.14802 0.15413 0.14508 0.12114 0.0847
 0.04088]; residual 5.2e-12
  birth track d 2 m 14.390: f -4.688e-07; support [ 0.8497   2.04739  3.35253  4.72259  6.14282  7.6143   9.14694 10.75935
 12.48472 14.39028]; weights [0.02282 0.05965 0.09728 0.1281  0.14784 0.15381 0.14467 0.12073 0.08438
 0.04072]; residual 1.8e-12
  birth track d 2 m 14.415: f -5.495e-07; support [ 0.86915  2.07551  3.38025  4.74904  6.16849  7.63958  9.17204 10.78438
 12.50972 14.41528]; weights [0.02364 0.06033 0.09756 0.12812 0.14766 0.15348 0.14427 0.12033 0.08406
 0.04055]; residual 3.1e-12
  birth track d 2 m 14.440: f -6.308e-07; support [ 0.88649  2.102    3.40734  4.77527  6.19408  7.66484  9.19714 10.80941
 12.53472 14.44028]; weights [0.02439 0.06101 0.09787 0.12815 0.14749 0.15316 0.14386 0.11993 0.08375
 0.04039]; residual 2.2e-12
  birth track d 2 m 14.465: f -7.106e-07; support [ 0.90208  2.12701  3.43378  4.80127  6.2196   7.69007  9.22223 10.83444
 12.55972 14.46528]; weights [0.02508 0.06171 0.0982  0.1282  0.14732 0.15284 0.14346 0.11953 0.08343
 0.04022]; residual 1.8e-12
  birth track d 2 m 14.490: f -7.867e-07; support [ 0.91622  2.15065  3.45958  4.82703  6.24504  7.71528  9.24732 10.85946
 12.58472 14.49028]; weights [0.02571 0.06239 0.09856 0.12826 0.14717 0.15253 0.14306 0.11913 0.08312
 0.04006]; residual 2.1e-12
  birth track d 2 m 14.515: f -8.566e-07; support [ 0.92913  2.17304  3.48474  4.85252  6.27037  7.74045  9.27239 10.88448
 12.60972 14.51528]; weights [0.0263  0.06308 0.09894 0.12834 0.14702 0.15222 0.14267 0.11873 0.08281
 0.0399 ]; residual 2.0e-12
  birth track d 2 m 14.540: f -9.176e-07; support [ 0.941    2.19429  3.50926  4.87775  6.29561  7.76559  9.29745 10.9095
 12.63472 14.54028]; weights [0.02685 0.06375 0.09933 0.12844 0.14687 0.15191 0.14227 0.11834 0.0825
 0.03974]; residual 3.2e-12
  birth track d 2 m 14.565: f -9.668e-07; support [ 0.95198  2.21449  3.53316  4.90269  6.32074  7.79069  9.32251 10.93452
 12.65972 14.56528]; weights [0.02736 0.06441 0.09974 0.12855 0.14674 0.15161 0.14188 0.11795 0.08219
 0.03958]; residual 3.2e-12
  birth track d 2 m 14.590: f -1.001e-06; support [ 0.96219  2.23374  3.55646  4.92735  6.34575  7.81575  9.34755 10.95953
 12.68472 14.59028]; weights [0.02783 0.06505 0.10017 0.12868 0.14662 0.15131 0.14149 0.11756 0.08188
 0.03942]; residual 3.7e-12
  birth track d 2 m 14.615: f -1.016e-06; support [ 0.97173  2.25211  3.57917  4.95172  6.37064  7.84077  9.37257 10.98454
 12.70972 14.61528]; weights [0.02827 0.06568 0.1006  0.12882 0.1465  0.15101 0.1411  0.11717 0.08158
 0.03926]; residual 4.4e-12
  birth track d 2 m 14.640: f -1.010e-06; support [ 0.98069  2.26968  3.60132  4.97578  6.39539  7.86573  9.39758 11.00955
 12.73472 14.64028]; weights [0.02869 0.0663  0.10104 0.12897 0.1464  0.15072 0.14072 0.11678 0.08127
 0.0391 ]; residual 4.1e-12
  birth track d 2 m 14.665: f -9.765e-07; support [ 0.98914  2.28651  3.62291  4.99955  6.42001  7.89064  9.42257 11.03455
 12.75971 14.66528]; weights [0.02908 0.06689 0.10149 0.12914 0.1463  0.15044 0.14034 0.1164  0.08097
 0.03895]; residual 3.0e-12
  birth track d 2 m 14.690: f -9.126e-07; support [ 0.99713  2.30267  3.64398  5.02302  6.44449  7.9155   9.44754 11.05954
 12.78471 14.69028]; weights [0.02945 0.06747 0.10194 0.12932 0.14622 0.15016 0.13996 0.11601 0.08067
 0.03879]; residual 3.0e-12
  birth track d 2 m 14.715: f -8.134e-07; support [ 1.00471  2.31821  3.66454  5.04618  6.46883  7.94029  9.47249 11.08453
 12.8097  14.71528]; weights [0.0298  0.06803 0.1024  0.12951 0.14614 0.14989 0.13959 0.11563 0.08037
 0.03864]; residual 3.8e-12
  birth track d 2 m 14.740: f -6.738e-07; support [ 1.01194  2.33318  3.68461  5.06905  6.49301  7.96503  9.49741 11.10951
 12.8347  14.74028]; weights [0.03013 0.06858 0.10285 0.12971 0.14608 0.14963 0.13922 0.11526 0.08008
 0.03848]; residual 2.6e-12
  birth track d 2 m 14.765: f -4.886e-07; support [ 1.01884  2.34762  3.70422  5.09161  6.51704  7.98969  9.52232 11.13449
 12.85969 14.76528]; weights [0.03044 0.06911 0.1033  0.12992 0.14602 0.14937 0.13885 0.11488 0.07978
 0.03833]; residual 2.8e-12
  birth track d 2 m 14.790: f -2.521e-07; support [ 1.02545  2.36158  3.72338  5.11388  6.54092  8.01429  9.5472  11.15946
 12.88468 14.79028]; weights [0.03074 0.06962 0.10376 0.13014 0.14598 0.14912 0.13849 0.11451 0.07949
 0.03818]; residual 3.0e-12
  birth track d 2 m 14.815: f +4.166e-08; support [ 1.0318   2.37508  3.74212  5.13586  6.56463  8.03881  9.57205 11.18442
 12.90967 14.81528]; weights [0.03102 0.07011 0.10421 0.13037 0.14594 0.14887 0.13813 0.11414 0.07919
 0.03802]; residual 3.7e-12
  state at root - 0.01: support [ 1.028469  2.367977  3.732238  5.124246  6.552081  8.025824  9.558878
 11.171187 12.896424 14.802025]; weights [0.030873 0.069853 0.103969 0.130246 0.145958 0.148999 0.138317 0.114333
 0.079348 0.038104]; residual 4.1e-12; interior excess +0.00e+00
CHAIN d 2 e5 birth: m 14.81202517; support [ 1.030992  2.373349  3.739703  5.133016  6.561555  8.035628  9.568817
 11.181171 12.906419 14.812025]; weights [0.030986 0.07005  0.104149 0.130337 0.145944 0.148901 0.138173 0.114185
 0.079231 0.038043]; residual 5.4e-12
EVENTS [["birth", 13.52740786], ["split", 14.14027592], ["birth", 14.81202517]]
