  split track d 5 m 12.136: f +7.101e-02; support [ 0.       3.1835   4.94828  5.04211  6.71986  8.44079 10.21719 12.13586]; weights [0.00041 0.01856 0.04348 0.03692 0.17684 0.26349 0.2794  0.18091]; residual 2.0e-04
  split track d 5 m 12.161: f +7.424e-02; support [ 0.       3.19381  5.00449  5.00449  6.73822  8.46357 10.24179 12.16086]; weights [0.00041 0.0187  0.0496  0.03101 0.17758 0.26375 0.27878 0.18017]; residual 2.7e-12
  split track d 5 m 12.186: f +7.834e-02; support [ 0.       3.20498  5.02091  5.02091  6.75861  8.48664 10.26627 12.18586]; weights [0.00041 0.01885 0.04549 0.03559 0.17816 0.26386 0.27817 0.17945]; residual 1.3e-12
  split track d 5 m 12.211: f +8.259e-02; support [ 0.       3.21611  5.03726  5.03726  6.77893  8.50966 10.29074 12.21086]; weights [0.00042 0.019   0.04648 0.03507 0.17874 0.26398 0.27758 0.17874]; residual 1.8e-12
  split track d 5 m 12.236: f +8.697e-02; support [ 0.       3.22719  5.05354  5.05354  6.79918  8.53264 10.31518 12.23586]; weights [0.00042 0.01915 0.04671 0.03531 0.17931 0.26409 0.27699 0.17803]; residual 2.2e-12
  split track d 5 m 12.261: f +9.150e-02; support [ 0.       3.23823  5.06975  5.06975  6.81935  8.55556 10.33962 12.26086]; weights [0.00042 0.0193  0.04738 0.0351  0.17987 0.2642  0.2764  0.17733]; residual 2.2e-12
  split track d 5 m 12.286: f +9.617e-02; support [ 0.       3.24923  5.08589  5.08589  6.83946  8.57844 10.36403 12.28586]; weights [0.00043 0.01944 0.04768 0.03525 0.18043 0.26432 0.27582 0.17663]; residual 1.3e-12
  split track d 5 m 12.311: f +1.010e-01; support [ 0.       3.2602   5.10198  5.10198  6.8595   8.60128 10.38843 12.31086]; weights [0.00043 0.01959 0.04571 0.03767 0.18098 0.26443 0.27525 0.17594]; residual 8.9e-13
  split track d 5 m 12.336: f +1.059e-01; support [ 0.       3.27114  5.118    5.118    6.87948  8.62407 10.4128  12.33586]; weights [0.00043 0.01973 0.04696 0.03687 0.18153 0.26455 0.27468 0.17525]; residual 1.8e-12
  split track d 5 m 12.361: f +1.111e-01; support [ 0.       3.28204  5.13396  5.13396  6.89939  8.64681 10.43717 12.36086]; weights [0.00043 0.01988 0.04739 0.03688 0.18208 0.26466 0.27411 0.17456]; residual 2.7e-12
  split track d 5 m 12.386: f +1.163e-01; support [ 0.       3.29291  5.14987  5.14987  6.91924  8.66951 10.46151 12.38586]; weights [0.00044 0.02002 0.04983 0.03488 0.18262 0.26478 0.27355 0.17388]; residual 2.2e-12
  split track d 5 m 12.411: f +1.217e-01; support [ 0.       3.30376  5.16573  5.16573  6.93902  8.69216 10.48584 12.41086]; weights [0.00044 0.02016 0.04986 0.03529 0.18315 0.26489 0.273   0.17321]; residual 8.9e-13
  split track d 5 m 12.436: f +1.273e-01; support [ 0.       3.31458  5.18153  5.18153  6.95875  8.71477 10.51015 12.43586]; weights [0.00044 0.0203  0.05294 0.03264 0.18368 0.26501 0.27245 0.17254]; residual 1.8e-12
  split track d 5 m 12.461: f +1.330e-01; support [ 0.       3.32537  5.19729  5.19729  6.97843  8.73734 10.53444 12.46086]; weights [0.00045 0.02044 0.0457  0.04031 0.18421 0.26512 0.27191 0.17187]; residual 2.2e-12
  split track d 5 m 12.486: f +1.389e-01; support [ 0.       3.33615  5.21299  5.21299  6.99804  8.75986 10.55871 12.48586]; weights [0.00045 0.02058 0.04457 0.04186 0.18473 0.26524 0.27137 0.17121]; residual 2.7e-12
  split track d 5 m 12.511: f +1.450e-01; support [ 0.       3.3469   5.22865  5.22865  7.0176   8.78234 10.58297 12.51086]; weights [0.00045 0.02072 0.04582 0.04103 0.18524 0.26535 0.27083 0.17055]; residual 1.8e-12
  split track d 5 m 12.536: f +1.512e-01; support [ 0.       3.35764  5.24427  5.24427  7.03711  8.80478 10.6072  12.53586]; weights [0.00045 0.02086 0.04529 0.04198 0.18575 0.26547 0.27031 0.1699 ]; residual 1.8e-12
  split track d 5 m 12.561: f +1.575e-01; support [ 0.       3.36836  5.25985  5.25985  7.05657  8.82718 10.63142 12.56086]; weights [0.00045 0.021   0.04572 0.04196 0.18625 0.26558 0.26978 0.16925]; residual 1.3e-12
  split track d 5 m 12.586: f +1.641e-01; support [ 0.       3.37907  5.27539  5.27539  7.07597  8.84954 10.65563 12.58586]; weights [0.00046 0.02113 0.045   0.04309 0.18675 0.26569 0.26926 0.16861]; residual 1.8e-12
  split track d 5 m 12.611: f +1.707e-01; support [ 0.       3.38977  5.29089  5.29089  7.09533  8.87185 10.67981 12.61086]; weights [0.00046 0.02127 0.04456 0.04394 0.18725 0.26581 0.26875 0.16797]; residual 4.4e-13
  split track d 5 m 12.636: f +1.776e-01; support [ 0.       3.40045  5.30635  5.30635  7.11464  8.89413 10.70398 12.63586]; weights [0.00046 0.0214  0.04498 0.04392 0.18774 0.26592 0.26824 0.16733]; residual 1.8e-12
  split track d 5 m 12.661: f +1.846e-01; support [ 0.       3.41113  5.32178  5.32178  7.1339   8.91637 10.72813 12.66086]; weights [0.00046 0.02154 0.04384 0.04546 0.18822 0.26603 0.26774 0.1667 ]; residual 1.3e-12
  split track d 5 m 12.686: f +1.918e-01; support [ 0.       3.42179  5.33718  5.33718  7.15311  8.93857 10.75226 12.68586]; weights [0.00047 0.02167 0.04434 0.04535 0.1887  0.26615 0.26724 0.16608]; residual 1.3e-12
  split track d 5 m 12.711: f +1.992e-01; support [ 0.       3.43246  5.35254  5.35254  7.17229  8.96073 10.77638 12.71086]; weights [0.00047 0.02181 0.04439 0.0457  0.18918 0.26626 0.26675 0.16546]; residual 3.1e-12
  split track d 5 m 12.736: f +2.067e-01; support [ 0.       3.44311  5.36788  5.36788  7.19142  8.98285 10.80047 12.73586]; weights [0.00047 0.02194 0.04396 0.04651 0.18965 0.26637 0.26626 0.16484]; residual 1.8e-12
  split track d 5 m 12.761: f +2.144e-01; support [ 0.       3.45377  5.38319  5.38319  7.21051  9.00494 10.82455 12.76086]; weights [0.00047 0.02207 0.04376 0.0471  0.19011 0.26648 0.26577 0.16423]; residual 8.9e-13
  split track d 5 m 12.786: f +2.223e-01; support [ 0.       3.46442  5.39847  5.39847  7.22956  9.02699 10.84861 12.78586]; weights [0.00047 0.0222  0.04473 0.04652 0.19057 0.26659 0.2653  0.16362]; residual 2.2e-12
  split track d 5 m 12.811: f +2.304e-01; support [ 0.       3.47507  5.41372  5.41372  7.24857  9.04901 10.87266 12.81086]; weights [0.00048 0.02233 0.04597 0.04566 0.19103 0.26669 0.26482 0.16302]; residual 2.2e-12
  split track d 5 m 12.836: f +2.386e-01; support [ 0.       3.48572  5.42896  5.42896  7.26754  9.07099 10.89669 12.83586]; weights [0.00048 0.02247 0.04601 0.046   0.19148 0.2668  0.26435 0.16242]; residual 1.8e-12
  split track d 5 m 12.861: f +2.470e-01; support [ 0.       3.49638  5.44417  5.44417  7.28648  9.09294 10.9207  12.86086]; weights [0.00048 0.0226  0.04603 0.04635 0.19193 0.26691 0.26389 0.16182]; residual 2.2e-12
  split track d 5 m 12.886: f +2.556e-01; support [ 0.       3.50704  5.45936  5.45936  7.30538  9.11485 10.94469 12.88586]; weights [ 0.00048  0.02273 -0.02534  0.11809  0.19237  0.26701  0.26342  0.16123]; residual 1.3e-12
  split track d 5 m 12.911: f +2.644e-01; support [ 0.       3.5177   5.47453  5.47453  7.32425  9.13673 10.96867 12.91086]; weights [ 0.00048  0.02286 -0.02726  0.12038  0.19281  0.26712  0.26297  0.16064]; residual 2.2e-12
  split track d 5 m 12.936: f +2.733e-01; support [ 0.       3.52837  5.48969  5.48969  7.34309  9.15858 10.99263 12.93586]; weights [ 0.00048  0.02299 -0.02838  0.12187  0.19324  0.26722  0.26252  0.16006]; residual 1.8e-12
  split track d 5 m 12.961: f +2.824e-01; support [ 0.       3.53905  5.50483  5.50483  7.36189  9.18039 11.01657 12.96086]; weights [ 0.00048  0.02311 -0.02877  0.12263  0.19367  0.26732  0.26207  0.15948]; residual 8.9e-13
  split track d 5 m 12.986: f +2.917e-01; support [ 0.       3.54974  5.51995  5.51995  7.38067  9.20218 11.0405  12.98586]; weights [ 0.00049  0.02324 -0.02667  0.12088  0.1941   0.26742  0.26163  0.15891]; residual 2.2e-12
  split track d 5 m 13.011: f +3.012e-01; support [ 0.       3.56043  5.53506  5.53506  7.39941  9.22393 11.06441 13.01086]; weights [ 0.00049  0.02337 -0.02668  0.12125  0.19452  0.26752  0.26119  0.15834]; residual 1.3e-12
  split track d 5 m 13.036: f +3.109e-01; support [ 0.       3.57114  5.55016  5.55016  7.41813  9.24566 11.0883  13.03586]; weights [ 0.00049  0.0235  -0.02868  0.12361  0.19493  0.26762  0.26075  0.15777]; residual 2.2e-12
  split track d 5 m 13.061: f +3.208e-01; support [ 0.       3.58186  5.56524  5.56524  7.43682  9.26735 11.11218 13.06086]; weights [ 0.00049  0.02363 -0.02854  0.12383  0.19534  0.26772  0.26032  0.15721]; residual 8.9e-13
  split track d 5 m 13.086: f +3.308e-01; support [ 0.       3.5926   5.58032  5.58032  7.45549  9.28902 11.13604 13.08586]; weights [ 0.00049  0.02375 -0.02783  0.12346  0.19575  0.26782  0.25989  0.15666]; residual 3.6e-12
  split track d 5 m 13.111: f +3.410e-01; support [ 0.       3.60335  5.59539  5.59539  7.47413  9.31066 11.15988 13.11086]; weights [ 0.00049  0.02388 -0.03103  0.12702  0.19616  0.26791  0.25947  0.1561 ]; residual 1.3e-12
  split track d 5 m 13.136: f +3.515e-01; support [ 0.       3.61412  5.61045  5.61045  7.49275  9.33228 11.18371 13.13586]; weights [ 0.00049  0.02401 -0.03205  0.12838  0.19656  0.26801  0.25905  0.15555]; residual 1.8e-12
  split track d 5 m 13.161: f +3.621e-01; support [ 0.       3.62491  5.62551  5.62551  7.51134  9.35386 11.20753 13.16086]; weights [ 0.00049  0.02413 -0.03343  0.13011  0.19695  0.2681   0.25864  0.15501]; residual 2.2e-12
  split track d 5 m 13.186: f +3.729e-01; support [ 0.       3.63571  5.64056  5.64056  7.52992  9.37542 11.23132 13.18586]; weights [ 0.00049  0.02426 -0.03316  0.13017  0.19734  0.26819  0.25823  0.15447]; residual 1.8e-12
  split track d 5 m 13.211: f +3.839e-01; support [ 0.       3.64654  5.6556   5.6556   7.54847  9.39696 11.25511 13.21086]; weights [ 0.0005   0.02438 -0.03333  0.13069  0.19773  0.26828  0.25782  0.15393]; residual 2.2e-12
  split track d 5 m 13.236: f +3.951e-01; support [ 0.       3.65738  5.67065  5.67065  7.567    9.41847 11.27888 13.23586]; weights [ 0.0005   0.02451 -0.03294  0.13063  0.19811  0.26837  0.25742  0.1534 ]; residual 2.2e-12
  split track d 5 m 13.261: f +4.064e-01; support [ 0.       3.66825  5.68569  5.68569  7.58552  9.43996 11.30263 13.26086]; weights [ 0.0005   0.02464 -0.03249  0.13052  0.19849  0.26846  0.25702  0.15287]; residual 2.2e-12
  split track d 5 m 13.286: f +4.180e-01; support [ 0.       3.67915  5.70073  5.70073  7.60402  9.46142 11.32637 13.28586]; weights [ 0.0005   0.02476 -0.03401  0.13238  0.19887  0.26854  0.25662  0.15234]; residual 2.7e-12
  split track d 5 m 13.311: f +4.297e-01; support [ 0.       3.69007  5.71578  5.71578  7.62251  9.48287 11.35009 13.31086]; weights [ 0.0005   0.02489 -0.03399  0.13268  0.19924  0.26863  0.25623  0.15182]; residual 3.6e-12
  split track d 5 m 13.336: f +4.417e-01; support [ 0.       3.70101  5.73082  5.73082  7.64098  9.50429 11.3738  13.33586]; weights [ 0.0005   0.02501 -0.03439  0.13341  0.19961  0.26871  0.25584  0.15131]; residual 1.8e-12
  split track d 5 m 13.361: f +4.538e-01; support [ 0.       3.71198  5.74587  5.74587  7.65943  9.52569 11.3975  13.36086]; weights [ 0.0005   0.02513 -0.03573  0.13508  0.19997  0.26879  0.25546  0.15079]; residual 3.6e-12
  split track d 5 m 13.386: f +4.662e-01; support [ 0.       3.72299  5.76093  5.76093  7.67787  9.54707 11.42118 13.38586]; weights [ 0.0005   0.02526 -0.03455  0.13422  0.20033  0.26887  0.25508  0.15028]; residual 8.9e-13
  split track d 5 m 13.411: f +4.787e-01; support [ 0.       3.73402  5.77599  5.77599  7.69631  9.56843 11.44485 13.41086]; weights [ 0.0005   0.02538 -0.03401  0.134    0.20069  0.26895  0.2547   0.14978]; residual 1.8e-12
  split track d 5 m 13.436: f +4.915e-01; support [ 0.       3.74508  5.79105  5.79105  7.71473  9.58977 11.4685  13.43586]; weights [ 0.0005   0.02551 -0.03427  0.13459  0.20104  0.26903  0.25433  0.14928]; residual 3.6e-12
  split track d 5 m 13.461: f +5.044e-01; support [ 0.       3.75617  5.80613  5.80613  7.73314  9.61109 11.49214 13.46086]; weights [ 0.0005   0.02563 -0.03617  0.1368   0.20139  0.2691   0.25396  0.14878]; residual 2.2e-12
  split track d 5 m 13.486: f +5.175e-01; support [ 0.       3.7673   5.82121  5.82121  7.75154  9.6324  11.51577 13.48586]; weights [ 0.0005   0.02575 -0.0352   0.13616  0.20174  0.26918  0.25359  0.14829]; residual 3.1e-12
  split track d 5 m 13.511: f +5.309e-01; support [ 0.       3.77846  5.8363   5.8363   7.76993  9.65368 11.53939 13.51086]; weights [ 0.0005   0.02588 -0.03512  0.13639  0.20208  0.26925  0.25322  0.1478 ]; residual 3.6e-12
  split track d 5 m 13.536: f +5.444e-01; support [ 0.       3.78966  5.85141  5.85141  7.78832  9.67496 11.56299 13.53586]; weights [ 0.0005   0.026   -0.03599  0.13758  0.20242  0.26932  0.25286  0.14731]; residual 2.7e-12
  split track d 5 m 13.561: f +5.581e-01; support [ 0.       3.8009   5.86652  5.86652  7.8067   9.69621 11.58658 13.56086]; weights [ 0.0005   0.02613 -0.03587  0.13777  0.20276  0.26939  0.2525   0.14683]; residual 4.0e-12
  split track d 5 m 13.586: f +5.720e-01; support [ 0.       3.81217  5.88165  5.88165  7.82508  9.71745 11.61016 13.58586]; weights [ 0.0005   0.02625 -0.03864  0.14084  0.20309  0.26946  0.25215  0.14635]; residual 1.8e-12
  split track d 5 m 13.611: f +5.862e-01; support [ 0.       3.82348  5.8968   5.8968   7.84345  9.73868 11.63373 13.61086]; weights [ 0.0005   0.02637 -0.0377   0.14022  0.20342  0.26952  0.2518   0.14587]; residual 2.7e-12
  split track d 5 m 13.636: f +6.005e-01; support [ 0.       3.83484  5.91196  5.91196  7.86182  9.7599  11.65728 13.63586]; weights [ 0.0005   0.0265  -0.03802  0.14084  0.20374  0.26959  0.25145  0.1454 ]; residual 1.3e-12
  split track d 5 m 13.661: f +6.150e-01; support [ 0.       3.84623  5.92713  5.92713  7.88018  9.7811  11.68083 13.66086]; weights [ 0.0005   0.02662 -0.03691  0.14004  0.20407  0.26965  0.2511   0.14493]; residual 2.2e-12
  split track d 5 m 13.686: f +6.298e-01; support [ 0.       3.85767  5.94233  5.94233  7.89855  9.80229 11.70436 13.68586]; weights [ 0.0005   0.02674 -0.03591  0.13935  0.20439  0.26971  0.25076  0.14447]; residual 5.3e-12
  split track d 5 m 13.711: f +6.447e-01; support [ 0.       3.86916  5.95754  5.95754  7.91692  9.82347 11.72789 13.71086]; weights [ 0.0005   0.02686 -0.03562  0.13936  0.2047   0.26977  0.25041  0.14401]; residual 3.6e-12
  split track d 5 m 13.736: f +6.598e-01; support [ 0.       3.88068  5.97277  5.97277  7.93528  9.84464 11.7514  13.73586]; weights [ 0.0005   0.02699 -0.03669  0.14073  0.20502  0.26983  0.25008  0.14355]; residual 2.2e-12
  split track d 5 m 13.761: f +6.752e-01; support [ 0.       3.89226  5.98803  5.98803  7.95365  9.86579 11.7749  13.76086]; weights [ 0.00049  0.02711 -0.03661  0.14095  0.20533  0.26989  0.24974  0.1431 ]; residual 3.6e-12
  split track d 5 m 13.786: f +6.907e-01; support [ 0.       3.90388  6.0033   6.0033   7.97202  9.88694 11.79839 13.78586]; weights [ 0.00049  0.02723 -0.03627  0.14091  0.20564  0.26994  0.24941  0.14265]; residual 1.3e-12
  split track d 5 m 13.811: f +7.065e-01; support [ 0.       3.91556  6.0186   6.0186   7.9904   9.90808 11.82188 13.81086]; weights [ 0.00049  0.02736 -0.0379   0.14283  0.20594  0.27     0.24908  0.1422 ]; residual 1.8e-12
  split track d 5 m 13.836: f +7.224e-01; support [ 0.       3.92728  6.03392  6.03392  8.00878  9.92921 11.84535 13.83586]; weights [ 0.00049  0.02748 -0.03964  0.14487  0.20624  0.27005  0.24875  0.14176]; residual 4.4e-12
  split track d 5 m 13.861: f +7.386e-01; support [ 0.       3.93906  6.04927  6.04927  8.02717  9.95034 11.86882 13.86086]; weights [ 0.00049  0.0276  -0.04121  0.14673  0.20654  0.2701   0.24843  0.14132]; residual 2.7e-12
  split track d 5 m 13.886: f +7.550e-01; support [ 0.       3.95088  6.06464  6.06464  8.04556  9.97146 11.89227 13.88586]; weights [ 0.00049  0.02773 -0.03788  0.14369  0.20683  0.27015  0.2481   0.14088]; residual 3.6e-12
  split track d 5 m 13.911: f +7.716e-01; support [ 0.       3.96277  6.08004  6.08004  8.06396  9.99257 11.91572 13.91086]; weights [ 0.00049  0.02785 -0.03845  0.14456  0.20713  0.2702   0.24778  0.14045]; residual 1.8e-12
  split track d 5 m 13.936: f +7.883e-01; support [ 0.       3.9747   6.09547  6.09547  8.08237 10.01368 11.93916 13.93586]; weights [ 0.00049  0.02797 -0.03793  0.14433  0.20742  0.27024  0.24746  0.14002]; residual 3.6e-12
  split track d 5 m 13.961: f +8.053e-01; support [ 0.       3.9867   6.11093  6.11093  8.10078 10.03478 11.96259 13.96086]; weights [ 0.00049  0.0281  -0.03227  0.13896  0.20771  0.27028  0.24715  0.13959]; residual 3.6e-12
  split track d 5 m 13.986: f +8.225e-01; support [ 0.       3.99875  6.12642  6.12642  8.11921 10.05588 11.98602 13.98586]; weights [ 0.00048  0.02822 -0.03065  0.13763  0.20799  0.27033  0.24683  0.13917]; residual 2.7e-12
  split track d 5 m 14.011: f +8.400e-01; support [ 0.       4.01087  6.14194  6.14194  8.13765 10.07698 12.00944 14.01086]; weights [ 0.00048  0.02834 -0.03193  0.13919  0.20827  0.27037  0.24652  0.13875]; residual 3.6e-12
  split track d 5 m 14.036: f +8.576e-01; support [ 0.       4.02304  6.15749  6.15749  8.1561  10.09808 12.03285 14.03586]; weights [ 0.00048  0.02847 -0.0322   0.13975  0.20855  0.27041  0.24621  0.13833]; residual 1.3e-12
  split track d 5 m 14.061: f +8.754e-01; support [ 0.       4.03528  6.17308  6.17308  8.17456 10.11917 12.05626 14.06086]; weights [ 0.00048  0.02859 -0.02812  0.13596  0.20883  0.27044  0.24591  0.13792]; residual 4.0e-12
  split track d 5 m 14.086: f +8.934e-01; support [ 0.       4.04758  6.1887   6.1887   8.19304 10.14026 12.07965 14.08586]; weights [ 0.00048  0.02872 -0.02722  0.13534  0.2091   0.27048  0.2456   0.13751]; residual 5.3e-12
  split track d 5 m 14.111: f +9.117e-01; support [ 0.       4.05994  6.20436  6.20436  8.21154 10.16135 12.10305 14.11086]; weights [ 0.00047  0.02884 -0.02639  0.13479  0.20937  0.27051  0.2453   0.1371 ]; residual 4.0e-12
  split track d 5 m 14.136: f +9.302e-01; support [ 0.       4.07237  6.22005  6.22005  8.23004 10.18245 12.12644 14.13586]; weights [ 0.00047  0.02896 -0.02867  0.13736  0.20964  0.27054  0.245    0.13669]; residual 4.9e-12
