  birth track d 8 m 3.691: f -6.159e-04; support [0.39385 3.69059]; weights [0.01252 0.98748]; residual 4.4e-13
  birth track d 8 m 3.716: f -3.090e-03; support [0.58943 3.71559]; weights [0.01346 0.98654]; residual 2.7e-15
  birth track d 8 m 3.741: f -7.402e-03; support [0.73349 3.74059]; weights [0.01444 0.98556]; residual 8.9e-16
  birth track d 8 m 3.766: f -1.349e-02; support [0.8526  3.76559]; weights [0.01547 0.98453]; residual 2.7e-15
  birth track d 8 m 3.791: f -2.127e-02; support [0.95616 3.79059]; weights [0.01655 0.98345]; residual 1.8e-15
  birth track d 8 m 3.816: f -3.068e-02; support [1.0488  3.81559]; weights [0.01767 0.98233]; residual 0.0e+00
  birth track d 8 m 3.841: f -4.162e-02; support [1.13324 3.84059]; weights [0.01884 0.98116]; residual 8.9e-16
  birth track d 8 m 3.866: f -5.399e-02; support [1.21122 3.86559]; weights [0.02005 0.97995]; residual 4.4e-13
  birth track d 8 m 3.891: f -6.771e-02; support [1.28392 3.89059]; weights [0.02132 0.97868]; residual 8.9e-16
  birth track d 8 m 3.916: f -8.266e-02; support [1.35223 3.91559]; weights [0.02262 0.97738]; residual 1.8e-15
  birth track d 8 m 3.941: f -9.874e-02; support [1.4168  3.94059]; weights [0.02398 0.97602]; residual 0.0e+00
  birth track d 8 m 3.966: f -1.158e-01; support [1.47813 3.96559]; weights [0.02537 0.97463]; residual 0.0e+00
  birth track d 8 m 3.991: f -1.339e-01; support [1.53664 3.99059]; weights [0.02682 0.97318]; residual 8.9e-16
  birth track d 8 m 4.016: f -1.527e-01; support [1.59264 4.01559]; weights [0.0283 0.9717]; residual 0.0e+00
  birth track d 8 m 4.041: f -1.721e-01; support [1.64641 4.04059]; weights [0.02984 0.97016]; residual 1.8e-15
  birth track d 8 m 4.066: f -1.922e-01; support [1.69818 4.06559]; weights [0.03141 0.96859]; residual 0.0e+00
  birth track d 8 m 4.091: f -2.126e-01; support [1.74813 4.09059]; weights [0.03303 0.96697]; residual 0.0e+00
  birth track d 8 m 4.116: f -2.334e-01; support [1.79644 4.11559]; weights [0.03468 0.96532]; residual 0.0e+00
  birth track d 8 m 4.141: f -2.544e-01; support [1.84324 4.14059]; weights [0.03638 0.96362]; residual 8.9e-16
  birth track d 8 m 4.166: f -2.755e-01; support [1.88867 4.16559]; weights [0.03812 0.96188]; residual 0.0e+00
  birth track d 8 m 4.191: f -2.966e-01; support [1.93282 4.19059]; weights [0.0399 0.9601]; residual 1.8e-15
  birth track d 8 m 4.216: f -3.175e-01; support [1.9758  4.21559]; weights [0.04171 0.95829]; residual 8.9e-16
  birth track d 8 m 4.241: f -3.382e-01; support [2.01769 4.24059]; weights [0.04356 0.95644]; residual 0.0e+00
  birth track d 8 m 4.266: f -3.584e-01; support [2.05856 4.26559]; weights [0.04545 0.95455]; residual 0.0e+00
  birth track d 8 m 4.291: f -3.783e-01; support [2.0985  4.29059]; weights [0.04738 0.95262]; residual 0.0e+00
  birth track d 8 m 4.316: f -3.975e-01; support [2.13756 4.31559]; weights [0.04933 0.95067]; residual 4.4e-13
  birth track d 8 m 4.341: f -4.161e-01; support [2.17579 4.34059]; weights [0.05132 0.94868]; residual 0.0e+00
  birth track d 8 m 4.366: f -4.339e-01; support [2.21325 4.36559]; weights [0.05334 0.94666]; residual 8.9e-16
  birth track d 8 m 4.391: f -4.508e-01; support [2.24998 4.39059]; weights [0.05539 0.94461]; residual 0.0e+00
  birth track d 8 m 4.416: f -4.668e-01; support [2.28604 4.41559]; weights [0.05747 0.94253]; residual 0.0e+00
  birth track d 8 m 4.441: f -4.818e-01; support [2.32145 4.44059]; weights [0.05958 0.94042]; residual 0.0e+00
  birth track d 8 m 4.466: f -4.956e-01; support [2.35626 4.46559]; weights [0.06171 0.93829]; residual 1.8e-15
  birth track d 8 m 4.491: f -5.082e-01; support [2.3905  4.49059]; weights [0.06387 0.93613]; residual 0.0e+00
  birth track d 8 m 4.516: f -5.195e-01; support [2.42419 4.51559]; weights [0.06606 0.93394]; residual 0.0e+00
  birth track d 8 m 4.541: f -5.294e-01; support [2.45738 4.54059]; weights [0.06826 0.93174]; residual 4.4e-13
  birth track d 8 m 4.566: f -5.380e-01; support [2.49008 4.56559]; weights [0.07049 0.92951]; residual 8.9e-16
  birth track d 8 m 4.591: f -5.450e-01; support [2.52232 4.59059]; weights [0.07275 0.92725]; residual 0.0e+00
  birth track d 8 m 4.616: f -5.505e-01; support [2.55413 4.61559]; weights [0.07502 0.92498]; residual 1.9e-14
  birth track d 8 m 4.641: f -5.544e-01; support [2.58552 4.64059]; weights [0.07731 0.92269]; residual 0.0e+00
  birth track d 8 m 4.666: f -5.566e-01; support [2.61652 4.66559]; weights [0.07962 0.92038]; residual 0.0e+00
  birth track d 8 m 4.691: f -5.571e-01; support [2.64714 4.69059]; weights [0.08194 0.91806]; residual 0.0e+00
  birth track d 8 m 4.716: f -5.559e-01; support [2.67741 4.71559]; weights [0.08428 0.91572]; residual 8.9e-16
  birth track d 8 m 4.741: f -5.528e-01; support [2.70734 4.74059]; weights [0.08664 0.91336]; residual 1.6e-13
  birth track d 8 m 4.766: f -5.479e-01; support [2.73694 4.76559]; weights [0.089 0.911]; residual 8.9e-16
  birth track d 8 m 4.791: f -5.412e-01; support [2.76624 4.79059]; weights [0.09139 0.90861]; residual 2.7e-15
  birth track d 8 m 4.816: f -5.325e-01; support [2.79524 4.81559]; weights [0.09378 0.90622]; residual 0.0e+00
  birth track d 8 m 4.841: f -5.219e-01; support [2.82396 4.84059]; weights [0.09618 0.90382]; residual 1.8e-15
  birth track d 8 m 4.866: f -5.094e-01; support [2.85242 4.86559]; weights [0.09859 0.90141]; residual 0.0e+00
  birth track d 8 m 4.891: f -4.949e-01; support [2.88062 4.89059]; weights [0.10102 0.89898]; residual 2.7e-15
  birth track d 8 m 4.916: f -4.783e-01; support [2.90857 4.91559]; weights [0.10345 0.89655]; residual 0.0e+00
  birth track d 8 m 4.941: f -4.598e-01; support [2.93629 4.94059]; weights [0.10588 0.89412]; residual 1.8e-15
  birth track d 8 m 4.966: f -4.392e-01; support [2.96379 4.96559]; weights [0.10833 0.89167]; residual 8.9e-16
  birth track d 8 m 4.991: f -4.166e-01; support [2.99107 4.99059]; weights [0.11077 0.88923]; residual 2.7e-15
  birth track d 8 m 5.016: f -3.919e-01; support [3.01815 5.01559]; weights [0.11323 0.88677]; residual 2.7e-15
  birth track d 8 m 5.041: f -3.651e-01; support [3.04503 5.04059]; weights [0.11568 0.88432]; residual 7.1e-15
  birth track d 8 m 5.066: f -3.363e-01; support [3.07173 5.06559]; weights [0.11814 0.88186]; residual 1.8e-15
  birth track d 8 m 5.091: f -3.054e-01; support [3.09824 5.09059]; weights [0.1206 0.8794]; residual 9.8e-15
  birth track d 8 m 5.116: f -2.724e-01; support [3.12459 5.11559]; weights [0.12307 0.87693]; residual 2.8e-14
  birth track d 8 m 5.141: f -2.374e-01; support [3.15076 5.14059]; weights [0.12553 0.87447]; residual 4.4e-13
  birth track d 8 m 5.166: f -2.003e-01; support [3.17679 5.16559]; weights [0.12799 0.87201]; residual 0.0e+00
  birth track d 8 m 5.191: f -1.611e-01; support [3.20266 5.19059]; weights [0.13046 0.86954]; residual 0.0e+00
  birth track d 8 m 5.216: f -1.198e-01; support [3.22838 5.21559]; weights [0.13292 0.86708]; residual 0.0e+00
  birth track d 8 m 5.241: f -7.652e-02; support [3.25397 5.24059]; weights [0.13538 0.86462]; residual 0.0e+00
  birth track d 8 m 5.266: f -3.117e-02; support [3.27942 5.26559]; weights [0.13784 0.86216]; residual 8.9e-16
  birth track d 8 m 5.291: f +1.623e-02; support [3.30474 5.29059]; weights [0.14029 0.85971]; residual 8.9e-16
  state at root - 0.01: support [3.286076 5.272154]; weights [0.138481 0.861519]; residual 4.4e-13; interior excess +0.00e+00
CHAIN d 8 e3 birth: m 5.28215422; support [3.296208 5.282154]; weights [0.139463 0.860537]; residual 0.0e+00
  split track d 8 m 5.292: f -2.008e-01; support [0.      3.3073  5.29215]; weights [4.0000e-05 1.4049e-01 8.5947e-01]; residual 1.8e-15
  split track d 8 m 5.317: f -1.945e-01; support [0.      3.3348  5.31715]; weights [1.3000e-04 1.4305e-01 8.5682e-01]; residual 1.8e-15
  split track d 8 m 5.342: f -1.875e-01; support [0.      3.36201 5.34215]; weights [2.1000e-04 1.4561e-01 8.5417e-01]; residual 8.9e-16
  split track d 8 m 5.367: f -1.798e-01; support [0.      3.38894 5.36715]; weights [3.0000e-04 1.4817e-01 8.5153e-01]; residual 0.0e+00
  split track d 8 m 5.392: f -1.714e-01; support [0.      3.4156  5.39215]; weights [3.8000e-04 1.5073e-01 8.4890e-01]; residual 4.4e-13
  split track d 8 m 5.417: f -1.622e-01; support [0.      3.442   5.41715]; weights [4.5000e-04 1.5327e-01 8.4627e-01]; residual 8.9e-16
  split track d 8 m 5.442: f -1.523e-01; support [0.      3.46816 5.44215]; weights [5.3000e-04 1.5582e-01 8.4366e-01]; residual 1.8e-15
  split track d 8 m 5.467: f -1.417e-01; support [0.      3.49408 5.46715]; weights [6.0000e-04 1.5835e-01 8.4105e-01]; residual 2.7e-15
  split track d 8 m 5.492: f -1.304e-01; support [0.      3.51978 5.49215]; weights [6.6000e-04 1.6088e-01 8.3846e-01]; residual 1.8e-15
  split track d 8 m 5.517: f -1.184e-01; support [0.      3.54527 5.51715]; weights [7.3000e-04 1.6340e-01 8.3587e-01]; residual 8.9e-16
  split track d 8 m 5.542: f -1.057e-01; support [0.      3.57056 5.54215]; weights [7.9000e-04 1.6591e-01 8.3330e-01]; residual 4.4e-13
  split track d 8 m 5.567: f -9.235e-02; support [0.      3.59565 5.56715]; weights [0.00085 0.16841 0.83075]; residual 8.9e-16
  split track d 8 m 5.592: f -7.828e-02; support [0.      3.62055 5.59215]; weights [0.0009  0.17089 0.8282 ]; residual 1.8e-15
  split track d 8 m 5.617: f -6.354e-02; support [0.      3.64529 5.61715]; weights [0.00096 0.17337 0.82568]; residual 1.8e-15
  split track d 8 m 5.642: f -4.813e-02; support [0.      3.66985 5.64215]; weights [0.00101 0.17583 0.82316]; residual 0.0e+00
  split track d 8 m 5.667: f -3.205e-02; support [0.      3.69426 5.66715]; weights [0.00105 0.17828 0.82066]; residual 1.3e-13
  split track d 8 m 5.692: f -1.533e-02; support [0.      3.71851 5.69215]; weights [0.0011  0.18072 0.81818]; residual 3.6e-14
  split track d 8 m 5.717: f +2.031e-03; support [0.      3.74262 5.71715]; weights [0.00114 0.18314 0.81571]; residual 3.6e-15
  state at root - 0.01: support [0.       3.730216 5.704276]; weights [0.001122 0.181896 0.816982]; residual 1.8e-15; interior excess +0.00e+00
CHAIN d 8 e4 split: m 5.71427602; support [0.       3.73985  5.714276]; weights [0.001139 0.182864 0.815997]; residual 2.7e-15
  birth track d 8 m 5.734: f -4.501e-04; support [0.45629 3.76024 5.73428]; weights [0.00125 0.18483 0.81392]; residual 2.7e-15
  birth track d 8 m 5.759: f -2.252e-03; support [0.6815  3.78574 5.75928]; weights [0.0014  0.18727 0.81133]; residual 1.8e-15
  birth track d 8 m 5.784: f -5.379e-03; support [0.84637 3.81126 5.78428]; weights [0.00156 0.18971 0.80872]; residual 8.9e-13
  birth track d 8 m 5.809: f -9.771e-03; support [0.98187 3.8368  5.80928]; weights [0.00174 0.19215 0.80612]; residual 4.4e-13
  birth track d 8 m 5.834: f -1.536e-02; support [1.09896 3.86237 5.83428]; weights [0.00192 0.19457 0.80351]; residual 4.4e-13
  birth track d 8 m 5.859: f -2.207e-02; support [1.2031  3.88796 5.85928]; weights [0.00213 0.19698 0.80089]; residual 4.4e-13
  birth track d 8 m 5.884: f -2.983e-02; support [1.29745 3.91357 5.88428]; weights [0.00234 0.19938 0.79828]; residual 1.8e-15
  birth track d 8 m 5.909: f -3.856e-02; support [1.38406 3.93921 5.90928]; weights [0.00257 0.20177 0.79566]; residual 8.9e-16
  birth track d 8 m 5.934: f -4.817e-02; support [1.46436 3.96486 5.93428]; weights [0.00282 0.20415 0.79303]; residual 1.8e-15
  birth track d 8 m 5.959: f -5.857e-02; support [1.53938 3.99054 5.95928]; weights [0.00308 0.20652 0.7904 ]; residual 4.4e-13
  birth track d 8 m 5.984: f -6.967e-02; support [1.60989 4.01624 5.98428]; weights [0.00336 0.20887 0.78777]; residual 4.4e-13
  birth track d 8 m 6.009: f -8.138e-02; support [1.6765  4.04195 6.00928]; weights [0.00365 0.21121 0.78514]; residual 4.4e-13
  birth track d 8 m 6.034: f -9.361e-02; support [1.73969 4.06768 6.03428]; weights [0.00395 0.21354 0.7825 ]; residual 6.2e-15
  birth track d 8 m 6.059: f -1.063e-01; support [1.79986 4.09342 6.05928]; weights [0.00428 0.21586 0.77987]; residual 8.9e-16
  birth track d 8 m 6.084: f -1.193e-01; support [1.85734 4.11918 6.08428]; weights [0.00461 0.21816 0.77723]; residual 2.8e-14
  birth track d 8 m 6.109: f -1.325e-01; support [1.91238 4.14495 6.10928]; weights [0.00497 0.22045 0.77458]; residual 5.1e-13
  birth track d 8 m 6.134: f -1.459e-01; support [1.96524 4.17073 6.13428]; weights [0.00534 0.22272 0.77194]; residual 4.4e-13
  birth track d 8 m 6.159: f -1.593e-01; support [2.0161  4.19652 6.15928]; weights [0.00572 0.22498 0.7693 ]; residual 4.4e-13
  birth track d 8 m 6.184: f -1.727e-01; support [2.06515 4.22231 6.18428]; weights [0.00612 0.22723 0.76665]; residual 1.8e-15
  birth track d 8 m 6.209: f -1.859e-01; support [2.11252 4.24811 6.20928]; weights [0.00653 0.22946 0.76401]; residual 4.4e-13
  birth track d 8 m 6.234: f -1.989e-01; support [2.15836 4.27391 6.23428]; weights [0.00697 0.23167 0.76136]; residual 8.9e-13
  birth track d 8 m 6.259: f -2.117e-01; support [2.20279 4.29971 6.25928]; weights [0.00741 0.23387 0.75872]; residual 8.9e-16
  birth track d 8 m 6.284: f -2.240e-01; support [2.2459  4.32551 6.28428]; weights [0.00787 0.23606 0.75607]; residual 2.6e-13
  birth track d 8 m 6.309: f -2.359e-01; support [2.28779 4.35131 6.30928]; weights [0.00835 0.23823 0.75343]; residual 3.6e-15
  birth track d 8 m 6.334: f -2.471e-01; support [2.32855 4.3771  6.33428]; weights [0.00883 0.24038 0.75078]; residual 4.4e-13
  birth track d 8 m 6.359: f -2.578e-01; support [2.36826 4.40289 6.35928]; weights [0.00934 0.24252 0.74814]; residual 4.4e-13
  birth track d 8 m 6.384: f -2.677e-01; support [2.40697 4.42867 6.38428]; weights [0.00986 0.24464 0.7455 ]; residual 4.4e-13
  birth track d 8 m 6.409: f -2.769e-01; support [2.44477 4.45444 6.40928]; weights [0.01039 0.24675 0.74286]; residual 4.4e-13
  birth track d 8 m 6.434: f -2.852e-01; support [2.4817  4.4802  6.43428]; weights [0.01093 0.24884 0.74023]; residual 4.4e-13
  birth track d 8 m 6.459: f -2.925e-01; support [2.51782 4.50595 6.45928]; weights [0.01149 0.25092 0.73759]; residual 6.1e-14
  birth track d 8 m 6.484: f -2.989e-01; support [2.55317 4.53168 6.48428]; weights [0.01206 0.25298 0.73496]; residual 1.8e-15
  birth track d 8 m 6.509: f -3.042e-01; support [2.5878  4.5574  6.50928]; weights [0.01264 0.25503 0.73233]; residual 4.4e-13
  birth track d 8 m 6.534: f -3.084e-01; support [2.62176 4.5831  6.53428]; weights [0.01324 0.25706 0.72971]; residual 4.4e-13
  birth track d 8 m 6.559: f -3.114e-01; support [2.65508 4.60878 6.55928]; weights [0.01384 0.25907 0.72709]; residual 8.9e-16
  birth track d 8 m 6.584: f -3.131e-01; support [2.6878  4.63445 6.58428]; weights [0.01446 0.26107 0.72447]; residual 8.9e-13
  birth track d 8 m 6.609: f -3.136e-01; support [2.71994 4.66009 6.60928]; weights [0.01509 0.26305 0.72186]; residual 1.4e-14
  birth track d 8 m 6.634: f -3.127e-01; support [2.75155 4.68571 6.63428]; weights [0.01573 0.26502 0.71925]; residual 4.2e-14
  birth track d 8 m 6.659: f -3.104e-01; support [2.78265 4.71131 6.65928]; weights [0.01638 0.26698 0.71664]; residual 4.4e-13
  birth track d 8 m 6.684: f -3.067e-01; support [2.81326 4.73689 6.68428]; weights [0.01704 0.26892 0.71405]; residual 2.7e-15
  birth track d 8 m 6.709: f -3.015e-01; support [2.84341 4.76245 6.70928]; weights [0.01771 0.27084 0.71145]; residual 4.4e-13
  birth track d 8 m 6.734: f -2.948e-01; support [2.87313 4.78798 6.73428]; weights [0.01839 0.27275 0.70886]; residual 4.4e-13
  birth track d 8 m 6.759: f -2.865e-01; support [2.90244 4.81348 6.75928]; weights [0.01908 0.27464 0.70628]; residual 0.0e+00
  birth track d 8 m 6.784: f -2.767e-01; support [2.93135 4.83896 6.78428]; weights [0.01978 0.27652 0.7037 ]; residual 4.4e-13
  birth track d 8 m 6.809: f -2.652e-01; support [2.9599  4.86441 6.80928]; weights [0.02049 0.27838 0.70113]; residual 4.4e-13
  birth track d 8 m 6.834: f -2.521e-01; support [2.98808 4.88984 6.83428]; weights [0.0212  0.28023 0.69857]; residual 4.4e-13
  birth track d 8 m 6.859: f -2.373e-01; support [3.01593 4.91523 6.85928]; weights [0.02193 0.28207 0.69601]; residual 7.1e-15
  birth track d 8 m 6.884: f -2.208e-01; support [3.04346 4.9406  6.88428]; weights [0.02266 0.28389 0.69346]; residual 1.1e-14
  birth track d 8 m 6.909: f -2.026e-01; support [3.07068 4.96594 6.90928]; weights [0.0234  0.28569 0.69091]; residual 4.4e-13
  birth track d 8 m 6.934: f -1.826e-01; support [3.09761 4.99125 6.93428]; weights [0.02414 0.28748 0.68837]; residual 8.9e-13
  birth track d 8 m 6.959: f -1.609e-01; support [3.12426 5.01653 6.95928]; weights [0.0249  0.28926 0.68584]; residual 4.4e-13
  birth track d 8 m 6.984: f -1.374e-01; support [3.15065 5.04178 6.98428]; weights [0.02566 0.29102 0.68332]; residual 4.4e-13
  birth track d 8 m 7.009: f -1.121e-01; support [3.17679 5.06701 7.00928]; weights [0.02642 0.29277 0.68081]; residual 2.1e-14
  birth track d 8 m 7.034: f -8.495e-02; support [3.20268 5.0922  7.03428]; weights [0.0272 0.2945 0.6783]; residual 4.4e-15
  birth track d 8 m 7.059: f -5.602e-02; support [3.22835 5.11736 7.05928]; weights [0.02798 0.29622 0.6758 ]; residual 8.9e-16
  birth track d 8 m 7.084: f -2.526e-02; support [3.25379 5.14249 7.08428]; weights [0.02876 0.29792 0.67331]; residual 4.4e-13
  birth track d 8 m 7.109: f +7.320e-03; support [3.27903 5.16759 7.10928]; weights [0.02955 0.29962 0.67083]; residual 4.4e-15
  state at root - 0.01: support [3.263409 5.152037 7.09378 ]; weights [0.029061 0.298569 0.67237 ]; residual 4.4e-13; interior excess +0.00e+00
CHAIN d 8 e5 birth: m 7.10378032; support [3.273497 5.162076 7.10378 ]; weights [0.029377 0.299245 0.671378]; residual 1.8e-15
  split track d 8 m 7.114: f -1.066e-01; support [0.      3.28524 5.1723  7.11378]; weights [1.0000e-05 2.9730e-02 2.9989e-01 6.7037e-01]; residual 4.4e-13
  split track d 8 m 7.139: f -1.041e-01; support [0.      3.31425 5.19784 7.13878]; weights [2.0000e-05 3.0620e-02 3.0150e-01 6.6786e-01]; residual 8.9e-15
  split track d 8 m 7.164: f -1.011e-01; support [0.      3.34277 5.22334 7.16378]; weights [4.0000e-05 3.1510e-02 3.0310e-01 6.6535e-01]; residual 4.4e-13
  split track d 8 m 7.189: f -9.756e-02; support [0.      3.37081 5.2488  7.18878]; weights [6.0000e-05 3.2410e-02 3.0468e-01 6.6285e-01]; residual 4.4e-13
  split track d 8 m 7.214: f -9.348e-02; support [0.      3.39841 5.27421 7.21378]; weights [7.0000e-05 3.3310e-02 3.0626e-01 6.6036e-01]; residual 4.4e-13
  split track d 8 m 7.239: f -8.885e-02; support [0.      3.42559 5.29959 7.23878]; weights [8.0000e-05 3.4220e-02 3.0782e-01 6.5788e-01]; residual 4.4e-13
  split track d 8 m 7.264: f -8.368e-02; support [0.      3.45236 5.32493 7.26378]; weights [1.0000e-04 3.5120e-02 3.0937e-01 6.5541e-01]; residual 4.4e-13
  split track d 8 m 7.289: f -7.795e-02; support [0.      3.47875 5.35022 7.28878]; weights [1.1000e-04 3.6030e-02 3.1090e-01 6.5295e-01]; residual 4.4e-13
  split track d 8 m 7.314: f -7.166e-02; support [0.      3.50478 5.37546 7.31378]; weights [1.3000e-04 3.6950e-02 3.1243e-01 6.5050e-01]; residual 4.4e-13
  split track d 8 m 7.339: f -6.481e-02; support [0.      3.53046 5.40067 7.33878]; weights [1.4000e-04 3.7860e-02 3.1394e-01 6.4806e-01]; residual 4.4e-13
  split track d 8 m 7.364: f -5.740e-02; support [0.      3.55582 5.42583 7.36378]; weights [1.5000e-04 3.8780e-02 3.1545e-01 6.4562e-01]; residual 8.9e-15
  split track d 8 m 7.389: f -4.941e-02; support [0.      3.58086 5.45094 7.38878]; weights [1.6000e-04 3.9700e-02 3.1694e-01 6.4320e-01]; residual 4.4e-13
  split track d 8 m 7.414: f -4.086e-02; support [0.      3.60561 5.47601 7.41378]; weights [1.7000e-04 4.0620e-02 3.1842e-01 6.4079e-01]; residual 4.4e-13
  split track d 8 m 7.439: f -3.173e-02; support [0.      3.63008 5.50103 7.43878]; weights [1.8000e-04 4.1530e-02 3.1989e-01 6.3839e-01]; residual 4.4e-13
  split track d 8 m 7.464: f -2.204e-02; support [0.      3.65428 5.52601 7.46378]; weights [2.0000e-04 4.2450e-02 3.2135e-01 6.3601e-01]; residual 4.4e-15
  split track d 8 m 7.489: f -1.177e-02; support [0.      3.67822 5.55094 7.48878]; weights [2.1000e-04 4.3370e-02 3.2279e-01 6.3363e-01]; residual 4.4e-15
  split track d 8 m 7.514: f -9.330e-04; support [0.      3.70193 5.57583 7.51378]; weights [2.2000e-04 4.4290e-02 3.2423e-01 6.3126e-01]; residual 8.9e-13
  split track d 8 m 7.539: f +1.047e-02; support [0.      3.7254  5.60067 7.53878]; weights [2.2000e-04 4.5210e-02 3.2566e-01 6.2891e-01]; residual 4.4e-13
  state at root - 0.01: support [0.       3.694456 5.567962 7.505873]; weights [2.12000e-04 4.40010e-02 3.23777e-01 6.32010e-01]; residual 4.4e-13; interior excess +0.00e+00
CHAIN d 8 e6 split: m 7.51587281; support [0.       3.703901 5.57791  7.515873]; weights [2.16000e-04 4.43680e-02 3.24350e-01 6.31065e-01]; residual 8.9e-13
  birth track d 8 m 7.536: f -3.081e-04; support [0.4908  3.72476 5.59805 7.53587]; weights [2.4000e-04 4.5160e-02 3.2544e-01 6.2916e-01]; residual 4.4e-13
  birth track d 8 m 7.561: f -1.539e-03; support [0.73208 3.75089 5.62324 7.56087]; weights [2.8000e-04 4.6150e-02 3.2680e-01 6.2678e-01]; residual 4.4e-13
  birth track d 8 m 7.586: f -3.672e-03; support [0.90802 3.77708 5.64842 7.58587]; weights [3.2000e-04 4.7150e-02 3.2813e-01 6.2441e-01]; residual 4.4e-13
  birth track d 8 m 7.611: f -6.661e-03; support [1.05203 3.80333 5.67361 7.61087]; weights [3.6000e-04 4.8160e-02 3.2944e-01 6.2204e-01]; residual 4.4e-13
  birth track d 8 m 7.636: f -1.045e-02; support [1.17599 3.82963 5.69881 7.63587]; weights [4.1000e-04 4.9170e-02 3.3073e-01 6.1968e-01]; residual 4.4e-13
  birth track d 8 m 7.661: f -1.500e-02; support [1.2858  3.85599 5.72401 7.66087]; weights [4.6000e-04 5.0200e-02 3.3201e-01 6.1733e-01]; residual 2.8e-14
  birth track d 8 m 7.686: f -2.024e-02; support [1.3849  3.8824  5.74921 7.68587]; weights [5.2000e-04 5.1230e-02 3.3326e-01 6.1498e-01]; residual 8.9e-13
  birth track d 8 m 7.711: f -2.611e-02; support [1.47553 3.90886 5.77442 7.71087]; weights [5.8000e-04 5.2280e-02 3.3450e-01 6.1264e-01]; residual 4.4e-13
  birth track d 8 m 7.736: f -3.256e-02; support [1.55923 3.93536 5.79963 7.73587]; weights [0.00065 0.05332 0.33572 0.61031]; residual 4.4e-13
  birth track d 8 m 7.761: f -3.952e-02; support [1.63712 3.9619  5.82485 7.76087]; weights [0.00072 0.05438 0.33691 0.60798]; residual 8.9e-13
  birth track d 8 m 7.786: f -4.692e-02; support [1.71006 3.98848 5.85007 7.78587]; weights [0.0008  0.05544 0.33809 0.60566]; residual 4.4e-13
  birth track d 8 m 7.811: f -5.470e-02; support [1.7787  4.01509 5.87529 7.81087]; weights [0.00089 0.05651 0.33925 0.60335]; residual 4.4e-13
  birth track d 8 m 7.836: f -6.278e-02; support [1.84359 4.04174 5.90052 7.83587]; weights [0.00097 0.05759 0.3404  0.60104]; residual 4.4e-13
  birth track d 8 m 7.861: f -7.112e-02; support [1.90515 4.0684  5.92575 7.86087]; weights [0.00107 0.05867 0.34152 0.59874]; residual 4.4e-13
  birth track d 8 m 7.886: f -7.962e-02; support [1.96374 4.09509 5.95098 7.88587]; weights [0.00117 0.05976 0.34263 0.59645]; residual 4.4e-13
  birth track d 8 m 7.911: f -8.823e-02; support [2.01966 4.12179 5.97621 7.91087]; weights [0.00127 0.06085 0.34371 0.59416]; residual 4.4e-13
  birth track d 8 m 7.936: f -9.688e-02; support [2.07316 4.14851 6.00145 7.93587]; weights [0.00139 0.06195 0.34478 0.59188]; residual 8.9e-13
  birth track d 8 m 7.961: f -1.055e-01; support [2.12448 4.17523 6.02669 7.96087]; weights [0.0015  0.06305 0.34583 0.58961]; residual 4.4e-13
  birth track d 8 m 7.986: f -1.140e-01; support [2.1738  4.20195 6.05193 7.98587]; weights [0.00163 0.06416 0.34687 0.58734]; residual 8.9e-13
  birth track d 8 m 8.011: f -1.224e-01; support [2.22129 4.22867 6.07717 8.01087]; weights [0.00175 0.06528 0.34788 0.58509]; residual 4.4e-13
  birth track d 8 m 8.036: f -1.305e-01; support [2.26709 4.25538 6.10241 8.03587]; weights [0.00189 0.0664  0.34888 0.58284]; residual 8.9e-13
  birth track d 8 m 8.061: f -1.384e-01; support [2.31134 4.28208 6.12765 8.06087]; weights [0.00203 0.06752 0.34986 0.58059]; residual 6.8e-14
  birth track d 8 m 8.086: f -1.458e-01; support [2.35415 4.30877 6.15289 8.08587]; weights [0.00217 0.06865 0.35083 0.57836]; residual 4.4e-13
  birth track d 8 m 8.111: f -1.529e-01; support [2.39564 4.33543 6.17813 8.11087]; weights [0.00232 0.06978 0.35177 0.57613]; residual 4.4e-13
  birth track d 8 m 8.136: f -1.595e-01; support [2.43588 4.36208 6.20337 8.13587]; weights [0.00248 0.07091 0.3527  0.57391]; residual 1.3e-12
  birth track d 8 m 8.161: f -1.655e-01; support [2.47498 4.3887  6.2286  8.16087]; weights [0.00264 0.07205 0.35362 0.57169]; residual 4.4e-13
  birth track d 8 m 8.186: f -1.709e-01; support [2.513   4.41529 6.25384 8.18587]; weights [0.00281 0.07319 0.35452 0.56948]; residual 8.9e-13
  birth track d 8 m 8.211: f -1.757e-01; support [2.55003 4.44184 6.27907 8.21087]; weights [0.00298 0.07434 0.3554  0.56728]; residual 8.9e-13
  birth track d 8 m 8.236: f -1.797e-01; support [2.58611 4.46836 6.3043  8.23587]; weights [0.00316 0.07549 0.35626 0.56509]; residual 8.9e-13
  birth track d 8 m 8.261: f -1.830e-01; support [2.62131 4.49484 6.32952 8.26087]; weights [0.00334 0.07664 0.35711 0.56291]; residual 4.4e-13
  birth track d 8 m 8.286: f -1.855e-01; support [2.6557  4.52128 6.35475 8.28587]; weights [0.00352 0.07779 0.35795 0.56073]; residual 8.9e-13
  birth track d 8 m 8.311: f -1.870e-01; support [2.6893  4.54768 6.37996 8.31087]; weights [0.00372 0.07895 0.35877 0.55856]; residual 8.9e-13
  birth track d 8 m 8.336: f -1.877e-01; support [2.72218 4.57403 6.40518 8.33587]; weights [0.00391 0.08011 0.35957 0.5564 ]; residual 8.9e-13
  birth track d 8 m 8.361: f -1.874e-01; support [2.75438 4.60033 6.43039 8.36087]; weights [0.00411 0.08127 0.36036 0.55425]; residual 8.9e-13
  birth track d 8 m 8.386: f -1.861e-01; support [2.78593 4.62658 6.45559 8.38587]; weights [0.00432 0.08244 0.36114 0.5521 ]; residual 4.4e-13
  birth track d 8 m 8.411: f -1.837e-01; support [2.81687 4.65278 6.48079 8.41087]; weights [0.00453 0.0836  0.3619  0.54997]; residual 8.9e-13
  birth track d 8 m 8.436: f -1.802e-01; support [2.84724 4.67892 6.50598 8.43587]; weights [0.00474 0.08477 0.36265 0.54784]; residual 8.9e-13
  birth track d 8 m 8.461: f -1.756e-01; support [2.87707 4.70501 6.53117 8.46087]; weights [0.00496 0.08594 0.36338 0.54572]; residual 4.4e-13
  birth track d 8 m 8.486: f -1.697e-01; support [2.90639 4.73104 6.55635 8.48587]; weights [0.00518 0.08712 0.3641  0.5436 ]; residual 8.9e-13
  birth track d 8 m 8.511: f -1.627e-01; support [2.93522 4.75702 6.58152 8.51087]; weights [0.00541 0.08829 0.36481 0.5415 ]; residual 8.9e-13
  birth track d 8 m 8.536: f -1.544e-01; support [2.96359 4.78294 6.60669 8.53587]; weights [0.00564 0.08946 0.3655  0.5394 ]; residual 4.4e-13
  birth track d 8 m 8.561: f -1.448e-01; support [2.99153 4.80879 6.63185 8.56087]; weights [0.00587 0.09064 0.36618 0.53731]; residual 8.9e-13
  birth track d 8 m 8.586: f -1.340e-01; support [3.01905 4.83459 6.657   8.58587]; weights [0.00611 0.09182 0.36684 0.53523]; residual 4.4e-13
  birth track d 8 m 8.611: f -1.217e-01; support [3.04619 4.86032 6.68214 8.61087]; weights [0.00635 0.093   0.3675  0.53315]; residual 4.4e-13
  birth track d 8 m 8.636: f -1.081e-01; support [3.07296 4.88599 6.70727 8.63587]; weights [0.0066  0.09417 0.36814 0.53109]; residual 8.9e-13
  birth track d 8 m 8.661: f -9.310e-02; support [3.09938 4.91161 6.7324  8.66087]; weights [0.00685 0.09535 0.36877 0.52903]; residual 8.9e-13
  birth track d 8 m 8.686: f -7.667e-02; support [3.12546 4.93715 6.75751 8.68587]; weights [0.0071  0.09653 0.36938 0.52699]; residual 1.3e-12
  birth track d 8 m 8.711: f -5.878e-02; support [3.15123 4.96264 6.78262 8.71087]; weights [0.00735 0.09771 0.36999 0.52495]; residual 4.4e-13
  birth track d 8 m 8.736: f -3.943e-02; support [3.17669 4.98806 6.80771 8.73587]; weights [0.00761 0.09889 0.37058 0.52291]; residual 8.9e-13
  birth track d 8 m 8.761: f -1.860e-02; support [3.20188 5.01342 6.8328  8.76087]; weights [0.00787 0.10007 0.37116 0.52089]; residual 4.4e-13
  birth track d 8 m 8.786: f +3.747e-03; support [3.22678 5.03872 6.85788 8.78587]; weights [0.00813 0.10125 0.37174 0.51888]; residual 8.9e-13
  state at root - 0.01: support [3.212792 5.024481 6.84376  8.771796]; weights [0.007985 0.10059  0.371415 0.52001 ]; residual 8.9e-13; interior excess +0.00e+00
CHAIN d 8 e7 birth: m 8.78179626; support [3.22274  5.034596 6.85379  8.781796]; weights [0.008091 0.101062 0.371643 0.519204]; residual 8.9e-13
EVENTS [["birth", 5.28215422], ["split", 5.71427602], ["birth", 7.10378032], ["split", 7.51587281], ["birth", 8.78179626]]
