  birth track d 3 m 9.171: f -2.574e-05; support [0.76563 2.30801 3.88582 5.52574 7.26494 9.17131]; weights [0.0095  0.07917 0.18594 0.27283 0.27907 0.17349]; residual 6.7e-13
  birth track d 3 m 9.196: f -3.958e-05; support [0.83996 2.34136 3.91278 5.55117 7.28999 9.19631]; weights [0.01049 0.08008 0.18639 0.27244 0.27802 0.17258]; residual 4.4e-13
  birth track d 3 m 9.221: f -5.602e-05; support [0.90329 2.37433 3.93973 5.57661 7.31505 9.22131]; weights [0.01149 0.08099 0.18682 0.27205 0.27697 0.17168]; residual 8.9e-13
  birth track d 3 m 9.246: f -7.480e-05; support [0.95825 2.40684 3.96665 5.60205 7.3401  9.24631]; weights [0.01247 0.08191 0.18726 0.27165 0.27593 0.17078]; residual 8.9e-13
  birth track d 3 m 9.271: f -9.568e-05; support [1.0066  2.43882 3.99351 5.62748 7.36516 9.27131]; weights [0.01344 0.08285 0.18769 0.27125 0.27489 0.16988]; residual 4.4e-13
  birth track d 3 m 9.296: f -1.184e-04; support [1.04961 2.47021 4.02031 5.65291 7.39022 9.29631]; weights [0.0144  0.08379 0.18812 0.27084 0.27385 0.169  ]; residual 6.7e-13
  birth track d 3 m 9.321: f -1.425e-04; support [1.08822 2.50099 4.04702 5.67833 7.41527 9.32131]; weights [0.01533 0.08476 0.18855 0.27044 0.27282 0.16811]; residual 1.1e-12
  birth track d 3 m 9.346: f -1.679e-04; support [1.12314 2.53112 4.07363 5.70374 7.44033 9.34631]; weights [0.01624 0.08573 0.18898 0.27003 0.27179 0.16724]; residual 8.9e-13
  birth track d 3 m 9.371: f -1.940e-04; support [1.15495 2.56058 4.10012 5.72913 7.46538 9.37131]; weights [0.01711 0.08673 0.18942 0.26962 0.27076 0.16637]; residual 1.3e-12
  birth track d 3 m 9.396: f -2.205e-04; support [1.1841  2.58938 4.12649 5.75451 7.49044 9.39631]; weights [0.01797 0.08773 0.18986 0.26921 0.26974 0.1655 ]; residual 4.4e-13
  birth track d 3 m 9.421: f -2.469e-04; support [1.21096 2.6175  4.15272 5.77985 7.51549 9.42131]; weights [0.01879 0.08874 0.19031 0.2688  0.26872 0.16465]; residual 1.6e-12
  birth track d 3 m 9.446: f -2.729e-04; support [1.23583 2.64495 4.1788  5.80517 7.54053 9.44631]; weights [0.01958 0.08977 0.19076 0.26839 0.26771 0.16379]; residual 4.4e-13
  birth track d 3 m 9.471: f -2.979e-04; support [1.25897 2.67175 4.20473 5.83045 7.56557 9.47131]; weights [0.02034 0.0908  0.19123 0.26799 0.2667  0.16295]; residual 2.2e-13
  birth track d 3 m 9.496: f -3.213e-04; support [1.28059 2.69791 4.23048 5.8557  7.59061 9.49631]; weights [0.02108 0.09183 0.1917  0.26759 0.26569 0.1621 ]; residual 8.9e-13
  birth track d 3 m 9.521: f -3.428e-04; support [1.30087 2.72344 4.25606 5.88092 7.61564 9.52131]; weights [0.02179 0.09287 0.19218 0.26719 0.2647  0.16127]; residual 1.1e-12
  birth track d 3 m 9.546: f -3.616e-04; support [1.31997 2.74835 4.28146 5.90609 7.64066 9.54631]; weights [0.02247 0.09391 0.19267 0.2668  0.2637  0.16044]; residual 1.3e-12
  birth track d 3 m 9.571: f -3.772e-04; support [1.33801 2.77268 4.30667 5.93121 7.66568 9.57131]; weights [0.02313 0.09494 0.19317 0.26642 0.26272 0.15962]; residual 4.4e-13
  birth track d 3 m 9.596: f -3.890e-04; support [1.35511 2.79644 4.33169 5.95628 7.69069 9.59631]; weights [0.02377 0.09598 0.19368 0.26604 0.26174 0.1588 ]; residual 6.7e-13
  birth track d 3 m 9.621: f -3.962e-04; support [1.37137 2.81966 4.35652 5.98131 7.71569 9.62131]; weights [0.02438 0.09701 0.1942  0.26567 0.26076 0.15798]; residual 8.9e-13
  birth track d 3 m 9.646: f -3.982e-04; support [1.38688 2.84235 4.38115 6.00628 7.74068 9.64631]; weights [0.02497 0.09803 0.19473 0.2653  0.2598  0.15718]; residual 8.9e-13
  birth track d 3 m 9.671: f -3.942e-04; support [1.4017  2.86453 4.40557 6.03119 7.76566 9.67131]; weights [0.02554 0.09904 0.19526 0.26495 0.25884 0.15638]; residual 8.9e-13
  birth track d 3 m 9.696: f -3.836e-04; support [1.4159  2.88624 4.4298  6.05604 7.79062 9.69631]; weights [0.02609 0.10005 0.19581 0.2646  0.25788 0.15558]; residual 6.7e-13
  birth track d 3 m 9.721: f -3.654e-04; support [1.42955 2.90748 4.45382 6.08084 7.81558 9.72131]; weights [0.02662 0.10105 0.19636 0.26426 0.25694 0.15479]; residual 8.9e-13
  birth track d 3 m 9.746: f -3.390e-04; support [1.44268 2.92828 4.47763 6.10556 7.84052 9.74631]; weights [0.02713 0.10203 0.19691 0.26392 0.256   0.154  ]; residual 8.9e-13
  birth track d 3 m 9.771: f -3.033e-04; support [1.45536 2.94866 4.50125 6.13022 7.86545 9.77131]; weights [0.02763 0.10301 0.19748 0.2636  0.25507 0.15322]; residual 1.1e-12
  birth track d 3 m 9.796: f -2.576e-04; support [1.46761 2.96864 4.52466 6.15482 7.89036 9.79631]; weights [0.02811 0.10397 0.19804 0.26329 0.25414 0.15245]; residual 1.1e-12
  birth track d 3 m 9.821: f -2.009e-04; support [1.47947 2.98823 4.54787 6.17934 7.91526 9.82131]; weights [0.02857 0.10492 0.19862 0.26298 0.25322 0.15168]; residual 1.3e-12
  birth track d 3 m 9.846: f -1.322e-04; support [1.49098 3.00746 4.57088 6.20379 7.94015 9.84631]; weights [0.02903 0.10586 0.19919 0.26269 0.25232 0.15092]; residual 6.7e-13
  birth track d 3 m 9.871: f -5.065e-05; support [1.50216 3.02634 4.59369 6.22817 7.96502 9.87131]; weights [0.02947 0.10678 0.19977 0.2624  0.25142 0.15016]; residual 6.7e-13
  birth track d 3 m 9.896: f +4.488e-05; support [1.51304 3.04489 4.61631 6.25247 7.98987 9.89631]; weights [0.02989 0.10769 0.20036 0.26212 0.25052 0.14941]; residual 1.3e-12
  state at root - 0.01: support [1.503795 3.029125 4.597073 6.231792 7.968719 9.875038]; weights [0.029531 0.106918 0.199861 0.262358 0.251283 0.150049]; residual 1.8e-12; interior excess +0.00e+00
CHAIN d 3 e3 birth: m 9.88503769; support [1.508164 3.036564 4.606132 6.241517 7.97866  9.885038]; weights [0.029702 0.107283 0.200094 0.262247 0.250926 0.149748]; residual 6.7e-13
  split track d 3 m 9.895: f -1.318e-04; support [0.      1.52736 3.04877 4.61672 6.25166 7.98868 9.89504]; weights [1.8000e-04 3.0060e-02 1.0756e-01 2.0017e-01 2.6205e-01 2.5054e-01
 1.4945e-01]; residual 8.9e-13
  split track d 3 m 9.920: f -1.519e-04; support [0.      1.5725  3.07904 4.64317 6.27701 8.01372 9.92004]; weights [0.00057 0.03099 0.10826 0.20036 0.26154 0.24959 0.14869]; residual 1.3e-12
  split track d 3 m 9.945: f -1.725e-04; support [0.      1.61398 3.10893 4.66957 6.30235 8.03877 9.94504]; weights [0.0009  0.03195 0.10898 0.20055 0.26103 0.24864 0.14794]; residual 8.9e-13
  split track d 3 m 9.970: f -1.932e-04; support [0.      1.65228 3.1384  4.69591 6.32769 8.06382 9.97004]; weights [0.00119 0.03293 0.10972 0.20074 0.26053 0.2477  0.1472 ]; residual 6.7e-13
  split track d 3 m 9.995: f -2.137e-04; support [0.      1.68778 3.16743 4.72217 6.35301 8.08886 9.99504]; weights [0.00145 0.03392 0.11047 0.20093 0.26002 0.24675 0.14646]; residual 6.7e-13
  split track d 3 m 10.020: f -2.337e-04; support [ 0.       1.72081  3.19599  4.74835  6.37832  8.1139  10.02004]; weights [0.00167 0.0349  0.11124 0.20113 0.25951 0.24582 0.14573]; residual 6.7e-13
  split track d 3 m 10.045: f -2.529e-04; support [ 0.       1.75166  3.22407  4.77443  6.40362  8.13895 10.04504]; weights [0.00188 0.03588 0.11202 0.20133 0.25901 0.24488 0.145  ]; residual 1.1e-12
  split track d 3 m 10.070: f -2.710e-04; support [ 0.       1.78056  3.25167  4.8004   6.42889  8.16398 10.07004]; weights [0.00206 0.03684 0.11282 0.20154 0.25851 0.24395 0.14428]; residual 6.7e-13
  split track d 3 m 10.095: f -2.875e-04; support [ 0.       1.80771  3.27876  4.82626  6.45414  8.18902 10.09504]; weights [0.00222 0.03779 0.11364 0.20176 0.25801 0.24303 0.14356]; residual 1.1e-12
  split track d 3 m 10.120: f -3.022e-04; support [ 0.       1.83331  3.30536  4.85199  6.47937  8.21405 10.12004]; weights [0.00238 0.03871 0.11447 0.20199 0.25751 0.24211 0.14284]; residual 1.3e-12
  split track d 3 m 10.145: f -3.147e-04; support [ 0.       1.85751  3.33146  4.87759  6.50457  8.23908 10.14504]; weights [0.00251 0.03962 0.11531 0.20222 0.25702 0.24119 0.14213]; residual 2.2e-12
  split track d 3 m 10.170: f -3.245e-04; support [ 0.       1.88045  3.35707  4.90305  6.52973  8.2641  10.17004]; weights [0.00264 0.0405  0.11615 0.20246 0.25653 0.24028 0.14143]; residual 1.1e-12
  split track d 3 m 10.195: f -3.313e-04; support [ 0.       1.90224  3.38219  4.92836  6.55486  8.28912 10.19504]; weights [0.00276 0.04136 0.11701 0.20272 0.25605 0.23937 0.14072]; residual 8.9e-13
  split track d 3 m 10.220: f -3.346e-04; support [ 0.       1.923    3.40682  4.95352  6.57995  8.31413 10.22004]; weights [0.00287 0.0422  0.11787 0.20298 0.25557 0.23847 0.14003]; residual 2.4e-12
  split track d 3 m 10.245: f -3.340e-04; support [ 0.       1.94281  3.43099  4.97853  6.605    8.33913 10.24504]; weights [0.00297 0.04301 0.11874 0.20326 0.2551  0.23758 0.13934]; residual 8.9e-13
  split track d 3 m 10.270: f -3.291e-04; support [ 0.       1.96177  3.45469  5.00337  6.63     8.36413 10.27004]; weights [0.00307 0.0438  0.11961 0.20354 0.25464 0.23669 0.13865]; residual 1.3e-12
  split track d 3 m 10.295: f -3.194e-04; support [ 0.       1.97995  3.47795  5.02804  6.65496  8.38912 10.29504]; weights [0.00316 0.04456 0.12048 0.20384 0.25419 0.23581 0.13797]; residual 1.9e-12
  split track d 3 m 10.320: f -3.044e-04; support [ 0.       1.99741  3.50077  5.05254  6.67987  8.41409 10.32004]; weights [0.00324 0.0453  0.12134 0.20415 0.25374 0.23493 0.13729]; residual 1.8e-12
  split track d 3 m 10.345: f -2.836e-04; support [ 0.       2.01421  3.52317  5.07688  6.70473  8.43906 10.34504]; weights [0.00333 0.04602 0.12221 0.20446 0.2533  0.23406 0.13662]; residual 6.7e-13
  split track d 3 m 10.370: f -2.565e-04; support [ 0.       2.03041  3.54516  5.10103  6.72954  8.46402 10.37004]; weights [0.0034  0.04672 0.12308 0.20479 0.25287 0.2332  0.13595]; residual 1.3e-12
  split track d 3 m 10.395: f -2.227e-04; support [ 0.       2.04605  3.56674  5.12501  6.75429  8.48896 10.39504]; weights [0.00347 0.0474  0.12393 0.20512 0.25245 0.23234 0.13528]; residual 1.3e-12
  split track d 3 m 10.420: f -1.816e-04; support [ 0.       2.06118  3.58795  5.14882  6.77898  8.5139  10.42004]; weights [0.00354 0.04806 0.12479 0.20546 0.25203 0.23149 0.13462]; residual 8.9e-13
  split track d 3 m 10.445: f -1.326e-04; support [ 0.       2.07584  3.60878  5.17244  6.80361  8.53882 10.44504]; weights [0.00361 0.0487  0.12564 0.20581 0.25163 0.23065 0.13397]; residual 1.3e-12
  split track d 3 m 10.470: f -7.521e-05; support [ 0.       2.09006  3.62926  5.19588  6.82818  8.56373 10.47004]; weights [0.00367 0.04932 0.12648 0.20617 0.25124 0.22981 0.13332]; residual 6.7e-13
  split track d 3 m 10.495: f -8.884e-06; support [ 0.       2.10387  3.64939  5.21915  6.85269  8.58862 10.49504]; weights [0.00373 0.04992 0.12731 0.20654 0.25085 0.22898 0.13267]; residual 1.1e-12
  split track d 3 m 10.520: f +6.696e-05; support [ 0.       2.1173   3.66919  5.24224  6.87713  8.6135  10.52004]; weights [0.00379 0.0505  0.12813 0.20691 0.25048 0.22816 0.13203]; residual 1.8e-12
  state at root - 0.01: support [ 0.        2.100098  3.64387   5.212749  6.845935  8.581755 10.488141]; weights [0.003715 0.049753 0.127081 0.206438 0.250956 0.229208 0.132849]; residual 8.9e-13; interior excess +1.11e-14
CHAIN d 3 e4 split: m 10.49814056; support [ 0.        2.105557  3.651865  5.222025  6.855726  8.591711 10.498141]; weights [0.003738 0.049991 0.127413 0.206586 0.250803 0.228877 0.132591]; residual 1.3e-12
  birth track d 3 m 10.598: f -1.006e-05; support [ 0.77751  2.24781  3.76243  5.32483  6.95638  8.69177 10.59814]; weights [0.0065  0.05292 0.12959 0.20683 0.24867 0.22544 0.13004]; residual 1.8e-12
  birth track d 3 m 10.623: f -1.548e-05; support [ 0.85084  2.28269  3.79012  5.35058  6.98156  8.71679 10.62314]; weights [0.00723 0.05365 0.13012 0.20687 0.24813 0.22459 0.12941]; residual 8.9e-13
  birth track d 3 m 10.648: f -2.193e-05; support [ 0.91279  2.31702  3.81776  5.37634  7.00674  8.74181 10.64814]; weights [0.00796 0.05439 0.13064 0.2069  0.24759 0.22375 0.12878]; residual 1.6e-12
  birth track d 3 m 10.673: f -2.931e-05; support [ 0.9661   2.35069  3.84534  5.40209  7.03193  8.76683 10.67314]; weights [0.00867 0.05513 0.13116 0.20693 0.24705 0.2229  0.12816]; residual 6.7e-13
  birth track d 3 m 10.698: f -3.751e-05; support [ 1.01266  2.38363  3.87283  5.42783  7.05712  8.79185 10.69814]; weights [0.00937 0.05589 0.13168 0.20695 0.2465  0.22206 0.12754]; residual 8.9e-13
  birth track d 3 m 10.723: f -4.643e-05; support [ 1.05378  2.41579  3.9002   5.45356  7.0823   8.81688 10.72314]; weights [0.01006 0.05667 0.1322  0.20697 0.24595 0.22122 0.12693]; residual 1.1e-12
  birth track d 3 m 10.748: f -5.592e-05; support [ 1.09044  2.44713  3.92743  5.47927  7.10749  8.8419  10.74814]; weights [0.01072 0.05745 0.13273 0.20699 0.24541 0.22038 0.12632]; residual 6.7e-13
  birth track d 3 m 10.773: f -6.585e-05; support [ 1.12341  2.47762  3.9545   5.50495  7.13267  8.86692 10.77314]; weights [0.01136 0.05825 0.13326 0.207   0.24486 0.21955 0.12572]; residual 1.1e-12
  birth track d 3 m 10.798: f -7.605e-05; support [ 1.15327  2.50727  3.98139  5.53059  7.15785  8.89194 10.79814]; weights [0.01198 0.05906 0.1338  0.20702 0.24431 0.21872 0.12511]; residual 4.4e-13
  birth track d 3 m 10.823: f -8.637e-05; support [ 1.1805   2.53608  4.00809  5.55619  7.18301  8.91696 10.82314]; weights [0.01257 0.05987 0.13435 0.20703 0.24377 0.2179  0.12451]; residual 1.1e-12
  birth track d 3 m 10.848: f -9.662e-05; support [ 1.20547  2.56404  4.03458  5.58175  7.20817  8.94198 10.84814]; weights [0.01314 0.0607  0.1349  0.20705 0.24322 0.21708 0.12392]; residual 6.7e-13
  birth track d 3 m 10.873: f -1.066e-04; support [ 1.2285   2.5912   4.06085  5.60725  7.23332  8.967   10.87314]; weights [0.01368 0.06152 0.13546 0.20707 0.24268 0.21626 0.12333]; residual 6.7e-13
  birth track d 3 m 10.898: f -1.161e-04; support [ 1.24985  2.61756  4.08689  5.63269  7.25846  8.99202 10.89814]; weights [0.0142  0.06235 0.13603 0.20709 0.24213 0.21545 0.12274]; residual 2.0e-12
  birth track d 3 m 10.923: f -1.249e-04; support [ 1.26974  2.64315  4.11268  5.65807  7.28358  9.01703 10.92314]; weights [0.0147  0.06318 0.13661 0.20712 0.24159 0.21464 0.12216]; residual 1.6e-12
  birth track d 3 m 10.948: f -1.327e-04; support [ 1.28834  2.66801  4.13822  5.68337  7.30868  9.04204 10.94814]; weights [0.01518 0.06401 0.13719 0.20715 0.24106 0.21383 0.12158]; residual 2.7e-12
  birth track d 3 m 10.973: f -1.393e-04; support [ 1.3058   2.69215  4.16351  5.70861  7.33377  9.06705 10.97314]; weights [0.01564 0.06483 0.13779 0.20719 0.24052 0.21303 0.121  ]; residual 4.4e-13
  birth track d 3 m 10.998: f -1.444e-04; support [ 1.32226  2.71562  4.18853  5.73376  7.35883  9.09206 10.99814]; weights [0.01608 0.06565 0.13839 0.20723 0.23999 0.21223 0.12043]; residual 1.6e-12
  birth track d 3 m 11.023: f -1.478e-04; support [ 1.33784  2.73845  4.21329  5.75883  7.38388  9.11706 11.02314]; weights [0.01651 0.06647 0.139   0.20727 0.23946 0.21144 0.11986]; residual 2.0e-12
  birth track d 3 m 11.048: f -1.491e-04; support [ 1.35261  2.76065  4.23778  5.78381  7.4089   9.14206 11.04814]; weights [0.01691 0.06727 0.13961 0.20732 0.23894 0.21065 0.11929]; residual 8.9e-13
  birth track d 3 m 11.073: f -1.480e-04; support [ 1.36668  2.78228  4.262    5.80869  7.4339   9.16705 11.07314]; weights [0.0173  0.06807 0.14023 0.20738 0.23842 0.20986 0.11873]; residual 2.4e-12
  birth track d 3 m 11.098: f -1.441e-04; support [ 1.38011  2.80334  4.28596  5.83348  7.45887  9.19204 11.09814]; weights [0.01768 0.06886 0.14085 0.20745 0.23791 0.20908 0.11817]; residual 6.8e-13
  birth track d 3 m 11.123: f -1.371e-04; support [ 1.39296  2.82388  4.30964  5.85817  7.48381  9.21702 11.12314]; weights [0.01804 0.06963 0.14148 0.20752 0.2374  0.20831 0.11762]; residual 8.9e-13
  birth track d 3 m 11.148: f -1.267e-04; support [ 1.40529  2.84391  4.33306  5.88276  7.50872  9.242   11.14814]; weights [0.01839 0.0704  0.14211 0.2076  0.23689 0.20754 0.11707]; residual 1.3e-12
  birth track d 3 m 11.173: f -1.124e-04; support [ 1.41715  2.86347  4.35622  5.90724  7.5336   9.26697 11.17314]; weights [0.01873 0.07116 0.14275 0.20768 0.2364  0.20677 0.11652]; residual 2.4e-12
  birth track d 3 m 11.198: f -9.388e-05; support [ 1.42857  2.88259  4.37911  5.93162  7.55845  9.29193 11.19814]; weights [0.01905 0.0719  0.14339 0.20778 0.2359  0.20601 0.11597]; residual 1.3e-12
  birth track d 3 m 11.223: f -7.065e-05; support [ 1.43961  2.90127  4.40175  5.95588  7.58326  9.31689 11.22314]; weights [0.01937 0.07263 0.14403 0.20787 0.23541 0.20525 0.11543]; residual 1.3e-12
  birth track d 3 m 11.248: f -4.228e-05; support [ 1.45029  2.91955  4.42413  5.98004  7.60803  9.34184 11.24814]; weights [0.01967 0.07335 0.14466 0.20798 0.23493 0.2045  0.11489]; residual 1.8e-12
  birth track d 3 m 11.273: f -8.318e-06; support [ 1.46064  2.93744  4.44626  6.00408  7.63277  9.36678 11.27314]; weights [0.01997 0.07406 0.1453  0.20809 0.23446 0.20376 0.11436]; residual 6.7e-13
  birth track d 3 m 11.298: f +3.172e-05; support [ 1.47068  2.95498  4.46814  6.028    7.65747  9.39172 11.29814]; weights [0.02025 0.07476 0.14594 0.20821 0.23399 0.20302 0.11383]; residual 8.9e-13
  state at root - 0.01: support [ 1.458809  2.934273  4.44232   5.999787  7.628353  9.362325 11.268672]; weights [0.019914 0.073935 0.14519  0.208072 0.234544 0.203889 0.114456]; residual 6.7e-13; interior excess +0.00e+00
CHAIN d 3 e5 birth: m 11.27867217; support [ 1.462885  2.941355  4.45112   6.009379  7.638241  9.3723   11.278672]; weights [0.02003  0.074216 0.145446 0.208118 0.234355 0.203592 0.114243]; residual 1.6e-12
  split track d 3 m 11.289: f -4.619e-05; support [ 0.       1.48318  2.95402  4.46193  6.01962  7.6483   9.38231 11.28867]; weights [1.3000e-04 2.0300e-02 7.4460e-02 1.4559e-01 2.0808e-01 2.3413e-01
 2.0329e-01 1.1403e-01]; residual 6.7e-13
  split track d 3 m 11.314: f -5.426e-05; support [ 0.       1.53052  2.98538  4.48891  6.04522  7.67346  9.40732 11.31367]; weights [0.00041 0.02101 0.07508 0.14594 0.20797 0.23357 0.20252 0.1135 ]; residual 6.7e-13
  split track d 3 m 11.339: f -6.259e-05; support [ 0.       1.57357  3.01625  4.51581  6.07081  7.69861  9.43234 11.33867]; weights [0.00065 0.02175 0.07571 0.14629 0.20787 0.233   0.20176 0.11297]; residual 6.7e-13
  split track d 3 m 11.364: f -7.106e-05; support [ 0.       1.61293  3.04659  4.54263  6.09639  7.72376  9.45736 11.36367]; weights [0.00086 0.02249 0.07636 0.14664 0.20776 0.23244 0.20101 0.11245]; residual 8.9e-13
  split track d 3 m 11.389: f -7.955e-05; support [ 0.       1.64908  3.07636  4.56934  6.12195  7.74891  9.48238 11.38867]; weights [0.00104 0.02324 0.07702 0.147   0.20765 0.23187 0.20026 0.11193]; residual 1.6e-12
  split track d 3 m 11.414: f -8.792e-05; support [ 0.       1.68244  3.10555  4.59593  6.14748  7.77406  9.5074  11.41367]; weights [0.0012  0.02399 0.07769 0.14736 0.20754 0.23131 0.19951 0.11141]; residual 1.3e-12
  split track d 3 m 11.439: f -9.604e-05; support [ 0.       1.71336  3.13413  4.62238  6.17299  7.7992   9.53241 11.43867]; weights [0.00133 0.02472 0.07838 0.14773 0.20743 0.23075 0.19876 0.11089]; residual 1.3e-12
  split track d 3 m 11.464: f -1.037e-04; support [ 0.       1.74211  3.1621   4.64867  6.19845  7.82433  9.55743 11.46367]; weights [0.00146 0.02545 0.07908 0.14811 0.20732 0.23018 0.19802 0.11038]; residual 1.8e-12
  split track d 3 m 11.489: f -1.109e-04; support [ 0.       1.76896  3.18945  4.6748   6.22388  7.84946  9.58245 11.48867]; weights [0.00157 0.02615 0.0798  0.14849 0.20721 0.22963 0.19728 0.10987]; residual 1.6e-12
  split track d 3 m 11.514: f -1.173e-04; support [ 0.       1.79412  3.21618  4.70076  6.24927  7.87457  9.60746 11.51367]; weights [0.00168 0.02684 0.08052 0.14888 0.20711 0.22907 0.19654 0.10937]; residual 6.7e-13
  split track d 3 m 11.539: f -1.228e-04; support [ 0.       1.81776  3.24231  4.72653  6.2746   7.89968  9.63247 11.53867]; weights [0.00177 0.02751 0.08125 0.14928 0.20701 0.22851 0.19581 0.10886]; residual 8.9e-13
  split track d 3 m 11.564: f -1.272e-04; support [ 0.       1.84006  3.26784  4.7521   6.29988  7.92477  9.65748 11.56367]; weights [0.00185 0.02816 0.08198 0.14969 0.20691 0.22796 0.19508 0.10836]; residual 8.9e-13
  split track d 3 m 11.589: f -1.304e-04; support [ 0.       1.86114  3.29277  4.77747  6.3251   7.94985  9.68249 11.58867]; weights [0.00193 0.02878 0.08272 0.15011 0.20682 0.22741 0.19435 0.10787]; residual 1.8e-12
  split track d 3 m 11.614: f -1.320e-04; support [ 0.       1.88114  3.31714  4.80264  6.35026  7.97491  9.70749 11.61367]; weights [0.00201 0.02939 0.08346 0.15053 0.20674 0.22686 0.19363 0.10737]; residual 1.6e-12
  split track d 3 m 11.639: f -1.320e-04; support [ 0.       1.90015  3.34095  4.82758  6.37535  7.99995  9.7325  11.63867]; weights [0.00208 0.02998 0.0842  0.15097 0.20665 0.22632 0.19291 0.10688]; residual 8.9e-13
  split track d 3 m 11.664: f -1.301e-04; support [ 0.       1.91827  3.36421  4.85231  6.40036  8.02498  9.7575  11.66367]; weights [0.00214 0.03055 0.08494 0.15141 0.20658 0.22578 0.1922  0.1064 ]; residual 1.1e-12
  split track d 3 m 11.689: f -1.261e-04; support [ 0.       1.93559  3.38696  4.87681  6.42531  8.04998  9.78249 11.68867]; weights [0.0022  0.0311  0.08568 0.15186 0.20651 0.22525 0.19149 0.10591]; residual 8.9e-13
  split track d 3 m 11.714: f -1.197e-04; support [ 0.       1.95217  3.4092   4.90108  6.45017  8.07496  9.80748 11.71367]; weights [0.00226 0.03164 0.08642 0.15232 0.20645 0.22472 0.19078 0.10543]; residual 3.6e-12
  split track d 3 m 11.739: f -1.108e-04; support [ 0.       1.96809  3.43096  4.92513  6.47494  8.09992  9.83247 11.73867]; weights [0.00231 0.03215 0.08715 0.15278 0.20639 0.22419 0.19008 0.10495]; residual 2.7e-12
  split track d 3 m 11.764: f -9.898e-05; support [ 0.       1.98339  3.45224  4.94895  6.49964  8.12486  9.85745 11.76367]; weights [0.00236 0.03265 0.08787 0.15325 0.20634 0.22367 0.18938 0.10448]; residual 2.0e-12
  split track d 3 m 11.789: f -8.410e-05; support [ 0.       1.99813  3.47308  4.97253  6.52424  8.14976  9.88243 11.78867]; weights [0.00241 0.03313 0.08859 0.15373 0.2063  0.22315 0.18869 0.104  ]; residual 1.6e-12
  split track d 3 m 11.814: f -6.587e-05; support [ 0.       2.01235  3.49349  4.99589  6.54875  8.17464  9.9074  11.81367]; weights [0.00246 0.0336  0.0893  0.15421 0.20626 0.22264 0.188   0.10353]; residual 8.9e-13
  split track d 3 m 11.839: f -4.401e-05; support [ 0.       2.02611  3.51349  5.01901  6.57316  8.19949  9.93236 11.83867]; weights [0.0025  0.03405 0.09    0.15469 0.20624 0.22214 0.18731 0.10306]; residual 1.8e-12
  split track d 3 m 11.864: f -1.826e-05; support [ 0.       2.03942  3.53309  5.0419   6.59748  8.22431  9.95732 11.86367]; weights [0.00254 0.03449 0.0907  0.15518 0.20622 0.22164 0.18663 0.1026 ]; residual 2.4e-12
  split track d 3 m 11.889: f +1.169e-05; support [ 0.       2.05234  3.55231  5.06457  6.6217   8.2491   9.98227 11.88867]; weights [0.00258 0.03492 0.09139 0.15568 0.2062  0.22114 0.18595 0.10214]; residual 1.3e-12
  state at root - 0.01: support [ 0.        2.042384  3.537477  5.047061  6.602977  8.229933  9.962977
 11.869339]; weights [0.00255  0.03459  0.090856 0.155294 0.206214 0.221525 0.186475 0.102496]; residual 3.6e-12; interior excess +0.00e+00
CHAIN d 3 e6 split: m 11.87933883; support [ 0.        2.04756   3.545176  5.056135  6.612667  8.239849  9.972958
 11.879339]; weights [0.002566 0.03476  0.09113  0.155492 0.206208 0.221328 0.186205 0.102311]; residual 1.1e-12
  birth track d 3 m 11.979: f -4.151e-06; support [ 0.78638  2.19646  3.65864  5.16026  6.71393  8.34017 10.07298 11.97934]; weights [0.00468 0.03709 0.09318 0.15647 0.20552 0.21911 0.18347 0.10048]; residual 1.3e-12
  birth track d 3 m 12.004: f -6.397e-06; support [ 0.85852  2.2327   3.68702  5.18635  6.73927  8.36526 10.09799 12.00434]; weights [0.00523 0.03767 0.09369 0.1567  0.20533 0.21856 0.18279 0.10003]; residual 8.9e-13
  birth track d 3 m 12.029: f -9.069e-06; support [ 0.91897  2.26819  3.71533  5.21243  6.76462  8.39036 10.123   12.02934]; weights [0.00578 0.03827 0.09419 0.15692 0.20514 0.218   0.18211 0.09959]; residual 3.6e-12
  birth track d 3 m 12.054: f -1.213e-05; support [ 0.97061  2.30282  3.74353  5.23851  6.78997  8.41545 10.14801 12.05434]; weights [0.00632 0.03887 0.09469 0.15714 0.20495 0.21745 0.18144 0.09914]; residual 1.3e-12
  birth track d 3 m 12.079: f -1.553e-05; support [ 1.01538  2.33651  3.77159  5.26457  6.81531  8.44054 10.17302 12.07934]; weights [0.00684 0.03949 0.0952  0.15736 0.20475 0.21689 0.18077 0.0987 ]; residual 3.6e-12
  birth track d 3 m 12.104: f -1.922e-05; support [ 1.05467  2.36922  3.79948  5.2906   6.84066  8.46564 10.19803 12.10434]; weights [0.00734 0.04012 0.09571 0.15758 0.20456 0.21634 0.1801  0.09826]; residual 1.3e-12
  birth track d 3 m 12.129: f -2.315e-05; support [ 1.0895   2.4009   3.82716  5.31659  6.866    8.49073 10.22304 12.12934]; weights [0.00783 0.04075 0.09622 0.15779 0.20436 0.21578 0.17944 0.09782]; residual 1.1e-12
  birth track d 3 m 12.154: f -2.725e-05; support [ 1.12066  2.43155  3.85462  5.34253  6.89133  8.51583 10.24805 12.15434]; weights [0.0083  0.0414  0.09675 0.158   0.20416 0.21523 0.17878 0.09739]; residual 2.7e-12
  birth track d 3 m 12.179: f -3.146e-05; support [ 1.14874  2.46117  3.88183  5.36841  6.91664  8.54092 10.27306 12.17934]; weights [0.00874 0.04205 0.09728 0.15822 0.20396 0.21467 0.17812 0.09695]; residual 1.3e-12
  birth track d 3 m 12.204: f -3.569e-05; support [ 1.17424  2.48979  3.90876  5.39423  6.94194  8.566   10.29807 12.20434]; weights [0.00917 0.04271 0.09781 0.15844 0.20376 0.21412 0.17747 0.09652]; residual 2.0e-12
  birth track d 3 m 12.229: f -3.987e-05; support [ 1.19755  2.51743  3.93542  5.41997  6.96723  8.59109 10.32307 12.22934]; weights [0.00957 0.04337 0.09836 0.15866 0.20355 0.21357 0.17681 0.0961 ]; residual 1.3e-12
  birth track d 3 m 12.254: f -4.391e-05; support [ 1.21897  2.54413  3.96177  5.44562  6.99249  8.61617 10.34808 12.25434]; weights [0.00996 0.04404 0.09891 0.15888 0.20335 0.21302 0.17616 0.09567]; residual 2.4e-12
  birth track d 3 m 12.279: f -4.770e-05; support [ 1.23876  2.56992  3.98781  5.47118  7.01772  8.64124 10.37309 12.27934]; weights [0.01033 0.0447  0.09947 0.15911 0.20315 0.21248 0.17552 0.09525]; residual 1.8e-12
  birth track d 3 m 12.304: f -5.115e-05; support [ 1.25715  2.59484  4.01353  5.49665  7.04293  8.66631 10.3981  12.30434]; weights [0.01068 0.04536 0.10004 0.15934 0.20295 0.21193 0.17487 0.09483]; residual 1.3e-12
  birth track d 3 m 12.329: f -5.414e-05; support [ 1.27431  2.61893  4.03892  5.522    7.06811  8.69137 10.4231  12.32934]; weights [0.01102 0.04601 0.10061 0.15957 0.20276 0.21139 0.17423 0.09441]; residual 2.2e-12
  birth track d 3 m 12.354: f -5.654e-05; support [ 1.2904   2.64224  4.06399  5.54724  7.09325  8.71642 10.4481  12.35434]; weights [0.01134 0.04666 0.10119 0.15981 0.20256 0.21085 0.17359 0.094  ]; residual 1.6e-12
  birth track d 3 m 12.379: f -5.824e-05; support [ 1.30553  2.66481  4.08871  5.57237  7.11836  8.74146 10.47311 12.37934]; weights [0.01164 0.0473  0.10178 0.16006 0.20237 0.21031 0.17296 0.09358]; residual 2.0e-12
  birth track d 3 m 12.404: f -5.910e-05; support [ 1.31982  2.68668  4.11311  5.59736  7.14343  8.76649 10.49811 12.40434]; weights [0.01194 0.04793 0.10236 0.16031 0.20218 0.20977 0.17233 0.09317]; residual 1.3e-12
  birth track d 3 m 12.429: f -5.896e-05; support [ 1.33337  2.70788  4.13716  5.62223  7.16845  8.79151 10.5231  12.42934]; weights [0.01222 0.04856 0.10296 0.16056 0.202   0.20924 0.1717  0.09277]; residual 2.2e-12
  birth track d 3 m 12.454: f -5.769e-05; support [ 1.34624  2.72845  4.16089  5.64696  7.19343  8.81652 10.5481  12.45434]; weights [0.01249 0.04918 0.10355 0.16082 0.20182 0.20871 0.17107 0.09236]; residual 1.1e-12
  birth track d 3 m 12.479: f -5.510e-05; support [ 1.35852  2.74844  4.18428  5.67155  7.21836  8.84152 10.57309 12.47934]; weights [0.01275 0.04978 0.10415 0.16109 0.20164 0.20818 0.17045 0.09196]; residual 2.4e-12
  birth track d 3 m 12.504: f -5.104e-05; support [ 1.37026  2.76786  4.20735  5.696    7.24325  8.8665  10.59809 12.50434]; weights [0.01299 0.05038 0.10475 0.16136 0.20147 0.20765 0.16983 0.09156]; residual 1.8e-12
  birth track d 3 m 12.529: f -4.533e-05; support [ 1.38152  2.78677  4.2301   5.72031  7.26808  8.89147 10.62307 12.52934]; weights [0.01323 0.05097 0.10535 0.16164 0.2013  0.20713 0.16922 0.09116]; residual 2.9e-12
  birth track d 3 m 12.554: f -3.776e-05; support [ 1.39234  2.80518  4.25253  5.74446  7.29285  8.91642 10.64806 12.55434]; weights [0.01346 0.05154 0.10595 0.16193 0.20113 0.20662 0.1686  0.09076]; residual 1.8e-12
  birth track d 3 m 12.579: f -2.815e-05; support [ 1.40275  2.82313  4.27465  5.76846  7.31757  8.94135 10.67304 12.57934]; weights [0.01369 0.05211 0.10655 0.16222 0.20097 0.2061  0.168   0.09037]; residual 1.8e-12
  birth track d 3 m 12.604: f -1.629e-05; support [ 1.41281  2.84064  4.29646  5.79232  7.34222  8.96626 10.69802 12.60434]; weights [0.0139  0.05266 0.10715 0.16251 0.20082 0.20559 0.16739 0.08998]; residual 2.2e-12
  birth track d 3 m 12.629: f -1.947e-06; support [ 1.42253  2.85773  4.31798  5.81601  7.36682  8.99116 10.72299 12.62934]; weights [0.01411 0.05321 0.10775 0.16281 0.20067 0.20509 0.16679 0.08959]; residual 1.8e-12
  birth track d 3 m 12.654: f +1.509e-05; support [ 1.43195  2.87444  4.33921  5.83956  7.39135  9.01603 10.74796 12.65434]; weights [0.01431 0.05374 0.10834 0.16311 0.20053 0.20458 0.16619 0.0892 ]; residual 2.9e-12
  state at root - 0.01: support [ 1.419868  2.853038  4.312051  5.809467  7.360012  8.984267 10.716078
 12.622416]; weights [0.014051 0.053056 0.107581 0.162726 0.20071  0.205226 0.166955 0.089694]; residual 1.6e-12; interior excess +7.73e-14
CHAIN d 3 e7 birth: m 12.63241580; support [ 1.423704  2.859809  4.320609  5.81892   7.369839  8.994222 10.726067
 12.632416]; weights [0.014133 0.053272 0.107819 0.162846 0.200651 0.205024 0.166714 0.089539]; residual 1.8e-12
  split track d 3 m 12.642: f -1.733e-05; support [ 0.       1.44501  2.87291  4.33163  5.82927  7.37995  9.00425 10.73607
 12.64242]; weights [1.0000e-04 1.4350e-02 5.3480e-02 1.0797e-01 1.6289e-01 2.0055e-01
 2.0481e-01 1.6647e-01 8.9380e-02]; residual 1.6e-12
  split track d 3 m 12.667: f -2.072e-05; support [ 0.       1.49435  2.9053   4.35913  5.85513  7.40524  9.02933 10.76108
 12.66742]; weights [0.00031 0.0149  0.054   0.10836 0.163   0.2003  0.20427 0.16587 0.089  ]; residual 2.2e-12
  split track d 3 m 12.692: f -2.425e-05; support [ 0.       1.53877  2.93708  4.38654  5.88098  7.43053  9.05441 10.78609
 12.69242]; weights [0.00049 0.01548 0.05454 0.10875 0.1631  0.20004 0.20373 0.16526 0.08861]; residual 1.3e-12
  split track d 3 m 12.717: f -2.788e-05; support [ 0.       1.57901  2.96822  4.41382  5.90681  7.45581  9.07949 10.81109
 12.71742]; weights [0.00064 0.01606 0.05509 0.10915 0.1632  0.19978 0.20319 0.16466 0.08823]; residual 1.3e-12
  split track d 3 m 12.742: f -3.155e-05; support [ 0.       1.61566  2.99867  4.44096  5.93262  7.48109  9.10457 10.8361
 12.74242]; weights [0.00077 0.01664 0.05565 0.10955 0.1633  0.19952 0.20265 0.16406 0.08785]; residual 1.6e-12
  split track d 3 m 12.767: f -3.520e-05; support [ 0.       1.64922  3.0284   4.46794  5.95838  7.50636  9.12965 10.86111
 12.76742]; weights [0.00089 0.01722 0.05623 0.10995 0.16341 0.19927 0.20211 0.16347 0.08747]; residual 2.9e-12
  split track d 3 m 12.792: f -3.877e-05; support [ 0.       1.68009  3.0574   4.49473  5.9841   7.53162  9.15472 10.88612
 12.79242]; weights [0.00099 0.01778 0.05681 0.11036 0.16351 0.19901 0.20157 0.16287 0.0871 ]; residual 2.2e-12
  split track d 3 m 12.817: f -4.218e-05; support [ 0.       1.70862  3.08566  4.52132  6.00976  7.55687  9.1798  10.91112
 12.81742]; weights [0.00108 0.01834 0.05741 0.11078 0.16361 0.19875 0.20104 0.16228 0.08672]; residual 1.3e-12
  split track d 3 m 12.842: f -4.536e-05; support [ 0.       1.7351   3.11318  4.54769  6.03537  7.5821   9.20487 10.93613
 12.84242]; weights [0.00116 0.01887 0.05801 0.11121 0.16372 0.19849 0.2005  0.16169 0.08635]; residual 1.3e-12
  split track d 3 m 12.867: f -4.825e-05; support [ 0.       1.75978  3.13998  4.57384  6.06091  7.60732  9.22993 10.96114
 12.86742]; weights [0.00123 0.01939 0.05862 0.11164 0.16383 0.19823 0.19997 0.16111 0.08598]; residual 1.8e-12
  split track d 3 m 12.892: f -5.075e-05; support [ 0.       1.78286  3.16606  4.59974  6.08637  7.63252  9.25499 10.98614
 12.89242]; weights [0.00129 0.0199  0.05924 0.11208 0.16394 0.19797 0.19944 0.16053 0.08561]; residual 1.8e-12
  split track d 3 m 12.917: f -5.277e-05; support [ 0.       1.80452  3.19145  4.62539  6.11176  7.65769  9.28005 11.01115
 12.91742]; weights [0.00135 0.02039 0.05985 0.11253 0.16406 0.19772 0.19891 0.15995 0.08525]; residual 2.0e-12
  split track d 3 m 12.942: f -5.423e-05; support [ 0.       1.82492  3.21615  4.65077  6.13706  7.68284  9.3051  11.03615
 12.94242]; weights [0.00141 0.02086 0.06047 0.11298 0.16418 0.19746 0.19838 0.15937 0.08489]; residual 1.6e-12
  split track d 3 m 12.967: f -5.504e-05; support [ 0.       1.84419  3.2402   4.67589  6.16226  7.70796  9.33014 11.06115
 12.96742]; weights [0.00146 0.02131 0.06109 0.11344 0.1643  0.19721 0.19786 0.15879 0.08452]; residual 2.0e-12
  split track d 3 m 12.992: f -5.508e-05; support [ 0.       1.86245  3.26361  4.70074  6.18737  7.73305  9.35518 11.08616
 12.99242]; weights [0.00151 0.02175 0.06171 0.11391 0.16443 0.19696 0.19734 0.15822 0.08416]; residual 9.0e-13
  split track d 3 m 13.017: f -5.426e-05; support [ 0.       1.87981  3.28641  4.7253   6.21238  7.7581   9.3802  11.11116
 13.01742]; weights [0.00155 0.02217 0.06232 0.11439 0.16457 0.19672 0.19682 0.15765 0.08381]; residual 2.0e-12
  split track d 3 m 13.042: f -5.247e-05; support [ 0.       1.89634  3.30862  4.74959  6.23727  7.78312  9.40522 11.13615
 13.04242]; weights [0.0016  0.02258 0.06293 0.11487 0.16471 0.19648 0.1963  0.15709 0.08345]; residual 2.9e-12
  split track d 3 m 13.067: f -4.959e-05; support [ 0.       1.91213  3.33028  4.7736   6.26205  7.80811  9.43023 11.16115
 13.06742]; weights [0.00164 0.02297 0.06354 0.11535 0.16486 0.19624 0.19578 0.15652 0.0831 ]; residual 2.4e-12
  split track d 3 m 13.092: f -4.550e-05; support [ 0.       1.92725  3.3514   4.79732  6.28672  7.83305  9.45522 11.18614
 13.09242]; weights [0.00167 0.02335 0.06414 0.11584 0.16501 0.196   0.19527 0.15596 0.08275]; residual 2.7e-12
  split track d 3 m 13.117: f -4.007e-05; support [ 0.       1.94175  3.372    4.82076  6.31126  7.85795  9.48021 11.21114
 13.11742]; weights [0.00171 0.02372 0.06473 0.11634 0.16517 0.19577 0.19476 0.1554  0.0824 ]; residual 2.4e-12
  split track d 3 m 13.142: f -3.319e-05; support [ 0.       1.95569  3.39212  4.84391  6.33568  7.8828   9.50518 11.23613
 13.14242]; weights [0.00174 0.02407 0.06531 0.11684 0.16534 0.19554 0.19426 0.15485 0.08205]; residual 1.8e-12
  split track d 3 m 13.167: f -2.471e-05; support [ 0.       1.96913  3.41177  4.86679  6.35996  7.90761  9.53013 11.26111
 13.16742]; weights [0.00177 0.02441 0.06589 0.11734 0.16551 0.19532 0.19376 0.1543  0.0817 ]; residual 2.0e-12
  split track d 3 m 13.192: f -1.449e-05; support [ 0.       1.98209  3.43098  4.8894   6.38412  7.93236  9.55508 11.2861
 13.19242]; weights [0.0018  0.02474 0.06646 0.11784 0.16568 0.19511 0.19326 0.15375 0.08136]; residual 1.1e-12
  split track d 3 m 13.217: f -2.400e-06; support [ 0.       1.99462  3.44976  4.91172  6.40815  7.95707  9.58    11.31108
 13.21742]; weights [0.00183 0.02506 0.06702 0.11834 0.16587 0.19489 0.19276 0.1532  0.08102]; residual 2.2e-12
  split track d 3 m 13.242: f +1.172e-05; support [ 0.       2.00676  3.46814  4.93378  6.43203  7.98172  9.60491 11.33606
 13.24242]; weights [0.00186 0.02537 0.06757 0.11885 0.16606 0.19469 0.19227 0.15266 0.08068]; residual 8.9e-13
  state at root - 0.01: support [ 0.        1.991911  3.44568   4.906855  6.402894  7.95166   9.574542
 11.305605 13.211939]; weights [0.001827 0.024991 0.0669   0.118231 0.165827 0.194939 0.192871 0.15332
 0.081094]; residual 1.8e-12; interior excess +4.84e-13
CHAIN d 3 e8 split: m 13.22193859; support [ 0.        1.996845  3.453114  4.915734  6.412477  7.961531  9.584509
 11.315597 13.221939]; weights [0.001838 0.025117 0.067123 0.118432 0.165901 0.194855 0.192674 0.153102
 0.080958]; residual 3.1e-12
EVENTS [["birth", 9.88503769], ["split", 10.49814056], ["birth", 11.27867217], ["split", 11.87933883], ["birth", 12.6324158], ["split", 13.22193859]]
