  birth track d 4 m 9.521: f -9.951e-05; support [0.87344 2.59705 4.20841 5.86474 7.61262 9.52112]; weights [0.0027  0.04328 0.14365 0.2662  0.32093 0.22323]; residual 8.9e-13
  birth track d 4 m 9.546: f -1.531e-04; support [0.96195 2.62833 4.23481 5.89005 7.63765 9.54612]; weights [0.00304 0.04408 0.14447 0.26627 0.32    0.22214]; residual 8.9e-13
  birth track d 4 m 9.571: f -2.168e-04; support [1.03826 2.65955 4.26124 5.91537 7.66269 9.57112]; weights [0.00338 0.04489 0.14528 0.26633 0.31906 0.22106]; residual 6.8e-13
  birth track d 4 m 9.596: f -2.898e-04; support [1.10522 2.69063 4.28768 5.9407  7.68772 9.59612]; weights [0.00374 0.04569 0.14609 0.26638 0.31812 0.21998]; residual 8.9e-13
  birth track d 4 m 9.621: f -3.712e-04; support [1.16474 2.72152 4.31411 5.96603 7.71276 9.62112]; weights [0.00411 0.0465  0.14688 0.26642 0.31718 0.21891]; residual 1.3e-12
  birth track d 4 m 9.646: f -4.598e-04; support [1.2182  2.75216 4.34054 5.99137 7.73781 9.64612]; weights [0.00448 0.0473  0.14767 0.26645 0.31624 0.21785]; residual 8.9e-13
  birth track d 4 m 9.671: f -5.547e-04; support [1.26659 2.78251 4.36693 6.0167  7.76285 9.67112]; weights [0.00486 0.04812 0.14845 0.26647 0.31531 0.21679]; residual 4.4e-13
  birth track d 4 m 9.696: f -6.546e-04; support [1.3107  2.81251 4.39329 6.04204 7.78789 9.69612]; weights [0.00524 0.04893 0.14923 0.26649 0.31437 0.21574]; residual 8.9e-13
  birth track d 4 m 9.721: f -7.583e-04; support [1.35115 2.84215 4.4196  6.06737 7.81293 9.72112]; weights [0.00561 0.04975 0.15    0.2665  0.31343 0.2147 ]; residual 4.4e-13
  birth track d 4 m 9.746: f -8.645e-04; support [1.38845 2.87139 4.44586 6.09269 7.83797 9.74612]; weights [0.00599 0.05057 0.15077 0.26651 0.3125  0.21366]; residual 6.7e-13
  birth track d 4 m 9.771: f -9.716e-04; support [1.42301 2.90022 4.47205 6.118   7.86302 9.77112]; weights [0.00637 0.0514  0.15153 0.2665  0.31156 0.21263]; residual 4.4e-13
  birth track d 4 m 9.796: f -1.078e-03; support [1.45516 2.92861 4.49817 6.1433  7.88806 9.79612]; weights [0.00674 0.05223 0.1523  0.2665  0.31063 0.21161]; residual 6.7e-13
  birth track d 4 m 9.821: f -1.182e-03; support [1.4852  2.95655 4.5242  6.16859 7.9131  9.82112]; weights [0.0071  0.05307 0.15306 0.26648 0.3097  0.21059]; residual 6.7e-13
  birth track d 4 m 9.846: f -1.283e-03; support [1.51337 2.98405 4.55014 6.19386 7.93813 9.84612]; weights [0.00746 0.0539  0.15382 0.26647 0.30877 0.20957]; residual 1.3e-12
  birth track d 4 m 9.871: f -1.378e-03; support [1.53988 3.01109 4.57598 6.21912 7.96317 9.87112]; weights [0.00782 0.05474 0.15458 0.26645 0.30784 0.20857]; residual 6.7e-13
  birth track d 4 m 9.896: f -1.465e-03; support [1.56491 3.03768 4.60172 6.24435 7.9882  9.89612]; weights [0.00817 0.05558 0.15534 0.26642 0.30692 0.20757]; residual 4.4e-13
  birth track d 4 m 9.921: f -1.542e-03; support [1.58861 3.06381 4.62735 6.26956 8.01323 9.92112]; weights [0.00851 0.05643 0.1561  0.2664  0.306   0.20657]; residual 1.3e-12
  birth track d 4 m 9.946: f -1.608e-03; support [1.61113 3.08951 4.65286 6.29474 8.03825 9.94612]; weights [0.00885 0.05727 0.15685 0.26637 0.30508 0.20558]; residual 8.9e-13
  birth track d 4 m 9.971: f -1.660e-03; support [1.63257 3.11476 4.67824 6.31989 8.06327 9.97112]; weights [0.00918 0.05811 0.15761 0.26634 0.30416 0.2046 ]; residual 1.3e-12
  birth track d 4 m 9.996: f -1.696e-03; support [1.65306 3.13958 4.70351 6.34502 8.08829 9.99612]; weights [0.0095  0.05894 0.15837 0.26631 0.30324 0.20363]; residual 8.9e-13
  birth track d 4 m 10.021: f -1.714e-03; support [ 1.67266  3.16399  4.72864  6.37011  8.1133  10.02112]; weights [0.00982 0.05978 0.15913 0.26628 0.30233 0.20266]; residual 6.7e-13
  birth track d 4 m 10.046: f -1.711e-03; support [ 1.69148  3.18798  4.75364  6.39517  8.1383  10.04612]; weights [0.01013 0.06062 0.15989 0.26625 0.30142 0.20169]; residual 1.3e-12
  birth track d 4 m 10.071: f -1.684e-03; support [ 1.70957  3.21158  4.7785   6.4202   8.1633  10.07112]; weights [0.01043 0.06145 0.16065 0.26622 0.30052 0.20073]; residual 8.9e-13
  birth track d 4 m 10.096: f -1.632e-03; support [ 1.727    3.23479  4.80322  6.44519  8.18829 10.09612]; weights [0.01073 0.06227 0.16141 0.26619 0.29962 0.19978]; residual 6.7e-13
  birth track d 4 m 10.121: f -1.551e-03; support [ 1.74384  3.25763  4.8278   6.47014  8.21327 10.12112]; weights [0.01102 0.06309 0.16217 0.26616 0.29872 0.19884]; residual 1.1e-12
  birth track d 4 m 10.146: f -1.439e-03; support [ 1.76012  3.2801   4.85224  6.49504  8.23825 10.14612]; weights [0.01131 0.06391 0.16293 0.26613 0.29783 0.1979 ]; residual 2.2e-12
  birth track d 4 m 10.171: f -1.292e-03; support [ 1.77591  3.30222  4.87654  6.51991  8.26322 10.17112]; weights [0.01159 0.06472 0.16369 0.2661  0.29694 0.19696]; residual 4.4e-13
  birth track d 4 m 10.196: f -1.109e-03; support [ 1.79123  3.32401  4.90069  6.54473  8.28818 10.19612]; weights [0.01186 0.06553 0.16445 0.26607 0.29606 0.19603]; residual 8.9e-13
  birth track d 4 m 10.221: f -8.848e-04; support [ 1.80612  3.34547  4.9247   6.56951  8.31313 10.22112]; weights [0.01213 0.06633 0.16521 0.26605 0.29518 0.19511]; residual 1.1e-12
  birth track d 4 m 10.246: f -6.178e-04; support [ 1.82062  3.36662  4.94856  6.59424  8.33807 10.24612]; weights [0.0124  0.06712 0.16596 0.26602 0.2943  0.19419]; residual 4.4e-13
  birth track d 4 m 10.271: f -3.044e-04; support [ 1.83476  3.38747  4.97228  6.61892  8.36301 10.27112]; weights [0.01266 0.06791 0.16672 0.266   0.29343 0.19328]; residual 6.7e-13
  birth track d 4 m 10.296: f +5.877e-05; support [ 1.84857  3.40803  4.99585  6.64356  8.38793 10.29612]; weights [0.01291 0.06868 0.16748 0.26598 0.29257 0.19238]; residual 1.3e-12
  state at root - 0.01: support [ 1.84098   3.396705  4.982841  6.629949  8.374158 10.282306]; weights [0.012773 0.068255 0.167058 0.265992 0.293044 0.192878]; residual 6.7e-13; interior excess +0.00e+00
CHAIN d 4 e3 birth: m 10.29230604; support [ 1.846484  3.404912  4.992261  6.639799  8.384126 10.292306]; weights [0.012875 0.068566 0.16736  0.265984 0.292698 0.192517]; residual 4.4e-13
  split track d 4 m 10.302: f -5.618e-04; support [ 0.       1.86308  3.4166   5.00274  6.64992  8.39414 10.30231]; weights [3.0000e-05 1.3090e-02 6.8880e-02 1.6759e-01 2.6592e-01 2.9233e-01
 1.9215e-01]; residual 1.6e-12
  split track d 4 m 10.327: f -6.173e-04; support [ 0.       1.90265  3.44562  5.02889  6.67521  8.41918 10.32731]; weights [1.1000e-04 1.3620e-02 6.9660e-02 1.6816e-01 2.6576e-01 2.9143e-01
 1.9125e-01]; residual 6.7e-13
  split track d 4 m 10.352: f -6.715e-04; support [ 0.       1.9397   3.47431  5.055    6.7005   8.44422 10.35231]; weights [1.8000e-04 1.4150e-02 7.0450e-02 1.6874e-01 2.6560e-01 2.9052e-01
 1.9035e-01]; residual 6.7e-13
  split track d 4 m 10.377: f -7.235e-04; support [ 0.       1.97449  3.50268  5.08105  6.72578  8.46926 10.37731]; weights [2.5000e-04 1.4680e-02 7.1250e-02 1.6930e-01 2.6543e-01 2.8962e-01
 1.8946e-01]; residual 6.7e-13
  split track d 4 m 10.402: f -7.725e-04; support [ 0.       2.00724  3.53068  5.10704  6.75105  8.49429 10.40231]; weights [0.00031 0.01522 0.07205 0.16987 0.26526 0.28872 0.18858]; residual 1.3e-12
  split track d 4 m 10.427: f -8.178e-04; support [ 0.       2.03818  3.55833  5.13295  6.77631  8.51933 10.42731]; weights [0.00036 0.01575 0.07285 0.17044 0.26509 0.28782 0.1877 ]; residual 6.7e-13
  split track d 4 m 10.452: f -8.584e-04; support [ 0.       2.06745  3.58559  5.15878  6.80155  8.54436 10.45231]; weights [0.00041 0.01627 0.07366 0.171   0.26491 0.28692 0.18682]; residual 8.9e-13
  split track d 4 m 10.477: f -8.934e-04; support [ 0.       2.09523  3.61247  5.18452  6.82677  8.56939 10.47731]; weights [0.00045 0.01679 0.07447 0.17157 0.26474 0.28603 0.18595]; residual 2.0e-12
  split track d 4 m 10.502: f -9.219e-04; support [ 0.       2.12165  3.63896  5.21017  6.85198  8.59442 10.50231]; weights [0.00049 0.0173  0.07528 0.17214 0.26456 0.28514 0.18508]; residual 1.6e-12
  split track d 4 m 10.527: f -9.430e-04; support [ 0.       2.14683  3.66506  5.23572  6.87716  8.61945 10.52731]; weights [0.00053 0.0178  0.0761  0.17271 0.26438 0.28425 0.18422]; residual 1.1e-12
  split track d 4 m 10.552: f -9.557e-04; support [ 0.       2.17088  3.69076  5.26117  6.90232  8.64447 10.55231]; weights [0.00057 0.0183  0.07692 0.17328 0.2642  0.28337 0.18337]; residual 8.9e-13
  split track d 4 m 10.577: f -9.589e-04; support [ 0.       2.19389  3.71608  5.2865   6.92745  8.66948 10.57731]; weights [0.0006  0.01878 0.07774 0.17385 0.26402 0.28248 0.18252]; residual 1.1e-12
  split track d 4 m 10.602: f -9.517e-04; support [ 0.       2.21596  3.74101  5.31171  6.95255  8.6945  10.60231]; weights [0.00064 0.01926 0.07856 0.17442 0.26385 0.28161 0.18167]; residual 1.1e-12
  split track d 4 m 10.627: f -9.329e-04; support [ 0.       2.23716  3.76556  5.33681  6.97762  8.7195  10.62731]; weights [0.00067 0.01972 0.07938 0.175   0.26367 0.28073 0.18083]; residual 8.9e-13
  split track d 4 m 10.652: f -9.016e-04; support [ 0.       2.25756  3.78973  5.36178  7.00267  8.74451 10.65231]; weights [0.00069 0.02018 0.08019 0.17558 0.26349 0.27986 0.18   ]; residual 8.9e-13
  split track d 4 m 10.677: f -8.565e-04; support [ 0.       2.27723  3.81353  5.38662  7.02767  8.7695  10.67731]; weights [0.00072 0.02063 0.08101 0.17616 0.26332 0.27899 0.17917]; residual 1.6e-12
  split track d 4 m 10.702: f -7.967e-04; support [ 0.       2.29622  3.83698  5.41133  7.05264  8.79449 10.70231]; weights [0.00075 0.02106 0.08182 0.17674 0.26315 0.27813 0.17834]; residual 1.3e-12
  split track d 4 m 10.727: f -7.209e-04; support [ 0.       2.31458  3.86006  5.43591  7.07758  8.81947 10.72731]; weights [0.00077 0.02149 0.08263 0.17733 0.26298 0.27727 0.17752]; residual 1.3e-12
  split track d 4 m 10.752: f -6.279e-04; support [ 0.       2.33236  3.8828   5.46035  7.10247  8.84445 10.75231]; weights [0.0008  0.02191 0.08344 0.17791 0.26281 0.27642 0.17671]; residual 8.9e-13
  split track d 4 m 10.777: f -5.166e-04; support [ 0.       2.3496   3.90521  5.48465  7.12732  8.86941 10.77731]; weights [0.00082 0.02232 0.08424 0.1785  0.26265 0.27557 0.1759 ]; residual 1.8e-12
  split track d 4 m 10.802: f -3.858e-04; support [ 0.       2.36634  3.92728  5.50882  7.15213  8.89437 10.80231]; weights [0.00084 0.02272 0.08503 0.17909 0.26249 0.27473 0.1751 ]; residual 1.3e-12
  split track d 4 m 10.827: f -2.343e-04; support [ 0.       2.38262  3.94904  5.53284  7.17689  8.91932 10.82731]; weights [0.00086 0.02311 0.08582 0.17969 0.26234 0.27389 0.1743 ]; residual 2.0e-12
  split track d 4 m 10.852: f -6.073e-05; support [ 0.       2.39846  3.97049  5.55672  7.20161  8.94426 10.85231]; weights [0.00088 0.02349 0.08661 0.18028 0.26218 0.27305 0.1735 ]; residual 8.9e-13
  split track d 4 m 10.877: f +1.361e-04; support [ 0.       2.4139   3.99163  5.58045  7.22628  8.96919 10.87731]; weights [0.0009  0.02387 0.08738 0.18088 0.26203 0.27222 0.17271]; residual 1.3e-12
  state at root - 0.01: support [ 0.        2.397237  3.96882   5.554855  7.199681  8.942308 10.850351]; weights [0.00088  0.023463 0.086545 0.180234 0.262195 0.273117 0.173565]; residual 6.7e-13; interior excess +2.39e-13
CHAIN d 4 e4 split: m 10.86035070; support [ 0.        2.403473  3.977323  5.564371  7.209556  8.952282 10.860351]; weights [0.000888 0.023614 0.086857 0.180473 0.262135 0.272785 0.173248]; residual 4.4e-13
  birth track d 4 m 10.960: f -4.438e-05; support [ 0.89017  2.5335   4.08477  5.66647  7.3101   9.05233 10.96035]; weights [0.00165 0.02582 0.08972 0.18221 0.26113 0.26936 0.17011]; residual 2.9e-12
  birth track d 4 m 10.985: f -6.835e-05; support [ 0.97836  2.56618  4.11177  5.69205  7.33525  9.07735 10.98535]; weights [0.00187 0.02637 0.09043 0.18262 0.26086 0.26851 0.16934]; residual 1.8e-12
  birth track d 4 m 11.010: f -9.688e-05; support [ 1.05386  2.59871  4.13878  5.71764  7.36041  9.10237 11.01035]; weights [0.0021  0.02693 0.09113 0.18303 0.26059 0.26766 0.16857]; residual 1.8e-12
  birth track d 4 m 11.035: f -1.296e-04; support [ 1.11965  2.63101  4.16579  5.74324  7.38557  9.12738 11.03535]; weights [0.00233 0.02749 0.09182 0.18342 0.26031 0.26681 0.16781]; residual 1.1e-12
  birth track d 4 m 11.060: f -1.660e-04; support [ 1.17774  2.66301  4.19279  5.76884  7.41073  9.1524  11.06035]; weights [0.00258 0.02805 0.09252 0.18381 0.26003 0.26597 0.16705]; residual 1.1e-12
  birth track d 4 m 11.085: f -2.058e-04; support [ 1.22956  2.69463  4.21974  5.79444  7.43589  9.17742 11.08535]; weights [0.00282 0.02861 0.09321 0.18419 0.25975 0.26512 0.16629]; residual 6.7e-13
  birth track d 4 m 11.110: f -2.483e-04; support [ 1.27618  2.72582  4.24665  5.82004  7.46106  9.20244 11.11035]; weights [0.00307 0.02918 0.0939  0.18457 0.25946 0.26428 0.16554]; residual 2.0e-12
  birth track d 4 m 11.135: f -2.930e-04; support [ 1.31844  2.75653  4.27349  5.84563  7.48622  9.22746 11.13535]; weights [0.00331 0.02976 0.09458 0.18494 0.25916 0.26344 0.1648 ]; residual 1.3e-12
  birth track d 4 m 11.160: f -3.393e-04; support [ 1.35697  2.78672  4.30025  5.87121  7.51138  9.25248 11.16035]; weights [0.00356 0.03034 0.09527 0.18531 0.25887 0.2626  0.16405]; residual 1.3e-12
  birth track d 4 m 11.185: f -3.866e-04; support [ 1.39232  2.81638  4.32691  5.89677  7.53654  9.2775  11.18535]; weights [0.0038  0.03092 0.09596 0.18567 0.25857 0.26177 0.16332]; residual 1.6e-12
  birth track d 4 m 11.210: f -4.340e-04; support [ 1.42491  2.84547  4.35346  5.92231  7.5617   9.30252 11.21035]; weights [0.00404 0.0315  0.09665 0.18603 0.25827 0.26093 0.16258]; residual 1.3e-12
  birth track d 4 m 11.235: f -4.809e-04; support [ 1.4551   2.87399  4.37989  5.94783  7.58685  9.32754 11.23535]; weights [0.00427 0.03209 0.09734 0.18638 0.25796 0.2601  0.16185]; residual 1.8e-12
  birth track d 4 m 11.260: f -5.265e-04; support [ 1.48319  2.90194  4.40619  5.97331  7.612    9.35256 11.26035]; weights [0.0045  0.03268 0.09803 0.18673 0.25766 0.25927 0.16113]; residual 8.9e-13
  birth track d 4 m 11.285: f -5.699e-04; support [ 1.50944  2.92931  4.43234  5.99876  7.63714  9.37758 11.28535]; weights [0.00473 0.03328 0.09872 0.18708 0.25735 0.25845 0.16041]; residual 1.6e-12
  birth track d 4 m 11.310: f -6.101e-04; support [ 1.53406  2.9561   4.45834  6.02418  7.66227  9.40259 11.31035]; weights [0.00495 0.03387 0.09941 0.18742 0.25704 0.25762 0.15969]; residual 3.1e-12
  birth track d 4 m 11.335: f -6.463e-04; support [ 1.55723  2.98233  4.48419  6.04956  7.68739  9.42761 11.33535]; weights [0.00517 0.03446 0.1001  0.18776 0.25673 0.2568  0.15898]; residual 2.2e-12
  birth track d 4 m 11.360: f -6.773e-04; support [ 1.57911  3.00801  4.50986  6.07489  7.71251  9.45262 11.36035]; weights [0.00538 0.03505 0.1008  0.18811 0.25641 0.25598 0.15827]; residual 1.6e-12
  birth track d 4 m 11.385: f -7.022e-04; support [ 1.59985  3.03315  4.53536  6.10017  7.73761  9.47763 11.38535]; weights [0.00558 0.03565 0.10149 0.18845 0.2561  0.25517 0.15756]; residual 8.9e-13
  birth track d 4 m 11.410: f -7.197e-04; support [ 1.61955  3.05776  4.56068  6.1254   7.7627   9.50264 11.41035]; weights [0.00579 0.03623 0.10219 0.18878 0.25579 0.25436 0.15686]; residual 2.0e-12
  birth track d 4 m 11.435: f -7.287e-04; support [ 1.63833  3.08186  4.58582  6.15058  7.78778  9.52765 11.43535]; weights [0.00598 0.03682 0.10289 0.18912 0.25547 0.25355 0.15617]; residual 2.0e-12
  birth track d 4 m 11.460: f -7.280e-04; support [ 1.65627  3.10546  4.61078  6.1757   7.81284  9.55265 11.46035]; weights [0.00618 0.03741 0.10358 0.18946 0.25516 0.25274 0.15547]; residual 1.6e-12
  birth track d 4 m 11.485: f -7.163e-04; support [ 1.67346  3.12859  4.63554  6.20076  7.83789  9.57766 11.48535]; weights [0.00636 0.03799 0.10428 0.1898  0.25484 0.25194 0.15478]; residual 6.7e-13
  birth track d 4 m 11.510: f -6.922e-04; support [ 1.68996  3.15126  4.66011  6.22576  7.86292  9.60266 11.51035]; weights [0.00655 0.03857 0.10498 0.19014 0.25453 0.25113 0.1541 ]; residual 6.7e-13
  birth track d 4 m 11.535: f -6.543e-04; support [ 1.70584  3.17349  4.68448  6.25069  7.88793  9.62765 11.53535]; weights [0.00673 0.03914 0.10568 0.19048 0.25422 0.25034 0.15342]; residual 1.1e-12
  birth track d 4 m 11.560: f -6.012e-04; support [ 1.72116  3.19529  4.70866  6.27555  7.91292  9.65265 11.56035]; weights [0.0069  0.03971 0.10638 0.19082 0.2539  0.24954 0.15274]; residual 1.8e-12
  birth track d 4 m 11.585: f -5.313e-04; support [ 1.73596  3.21668  4.73265  6.30035  7.9379   9.67764 11.58535]; weights [0.00707 0.04027 0.10708 0.19116 0.25359 0.24875 0.15207]; residual 2.2e-12
  birth track d 4 m 11.610: f -4.432e-04; support [ 1.75028  3.23769  4.75644  6.32507  7.96285  9.70262 11.61035]; weights [0.00724 0.04083 0.10778 0.1915  0.25328 0.24797 0.1514 ]; residual 1.8e-12
  birth track d 4 m 11.635: f -3.350e-04; support [ 1.76417  3.25832  4.78004  6.34971  7.98778  9.7276  11.63535]; weights [0.0074  0.04139 0.10848 0.19184 0.25297 0.24718 0.15074]; residual 9.2e-13
  birth track d 4 m 11.660: f -2.052e-04; support [ 1.77767  3.2786   4.80344  6.37428  8.01269  9.75258 11.66035]; weights [0.00756 0.04194 0.10917 0.19218 0.25267 0.2464  0.15007]; residual 8.9e-13
  birth track d 4 m 11.685: f -5.207e-05; support [ 1.79079  3.29853  4.82665  6.39877  8.03758  9.77755 11.68535]; weights [0.00772 0.04248 0.10987 0.19253 0.25236 0.24562 0.14942]; residual 1.8e-12
  birth track d 4 m 11.710: f +1.263e-04; support [ 1.80359  3.31814  4.84967  6.42318  8.06244  9.80252 11.71035]; weights [0.00788 0.04302 0.11056 0.19287 0.25206 0.24485 0.14876]; residual 2.7e-12
  state at root - 0.01: support [ 1.789594  3.296699  4.82451   6.396505  8.035275  9.77524  11.683037]; weights [0.007707 0.042431 0.109805 0.192494 0.252389 0.245696 0.149478]; residual 1.3e-12; interior excess +0.00e+00
CHAIN d 4 e5 birth: m 11.69303748; support [ 1.794762  3.304592  4.833748  6.406281  8.045222  9.785228 11.693037]; weights [0.007769 0.042647 0.110083 0.192632 0.252267 0.245386 0.149216]; residual 2.0e-12
  split track d 4 m 11.703: f -2.244e-04; support [ 0.       1.81219  3.31665  4.8444   6.41649  8.05528  9.79524 11.70304]; weights [2.0000e-05 7.9100e-03 4.2880e-02 1.1032e-01 1.9272e-01 2.5212e-01
 2.4507e-01 1.4895e-01]; residual 8.9e-13
  split track d 4 m 11.728: f -2.501e-04; support [ 0.       1.85347  3.34654  4.87101  6.44201  8.08043  9.82025 11.72804]; weights [7.0000e-05 8.2700e-03 4.3470e-02 1.1090e-01 1.9294e-01 2.5176e-01
 2.4428e-01 1.4830e-01]; residual 8.9e-13
  split track d 4 m 11.753: f -2.755e-04; support [ 0.       1.8918   3.37603  4.89754  6.46753  8.10557  9.84527 11.75304]; weights [1.2000e-04 8.6300e-03 4.4060e-02 1.1149e-01 1.9316e-01 2.5139e-01
 2.4350e-01 1.4765e-01]; residual 8.9e-13
  split track d 4 m 11.778: f -3.001e-04; support [ 0.       1.9275   3.40509  4.92399  6.49302  8.13072  9.87029 11.77804]; weights [1.6000e-04 8.9900e-03 4.4660e-02 1.1207e-01 1.9338e-01 2.5102e-01
 2.4271e-01 1.4701e-01]; residual 2.0e-12
  split track d 4 m 11.803: f -3.237e-04; support [ 0.       1.96088  3.43371  4.95035  6.5185   8.15585  9.89531 11.80304]; weights [2.0000e-04 9.3500e-03 4.5260e-02 1.1266e-01 1.9359e-01 2.5065e-01
 2.4193e-01 1.4637e-01]; residual 1.8e-12
  split track d 4 m 11.828: f -3.458e-04; support [ 0.       1.99217  3.46186  4.9766   6.54395  8.18099  9.92032 11.82804]; weights [2.3000e-04 9.7100e-03 4.5870e-02 1.1324e-01 1.9380e-01 2.5027e-01
 2.4116e-01 1.4573e-01]; residual 1.3e-12
  split track d 4 m 11.853: f -3.660e-04; support [ 0.       2.0216   3.48954  5.00274  6.56938  8.20612  9.94534 11.85304]; weights [0.00026 0.01006 0.04648 0.11383 0.194   0.2499  0.24038 0.14509]; residual 2.0e-12
  split track d 4 m 11.878: f -3.838e-04; support [ 0.       2.04936  3.51673  5.02876  6.59478  8.23124  9.97036 11.87804]; weights [0.00029 0.01041 0.04709 0.11442 0.19421 0.24952 0.23961 0.14446]; residual 2.7e-12
  split track d 4 m 11.903: f -3.987e-04; support [ 0.       2.07561  3.54344  5.05464  6.62014  8.25636  9.99537 11.90304]; weights [0.00031 0.01075 0.0477  0.11501 0.19441 0.24915 0.23884 0.14384]; residual 2.0e-12
  split track d 4 m 11.928: f -4.102e-04; support [ 0.       2.10049  3.56967  5.08038  6.64547  8.28147 10.02038 11.92804]; weights [0.00034 0.01108 0.04832 0.1156  0.19462 0.24877 0.23807 0.14321]; residual 1.1e-12
  split track d 4 m 11.953: f -4.178e-04; support [ 0.       2.12415  3.59542  5.10597  6.67076  8.30657 10.0454  11.95304]; weights [0.00036 0.01141 0.04894 0.11619 0.19482 0.2484  0.2373  0.14259]; residual 1.1e-12
  split track d 4 m 11.978: f -4.211e-04; support [ 0.       2.14668  3.6207   5.13141  6.696    8.33166 10.07041 11.97804]; weights [0.00038 0.01173 0.04955 0.11679 0.19502 0.24802 0.23654 0.14198]; residual 2.7e-12
  split track d 4 m 12.003: f -4.194e-04; support [ 0.       2.1682   3.6455   5.15669  6.7212   8.35673 10.09541 12.00304]; weights [0.0004  0.01204 0.05017 0.11739 0.19522 0.24764 0.23578 0.14136]; residual 1.6e-12
  split track d 4 m 12.028: f -4.122e-04; support [ 0.       2.18879  3.66985  5.1818   6.74635  8.3818  10.12042 12.02804]; weights [0.00042 0.01235 0.05078 0.11798 0.19542 0.24727 0.23502 0.14075]; residual 1.8e-12
  split track d 4 m 12.053: f -3.989e-04; support [ 0.       2.20853  3.69374  5.20674  6.77144  8.40685 10.14542 12.05304]; weights [0.00043 0.01265 0.0514  0.11859 0.19563 0.24689 0.23427 0.14015]; residual 1.6e-12
  split track d 4 m 12.078: f -3.789e-04; support [ 0.       2.2275   3.7172   5.2315   6.79647  8.43189 10.17042 12.07804]; weights [0.00045 0.01294 0.05201 0.11919 0.19583 0.24652 0.23352 0.13954]; residual 1.6e-12
  split track d 4 m 12.103: f -3.515e-04; support [ 0.       2.24575  3.74023  5.25609  6.82145  8.45691 10.19542 12.10304]; weights [0.00047 0.01322 0.05261 0.1198  0.19604 0.24615 0.23277 0.13894]; residual 2.0e-12
  split track d 4 m 12.128: f -3.163e-04; support [ 0.       2.26335  3.76285  5.2805   6.84636  8.48191 10.22042 12.12804]; weights [0.00048 0.0135  0.05322 0.1204  0.19625 0.24578 0.23203 0.13835]; residual 2.4e-12
  split track d 4 m 12.153: f -2.724e-04; support [ 0.       2.28035  3.78506  5.30472  6.87121  8.50689 10.24541 12.15304]; weights [0.0005  0.01377 0.05382 0.12101 0.19645 0.24541 0.23129 0.13775]; residual 2.4e-12
  split track d 4 m 12.178: f -2.193e-04; support [ 0.       2.29679  3.80688  5.32876  6.89599  8.53186 10.2704  12.17804]; weights [0.00051 0.01404 0.05441 0.12162 0.19667 0.24504 0.23055 0.13717]; residual 2.0e-12
  split track d 4 m 12.203: f -1.562e-04; support [ 0.       2.31272  3.82833  5.35261  6.9207   8.5568  10.29538 12.20304]; weights [0.00052 0.0143  0.055   0.12223 0.19688 0.24468 0.22982 0.13658]; residual 1.1e-12
  split track d 4 m 12.228: f -8.242e-05; support [ 0.       2.32817  3.84941  5.37628  6.94534  8.58173 10.32036 12.22804]; weights [0.00054 0.01455 0.05559 0.12284 0.19709 0.24431 0.22909 0.136  ]; residual 1.8e-12
  split track d 4 m 12.253: f +2.691e-06; support [ 0.       2.34318  3.87015  5.39976  6.9699   8.60663 10.34534 12.25304]; weights [0.00055 0.01479 0.05617 0.12345 0.19731 0.24395 0.22836 0.13542]; residual 2.2e-12
  state at root - 0.01: support [ 0.        2.336785  3.861282  5.389697  6.95936   8.595934 10.334609
 12.242297]; weights [0.000542 0.014689 0.055918 0.123186 0.197218 0.244109 0.228672 0.135665]; residual 2.2e-12; interior excess +0.00e+00
CHAIN d 4 e6 split: m 12.25229692; support [ 0.        2.342744  3.869538  5.399069  6.969178  8.605892 10.344599
 12.252297]; weights [0.000547 0.014787 0.056149 0.12343  0.197305 0.243966 0.228382 0.135434]; residual 2.2e-12
  birth track d 4 m 12.352: f -2.060e-05; support [ 0.90331  2.47826  3.97927  5.50224  7.07028  8.70622 10.44463 12.3523 ]; weights [0.00107 0.01634 0.05841 0.12543 0.19779 0.24235 0.22546 0.13314]; residual 1.1e-12
  birth track d 4 m 12.377: f -3.175e-05; support [ 0.99086  2.51222  4.00685  5.5281   7.09558  8.73131 10.46964 12.3773 ]; weights [0.00122 0.01673 0.05897 0.12592 0.1979  0.24195 0.22473 0.13258]; residual 1.8e-12
  birth track d 4 m 12.402: f -4.504e-05; support [ 1.0653   2.54596  4.03444  5.55397  7.12088  8.7564  10.49465 12.4023 ]; weights [0.00138 0.01712 0.05953 0.1264  0.198   0.24154 0.22401 0.13202]; residual 1.6e-12
  birth track d 4 m 12.427: f -6.028e-05; support [ 1.12973  2.57935  4.06201  5.57986  7.14619  8.7815  10.51966 12.4273 ]; weights [0.00155 0.01752 0.06009 0.12688 0.19809 0.24112 0.22329 0.13146]; residual 2.2e-12
  birth track d 4 m 12.452: f -7.727e-05; support [ 1.18626  2.6123   4.08954  5.60574  7.1715   8.80659 10.54467 12.4523 ]; weights [0.00171 0.01792 0.06065 0.12735 0.19818 0.24071 0.22257 0.1309 ]; residual 1.8e-12
  birth track d 4 m 12.477: f -9.578e-05; support [ 1.23638  2.64473  4.11701  5.63162  7.19682  8.83169 10.56968 12.4773 ]; weights [0.00188 0.01833 0.06121 0.12782 0.19827 0.24029 0.22185 0.13035]; residual 1.6e-12
  birth track d 4 m 12.502: f -1.156e-04; support [ 1.28122  2.67658  4.14439  5.65749  7.22213  8.85678 10.59469 12.5023 ]; weights [0.00205 0.01874 0.06177 0.12828 0.19835 0.23988 0.22114 0.1298 ]; residual 2.0e-12
  birth track d 4 m 12.527: f -1.364e-04; support [ 1.32164  2.7078   4.17166  5.68334  7.24744  8.88188 10.6197  12.5273 ]; weights [0.00221 0.01915 0.06233 0.12874 0.19843 0.23946 0.22042 0.12925]; residual 2.0e-12
  birth track d 4 m 12.552: f -1.578e-04; support [ 1.35831  2.73835  4.19881  5.70916  7.27275  8.90697 10.64471 12.5523 ]; weights [0.00238 0.01957 0.06289 0.1292  0.1985  0.23904 0.21971 0.12871]; residual 8.9e-13
  birth track d 4 m 12.577: f -1.797e-04; support [ 1.3918   2.76822  4.22581  5.73495  7.29805  8.93206 10.66972 12.5773 ]; weights [0.00254 0.01998 0.06345 0.12965 0.19857 0.23862 0.21901 0.12817]; residual 2.4e-12
  birth track d 4 m 12.602: f -2.015e-04; support [ 1.42255  2.79739  4.25266  5.76071  7.32334  8.95716 10.69473 12.6023 ]; weights [0.0027  0.02041 0.06402 0.13011 0.19864 0.2382  0.2183  0.12763]; residual 1.6e-12
  birth track d 4 m 12.627: f -2.229e-04; support [ 1.45093  2.82585  4.27933  5.78643  7.34863  8.98225 10.71974 12.6273 ]; weights [0.00285 0.02083 0.06459 0.13056 0.1987  0.23778 0.2176  0.1271 ]; residual 1.8e-12
  birth track d 4 m 12.652: f -2.436e-04; support [ 1.47725  2.85361  4.3058   5.81209  7.3739   9.00733 10.74475 12.6523 ]; weights [0.003   0.02125 0.06515 0.13101 0.19877 0.23735 0.2169  0.12657]; residual 1.1e-12
  birth track d 4 m 12.677: f -2.630e-04; support [ 1.50176  2.88068  4.33208  5.8377   7.39916  9.03242 10.76976 12.6773 ]; weights [0.00315 0.02168 0.06572 0.13146 0.19882 0.23693 0.2162  0.12604]; residual 2.0e-12
  birth track d 4 m 12.702: f -2.806e-04; support [ 1.52468  2.90706  4.35815  5.86326  7.4244   9.0575  10.79477 12.7023 ]; weights [0.0033  0.0221  0.0663  0.13191 0.19888 0.23651 0.2155  0.12551]; residual 1.6e-12
  birth track d 4 m 12.727: f -2.960e-04; support [ 1.54621  2.93279  4.38399  5.88874  7.44962  9.08258 10.81978 12.7273 ]; weights [0.00344 0.02252 0.06687 0.13236 0.19894 0.23608 0.21481 0.12499]; residual 3.1e-12
  birth track d 4 m 12.752: f -3.087e-04; support [ 1.56649  2.95787  4.40961  5.91416  7.47483  9.10765 10.84479 12.7523 ]; weights [0.00357 0.02294 0.06745 0.13281 0.19899 0.23566 0.21412 0.12447]; residual 1.8e-12
  birth track d 4 m 12.777: f -3.180e-04; support [ 1.58567  2.98233  4.43499  5.9395   7.50001  9.13272 10.8698  12.7773 ]; weights [0.00371 0.02336 0.06802 0.13326 0.19904 0.23523 0.21343 0.12395]; residual 2.0e-12
  birth track d 4 m 12.802: f -3.233e-04; support [ 1.60387  3.0062   4.46014  5.96476  7.52517  9.15778 10.8948  12.8023 ]; weights [0.00383 0.02378 0.0686  0.13371 0.19909 0.23481 0.21274 0.12343]; residual 2.4e-12
  birth track d 4 m 12.827: f -3.241e-04; support [ 1.62118  3.02949  4.48505  5.98993  7.5503   9.18283 10.91981 12.8273 ]; weights [0.00396 0.0242  0.06918 0.13415 0.19914 0.23439 0.21206 0.12292]; residual 2.4e-12
  birth track d 4 m 12.852: f -3.196e-04; support [ 1.6377   3.05222  4.50971  6.01502  7.57541  9.20788 10.94481 12.8523 ]; weights [0.00408 0.02461 0.06976 0.1346  0.19919 0.23396 0.21138 0.12241]; residual 1.8e-12
  birth track d 4 m 12.877: f -3.092e-04; support [ 1.6535   3.07443  4.53412  6.04001  7.60049  9.23292 10.96981 12.8773 ]; weights [0.0042  0.02502 0.07034 0.13505 0.19924 0.23354 0.2107  0.1219 ]; residual 1.8e-12
  birth track d 4 m 12.902: f -2.920e-04; support [ 1.66866  3.09614  4.55829  6.06491  7.62553  9.25795 10.99481 12.9023 ]; weights [0.00432 0.02542 0.07092 0.13551 0.19929 0.23312 0.21002 0.1214 ]; residual 1.0e-12
  birth track d 4 m 12.927: f -2.674e-04; support [ 1.68323  3.11736  4.58221  6.08972  7.65054  9.28298 11.01981 12.9273 ]; weights [0.00443 0.02583 0.0715  0.13596 0.19934 0.2327  0.20935 0.1209 ]; residual 1.6e-12
  birth track d 4 m 12.952: f -2.346e-04; support [ 1.69727  3.13813  4.60589  6.11441  7.67552  9.30799 11.04481 12.9523 ]; weights [0.00454 0.02622 0.07208 0.13641 0.19939 0.23228 0.20868 0.1204 ]; residual 2.7e-12
  birth track d 4 m 12.977: f -1.926e-04; support [ 1.71082  3.15846  4.62932  6.13901  7.70047  9.33299 11.06981 12.9773 ]; weights [0.00465 0.02662 0.07266 0.13686 0.19944 0.23186 0.20801 0.11991]; residual 2.2e-12
  birth track d 4 m 13.002: f -1.406e-04; support [ 1.72393  3.17838  4.65251  6.1635   7.72537  9.35799 11.0948  13.0023 ]; weights [0.00475 0.027   0.07323 0.13732 0.19949 0.23144 0.20735 0.11941]; residual 2.4e-12
  birth track d 4 m 13.027: f -7.773e-05; support [ 1.73664  3.19789  4.67546  6.18788  7.75023  9.38297 11.11979 13.0273 ]; weights [0.00485 0.02739 0.07381 0.13777 0.19954 0.23102 0.20669 0.11892]; residual 1.1e-12
  birth track d 4 m 13.052: f -3.010e-06; support [ 1.74897  3.21704  4.69818  6.21215  7.77506  9.40794 11.14478 13.0523 ]; weights [0.00495 0.02777 0.07438 0.13823 0.19959 0.23061 0.20603 0.11843]; residual 2.9e-12
  birth track d 4 m 13.077: f +8.455e-05; support [ 1.76096  3.23582  4.72066  6.23631  7.79984  9.4329  11.16977 13.0773 ]; weights [0.00505 0.02814 0.07495 0.13869 0.19964 0.2302  0.20537 0.11795]; residual 1.1e-12
  state at root - 0.01: support [ 1.744536  3.210131  4.689963  6.203353  7.766052  9.398877 11.135712
 13.043223]; weights [0.004919 0.027631 0.074175 0.138063 0.199572 0.23076  0.206268 0.11861 ]; residual 1.8e-12; interior excess +0.00e+00
CHAIN d 4 e7 birth: m 13.05322339; support [ 1.749422  3.217739  4.699017  6.213045  7.775975  9.408863 11.145708
 13.053223]; weights [0.004958 0.027783 0.074404 0.138246 0.199593 0.230595 0.206005 0.118415]; residual 1.3e-12
  split track d 4 m 13.063: f +7.497e-03; support [ 0.       1.18043  2.04013  4.17125  5.92912  7.64052  9.3617  11.14191
 13.06322]; weights [ 0.00468 -0.01189  0.02129  0.06735  0.14173  0.20962  0.23947  0.20917
  0.11858]; residual 9.4e-04
  split track d 4 m 13.088: f +5.290e-03; support [ 0.       1.06734  1.80105  4.11327  5.89758  7.62847  9.36376 11.15646
 13.08822]; weights [ 0.00865 -0.02171  0.02561  0.06616  0.14182  0.21086  0.24049  0.20984
  0.11828]; residual 1.2e-03
  split track d 4 m 13.113: f +1.062e-03; support [ 0.       0.92386  1.5822   4.07097  5.87798  7.62658  9.37538 11.17702
 13.11322]; weights [ 0.0169  -0.03792  0.03241  0.06516  0.14182  0.21198  0.2415   0.21016
  0.11798]; residual 1.4e-03
  split track d 4 m 13.138: f +5.534e-03; support [ 0.       0.90495  1.54458  4.08629  5.90497  7.66237  9.41349 11.20971
 13.13822]; weights [ 0.01996 -0.04408  0.03547  0.06542  0.14275  0.21287  0.24129  0.20891
  0.11741]; residual 5.3e-04
  split track d 4 m 13.163: f +1.315e-03; support [ 0.       0.79251  1.36461  4.05483  5.88799  7.65702  9.41928 11.22646
 13.16322]; weights [ 0.03558 -0.07221  0.04723  0.06468  0.1426   0.21353  0.24212  0.20937
  0.1171 ]; residual 7.3e-04
  split track d 4 m 13.188: f +2.695e-03; support [ 0.       0.74642  1.27513  4.05466  5.90031  7.67925  9.4475  11.25486
 13.18822]; weights [ 0.04861 -0.09632  0.05804  0.06453  0.14308  0.21432  0.24242  0.20868
  0.11663]; residual 1.7e-04
  split track d 4 m 13.213: f +3.267e-04; support [ 0.       0.68315  1.19358  4.04377  5.89528  7.67926  9.45445 11.27128
 13.21322]; weights [ 0.0678  -0.12619  0.06844  0.06429  0.14294  0.21451  0.24284  0.20906
  0.11631]; residual 9.8e-04
  split track d 4 m 13.238: f +3.806e-03; support [ 0.       0.66928  1.19876  4.05749  5.91785  7.70898  9.48672 11.30108
 13.23822]; weights [ 0.07174 -0.12896  0.06728  0.06438  0.14358  0.21512  0.24282  0.20822
  0.11582]; residual 8.1e-04
  split track d 4 m 13.263: f +1.535e-03; support [ 0.       0.64352  1.16278  4.0611   5.92659  7.72292  9.50633 11.32442
 13.26322]; weights [ 0.08427 -0.14799  0.07372  0.06457  0.1439   0.2156   0.24289  0.20769
  0.11536]; residual 3.1e-04
  split track d 4 m 13.288: f +1.887e-03; support [ 0.       0.63286  1.13982  4.06731  5.93953  7.74108  9.52817 11.34857
 13.28822]; weights [ 0.09203 -0.161    0.07891  0.06461  0.14422  0.21594  0.24298  0.20736
  0.11495]; residual 9.0e-05
  split track d 4 m 13.313: f +1.848e-03; support [ 0.       0.60906  1.09956  4.07026  5.94843  7.75548  9.54746 11.37155
 13.31322]; weights [ 0.10922 -0.18804  0.08866  0.0646   0.14443  0.21631  0.24313  0.20712
  0.11456]; residual 2.0e-04
  split track d 4 m 13.338: f +1.705e-03; support [ 0.       0.58492  1.05523  4.07259  5.95755  7.77043  9.56723 11.3948
 13.33822]; weights [ 0.13095 -0.22258  0.10137  0.06456  0.14468  0.2167   0.24331  0.20685
  0.11416]; residual 1.5e-04
  split track d 4 m 13.363: f +1.561e-03; support [ 0.       0.56475  1.01801  4.07615  5.96738  7.78568  9.58709 11.41806
 13.36322]; weights [ 0.15339 -0.25807  0.11433  0.06457  0.14493  0.21706  0.24346  0.20657
  0.11377]; residual 1.1e-04
  split track d 4 m 13.388: f +1.166e-03; support [ 0.       0.54223  0.98371  4.08062  5.97791  7.80145  9.60746 11.44159
 13.38822]; weights [ 0.18121 -0.29958  0.12795  0.06463  0.14522  0.21745  0.24357  0.2062
  0.11335]; residual 2.1e-04
  split track d 4 m 13.413: f +1.451e-03; support [ 0.       0.53958  0.97422  4.08714  5.98989  7.8181   9.62778 11.46486
 13.41322]; weights [ 0.18759 -0.31096  0.13291  0.06466  0.14546  0.21772  0.24366  0.20597
  0.11298]; residual 1.4e-04
  split track d 4 m 13.438: f +1.052e-03; support [ 0.       0.51964  0.94403  4.0924   6.00051  7.83363  9.64792 11.48827
 13.43822]; weights [ 0.21933 -0.35794  0.14811  0.06477  0.14576  0.2181   0.24374  0.20558
  0.11256]; residual 2.0e-04
  split track d 4 m 13.463: f +1.278e-03; support [ 0.       0.51692  0.93575  4.0991   6.01254  7.85026  9.66823 11.51154
 13.46322]; weights [ 0.2267  -0.37055  0.15333  0.06479  0.14598  0.21836  0.24383  0.20537
  0.1122 ]; residual 1.1e-04
  split track d 4 m 13.488: f +1.016e-03; support [ 0.       0.49991  0.90916  4.10483  6.02346  7.86592  9.68833 11.53489
 13.48822]; weights [ 0.26097 -0.4213   0.16977  0.0649   0.14627  0.21871  0.24391  0.20499
  0.11178]; residual 1.6e-04
  split track d 4 m 13.513: f +1.155e-03; support [ 0.       0.49091  0.89251  4.11091  6.0348   7.88208  9.70857 11.55822
 13.51322]; weights [ 0.28362 -0.45596  0.18175  0.06493  0.14651  0.21901  0.24401  0.20473
  0.11141]; residual 9.9e-05
  split track d 4 m 13.538: f +8.225e-04; support [ 0.       0.48205  0.87948  4.11788  6.04663  7.89826  9.72875 11.5815
 13.53822]; weights [ 0.30621 -0.48869  0.19187  0.06505  0.14678  0.21931  0.24405  0.2044
  0.11102]; residual 2.7e-04
  split track d 4 m 13.563: f +7.951e-04; support [ 0.       0.47048  0.86304  4.12404  6.058    7.91427  9.74879 11.60471
 13.56322]; weights [ 0.3367  -0.53201  0.20467  0.06509  0.14701  0.2196   0.24415  0.20414
  0.11065]; residual 2.1e-04
  split track d 4 m 13.588: f +1.116e-03; support [ 0.       0.46857  0.85619  4.13091  6.06995  7.93058  9.76876 11.62777
 13.58822]; weights [ 0.34629 -0.54843  0.21146  0.06512  0.14722  0.21985  0.24424  0.20394
  0.1103 ]; residual 1.1e-04
  split track d 4 m 13.613: f +5.360e-04; support [ 0.       0.45982  0.84633  4.1384   6.08176  7.94662  9.78901 11.65116
 13.61322]; weights [ 0.37311 -0.58486  0.22109  0.06531  0.14753  0.22016  0.24426  0.20352
  0.10988]; residual 3.8e-04
  split track d 4 m 13.638: f +1.242e-03; support [ 0.       0.45364  0.84708  4.14565  6.09409  7.96336  9.80919 11.67428
 13.63822]; weights [ 0.38343 -0.59225  0.21813  0.06528  0.14768  0.22038  0.24437  0.20341
  0.10957]; residual 1.8e-04
  split track d 4 m 13.663: f +6.537e-04; support [ 0.       0.44498  0.83307  4.15266  6.10566  7.97917  9.8292  11.69751
 13.66322]; weights [ 0.41722 -0.64064  0.23273  0.06546  0.14801  0.22069  0.24439  0.20299
  0.10916]; residual 2.9e-04
  split track d 4 m 13.688: f +4.865e-04; support [ 0.       0.4351   0.82025  4.15913  6.11719  7.99459  9.84814 11.71997
 13.68822]; weights [ 0.45202 -0.68743  0.24467  0.06552  0.14819  0.22087  0.24447  0.20285
  0.10884]; residual 1.9e-04
