  split track d 5 m 7.725: f -1.052e-02; support [0.      2.32289 4.03785 5.81181 7.72512]; weights [3.0000e-05 2.7680e-02 1.7308e-01 3.9666e-01 4.0254e-01]; residual 1.3e-12
  split track d 5 m 7.750: f -1.091e-02; support [0.      2.3559  4.06449 5.83704 7.75012]; weights [1.1000e-04 2.8590e-02 1.7438e-01 3.9636e-01 4.0055e-01]; residual 4.4e-13
  split track d 5 m 7.775: f -1.124e-02; support [0.      2.38767 4.091   5.86226 7.77512]; weights [1.8000e-04 2.9510e-02 1.7568e-01 3.9605e-01 3.9858e-01]; residual 4.4e-13
  split track d 5 m 7.800: f -1.152e-02; support [0.      2.4183  4.11737 5.88747 7.80012]; weights [2.4000e-04 3.0420e-02 1.7698e-01 3.9574e-01 3.9661e-01]; residual 4.4e-13
  split track d 5 m 7.825: f -1.174e-02; support [0.      2.44786 4.1436  5.91266 7.82512]; weights [3.1000e-04 3.1340e-02 1.7828e-01 3.9542e-01 3.9466e-01]; residual 4.4e-13
  split track d 5 m 7.850: f -1.188e-02; support [0.      2.47643 4.16967 5.93783 7.85012]; weights [3.6000e-04 3.2250e-02 1.7957e-01 3.9510e-01 3.9272e-01]; residual 1.1e-14
  split track d 5 m 7.875: f -1.195e-02; support [0.      2.50407 4.19559 5.96298 7.87512]; weights [0.00042 0.03316 0.18086 0.39477 0.39079]; residual 1.1e-13
  split track d 5 m 7.900: f -1.194e-02; support [0.      2.53086 4.22136 5.98811 7.90012]; weights [0.00047 0.03407 0.18215 0.39444 0.38887]; residual 4.4e-13
  split track d 5 m 7.925: f -1.184e-02; support [0.      2.55684 4.24696 6.01322 7.92512]; weights [0.00052 0.03497 0.18344 0.39411 0.38696]; residual 4.4e-13
  split track d 5 m 7.950: f -1.165e-02; support [0.      2.58207 4.2724  6.0383  7.95012]; weights [0.00057 0.03586 0.18473 0.39377 0.38507]; residual 8.9e-13
  split track d 5 m 7.975: f -1.135e-02; support [0.      2.6066  4.29768 6.06336 7.97512]; weights [0.00061 0.03674 0.18602 0.39344 0.38319]; residual 4.4e-13
  split track d 5 m 8.000: f -1.096e-02; support [0.      2.63047 4.32279 6.08839 8.00012]; weights [0.00066 0.03762 0.1873  0.3931  0.38132]; residual 4.4e-13
  split track d 5 m 8.025: f -1.045e-02; support [0.      2.65372 4.34773 6.1134  8.02512]; weights [0.0007  0.03849 0.18858 0.39277 0.37946]; residual 8.9e-13
  split track d 5 m 8.050: f -9.825e-03; support [0.      2.6764  4.37251 6.13838 8.05012]; weights [0.00074 0.03935 0.18986 0.39243 0.37762]; residual 4.4e-13
  split track d 5 m 8.075: f -9.080e-03; support [0.      2.69853 4.39711 6.16332 8.07512]; weights [0.00077 0.0402  0.19114 0.3921  0.37578]; residual 4.4e-13
  split track d 5 m 8.100: f -8.209e-03; support [0.      2.72015 4.42155 6.18824 8.10012]; weights [0.00081 0.04105 0.19241 0.39176 0.37396]; residual 4.4e-13
  split track d 5 m 8.125: f -7.205e-03; support [0.      2.74128 4.44583 6.21312 8.12512]; weights [0.00085 0.04188 0.19368 0.39143 0.37216]; residual 4.4e-13
  split track d 5 m 8.150: f -6.065e-03; support [0.      2.76197 4.46993 6.23797 8.15012]; weights [0.00088 0.0427  0.19495 0.39111 0.37036]; residual 4.4e-13
  split track d 5 m 8.175: f -4.783e-03; support [0.      2.78223 4.49388 6.26278 8.17512]; weights [0.00091 0.04351 0.19621 0.39078 0.36858]; residual 4.4e-13
  split track d 5 m 8.200: f -3.353e-03; support [0.      2.8021  4.51766 6.28756 8.20012]; weights [0.00094 0.04432 0.19747 0.39046 0.36681]; residual 8.9e-13
  split track d 5 m 8.225: f -1.771e-03; support [0.      2.82158 4.54128 6.31231 8.22512]; weights [0.00097 0.04511 0.19872 0.39014 0.36505]; residual 8.9e-13
  split track d 5 m 8.250: f -3.207e-05; support [0.      2.84071 4.56474 6.33702 8.25012]; weights [0.001   0.04589 0.19997 0.38983 0.36331]; residual 8.9e-13
  split track d 5 m 8.275: f +1.869e-03; support [0.      2.8595  4.58805 6.36168 8.27512]; weights [0.00103 0.04666 0.20121 0.38952 0.36158]; residual 1.3e-12
  state at root - 0.01: support [0.       2.833436 4.555788 6.327572 8.240565]; weights [0.000991 0.045593 0.199494 0.389946 0.363975]; residual 8.9e-13; interior excess +8.88e-16
CHAIN d 5 e3 split: m 8.25056493; support [0.       2.841043 4.565153 6.33745  8.250565]; weights [0.001003 0.045905 0.199992 0.389821 0.363279]; residual 4.4e-13
  birth track d 5 m 8.351: f -6.154e-04; support [0.93549 2.95347 4.66725 6.43766 8.35056]; weights [0.00171 0.04973 0.20431 0.38793 0.35631]; residual 4.4e-13
  birth track d 5 m 8.376: f -9.459e-04; support [1.03497 2.98195 4.69286 6.46272 8.37556]; weights [0.00192 0.0507  0.20536 0.38743 0.3546 ]; residual 4.8e-13
  birth track d 5 m 8.401: f -1.338e-03; support [1.12204 3.01051 4.71849 6.48779 8.40056]; weights [0.00215 0.05167 0.20638 0.38691 0.35289]; residual 4.4e-13
  birth track d 5 m 8.426: f -1.788e-03; support [1.19958 3.03913 4.74414 6.51287 8.42556]; weights [0.00238 0.05264 0.2074  0.38639 0.35119]; residual 4.4e-13
  birth track d 5 m 8.451: f -2.289e-03; support [1.26951 3.06776 4.76981 6.53795 8.45056]; weights [0.00263 0.05361 0.20839 0.38586 0.3495 ]; residual 4.4e-13
  birth track d 5 m 8.476: f -2.836e-03; support [1.33317 3.09638 4.79549 6.56303 8.47556]; weights [0.00289 0.05458 0.20938 0.38532 0.34782]; residual 8.9e-13
  birth track d 5 m 8.501: f -3.423e-03; support [1.39158 3.12497 4.82118 6.58811 8.50056]; weights [0.00316 0.05556 0.21035 0.38477 0.34615]; residual 9.1e-14
  birth track d 5 m 8.526: f -4.043e-03; support [1.44549 3.1535  4.84688 6.6132  8.52556]; weights [0.00344 0.05654 0.21131 0.38422 0.34449]; residual 8.9e-13
  birth track d 5 m 8.551: f -4.691e-03; support [1.49554 3.18193 4.87257 6.63829 8.55056]; weights [0.00373 0.05752 0.21226 0.38365 0.34283]; residual 4.4e-13
  birth track d 5 m 8.576: f -5.358e-03; support [1.54219 3.21026 4.89826 6.66338 8.57556]; weights [0.00402 0.0585  0.2132  0.38308 0.34119]; residual 4.4e-13
  birth track d 5 m 8.601: f -6.038e-03; support [1.58587 3.23845 4.92394 6.68847 8.60056]; weights [0.00432 0.05949 0.21413 0.3825  0.33956]; residual 8.9e-13
  birth track d 5 m 8.626: f -6.724e-03; support [1.62692 3.2665  4.9496  6.71356 8.62556]; weights [0.00463 0.06048 0.21504 0.38192 0.33793]; residual 1.8e-12
  birth track d 5 m 8.651: f -7.406e-03; support [1.66561 3.29437 4.97525 6.73865 8.65056]; weights [0.00494 0.06147 0.21595 0.38132 0.33632]; residual 4.4e-13
  birth track d 5 m 8.676: f -8.078e-03; support [1.70221 3.32207 5.00089 6.76373 8.67556]; weights [0.00525 0.06247 0.21684 0.38073 0.33471]; residual 4.4e-13
  birth track d 5 m 8.701: f -8.731e-03; support [1.73691 3.34958 5.02649 6.78882 8.70056]; weights [0.00557 0.06347 0.21773 0.38012 0.33311]; residual 8.9e-13
  birth track d 5 m 8.726: f -9.356e-03; support [1.76991 3.37689 5.05207 6.8139  8.72556]; weights [0.00589 0.06447 0.21861 0.37951 0.33152]; residual 8.9e-13
  birth track d 5 m 8.751: f -9.944e-03; support [1.80136 3.40398 5.07762 6.83898 8.75056]; weights [0.00621 0.06547 0.21948 0.3789  0.32994]; residual 8.9e-13
  birth track d 5 m 8.776: f -1.049e-02; support [1.83142 3.43085 5.10314 6.86405 8.77556]; weights [0.00653 0.06647 0.22034 0.37828 0.32837]; residual 4.4e-13
  birth track d 5 m 8.801: f -1.098e-02; support [1.8602  3.45751 5.12861 6.88913 8.80056]; weights [0.00685 0.06748 0.2212  0.37766 0.32681]; residual 8.9e-13
  birth track d 5 m 8.826: f -1.140e-02; support [1.88782 3.48393 5.15405 6.91419 8.82556]; weights [0.00718 0.06849 0.22205 0.37703 0.32526]; residual 4.4e-13
  birth track d 5 m 8.851: f -1.175e-02; support [1.91438 3.51012 5.17945 6.93925 8.85056]; weights [0.0075  0.0695  0.22289 0.3764  0.32371]; residual 4.4e-13
  birth track d 5 m 8.876: f -1.201e-02; support [1.93996 3.53608 5.2048  6.9643  8.87556]; weights [0.00782 0.07051 0.22372 0.37577 0.32218]; residual 8.9e-13
  birth track d 5 m 8.901: f -1.218e-02; support [1.96465 3.56181 5.2301  6.98935 8.90056]; weights [0.00814 0.07152 0.22455 0.37514 0.32065]; residual 4.4e-13
  birth track d 5 m 8.926: f -1.225e-02; support [1.98853 3.5873  5.25535 7.01439 8.92556]; weights [0.00846 0.07253 0.22537 0.3745  0.31914]; residual 4.4e-13
  birth track d 5 m 8.951: f -1.220e-02; support [2.01165 3.61257 5.28056 7.03942 8.95056]; weights [0.00878 0.07354 0.22619 0.37386 0.31763]; residual 5.3e-13
  birth track d 5 m 8.976: f -1.203e-02; support [2.03407 3.6376  5.3057  7.06444 8.97556]; weights [0.0091  0.07455 0.22701 0.37322 0.31613]; residual 4.4e-13
  birth track d 5 m 9.001: f -1.172e-02; support [2.05585 3.6624  5.33079 7.08946 9.00056]; weights [0.00941 0.07556 0.22781 0.37258 0.31464]; residual 4.4e-13
  birth track d 5 m 9.026: f -1.126e-02; support [2.07704 3.68698 5.35583 7.11446 9.02556]; weights [0.00973 0.07656 0.22862 0.37193 0.31316]; residual 4.4e-13
  birth track d 5 m 9.051: f -1.064e-02; support [2.09769 3.71134 5.3808  7.13946 9.05056]; weights [0.01004 0.07757 0.22941 0.37129 0.31169]; residual 8.9e-13
  birth track d 5 m 9.076: f -9.856e-03; support [2.11782 3.73548 5.40572 7.16444 9.07556]; weights [0.01035 0.07857 0.23021 0.37064 0.31023]; residual 1.3e-12
  birth track d 5 m 9.101: f -8.889e-03; support [2.13749 3.7594  5.43057 7.18941 9.10056]; weights [0.01066 0.07957 0.231   0.37    0.30877]; residual 8.9e-13
  birth track d 5 m 9.126: f -7.730e-03; support [2.15671 3.78312 5.45537 7.21437 9.12556]; weights [0.01096 0.08057 0.23178 0.36935 0.30733]; residual 1.3e-12
  birth track d 5 m 9.151: f -6.367e-03; support [2.17554 3.80662 5.48009 7.23932 9.15056]; weights [0.01127 0.08157 0.23256 0.36871 0.30589]; residual 8.9e-13
  birth track d 5 m 9.176: f -4.790e-03; support [2.19398 3.82993 5.50476 7.26425 9.17556]; weights [0.01157 0.08256 0.23334 0.36806 0.30446]; residual 1.3e-12
  birth track d 5 m 9.201: f -2.985e-03; support [2.21208 3.85304 5.52936 7.28918 9.20056]; weights [0.01187 0.08355 0.23411 0.36742 0.30305]; residual 4.4e-13
  birth track d 5 m 9.226: f -9.418e-04; support [2.22984 3.87596 5.55389 7.31409 9.22556]; weights [0.01217 0.08454 0.23488 0.36678 0.30164]; residual 4.4e-13
  birth track d 5 m 9.251: f +1.352e-03; support [2.24731 3.8987  5.57835 7.33898 9.25056]; weights [0.01247 0.08552 0.23565 0.36613 0.30023]; residual 8.9e-13
  state at root - 0.01: support [2.230271 3.876516 5.554482 7.31469  9.226171]; weights [0.012176 0.084563 0.234899 0.36676  0.301601]; residual 4.4e-13; interior excess +0.00e+00
CHAIN d 5 e4 birth: m 9.23617144; support [2.237289 3.885629 5.564276 7.32465  9.236171]; weights [0.012295 0.084956 0.235205 0.366503 0.30104 ]; residual 4.4e-13
  split track d 5 m 9.246: f -4.239e-03; support [0.      2.25162 3.89666 5.57452 7.33468 9.24617]; weights [2.0000e-05 1.2490e-02 8.5350e-02 2.3545e-01 3.6621e-01 3.0048e-01]; residual 4.4e-13
  split track d 5 m 9.271: f -4.454e-03; support [0.      2.28629 3.92412 5.60012 7.35977 9.27117]; weights [5.0000e-05 1.2980e-02 8.6330e-02 2.3607e-01 3.6549e-01 2.9907e-01]; residual 4.4e-13
  split track d 5 m 9.296: f -4.649e-03; support [0.      2.3194  3.95138 5.62569 7.38485 9.29617]; weights [8.0000e-05 1.3480e-02 8.7310e-02 2.3668e-01 3.6476e-01 2.9767e-01]; residual 4.4e-13
  split track d 5 m 9.321: f -4.819e-03; support [0.      2.35109 3.97843 5.65123 7.40993 9.32117]; weights [1.2000e-04 1.3970e-02 8.8300e-02 2.3729e-01 3.6404e-01 2.9629e-01]; residual 4.4e-13
  split track d 5 m 9.346: f -4.962e-03; support [0.      2.38146 4.00527 5.67673 7.43501 9.34617]; weights [1.4000e-04 1.4470e-02 8.9290e-02 2.3789e-01 3.6331e-01 2.9490e-01]; residual 4.4e-13
  split track d 5 m 9.371: f -5.073e-03; support [0.      2.41062 4.03188 5.70219 7.46008 9.37117]; weights [1.7000e-04 1.4960e-02 9.0270e-02 2.3848e-01 3.6258e-01 2.9353e-01]; residual 8.9e-13
  split track d 5 m 9.396: f -5.150e-03; support [0.      2.43866 4.05827 5.72761 7.48515 9.39617]; weights [2.0000e-04 1.5460e-02 9.1260e-02 2.3907e-01 3.6184e-01 2.9217e-01]; residual 8.9e-13
  split track d 5 m 9.421: f -5.188e-03; support [0.      2.46566 4.08442 5.75299 7.5102  9.42117]; weights [2.2000e-04 1.5950e-02 9.2250e-02 2.3966e-01 3.6111e-01 2.9081e-01]; residual 8.9e-13
  split track d 5 m 9.446: f -5.186e-03; support [0.      2.4917  4.11034 5.77832 7.53526 9.44617]; weights [2.4000e-04 1.6430e-02 9.3250e-02 2.4024e-01 3.6038e-01 2.8946e-01]; residual 1.6e-12
  split track d 5 m 9.471: f -5.138e-03; support [0.      2.51685 4.13601 5.80359 7.5603  9.47117]; weights [2.7000e-04 1.6910e-02 9.4240e-02 2.4082e-01 3.5964e-01 2.8812e-01]; residual 8.9e-13
  split track d 5 m 9.496: f -5.042e-03; support [0.      2.54117 4.16145 5.82882 7.58534 9.49617]; weights [2.9000e-04 1.7390e-02 9.5230e-02 2.4140e-01 3.5891e-01 2.8679e-01]; residual 4.4e-13
  split track d 5 m 9.521: f -4.893e-03; support [0.      2.56473 4.18664 5.85398 7.61036 9.52117]; weights [3.1000e-04 1.7860e-02 9.6220e-02 2.4197e-01 3.5818e-01 2.8546e-01]; residual 8.9e-13
  split track d 5 m 9.546: f -4.689e-03; support [0.      2.58756 4.2116  5.87909 7.63538 9.54617]; weights [3.3000e-04 1.8330e-02 9.7210e-02 2.4254e-01 3.5744e-01 2.8414e-01]; residual 8.9e-13
  split track d 5 m 9.571: f -4.426e-03; support [0.      2.60973 4.23631 5.90414 7.66039 9.57117]; weights [3.4000e-04 1.8790e-02 9.8200e-02 2.4311e-01 3.5671e-01 2.8283e-01]; residual 4.4e-13
  split track d 5 m 9.596: f -4.101e-03; support [0.      2.63127 4.26078 5.92912 7.68538 9.59617]; weights [0.00036 0.01925 0.09919 0.24368 0.35599 0.28153]; residual 8.9e-13
  split track d 5 m 9.621: f -3.709e-03; support [0.      2.65224 4.28502 5.95403 7.71036 9.62117]; weights [0.00038 0.0197  0.10018 0.24425 0.35526 0.28024]; residual 4.4e-13
  split track d 5 m 9.646: f -3.247e-03; support [0.      2.67266 4.30902 5.97888 7.73533 9.64617]; weights [0.00039 0.02015 0.10116 0.24481 0.35453 0.27895]; residual 4.4e-13
  split track d 5 m 9.671: f -2.711e-03; support [0.      2.69257 4.33279 6.00366 7.76029 9.67117]; weights [0.00041 0.02059 0.10214 0.24538 0.35381 0.27767]; residual 1.8e-12
  split track d 5 m 9.696: f -2.099e-03; support [0.      2.712   4.35633 6.02837 7.78524 9.69617]; weights [0.00042 0.02102 0.10312 0.24594 0.35309 0.2764 ]; residual 1.8e-12
  split track d 5 m 9.721: f -1.406e-03; support [0.      2.73099 4.37964 6.053   7.81017 9.72117]; weights [0.00044 0.02145 0.10409 0.2465  0.35238 0.27514]; residual 8.9e-13
  split track d 5 m 9.746: f -6.286e-04; support [0.      2.74955 4.40274 6.07757 7.83508 9.74617]; weights [0.00045 0.02187 0.10506 0.24707 0.35166 0.27389]; residual 8.9e-13
  split track d 5 m 9.771: f +2.362e-04; support [0.      2.76773 4.42561 6.10205 7.85998 9.77117]; weights [0.00047 0.02229 0.10603 0.24763 0.35095 0.27264]; residual 1.3e-12
  state at root - 0.01: support [0.       2.755718 4.410467 6.085825 7.843472 9.754594]; weights [0.000457 0.022012 0.105386 0.247255 0.351423 0.273467]; residual 4.4e-13; interior excess +0.00e+00
CHAIN d 5 e5 split: m 9.76459419; support [0.       2.762981 4.419615 6.095619 7.853432 9.764594]; weights [0.000463 0.022179 0.105772 0.247479 0.351139 0.272969]; residual 2.7e-12
  birth track d 5 m 9.865: f -2.986e-04; support [0.9622  2.8801  4.52346 6.19656 7.95354 9.86459]; weights [0.00084 0.02442 0.10944 0.24921 0.34807 0.26802]; residual 8.9e-13
  birth track d 5 m 9.890: f -4.594e-04; support [1.06269 2.90981 4.54954 6.22183 7.97857 9.88959]; weights [0.00096 0.02499 0.11034 0.24961 0.3473  0.2668 ]; residual 4.4e-13
  birth track d 5 m 9.915: f -6.506e-04; support [1.15013 2.93961 4.57565 6.2471  8.0036  9.91459]; weights [0.00108 0.02556 0.11124 0.25001 0.34652 0.26559]; residual 1.8e-12
  birth track d 5 m 9.940: f -8.697e-04; support [1.22754 2.96944 4.60179 6.27238 8.02864 9.93959]; weights [0.00122 0.02614 0.11213 0.25039 0.34574 0.26438]; residual 1.8e-12
  birth track d 5 m 9.965: f -1.114e-03; support [1.29694 2.99925 4.62795 6.29767 8.05368 9.96459]; weights [0.00135 0.02672 0.11302 0.25076 0.34496 0.26318]; residual 8.9e-13
  birth track d 5 m 9.990: f -1.381e-03; support [1.35976 3.02901 4.65411 6.32296 8.07872 9.98959]; weights [0.0015  0.02731 0.1139  0.25112 0.34418 0.26199]; residual 8.9e-13
  birth track d 5 m 10.015: f -1.667e-03; support [ 1.41706  3.05867  4.68028  6.34826  8.10375 10.01459]; weights [0.00165 0.0279  0.11478 0.25147 0.34339 0.2608 ]; residual 1.3e-12
  birth track d 5 m 10.040: f -1.970e-03; support [ 1.46966  3.08819  4.70645  6.37356  8.12879 10.03959]; weights [0.0018  0.0285  0.11566 0.25182 0.34261 0.25962]; residual 8.9e-13
  birth track d 5 m 10.065: f -2.285e-03; support [ 1.51822  3.11756  4.73261  6.39886  8.15383 10.06459]; weights [0.00196 0.0291  0.11653 0.25215 0.34182 0.25844]; residual 1.3e-12
  birth track d 5 m 10.090: f -2.609e-03; support [ 1.56325  3.14672  4.75874  6.42416  8.17888 10.08959]; weights [0.00213 0.0297  0.11739 0.25248 0.34103 0.25728]; residual 2.2e-12
  birth track d 5 m 10.115: f -2.939e-03; support [ 1.6052   3.17567  4.78486  6.44946  8.20392 10.11459]; weights [0.00229 0.03031 0.11825 0.25279 0.34023 0.25611]; residual 8.9e-13
  birth track d 5 m 10.140: f -3.269e-03; support [ 1.64443  3.20437  4.81094  6.47475  8.22896 10.13959]; weights [0.00246 0.03092 0.11911 0.2531  0.33944 0.25496]; residual 1.8e-12
  birth track d 5 m 10.165: f -3.597e-03; support [ 1.68125  3.23281  4.83698  6.50004  8.254   10.16459]; weights [0.00263 0.03154 0.11997 0.2534  0.33865 0.25381]; residual 8.9e-13
  birth track d 5 m 10.190: f -3.916e-03; support [ 1.71591  3.26096  4.86298  6.52532  8.27904 10.18959]; weights [0.0028  0.03216 0.12082 0.2537  0.33785 0.25267]; residual 8.9e-13
  birth track d 5 m 10.215: f -4.224e-03; support [ 1.74865  3.28883  4.88893  6.5506   8.30408 10.21459]; weights [0.00298 0.03278 0.12167 0.25398 0.33706 0.25153]; residual 6.2e-13
  birth track d 5 m 10.240: f -4.514e-03; support [ 1.77966  3.3164   4.91482  6.57586  8.32911 10.23959]; weights [0.00315 0.0334  0.12252 0.25426 0.33626 0.2504 ]; residual 1.3e-12
  birth track d 5 m 10.265: f -4.782e-03; support [ 1.80912  3.34365  4.94065  6.60112  8.35415 10.26459]; weights [0.00332 0.03403 0.12337 0.25454 0.33546 0.24928]; residual 4.4e-13
  birth track d 5 m 10.290: f -5.023e-03; support [ 1.83717  3.37059  4.96642  6.62636  8.37919 10.28959]; weights [0.00349 0.03466 0.12421 0.25481 0.33466 0.24816]; residual 1.8e-12
  birth track d 5 m 10.315: f -5.232e-03; support [ 1.86394  3.39721  4.99212  6.65158  8.40422 10.31459]; weights [0.00367 0.03529 0.12505 0.25507 0.33387 0.24705]; residual 8.9e-13
  birth track d 5 m 10.340: f -5.402e-03; support [ 1.88957  3.42352  5.01774  6.6768   8.42925 10.33959]; weights [0.00384 0.03592 0.12589 0.25532 0.33307 0.24595]; residual 1.3e-12
  birth track d 5 m 10.365: f -5.528e-03; support [ 1.91414  3.4495   5.04329  6.70199  8.45428 10.36459]; weights [0.00401 0.03656 0.12673 0.25557 0.33227 0.24485]; residual 4.4e-13
  birth track d 5 m 10.390: f -5.605e-03; support [ 1.93775  3.47517  5.06875  6.72717  8.4793  10.38959]; weights [0.00418 0.0372  0.12757 0.25582 0.33147 0.24376]; residual 1.8e-12
  birth track d 5 m 10.415: f -5.625e-03; support [ 1.96048  3.50052  5.09413  6.75233  8.50432 10.41459]; weights [0.00435 0.03783 0.1284  0.25606 0.33068 0.24267]; residual 8.9e-13
  birth track d 5 m 10.440: f -5.584e-03; support [ 1.98242  3.52556  5.11941  6.77746  8.52934 10.43959]; weights [0.00452 0.03847 0.12924 0.2563  0.32988 0.24159]; residual 1.3e-12
  birth track d 5 m 10.465: f -5.474e-03; support [ 2.00361  3.55029  5.14461  6.80258  8.55436 10.46459]; weights [0.00469 0.03911 0.13007 0.25653 0.32909 0.24052]; residual 2.7e-12
  birth track d 5 m 10.490: f -5.289e-03; support [ 2.02414  3.57473  5.16972  6.82767  8.57937 10.48959]; weights [0.00485 0.03975 0.1309  0.25676 0.32829 0.23945]; residual 4.4e-13
  birth track d 5 m 10.515: f -5.022e-03; support [ 2.04404  3.59887  5.19473  6.85274  8.60438 10.51459]; weights [0.00502 0.04038 0.13172 0.25699 0.3275  0.23839]; residual 1.8e-12
  birth track d 5 m 10.540: f -4.667e-03; support [ 2.06338  3.62272  5.21964  6.87778  8.62938 10.53959]; weights [0.00518 0.04102 0.13255 0.25721 0.32671 0.23734]; residual 2.2e-12
  birth track d 5 m 10.565: f -4.217e-03; support [ 2.08218  3.64629  5.24445  6.9028   8.65438 10.56459]; weights [0.00534 0.04165 0.13338 0.25743 0.32592 0.23629]; residual 8.9e-13
  birth track d 5 m 10.590: f -3.664e-03; support [ 2.1005   3.66959  5.26916  6.92778  8.67937 10.58959]; weights [0.0055  0.04229 0.1342  0.25764 0.32513 0.23524]; residual 4.4e-13
  birth track d 5 m 10.615: f -3.002e-03; support [ 2.11837  3.69262  5.29377  6.95274  8.70436 10.61459]; weights [0.00566 0.04292 0.13502 0.25786 0.32434 0.2342 ]; residual 1.3e-12
  birth track d 5 m 10.640: f -2.223e-03; support [ 2.13583  3.71539  5.31828  6.97767  8.72934 10.63959]; weights [0.00582 0.04355 0.13584 0.25807 0.32356 0.23317]; residual 4.4e-13
  birth track d 5 m 10.665: f -1.319e-03; support [ 2.1529   3.73791  5.34268  7.00257  8.75432 10.66459]; weights [0.00597 0.04418 0.13666 0.25828 0.32277 0.23215]; residual 1.8e-12
  birth track d 5 m 10.690: f -2.827e-04; support [ 2.16961  3.76018  5.36698  7.02744  8.77929 10.68959]; weights [0.00613 0.0448  0.13747 0.25848 0.32199 0.23113]; residual 8.9e-13
  birth track d 5 m 10.715: f +8.930e-04; support [ 2.18598  3.78222  5.39118  7.05228  8.80426 10.71459]; weights [0.00628 0.04543 0.13828 0.25868 0.32121 0.23011]; residual 8.9e-13
  state at root - 0.01: support [ 2.167153  3.756897  5.363389  7.02376   8.775594 10.685892]; weights [0.006107 0.04471  0.13735  0.258451 0.322105 0.231278]; residual 4.4e-13; interior excess +0.00e+00
CHAIN d 5 e6 birth: m 10.69589200; support [ 2.173762  3.765754  5.373086  7.033699  8.785581 10.695892]; weights [0.006169 0.044959 0.137676 0.258532 0.321793 0.230871]; residual 1.3e-12
  split track d 5 m 10.706: f -1.821e-03; support [ 0.       2.18879  3.77711  5.38349  7.04381  8.7956  10.70589]; weights [1.0000e-05 6.2800e-03 4.5220e-02 1.3797e-01 2.5858e-01 3.2147e-01
 2.3046e-01]; residual 8.9e-13
  split track d 5 m 10.731: f -1.936e-03; support [ 0.       2.22495  3.80534  5.40948  7.06908  8.82064 10.73089]; weights [3.0000e-05 6.5600e-03 4.5890e-02 1.3870e-01 2.5870e-01 3.2066e-01
 2.2945e-01]; residual 8.9e-13
  split track d 5 m 10.756: f -2.044e-03; support [ 0.       2.25924  3.8333   5.43542  7.09435  8.84567 10.75589]; weights [5.0000e-05 6.8500e-03 4.6560e-02 1.3943e-01 2.5882e-01 3.1985e-01
 2.2844e-01]; residual 1.8e-12
  split track d 5 m 10.781: f -2.140e-03; support [ 0.       2.29183  3.86098  5.46132  7.11961  8.87071 10.78089]; weights [6.0000e-05 7.1300e-03 4.7230e-02 1.4016e-01 2.5893e-01 3.1904e-01
 2.2744e-01]; residual 1.8e-12
  split track d 5 m 10.806: f -2.224e-03; support [ 0.       2.32286  3.88837  5.48715  7.14486  8.89575 10.80589]; weights [8.0000e-05 7.4200e-03 4.7910e-02 1.4089e-01 2.5904e-01 3.1823e-01
 2.2644e-01]; residual 1.3e-12
  split track d 5 m 10.831: f -2.294e-03; support [ 0.       2.35247  3.91547  5.51293  7.17009  8.92078 10.83089]; weights [9.0000e-05 7.7000e-03 4.8580e-02 1.4161e-01 2.5914e-01 3.1743e-01
 2.2545e-01]; residual 8.9e-13
  split track d 5 m 10.856: f -2.348e-03; support [ 0.       2.38078  3.94226  5.53863  7.19531  8.94582 10.85589]; weights [1.0000e-04 7.9800e-03 4.9260e-02 1.4233e-01 2.5923e-01 3.1662e-01
 2.2447e-01]; residual 8.9e-13
  split track d 5 m 10.881: f -2.383e-03; support [ 0.       2.40789  3.96875  5.56427  7.22052  8.97085 10.88089]; weights [1.2000e-04 8.2600e-03 4.9940e-02 1.4305e-01 2.5933e-01 3.1581e-01
 2.2348e-01]; residual 8.9e-13
  split track d 5 m 10.906: f -2.398e-03; support [ 0.       2.4339   3.99492  5.58983  7.24571  8.99587 10.90589]; weights [1.3000e-04 8.5400e-03 5.0620e-02 1.4377e-01 2.5942e-01 3.1501e-01
 2.2251e-01]; residual 2.2e-12
  split track d 5 m 10.931: f -2.391e-03; support [ 0.       2.4589   4.02078  5.6153   7.27089  9.0209  10.93089]; weights [1.4000e-04 8.8200e-03 5.1300e-02 1.4449e-01 2.5950e-01 3.1421e-01
 2.2154e-01]; residual 8.9e-13
  split track d 5 m 10.956: f -2.359e-03; support [ 0.       2.48297  4.04632  5.64069  7.29604  9.04592 10.95589]; weights [1.5000e-04 9.0900e-03 5.1990e-02 1.4521e-01 2.5959e-01 3.1340e-01
 2.2057e-01]; residual 1.3e-12
  split track d 5 m 10.981: f -2.301e-03; support [ 0.       2.50617  4.07154  5.66599  7.32117  9.07094 10.98089]; weights [1.6000e-04 9.3600e-03 5.2670e-02 1.4593e-01 2.5967e-01 3.1260e-01
 2.1962e-01]; residual 1.3e-12
  split track d 5 m 11.006: f -2.214e-03; support [ 0.       2.52858  4.09646  5.6912   7.34628  9.09596 11.00589]; weights [1.7000e-04 9.6200e-03 5.3350e-02 1.4664e-01 2.5975e-01 3.1180e-01
 2.1866e-01]; residual 1.8e-12
  split track d 5 m 11.031: f -2.095e-03; support [ 0.       2.55024  4.12106  5.71631  7.37137  9.12097 11.03089]; weights [1.8000e-04 9.8900e-03 5.4030e-02 1.4736e-01 2.5982e-01 3.1101e-01
 2.1771e-01]; residual 8.9e-13
  split track d 5 m 11.056: f -1.944e-03; support [ 0.       2.57122  4.14536  5.74132  7.39643  9.14597 11.05589]; weights [1.9000e-04 1.0150e-02 5.4720e-02 1.4807e-01 2.5990e-01 3.1021e-01
 2.1677e-01]; residual 8.9e-13
  split track d 5 m 11.081: f -1.757e-03; support [ 0.       2.59156  4.16936  5.76622  7.42146  9.17098 11.08089]; weights [2.0000e-04 1.0400e-02 5.5390e-02 1.4879e-01 2.5997e-01 3.0942e-01
 2.1583e-01]; residual 1.3e-12
  split track d 5 m 11.106: f -1.533e-03; support [ 0.       2.61131  4.19306  5.79103  7.44646  9.19597 11.10589]; weights [2.0000e-04 1.0650e-02 5.6070e-02 1.4950e-01 2.6004e-01 3.0863e-01
 2.1490e-01]; residual 2.2e-12
  split track d 5 m 11.131: f -1.268e-03; support [ 0.       2.63051  4.21647  5.81572  7.47144  9.22096 11.13089]; weights [2.1000e-04 1.0900e-02 5.6750e-02 1.5021e-01 2.6011e-01 3.0784e-01
 2.1397e-01]; residual 1.8e-12
  split track d 5 m 11.156: f -9.614e-04; support [ 0.       2.64919  4.23959  5.84031  7.49638  9.24595 11.15589]; weights [2.2000e-04 1.1150e-02 5.7420e-02 1.5093e-01 2.6018e-01 3.0705e-01
 2.1305e-01]; residual 1.8e-12
  split track d 5 m 11.181: f -6.098e-04; support [ 0.       2.66739  4.26244  5.86479  7.52129  9.27093 11.18089]; weights [2.3000e-04 1.1390e-02 5.8090e-02 1.5164e-01 2.6025e-01 3.0627e-01
 2.1213e-01]; residual 1.3e-12
  split track d 5 m 11.206: f -2.111e-04; support [ 0.       2.68515  4.28501  5.88915  7.54617  9.2959  11.20589]; weights [2.3000e-04 1.1620e-02 5.8760e-02 1.5235e-01 2.6032e-01 3.0549e-01
 2.1122e-01]; residual 1.3e-12
  split track d 5 m 11.231: f +2.369e-04; support [ 0.       2.70248  4.30731  5.91341  7.57101  9.32087 11.23089]; weights [2.4000e-04 1.1860e-02 5.9420e-02 1.5306e-01 2.6039e-01 3.0471e-01
 2.1031e-01]; residual 1.8e-12
  state at root - 0.01: support [ 0.        2.686644  4.286922  5.891228  7.548291  9.298033 11.208026]; weights [2.35000e-04 1.16430e-02 5.88150e-02 1.52409e-01 2.60329e-01 3.05425e-01
 2.11144e-01]; residual 1.8e-12; interior excess +1.42e-14
CHAIN d 5 e7 split: m 11.21802567; support [ 0.        2.693613  4.295867  5.900938  7.558232  9.30802  11.218026]; weights [2.38000e-04 1.17370e-02 5.90810e-02 1.52693e-01 2.60357e-01 3.05113e-01
 2.10781e-01]; residual 1.8e-12
  birth track d 5 m 11.318: f -1.499e-04; support [ 0.98307  2.81526  4.40152  6.00277  7.65879  9.40809 11.31803]; weights [0.00046 0.0131  0.06175 0.15521 0.26036 0.30193 0.20719]; residual 1.3e-12
  birth track d 5 m 11.343: f -2.308e-04; support [ 1.08397  2.84616  4.42808  6.02827  7.68394  9.43311 11.34303]; weights [0.00053 0.01345 0.06242 0.15582 0.26035 0.30114 0.2063 ]; residual 8.9e-13
  birth track d 5 m 11.368: f -3.271e-04; support [ 1.17126  2.87713  4.45469  6.05379  7.7091   9.45813 11.36803]; weights [0.0006  0.0138  0.06308 0.15643 0.26033 0.30034 0.20542]; residual 1.3e-12
  birth track d 5 m 11.393: f -4.375e-04; support [ 1.24809  2.90809  4.48132  6.07931  7.73426  9.48315 11.39303]; weights [0.00068 0.01416 0.06374 0.15703 0.2603  0.29955 0.20454]; residual 2.7e-12
  birth track d 5 m 11.418: f -5.608e-04; support [ 1.31658  2.93899  4.50797  6.10485  7.75942  9.50817 11.41803]; weights [0.00077 0.01452 0.0644  0.15762 0.26027 0.29875 0.20367]; residual 1.3e-12
  birth track d 5 m 11.443: f -6.954e-04; support [ 1.37824  2.96976  4.53462  6.13039  7.78458  9.53319 11.44303]; weights [0.00085 0.01489 0.06507 0.15821 0.26023 0.29796 0.2028 ]; residual 2.2e-12
  birth track d 5 m 11.468: f -8.397e-04; support [ 1.43416  3.00037  4.56126  6.15593  7.80974  9.55821 11.46803]; weights [0.00094 0.01526 0.06573 0.15879 0.26018 0.29717 0.20193]; residual 8.9e-13
  birth track d 5 m 11.493: f -9.920e-04; support [ 1.48524  3.03075  4.58789  6.18148  7.83491  9.58324 11.49303]; weights [0.00104 0.01563 0.06639 0.15936 0.26013 0.29638 0.20108]; residual 1.3e-12
  birth track d 5 m 11.518: f -1.150e-03; support [ 1.53214  3.06088  4.61449  6.20702  7.86007  9.60826 11.51803]; weights [0.00113 0.01601 0.06705 0.15993 0.26008 0.29559 0.20022]; residual 2.2e-12
  birth track d 5 m 11.543: f -1.313e-03; support [ 1.57544  3.0907   4.64105  6.23256  7.88524  9.63328 11.54303]; weights [0.00123 0.01639 0.06771 0.16049 0.26002 0.2948  0.19937]; residual 8.9e-13
  birth track d 5 m 11.568: f -1.478e-03; support [ 1.61558  3.12021  4.66757  6.25809  7.9104   9.6583  11.56803]; weights [0.00132 0.01677 0.06837 0.16105 0.25995 0.29401 0.19853]; residual 1.3e-12
  birth track d 5 m 11.593: f -1.642e-03; support [ 1.65296  3.14936  4.69402  6.28361  7.93556  9.68333 11.59303]; weights [0.00142 0.01716 0.06903 0.1616  0.25988 0.29322 0.19768]; residual 1.3e-12
  birth track d 5 m 11.618: f -1.804e-03; support [ 1.68789  3.17815  4.72041  6.30912  7.96072  9.70835 11.61803]; weights [0.00152 0.01755 0.06969 0.16215 0.25981 0.29243 0.19685]; residual 2.7e-12
  birth track d 5 m 11.643: f -1.961e-03; support [ 1.72066  3.20655  4.74672  6.33462  7.98588  9.73337 11.64303]; weights [0.00162 0.01794 0.07035 0.16269 0.25973 0.29165 0.19602]; residual 4.4e-13
  birth track d 5 m 11.668: f -2.110e-03; support [ 1.7515   3.23455  4.77295  6.36009  8.01104  9.75839 11.66803]; weights [0.00172 0.01833 0.07102 0.16323 0.25964 0.29086 0.19519]; residual 1.8e-12
  birth track d 5 m 11.693: f -2.248e-03; support [ 1.78061  3.26215  4.79909  6.38555  8.03619  9.78341 11.69303]; weights [0.00182 0.01873 0.07168 0.16377 0.25956 0.29008 0.19437]; residual 1.3e-12
  birth track d 5 m 11.718: f -2.373e-03; support [ 1.80818  3.28934  4.82513  6.41098  8.06133  9.80843 11.71803]; weights [0.00192 0.01913 0.07234 0.1643  0.25947 0.28929 0.19355]; residual 2.7e-12
  birth track d 5 m 11.743: f -2.482e-03; support [ 1.83436  3.31612  4.85106  6.43639  8.08647  9.83345 11.74303]; weights [0.00202 0.01953 0.073   0.16483 0.25937 0.28851 0.19273]; residual 2.7e-12
  birth track d 5 m 11.768: f -2.571e-03; support [ 1.85929  3.34249  4.87689  6.46177  8.11161  9.85847 11.76803]; weights [0.00212 0.01993 0.07367 0.16536 0.25927 0.28773 0.19192]; residual 1.8e-12
  birth track d 5 m 11.793: f -2.637e-03; support [ 1.88308  3.36846  4.9026   6.48712  8.13673  9.88349 11.79303]; weights [0.00222 0.02033 0.07433 0.16588 0.25917 0.28695 0.19112]; residual 1.3e-12
  birth track d 5 m 11.818: f -2.677e-03; support [ 1.90585  3.39403  4.92818  6.51244  8.16185  9.90851 11.81803]; weights [0.00231 0.02074 0.07499 0.1664  0.25906 0.28618 0.19032]; residual 1.8e-12
  birth track d 5 m 11.843: f -2.687e-03; support [ 1.92769  3.4192   4.95365  6.53772  8.18697  9.93352 11.84303]; weights [0.00241 0.02114 0.07566 0.16691 0.25896 0.2854  0.18952]; residual 1.8e-12
  birth track d 5 m 11.868: f -2.664e-03; support [ 1.94868  3.44399  4.97898  6.56297  8.21207  9.95854 11.86803]; weights [0.0025  0.02155 0.07632 0.16743 0.25885 0.28463 0.18873]; residual 3.1e-12
  birth track d 5 m 11.893: f -2.604e-03; support [ 1.9689   3.4684   5.00419  6.58818  8.23716  9.98355 11.89303]; weights [0.0026  0.02195 0.07699 0.16794 0.25873 0.28386 0.18794]; residual 8.9e-13
  birth track d 5 m 11.918: f -2.502e-03; support [ 1.98841  3.49244  5.02925  6.61334  8.26224 10.00856 11.91803]; weights [0.00269 0.02235 0.07765 0.16845 0.25862 0.28309 0.18715]; residual 1.8e-12
  birth track d 5 m 11.943: f -2.356e-03; support [ 2.00727  3.51612  5.05419  6.63847  8.28732 10.03357 11.94303]; weights [0.00278 0.02276 0.07832 0.16895 0.2585  0.28232 0.18637]; residual 1.3e-12
  birth track d 5 m 11.968: f -2.160e-03; support [ 2.02555  3.53945  5.07898  6.66355  8.31238 10.05857 11.96803]; weights [0.00288 0.02316 0.07898 0.16946 0.25838 0.28155 0.1856 ]; residual 1.0e-12
  birth track d 5 m 11.993: f -1.911e-03; support [ 2.04327  3.56245  5.10363  6.68858  8.33742 10.08358 11.99303]; weights [0.00297 0.02356 0.07964 0.16996 0.25826 0.28079 0.18482]; residual 4.0e-12
  birth track d 5 m 12.018: f -1.604e-03; support [ 2.0605   3.58511  5.12814  6.71356  8.36246 10.10858 12.01803]; weights [0.00305 0.02396 0.08031 0.17046 0.25814 0.28002 0.18406]; residual 1.3e-12
  birth track d 5 m 12.043: f -1.234e-03; support [ 2.07726  3.60747  5.15251  6.7385   8.38748 10.13358 12.04303]; weights [0.00314 0.02436 0.08097 0.17096 0.25801 0.27926 0.18329]; residual 1.8e-12
  birth track d 5 m 12.068: f -7.981e-04; support [ 2.0936   3.62951  5.17674  6.76338  8.41249 10.15858 12.06803]; weights [0.00323 0.02476 0.08163 0.17145 0.25788 0.2785  0.18253]; residual 8.9e-13
  birth track d 5 m 12.093: f -2.901e-04; support [ 2.10955  3.65126  5.20082  6.78821  8.43748 10.18357 12.09303]; weights [0.00332 0.02516 0.08229 0.17195 0.25776 0.27775 0.18178]; residual 1.8e-12
  birth track d 5 m 12.118: f +2.943e-04; support [ 2.12513  3.67273  5.22476  6.81299  8.46246 10.20856 12.11803]; weights [0.0034  0.02555 0.08295 0.17244 0.25763 0.27699 0.18103]; residual 1.3e-12
  state at root - 0.01: support [ 2.111333  3.653705  5.203538  6.791018  8.440308 10.1864   12.095856]; weights [0.003327 0.025203 0.082368 0.172005 0.257742 0.277663 0.181692]; residual 1.3e-12; interior excess +0.00e+00
CHAIN d 5 e8 birth: m 12.10585618; support [ 2.117592  3.662312  5.213125  6.800932  8.4503   10.196397 12.105856]; weights [0.003362 0.025361 0.082632 0.172202 0.25769  0.277361 0.181391]; residual 4.4e-13
  split track d 5 m 12.116: f +2.054e-02; support [ 0.       1.02223  1.7529   4.54897  6.46831  8.31304 10.16483 12.11586]; weights [ 0.012   -0.02727  0.02307  0.06879  0.17671  0.2749   0.28874  0.18307]; residual 2.0e-03
  split track d 5 m 12.141: f +1.339e-02; support [ 0.       0.94952  1.61111  4.52887  6.46155  8.31693 10.17969 12.14086]; weights [ 0.01711 -0.03749  0.02773  0.06805  0.17674  0.27543  0.2896   0.18283]; residual 2.3e-03
  split track d 5 m 12.166: f +5.939e-03; support [ 0.       0.83818  1.42905  4.50875  6.45738  8.32529 10.19863 12.16586]; weights [ 0.02913 -0.05906  0.03676  0.06727  0.1767   0.27641  0.29033  0.18247]; residual 2.6e-03
  split track d 5 m 12.191: f +1.074e-02; support [ 0.       0.79753  1.37109  4.51844  6.47907  8.35458 10.22783 12.19086]; weights [ 0.03637 -0.07107  0.04141  0.06714  0.17748  0.27717  0.28984  0.18167]; residual 8.0e-04
  split track d 5 m 12.216: f +6.483e-03; support [ 0.       0.74445  1.27873  4.51046  6.47831  8.36153 10.24463 12.21586]; weights [ 0.04878 -0.09251  0.05022  0.06682  0.17737  0.27766  0.29036  0.1813 ]; residual 1.6e-03
  split track d 5 m 12.241: f +6.775e-03; support [ 0.       0.6999   1.20412  4.51868  6.49837  8.38891 10.27267 12.24086]; weights [ 0.06399 -0.11803  0.0604   0.06684  0.17823  0.27838  0.28968  0.18052]; residual 3.5e-04
  split track d 5 m 12.266: f +3.513e-03; support [ 0.       0.66028  1.15882  4.51556  6.4987   8.3941  10.28737 12.26586]; weights [ 0.07816 -0.13839  0.06649  0.0667   0.17802  0.27853  0.29027  0.18023]; residual 1.9e-03
  split track d 5 m 12.291: f +3.558e-03; support [ 0.       0.63253  1.11412  4.52261  6.51388  8.41535 10.31188 12.29086]; weights [ 0.09345 -0.1625   0.07521  0.06671  0.17849  0.27903  0.29001  0.17959]; residual 1.5e-03
  split track d 5 m 12.316: f +5.588e-03; support [ 0.       0.61556  1.08501  4.53607  6.53665  8.44417 10.34065 12.31586]; weights [ 0.10585 -0.18222  0.08249  0.06682  0.17927  0.27966  0.28932  0.17882]; residual 3.0e-04
  split track d 5 m 12.341: f +2.580e-03; support [ 0.       0.58703  1.04278  4.53427  6.53803  8.45017 10.35595 12.34086]; weights [ 0.12658 -0.21343  0.0929   0.06674  0.1791   0.27979  0.28984  0.17849]; residual 1.7e-03
  split track d 5 m 12.366: f +5.195e-03; support [ 0.       0.57607  1.02887  4.54947  6.56209  8.48011 10.38531 12.36586]; weights [ 0.13686 -0.22826  0.09741  0.06683  0.17984  0.28041  0.28918  0.17773]; residual 4.4e-04
  split track d 5 m 12.391: f +2.654e-03; support [ 0.       0.55518  0.99565  4.54905  6.56448  8.4869  10.40098 12.39086]; weights [ 0.15797 -0.26005  0.10804  0.06682  0.1797   0.2805   0.28961  0.17742]; residual 1.5e-03
  split track d 5 m 12.416: f +4.347e-03; support [ 0.       0.54571  0.97608  4.56389  6.58813  8.51626 10.42995 12.41586]; weights [ 0.17212 -0.28267  0.11648  0.06694  0.18048  0.28111  0.28891  0.17664]; residual 3.1e-04
  split track d 5 m 12.441: f +2.091e-03; support [ 0.       0.52602  0.94463  4.56394  6.59082  8.52297 10.44523 12.44086]; weights [ 0.1985  -0.32213  0.1295   0.06693  0.18039  0.28119  0.28931  0.1763 ]; residual 1.6e-03
  split track d 5 m 12.466: f +3.969e-03; support [ 0.       0.51896  0.93356  4.58176  6.61805  8.55577 10.47628 12.46586]; weights [ 0.2112  -0.34099  0.13564  0.06716  0.18131  0.2818   0.28839  0.17549]; residual 3.3e-04
  split track d 5 m 12.491: f +1.635e-03; support [ 0.       0.49683  0.89977  4.58174  6.62095  8.5631  10.49214 12.49086]; weights [ 0.24892 -0.39596  0.15284  0.06711  0.18119  0.2819   0.28882  0.17518]; residual 1.3e-03
  split track d 5 m 12.516: f +4.201e-03; support [ 0.       0.49129  0.89972  4.59819  6.64524  8.59221 10.52074 12.51586]; weights [ 0.25678 -0.40344  0.15245  0.06729  0.18192  0.28242  0.28814  0.17444]; residual 5.6e-04
  split track d 5 m 12.541: f +1.837e-03; support [ 0.       0.47504  0.87489  4.60032  6.65069  8.60237 10.53838 12.54086]; weights [ 0.29203 -0.45378  0.16751  0.0673   0.18192  0.28255  0.2884   0.17406]; residual 1.1e-03
  split track d 5 m 12.566: f +3.889e-03; support [ 0.       0.47548  0.86841  4.62023  6.6796   8.63563 10.5692  12.56586]; weights [ 0.29802 -0.46626  0.17397  0.06764  0.18293  0.28309  0.28735  0.17326]; residual 5.9e-04
  split track d 5 m 12.591: f +1.860e-03; support [ 0.       0.46093  0.85197  4.62804  6.69196  8.65212 10.59006 12.59086]; weights [ 0.33543 -0.51657  0.1869   0.06809  0.18359  0.28318  0.28675  0.17263]; residual 1.2e-03
  split track d 5 m 12.616: f +3.085e-03; support [ 0.       0.45319  0.84116  4.63571  6.70444  8.66928 10.6119  12.61586]; weights [ 0.35404 -0.54177  0.19342  0.06783  0.18347  0.28357  0.28716  0.17227]; residual 2.5e-04
  split track d 5 m 12.641: f +1.564e-03; support [ 0.       0.43593  0.81974  4.64552  6.72042  8.68985 10.63525 12.64086]; weights [ 0.40796 -0.61391  0.21164  0.06823  0.18426  0.2838   0.28642  0.1716 ]; residual 1.0e-03
  split track d 5 m 12.666: f +4.022e-03; support [ 0.       0.4345   0.81667  4.65667  6.73703  8.71102 10.65945 12.66586]; weights [ 0.41114 -0.6185   0.21298  0.06797  0.18421  0.28427  0.28673  0.17121]; residual 7.8e-04
  split track d 5 m 12.691: f -1.119e-03; support [ 0.       0.43403  0.81834  4.66176  6.74604  8.72477 10.67883 12.69086]; weights [ 0.41812 -0.62727  0.21486  0.06866  0.18515  0.28423  0.28574  0.17051]; residual 2.8e-03
  split track d 5 m 12.716: f +2.809e-03; support [ 0.       0.4219   0.80597  4.66835  6.75633  8.73946 10.69921 12.71586]; weights [ 0.4519  -0.6683   0.22201  0.0681   0.18456  0.2847   0.28672  0.1703 ]; residual 6.7e-04
Traceback (most recent call last):
  File "centre_scripts\q869_event_chain.py", line 24, in <module>
    a_g = list(a); w_g = list(ww); w0_g = SW0; m0 = m + SDM
           ^^^^^^^^^^^^^^^^^^^^^^^^^^^^^^^^^^^^^^^^^^^^^^^^
  File "centre_scripts\q868_lfp_events_dimd.py", line 114, in track
    root = brentq(lambda mm: F(mm, xs)[0], prev[0], m, xtol=1e-9)
  File "<python>\Lib\site-packages\scipy\optimize\_zeros_py.py", line 846, in brentq
    r = _zeros._brentq(f, a, b, xtol, rtol, maxiter, args, full_output, disp)
ValueError: f(a) and f(b) must have different signs
