start A = 23.0: ok True, r [ 0.        1.459714  2.76695   4.135889  5.55245   7.010646  8.511586
 10.060652 11.666739 13.343045 15.109648 16.999805 19.077979 21.519794], w [0.001046 0.007036 0.014024 0.021806 0.03018  0.039201 0.049036 0.059937
 0.072274 0.086633 0.104038 0.126565 0.159602 0.228622], C 1.0000000000
EVENT liftoff at A in (23.3827916, 23.3827917]  (signal past it +1.979e-08; interior max at r = 0.6457339208559737)
   now 14 support points rrrrrrrrrrrrrr at A = 23.3829917: r [ 0.02814  1.67765  3.08236  4.49417  5.92819  7.393    8.8961  10.44558
 12.05147 13.72739 15.49358 17.38335 19.46117 21.90266] w [0.0014  0.00867 0.01584 0.02336 0.0314  0.0401  0.04962 0.06021 0.07222
 0.08621 0.10319 0.12519 0.15749 0.2251 ]
  step to 23.392992 failed; dA -> 5.00e-03
  step to 23.387992 failed; dA -> 2.50e-03
  step to 23.385492 failed; dA -> 1.25e-03
  step to 23.444564 failed; dA -> 1.07e-02
  step to 23.449903 failed; dA -> 8.01e-03
  step to 23.471928 failed; dA -> 9.01e-03
A = 24.0000: 14 support points rrrrrrrrrrrrrr; outer depths A - r: [1.480536 3.921503 5.998777 7.887935 9.653425]  [64s]
EVENT birth at A in (24.0620114, 24.0620115]  (signal past it +1.728e-08; interior max at r = 1.5531163055291588)
   now 15 support points orrrrrrrrrrrrrr at A = 24.0620115: r [ 0.       1.04592  2.40497  3.78544  5.18775  6.61707  8.07922  9.5806
 11.12883 12.73371 14.40877 16.17421 18.06332 20.14054 22.58146] w [0.      0.00485 0.01139 0.01818 0.02536 0.03302 0.04132 0.05042 0.06054
 0.07202 0.08542 0.10169 0.12281 0.15388 0.21911]
EVENT liftoff at A in (24.6731019, 24.6731020]  (signal past it +1.653e-08; interior max at r = 0.7079356906478825)
   now 15 support points rrrrrrrrrrrrrrr at A = 24.6733020: r [ 0.02843  1.64632  3.0236   4.4059   5.80722  7.23517  8.69605 10.19634
 11.74364 13.34771 15.02207 16.78687 18.67541 20.75212 23.19256] w [0.00121 0.0075  0.01367 0.02012 0.02697 0.03431 0.04227 0.051   0.06072
 0.07176 0.08466 0.10035 0.12073 0.15076 0.21398]
  step to 24.683302 failed; dA -> 5.00e-03
  step to 24.678302 failed; dA -> 2.50e-03
  step to 24.693614 failed; dA -> 4.22e-03
  step to 24.772848 failed; dA -> 1.60e-02
A = 25.0000: 15 support points rrrrrrrrrrrrrrr; outer depths A - r: [1.480838 3.921026 5.997475 7.885721 9.650193]  [152s]
EVENT birth at A in (25.3397346, 25.3397346]  (signal past it +2.099e-09; interior max at r = 1.1118913743379992)
   now 16 support points orrrrrrrrrrrrrrr at A = 25.3397346: r [ 0.       1.02786  2.36116  3.71452  5.08733  6.48393  7.90918  9.36834
 10.86739 12.4137  14.01694 15.69056 17.45472 19.34268 21.41886 23.8588 ] w [1.0000e-05 4.2100e-03 9.8900e-03 1.5760e-02 2.1930e-02 2.8480e-02
 3.5510e-02 4.3130e-02 5.1500e-02 6.0820e-02 7.1420e-02 8.3800e-02
 9.8890e-02 1.1852e-01 1.4749e-01 2.0865e-01]
  step to 25.520985 failed; dA -> 2.50e-02
EVENT liftoff at A in (25.9416263, 25.9416264]  (signal past it +1.862e-08; interior max at r = 0.7506020227482574)
   now 16 support points rrrrrrrrrrrrrrrr at A = 25.9418264: r [ 0.02828  1.61763  2.96995  4.32558  5.69766  7.09301  8.51706  9.97518
 11.47333 13.01886 14.62141 16.29441 18.05802 19.94548 22.02122 24.46073] w [0.00106 0.00654 0.01192 0.01751 0.02341 0.0297  0.03645 0.04379 0.05184
 0.06083 0.07105 0.08301 0.09759 0.11657 0.14466 0.20407]
  step to 25.951826 failed; dA -> 5.00e-03
  step to 25.946826 failed; dA -> 2.50e-03
  step to 25.948076 failed; dA -> 1.87e-03
  step to 25.959561 failed; dA -> 3.16e-03
  step to 25.956397 failed; dA -> 1.58e-03
  step to 25.960747 failed; dA -> 1.78e-03
  step to 25.961637 failed; dA -> 1.33e-03
  step to 25.965308 failed; dA -> 1.50e-03
  step to 25.969438 failed; dA -> 1.69e-03
  step to 25.970282 failed; dA -> 1.27e-03
A = 26.0000: 16 support points rrrrrrrrrrrrrrrr; outer depths A - r: [1.481116 3.920584 5.996276 7.883691 9.647247]  [299s]
EVENT birth at A in (26.5969729, 26.5969730]  (signal past it +6.510e-10; interior max at r = None)
   now 17 support points orrrrrrrrrrrrrrrr at A = 26.5969730: r [ 0.       1.01233  2.3215   3.65004  4.99617  6.36346  7.75608  9.1784
 10.63527 12.13245 13.67717 15.279   16.95138 18.71442 20.60137 22.67664
 25.1157 ] w [1.0000e-05 3.7000e-03 8.6700e-03 1.3800e-02 1.9150e-02 2.4810e-02
 3.0850e-02 3.7330e-02 4.4380e-02 5.2120e-02 6.0770e-02 7.0600e-02
 8.2120e-02 9.6180e-02 1.1452e-01 1.4168e-01 1.9930e-01]
  step to 26.678223 failed; dA -> 1.69e-02
A = 27.0000: 17 support points orrrrrrrrrrrrrrrr; outer depths A - r: [1.481371 3.920174 5.995168 7.881816 9.644522]  [342s]
EVENT liftoff at A in (27.1901618, 27.1901619]  (signal past it +2.076e-09; interior max at r = 0.6253964531439085)
   now 17 support points rrrrrrrrrrrrrrrrr at A = 27.1903619: r [ 0.0283   1.59126  2.9207   4.25206  5.59775  6.96395  8.35546  9.77678
 11.23279 12.72921 14.27325 15.87449 17.54633 19.30888 21.19539 23.27026
 25.70894] w [0.00093 0.00576 0.01049 0.01538 0.02052 0.02596 0.03177 0.03803 0.04483
 0.0523  0.06065 0.07016 0.08131 0.09493 0.11271 0.13909 0.19516]
  step to 27.215362 failed; dA -> 7.50e-03
  step to 27.207862 failed; dA -> 3.75e-03
  step to 27.204112 failed; dA -> 1.87e-03
  step to 27.205049 failed; dA -> 1.41e-03
  step to 27.208917 failed; dA -> 1.58e-03
  step to 27.209708 failed; dA -> 1.19e-03
  step to 27.212971 failed; dA -> 1.33e-03
  step to 27.221146 failed; dA -> 2.25e-03
  step to 27.263452 failed; dA -> 8.55e-03
  step to 27.267728 failed; dA -> 6.41e-03
  step to 27.270935 failed; dA -> 4.81e-03
  step to 27.411289 failed; dA -> 2.50e-02
  step to 27.473789 failed; dA -> 2.50e-02
EVENT birth at A in (27.8355653, 27.8355654]  (signal past it +1.335e-10; interior max at r = None)
   now 18 support points orrrrrrrrrrrrrrrrr at A = 27.8355654: r [ 0.       1.00004  2.28594  3.59147  4.9132   6.25401  7.61742  9.00715
 10.42723 11.88227 13.37789 14.92124 16.52186 18.19314 19.9552  21.84126
 23.91571 26.354  ] w [2.0000e-05 3.2700e-03 7.6600e-03 1.2170e-02 1.6880e-02 2.1820e-02
 2.7050e-02 3.2650e-02 3.8670e-02 4.5220e-02 5.2420e-02 6.0470e-02
 6.9660e-02 8.0420e-02 9.3590e-02 1.1080e-01 1.3637e-01 1.9086e-01]
A = 28.0000: 18 support points orrrrrrrrrrrrrrrrr; outer depths A - r: [1.481608 3.919792 5.994142 7.880087 9.642021]  [513s]
  step to 28.100000 failed; dA -> 2.50e-02
EVENT liftoff at A in (28.4203171, 28.4203172]  (signal past it +5.098e-09; interior max at r = 0.7330811370404425)
   now 18 support points rrrrrrrrrrrrrrrrrr at A = 28.4205172: r [ 0.0283   1.56691  2.87532  4.18448  5.50617  6.84608  8.20848  9.59728
 11.01653 12.47084 13.96581 15.50858 17.10868 18.77949 20.54112 22.42678
 24.50088 26.93882] w [0.00083 0.00511 0.0093  0.01362 0.01813 0.02289 0.02795 0.03335 0.03917
 0.0455  0.05248 0.06027 0.06917 0.07961 0.09239 0.10911 0.134   0.18712]
  step to 28.445517 failed; dA -> 7.50e-03
  step to 28.438017 failed; dA -> 3.75e-03
EVENT interior at A in (28.4312807, 28.4312807]  (signal past it +1.355e-10; interior max at r = 0.6588250313013635)
STOP: could not continue past the event
done [596s]; events: 10; kinds: ['liftoff', 'birth', 'liftoff', 'birth', 'liftoff', 'birth', 'liftoff', 'birth', 'liftoff', 'interior']
