start: ok True, 2 points
mark 1: 2 points  [17s]
mark 2: 2 points  [18s]
event 1 (birth) bisected  [48s]
   now 3 points
mark 3: 3 points  [64s]
mark 4: 3 points  [83s]
mark 5: 3 points  [84s]
event 2 (split) bisected  [110s]
   now 4 points
mark 6: 4 points  [136s]
mark 7: 4 points  [155s]
mark 8: 4 points  [155s]
mark 9: 4 points  [175s]
mark 10: 4 points  [176s]
event 3 (birth) bisected  [202s]
   now 5 points
mark 11: 5 points  [225s]
mark 12: 5 points  [246s]
event 4 (birth) bisected  [274s]
   now 6 points
mark 13: 6 points  [364s]
mark 14: 6 points  [381s]
event 5 (birth) bisected  [408s]
   now 7 points
mark 15: 7 points  [432s]
event 6 (split) bisected  [469s]
   now 8 points
mark 16: 8 points  [679s]
mark 17: 8 points  [708s]
event 7 (birth) bisected  [765s]
   now 9 points
mark 18: 9 points  [785s]
mark 19: 9 points  [818s]
event 8 (split) bisected  [851s]
   now 10 points
mark 20: 10 points  [1320s]
mark 21: 10 points  [1360s]
event 9 (split) bisected  [1386s]
   now 11 points
mark 22: 11 points  [1689s]
event 10 (split) bisected  [1747s]
   now 12 points
  steps: 424 accepted, 20 failed, dW 6.3e-04, 12 points  [2611s]
