start: ok True, 2 points
mark 1: 2 points  [9s]
mark 2: 2 points  [10s]
event 1 (birth) bisected  [26s]
   now 3 points
mark 3: 3 points  [35s]
mark 4: 3 points  [45s]
mark 5: 3 points  [46s]
event 2 (split) bisected  [60s]
   now 4 points
mark 6: 4 points  [153s]
mark 7: 4 points  [164s]
mark 8: 4 points  [165s]
mark 9: 4 points  [176s]
mark 10: 4 points  [177s]
event 3 (birth) bisected  [193s]
   now 5 points
mark 11: 5 points  [207s]
mark 12: 5 points  [220s]
event 4 (birth) bisected  [239s]
   now 6 points
mark 13: 6 points  [341s]
mark 14: 6 points  [367s]
event 5 (birth) bisected  [397s]
   now 7 points
mark 15: 7 points  [417s]
event 6 (split) bisected  [446s]
