start: ok True, 2 points
mark 1: 2 points  [32s]
mark 2: 2 points  [34s]
event 1 (birth) bisected  [89s]
   now 3 points
mark 3: 3 points  [119s]
mark 4: 3 points  [154s]
mark 5: 3 points  [156s]
event 2 (split) bisected  [198s]
   now 4 points
mark 6: 4 points  [219s]
mark 7: 4 points  [254s]
mark 8: 4 points  [256s]
mark 9: 4 points  [284s]
mark 10: 4 points  [286s]
event 3 (birth) bisected  [321s]
   now 5 points
mark 11: 5 points  [353s]
mark 12: 5 points  [382s]
event 4 (split) bisected  [399s]
   now 6 points
mark 13: 6 points  [579s]
mark 14: 6 points  [611s]
event 5 (birth) bisected  [659s]
   now 7 points
mark 15: 7 points  [699s]
event 6 (split) bisected  [753s]
   now 8 points
event 7 (split) bisected  [857s]
