  it 0: residual 2.050e-07 [140s]
  it 1: residual 7.876e-14 [279s]
  it 2: residual 4.780e-26 [408s]
  it 3: residual 6.588e-31 [538s]
  it 4: residual 3.815e-34 [667s]
  it 5: residual 3.222e-37 [809s]
  it 6: residual 1.536e-37 [938s]
  it 7: residual 3.036e-39 [1064s]
  it 8: residual 2.089e-41 [1193s]
  it 9: residual 6.368e-44 [1328s]
  it 10: residual 2.020e-45 [1454s]
  it 11: residual 4.636e-47 [1610s]
  it 12: residual 1.402e-48 [1768s]
  it 13: residual 1.859e-50 [1928s]
  it 14: residual 9.213e-51 [2084s]
  it 15: residual 7.348e-52 [2238s]
  it 16: residual 2.051e-53 [2382s]
  it 17: residual 4.018e-57 [2532s]
  it 18: residual 4.343e-64 [2635s]
  it 19: residual 1.890e-78 [2748s]
solve S_copy_rm0.9690_p448.json at rm 0.9694: converged True, residual history ['2.1e-07', '7.9e-14', '4.8e-26', '6.6e-31', '3.8e-34', '3.2e-37', '1.5e-37', '3.0e-39', '2.1e-41', '6.4e-44', '2.0e-45', '4.6e-47', '1.4e-48', '1.9e-50', '9.2e-51', '7.3e-52', '2.1e-53', '4.0e-57', '4.3e-64', '1.9e-78'] [2748s]
  state: rm 0.969400000000 (eps 0.230600000000) X0 Y0 nG 9 residual 1.89e-78; G deg [4.96186, 15.01931, 25.14044, 35.2354, 45.27733, 55.26856, 65.21975, 75.14289, 85.04947]; masses [0.0316353, 0.0308792, 0.0295223, 0.0281668, 0.0270726, 0.026278, 0.0257455, 0.0254248, 0.0252755]; C 0.393664801292240481307600495250 [3494s]
   margins ['9.99:+1.58e-56', '20.08:+1.64e-56', '30.19:+1.60e-56', '40.26:+1.51e-56', '50.27:+1.42e-56', '60.24:+1.34e-56', '70.18:+1.28e-56', '80.10:+1.24e-56', '90.00:+1.23e-56']; gapmax ['0.000:+1.50e-56', '10.005:+1.58e-56', '20.081:+1.64e-56', '30.172:+1.60e-56', '40.231:+1.51e-56', '50.247:+1.42e-56', '60.221:+1.34e-56', '70.165:+1.28e-56', '80.088:+1.24e-56', '90.000:+1.23e-56']; scan +1.64e-56@20.00; DC0 +1.50e-56 DC90 +1.23e-56; fine0max +1.50e-56@0.0; fine90max +1.23e-56@90.0; d2 ['G0:+9.962e-54', 'G1:+1.028e-53', 'G2:+1.030e-53', 'G3:+9.968e-54', 'G4:+9.471e-54', 'G5:+8.976e-54', 'G6:+8.569e-54', 'G7:+8.287e-54', 'G8:+8.144e-54'] [3494s]
   KKT test: INVALID ['scan +1.64e-56@20.000', 'fine0 +1.50e-56@0.0', 'fine90 +1.23e-56@90.0', 'margin +1.58e-56@9.991', 'margin +1.64e-56@20.080', 'margin +1.60e-56@30.188', 'margin +1.51e-56@40.256', 'margin +1.42e-56@50.273', 'margin +1.34e-56@60.244', 'margin +1.28e-56@70.181', 'margin +1.24e-56@80.096', 'margin +1.23e-56@90.000', 'gap(-4.96,4.96) +1.50e-56@0.0000', 'gap(4.96,15.02) +1.58e-56@10.0051', 'gap(15.02,25.14) +1.64e-56@20.0809', 'gap(25.14,35.24) +1.60e-56@30.1718', 'gap(35.24,45.28) +1.51e-56@40.2313', 'gap(45.28,55.27) +1.42e-56@50.2466', 'gap(55.27,65.22) +1.34e-56@60.2214', 'gap(65.22,75.14) +1.28e-56@70.1650', 'gap(75.14,85.05) +1.24e-56@80.0877', 'gap(85.05,94.95) +1.23e-56@90.0000', 'd2 G0@4.962 +9.96e-54', 'd2 G1@15.019 +1.03e-53', 'd2 G2@25.140 +1.03e-53', 'd2 G3@35.235 +9.97e-54', 'd2 G4@45.277 +9.47e-54', 'd2 G5@55.269 +8.98e-54', 'd2 G6@65.220 +8.57e-54', 'd2 G7@75.143 +8.29e-54', 'd2 G8@85.049 +8.14e-54'] [3494s]
