solve rm 0.961: converged True, 35 steps, residual 1.4e-64 [1515s]
  probe rm 0.961 (eps 0.039000000) VALID: residual 1.4e-64; G deg [3.93557, 14.48844, 26.19487, 37.83105, 49.24993, 60.41471, 71.20617, 81.23161]; masses [0.0209463, 0.0295904, 0.0362245, 0.0341278, 0.0316044, 0.0296953, 0.0281899, 0.0265116, 0.0235829]; margins ['9.21:-7.273e-51', '20.34:-1.692e-50', '32.01:-2.017e-50', '43.54:-1.690e-50', '54.83:-1.128e-50', '65.81:-6.128e-51', '76.22:-2.677e-51', '85.62:-1.137e-51']; D - C(0) -2.174e-51; D - C(90) -7.238e-65; fine 0-5 max -8.778e-56 at 3.95; fine 85-90 max -7.238e-65 at 90.0; curvatures ['-8.914e-49', '-2.765e-48', '-5.974e-48', '-9.232e-48', '-9.290e-48', '-7.180e-48', '-4.552e-48', '-2.423e-48', '-1.217e-48'] [1616s]
solve rm 0.962: converged True, 39 steps, residual 2.4e-64 [2883s]
  probe rm 0.962 (eps 0.038000000) VALID: residual 2.4e-64; G deg [4.37546, 14.84216, 26.22023, 37.57283, 48.71767, 59.59784, 70.14001, 80.25534]; masses [0.0242283, 0.0310555, 0.0349758, 0.0332474, 0.0309374, 0.0290713, 0.0275645, 0.0261737, 0.0248602]; margins ['9.61:-4.111e-51', '20.53:-7.674e-51', '31.90:-8.780e-51', '43.15:-7.580e-51', '54.16:-5.553e-51', '64.87:-3.678e-51', '75.20:-2.372e-51', '85.13:-1.731e-51']; D - C(0) -1.911e-51; D - C(90) +1.205e-64; fine 0-5 max -1.699e-55 at 4.4; fine 85-90 max +1.205e-64 at 90.0; curvatures ['-1.147e-48', '-1.849e-48', '-3.106e-48', '-4.270e-48', '-4.277e-48', '-3.513e-48', '-2.564e-48', '-1.780e-48', '-1.301e-48'] [2973s]
solve rm 0.963: converged True, 36 steps, residual 4.8e-70 [3991s]
  probe rm 0.963 (eps 0.037000000) VALID: residual 4.8e-70; G deg [4.6524, 15.10105, 26.23038, 37.35476, 48.3047, 59.04035, 69.54847, 79.84347]; masses [0.0254569, 0.0319952, 0.0341209, 0.032533, 0.0304268, 0.0287046, 0.02739, 0.0263917, 0.0257094]; margins ['9.88:-2.220e-51', '20.67:-3.502e-51', '31.79:-3.892e-51', '42.83:-3.500e-51', '53.67:-2.825e-51', '64.29:-2.190e-51', '74.70:-1.736e-51', '84.92:-1.505e-51']; D - C(0) -1.333e-51; D - C(90) -2.540e-70; fine 0-5 max -9.608e-58 at 4.65; fine 85-90 max -2.540e-70 at 90.0; curvatures ['-9.323e-49', '-1.095e-48', '-1.570e-48', '-1.983e-48', '-1.996e-48', '-1.747e-48', '-1.429e-48', '-1.160e-48', '-9.897e-49'] [4078s]
solve rm 0.964: converged False, 33 steps, residual 4.3e-49 [5166s]
  halving the step to 5.000e-04 [5166s]
solve rm 0.9635: converged False, 32 steps, residual 2.6e-46 [6306s]
  halving the step to 2.500e-04 [6306s]
solve rm 0.96325: converged True, 32 steps, residual 4.1e-63 [7139s]
  probe rm 0.96325 (eps 0.036750000) VALID: residual 4.1e-63; G deg [4.70529, 15.15402, 26.23202, 37.30834, 48.22083, 58.93491, 69.44669, 79.77895]; masses [0.0256478, 0.0321697, 0.0339516, 0.0323805, 0.0303239, 0.0286453, 0.0273836, 0.0264604, 0.0258611]; margins ['9.93:-1.877e-51', '20.69:-2.859e-51', '31.77:-3.160e-51', '42.76:-2.872e-51', '53.58:-2.369e-51', '64.19:-1.894e-51', '74.61:-1.552e-51', '84.89:-1.378e-51']; D - C(0) -1.181e-51; D - C(90) +2.189e-63; fine 0-5 max -4.013e-57 at 4.7; fine 85-90 max +2.189e-63 at 90.0; curvatures ['-8.447e-49', '-9.412e-49', '-1.310e-48', '-1.626e-48', '-1.639e-48', '-1.455e-48', '-1.219e-48', '-1.017e-48', '-8.883e-49'] [7217s]
solve rm 0.964: converged False, 40 steps, residual 1.3e-46 [8596s]
  halving the step to 3.750e-04 [8596s]
solve rm 0.963625: converged True, 30 steps, residual 1.7e-70 [9321s]
  probe rm 0.963625 (eps 0.036375000) VALID: residual 1.7e-70; G deg [4.77535, 15.22602, 26.23433, 37.24504, 48.10854, 58.79766, 69.31845, 79.69992]; masses [0.0258837, 0.0323948, 0.0337242, 0.0321706, 0.0301866, 0.0285751, 0.0273897, 0.0265614, 0.0260556]; margins ['10.00:-1.436e-51', '20.73:-2.085e-51', '31.74:-2.287e-51', '42.68:-2.110e-51', '53.45:-1.794e-51', '64.06:-1.493e-51', '74.51:-1.276e-51', '84.85:-1.164e-51']; D - C(0) -9.606e-52; D - C(90) -8.553e-71; fine 0-5 max -6.811e-56 at 4.8; fine 85-90 max -8.553e-71 at 90.0; curvatures ['-7.044e-49', '-7.354e-49', '-9.827e-49', '-1.192e-48', '-1.206e-48', '-1.092e-48', '-9.429e-49', '-8.148e-49', '-7.324e-49'] [9398s]
solve rm 0.964: converged True, 30 steps, residual 2.8e-65 [10120s]
  probe rm 0.964 (eps 0.036000000) VALID: residual 2.8e-65; G deg [4.83587, 15.28996, 26.23668, 37.18917, 48.01135, 58.68234, 69.21422, 79.63741]; masses [0.0260736, 0.0325814, 0.0335246, 0.0319823, 0.0300684, 0.0285236, 0.0274083, 0.0266566, 0.0262179]; margins ['10.06:-1.067e-51', '20.76:-1.485e-51', '31.71:-1.619e-51', '42.60:-1.515e-51', '53.35:-1.324e-51', '63.95:-1.140e-51', '74.43:-1.006e-51', '84.82:-9.369e-52']; D - C(0) -7.524e-52; D - C(90) -1.428e-65; fine 0-5 max -1.693e-56 at 4.85; fine 85-90 max -1.428e-65 at 90.0; curvatures ['-5.612e-49', '-5.566e-49', '-7.181e-49', '-8.532e-49', '-8.658e-49', '-7.983e-49', '-7.080e-49', '-6.294e-49', '-5.786e-49'] [10210s]
solve rm 0.965: converged True, 36 steps, residual 5.0e-69 [11115s]
  probe rm 0.965 (eps 0.035000000) VALID: residual 5.0e-69; G deg [4.96093, 15.42732, 26.24412, 37.07354, 47.81504, 58.45873, 69.02061, 79.52505]; masses [0.0264321, 0.0329267, 0.0331004, 0.0315758, 0.0298325, 0.028451, 0.027487, 0.0268731, 0.0265375]; margins ['10.19:-3.515e-52', '20.84:-4.464e-52', '31.66:-4.795e-52', '42.44:-4.636e-52', '53.14:-4.287e-52', '63.74:-3.940e-52', '74.27:-3.682e-52', '84.76:-3.548e-52']; D - C(0) -2.754e-52; D - C(90) +2.583e-69; fine 0-5 max -3.453e-57 at 4.95; fine 85-90 max +2.583e-69 at 90.0; curvatures ['-2.087e-49', '-1.900e-49', '-2.278e-49', '-2.591e-49', '-2.647e-49', '-2.534e-49', '-2.368e-49', '-2.219e-49', '-2.121e-49'] [11179s]
solve rm 0.966: converged True, 36 steps, residual 1.0e-63 [11904s]
  probe rm 0.966 (eps 0.034000000) INVALID (scan max +1.290e-52 at 31.75; fine 0-5 max +8.468e-53 at 0.0; fine 85-90 max +1.144e-52 at 85.0; D - C(0) +8.468e-53; curvature >= 0 at atom index [0, 1, 2, 3, 4, 5, 6, 7, 8]): residual 1.0e-63; G deg [5.04754, 15.52669, 26.25359, 36.99807, 47.6892, 58.3214, 68.90679, 79.46107]; masses [0.0266621, 0.0331061, 0.0327907, 0.031285, 0.0296854, 0.0284358, 0.0275759, 0.0270389, 0.0267513]; margins ['10.29:+1.008e-52', '20.89:+1.205e-52', '31.63:+1.291e-52', '42.34:+1.289e-52', '53.01:+1.250e-52', '63.61:+1.206e-52', '74.18:+1.171e-52', '84.73:+1.152e-52']; D - C(0) +8.468e-53; D - C(90) -5.326e-64; fine 0-5 max +8.468e-53 at 0.0; fine 85-90 max +1.144e-52 at 85.0; curvatures ['+6.710e-50', '+5.570e-50', '+6.370e-50', '+7.068e-50', '+7.315e-50', '+7.253e-50', '+7.069e-50', '+6.884e-50', '+6.755e-50'] [11958s]
first invalid probe at rm 0.966; last valid rm 0.965000000000000 [11958s]
