  it 0: residual 9.854e-04 [2s]
  it 1: residual 1.155e-08 [92s]
  it 2: residual 7.191e-17 [181s]
  it 3: residual 1.038e-23 [272s]
  it 4: residual 1.957e-27 [364s]
  it 5: residual 1.598e-29 [457s]
  it 6: residual 1.774e-31 [549s]
  it 7: residual 1.137e-34 [644s]
  it 8: residual 1.874e-36 [732s]
  it 9: residual 7.883e-38 [821s]
  it 10: residual 2.751e-40 [909s]
  it 11: residual 5.578e-42 [997s]
  it 12: residual 1.123e-42 [1084s]
  it 13: residual 1.775e-44 [1170s]
  it 14: residual 3.679e-46 [1258s]
  it 15: residual 5.087e-47 [1352s]
  it 16: residual 5.335e-48 [1438s]
  it 17: residual 5.214e-49 [1511s]
  no decrease along the step; stop [1620s]
solve copyseed_K36.json at rm 0.9690: converged False, residual history ['9.9e-04', '1.2e-08', '7.2e-17', '1.0e-23', '2.0e-27', '1.6e-29', '1.8e-31', '1.1e-34', '1.9e-36', '7.9e-38', '2.8e-40', '5.6e-42', '1.1e-42', '1.8e-44', '3.7e-46', '5.1e-47', '5.3e-48', '5.2e-49'] [1620s]
  state: rm 0.969000000000 (eps 0.231000000000) X0 Y0 nG 9 residual 5.21e-49; G deg [4.96268, 15.0404, 25.19026, 35.30623, 45.35587, 55.34191, 65.27807, 75.17995, 85.06214]; masses [0.031736, 0.0309996, 0.0296023, 0.0281914, 0.0270505, 0.026223, 0.0256706, 0.0253399, 0.0251868]; C 0.393539494733987718959576590471 [1780s]
   margins ['10.00:-1.62e-49', '20.12:-1.33e-49', '30.25:-9.64e-50', '40.33:-4.14e-50', '50.35:+3.00e-50', '60.31:+9.76e-50', '70.23:+1.70e-49', '80.12:+2.08e-49', '90.00:+2.22e-49']; gapmax ['4.839:-1.67e-49e', '14.788:-1.54e-49e', '24.937:-1.24e-49e', '35.053:-6.67e-50e', '45.105:-5.76e-51e', '55.092:+6.69e-50e', '65.030:+1.35e-49e', '74.932:+1.84e-49e', '84.815:+2.20e-49e', '90.000:+2.22e-49']; scan +2.22e-49@90.00; DC0 -1.70e-49 DC90 +2.22e-49; fine0max -1.67e-49@5.0; fine90max +2.22e-49@90.0; d2 ['G0:-8.175e-50', 'G1:+2.062e-48', 'G2:+3.277e-48', 'G3:-1.505e-48', 'G4:-1.338e-48', 'G5:-2.314e-48', 'G6:-9.487e-49', 'G7:+2.231e-48', 'G8:-1.400e-48'] [1780s]
   KKT test: INVALID ['scan +2.22e-49@90.000', 'fine90 +2.22e-49@90.0', 'margin +3.00e-50@50.349', 'margin +9.76e-50@60.310', 'margin +1.70e-49@70.229', 'margin +2.08e-49@80.121', 'margin +2.22e-49@90.000', 'gap(45.36,55.34) +6.69e-50@55.0923', 'gap(55.34,65.28) +1.35e-49@65.0297', 'gap(65.28,75.18) +1.84e-49@74.9324', 'gap(75.18,85.06) +2.20e-49@84.8151', 'gap(85.06,94.94) +2.22e-49@90.0000', 'd2 G1@15.040 +2.06e-48', 'd2 G2@25.190 +3.28e-48', 'd2 G7@75.180 +2.23e-48'] [1780s]
