  it 0: residual 5.120e-08 [136s]
  it 1: residual 4.921e-15 [273s]
  it 2: residual 1.211e-26 [399s]
  it 3: residual 7.872e-32 [525s]
  it 4: residual 1.452e-35 [653s]
  it 5: residual 6.630e-39 [790s]
  it 6: residual 1.591e-41 [923s]
  it 7: residual 7.559e-43 [1048s]
  it 8: residual 3.707e-45 [1177s]
  it 9: residual 2.448e-47 [1313s]
  it 10: residual 2.191e-48 [1438s]
  it 11: residual 2.713e-50 [1588s]
  it 12: residual 5.386e-51 [1748s]
  it 13: residual 3.145e-53 [1905s]
  it 14: residual 1.210e-56 [2062s]
  it 15: residual 3.485e-64 [2216s]
  it 16: residual 2.003e-78 [2361s]
solve S_copy_rm0.9690_p448.json at rm 0.9692: converged True, residual history ['5.1e-08', '4.9e-15', '1.2e-26', '7.9e-32', '1.5e-35', '6.6e-39', '1.6e-41', '7.6e-43', '3.7e-45', '2.4e-47', '2.2e-48', '2.7e-50', '5.4e-51', '3.1e-53', '1.2e-56', '3.5e-64', '2.0e-78'] [2361s]
  state: rm 0.969200000000 (eps 0.230800000000) X0 Y0 nG 9 residual 2.00e-78; G deg [4.96412, 15.03494, 25.17339, 35.28177, 45.32994, 55.31955, 65.26196, 75.17064, 85.05914]; masses [0.0316966, 0.0309479, 0.0295699, 0.0281857, 0.0270655, 0.0262496, 0.025701, 0.0253693, 0.0252144]; C 0.393602137951562430293723373631 [2575s]
   margins ['10.00:-4.04e-57', '20.10:-4.12e-57', '30.23:-3.91e-57', '40.31:-3.56e-57', '50.32:-3.20e-57', '60.29:-2.89e-57', '70.22:-2.67e-57', '80.11:-2.54e-57', '90.00:-2.49e-57']; gapmax ['4.840:-5.97e-60e', '5.216:-2.46e-59e', '24.920:-2.49e-59e', '35.029:-2.32e-59e', '45.079:-2.09e-59e', '55.070:-1.88e-59e', '65.013:-1.72e-59e', '74.923:-1.60e-59e', '84.812:-1.54e-59e', '85.183:-3.86e-60e']; scan -3.97e-62@65.25; DC0 -3.84e-57 DC90 -2.49e-57; fine0max -4.99e-61@5.0; fine90max -4.23e-61@85.1; d2 ['G0:-2.546e-54', 'G1:-2.601e-54', 'G2:-2.549e-54', 'G3:-2.385e-54', 'G4:-2.177e-54', 'G5:-1.980e-54', 'G6:-1.823e-54', 'G7:-1.716e-54', 'G8:-1.662e-54'] [2575s]
   KKT test: VALID [2575s]
