start rm 1.1005 (eps 0.0995000) X0 Y1 nG 5: residual 4.94e-53 (VALID); PREC 192 FUNC capfix TOLV 1e-34 TOLR 1e-38 [150s]
   margins ['11.71:-1.68e-27', '27.48:-7.81e-27', '44.71:-2.05e-26', '62.52:-3.91e-26', '80.77:-5.66e-26']; gapmax ['4.288:-4.26e-31e', '4.763:-5.03e-30e', '19.450:-2.68e-29e', '36.370:-8.60e-29e', '53.948:-1.87e-28e', '71.996:-3.10e-28e']; scan +6.10e-55@90.00; DC0 -2.09e-28 DC90 +6.10e-55; fine0max -8.11e-32@4.35; fine90max -4.26e-30@89.95; d2 ['G0:-2.352e-25', 'G1:-9.501e-25', 'G2:-2.868e-24', 'G3:-5.973e-24', 'G4:-9.475e-24', 'Y:-1.120e-23'] [150s]
  it 0: residual 1.007e-09 [152s]
  it 1: residual 1.007e-09 (chord step) [152s]
  it 2: residual 7.125e-17 (after a step with a fresh J) [204s]
  it 3: residual 7.125e-17 (after a step with a fresh J) [207s]
  it 4: residual 3.122e-22 (after a step with a fresh J) [256s]
  it 5: residual 3.122e-22 (after a step with a fresh J) [258s]
  it 6: residual 1.944e-25 (after a step with a fresh J) [307s]
  it 7: residual 1.944e-25 (after a step with a fresh J) [309s]
  it 8: residual 1.447e-28 (after a step with a fresh J) [356s]
  it 9: residual 1.447e-28 (after a step with a fresh J) [358s]
  it 10: residual 7.449e-34 (after a step with a fresh J) [406s]
  it 11: residual 7.449e-34 (after a step with a fresh J) [408s]
  it 12: residual 8.145e-45 (after a step with a fresh J) [454s]
  rm 1.1015 (eps 0.098500000) valid: res 8.1e-45 (12 its); G [5.231, 19.8288, 36.441, 53.8019, 71.6787]; masses [0.045622, 0.04521, 0.048581, 0.045045, 0.043814, 0.044539] [604s]
     margins ['12.53:-1.88e-27', '28.13:-6.73e-27', '45.12:-1.62e-26', '62.74:-2.99e-26', '80.84:-4.27e-26']; gapmax ['5.100:-8.56e-31e', '5.596:-6.96e-30e', '20.244:-2.54e-29e', '36.875:-7.04e-29e', '54.249:-1.45e-28e', '72.137:-2.35e-28e']; scan +4.59e-47@90.00; DC0 -4.48e-28 DC90 +4.59e-47; fine0max -2.65e-30@5.0; fine90max -3.26e-30@89.95; d2 ['G0:-3.327e-25', 'G1:-9.397e-25', 'G2:-2.408e-24', 'G3:-4.721e-24', 'G4:-7.306e-24', 'Y:-8.574e-24'] [604s]
  it 0: residual 3.745e-09 [607s]
  it 1: residual 3.745e-09 (chord step) [607s]
  it 2: residual 3.477e-16 (after a step with a fresh J) [686s]
  it 3: residual 3.477e-16 (after a step with a fresh J) [690s]
  it 4: residual 3.058e-21 (after a step with a fresh J) [743s]
  it 5: residual 3.058e-21 (after a step with a fresh J) [745s]
  it 6: residual 9.809e-26 (after a step with a fresh J) [805s]
  it 7: residual 9.809e-26 (after a step with a fresh J) [807s]
  it 8: residual 8.949e-29 (after a step with a fresh J) [859s]
  it 9: residual 8.949e-29 (after a step with a fresh J) [861s]
  it 10: residual 8.346e-35 (after a step with a fresh J) [919s]
  it 11: residual 8.346e-35 (after a step with a fresh J) [922s]
  it 12: residual 2.929e-47 (after a step with a fresh J) [973s]
  rm 1.103 (eps 0.097000000) valid: res 2.9e-47 (12 its); G [5.973, 20.7707, 37.1236, 54.232, 71.8879]; masses [0.04516, 0.048252, 0.047491, 0.044273, 0.043304, 0.044099] [1129s]
     margins ['13.37:-2.04e-27', '28.95:-5.42e-27', '45.68:-1.15e-26', '63.06:-2.01e-26', '80.94:-2.81e-26']; gapmax ['5.824:-1.40e-30e', '6.343:-8.83e-30e', '21.179:-2.29e-29e', '37.551:-5.26e-29e', '54.673:-1.00e-28e', '72.341:-1.56e-28e']; scan +1.97e-51@90.00; DC0 -7.74e-28 DC90 +1.97e-51; fine0max -5.56e-29@5.0; fine90max -2.19e-30@89.95; d2 ['G0:-4.153e-25', 'G1:-8.793e-25', 'G2:-1.859e-24', 'G3:-3.337e-24', 'G4:-4.964e-24', 'Y:-5.758e-24'] [1129s]
  it 0: residual 9.225e-09 [1131s]
  it 1: residual 9.225e-09 (chord step) [1132s]
  it 2: residual 1.036e-15 (after a step with a fresh J) [1182s]
  it 3: residual 1.036e-15 (after a step with a fresh J) [1184s]
  it 4: residual 1.794e-19 (after a step with a fresh J) [1234s]
  it 5: residual 1.794e-19 (after a step with a fresh J) [1236s]
  it 6: residual 1.060e-22 (after a step with a fresh J) [1292s]
  it 7: residual 1.060e-22 (after a step with a fresh J) [1295s]
  it 8: residual 4.678e-25 (after a step with a fresh J) [1343s]
  it 9: residual 4.678e-25 (after a step with a fresh J) [1345s]
  it 10: residual 3.867e-27 (after a step with a fresh J) [1399s]
  it 11: residual 3.867e-27 (after a step with a fresh J) [1401s]
  it 12: residual 1.049e-31 (after a step with a fresh J) [1452s]
  it 13: residual 1.049e-31 (after a step with a fresh J) [1455s]
  it 14: residual 1.743e-40 (after a step with a fresh J) [1505s]
  rm 1.105 (eps 0.095000000) valid: res 1.7e-40 (14 its); G [6.5483, 21.6727, 37.8817, 54.748, 72.1484]; masses [0.044582, 0.050674, 0.047033, 0.043659, 0.042772, 0.04357] [1645s]
     margins ['14.11:-1.97e-27', '29.78:-4.01e-27', '46.31:-7.35e-27', '63.45:-1.19e-26', '81.07:-1.60e-26']; gapmax ['6.385:-1.74e-30e', '6.926:-9.48e-30e', '22.078:-1.87e-29e', '38.303:-3.55e-29e', '55.183:-6.09e-29e', '72.595:-8.99e-29e']; scan +1.11e-42@90.00; DC0 -1.01e-27 DC90 +1.11e-42; fine0max -1.42e-28@5.0; fine90max -1.28e-30@89.95; d2 ['G0:-4.300e-25', 'G1:-7.364e-25', 'G2:-1.296e-24', 'G3:-2.092e-24', 'G4:-2.949e-24', 'Y:-3.363e-24'] [1645s]
  it 0: residual 1.044e-08 [1647s]
  it 1: residual 1.044e-08 (chord step) [1647s]
  it 2: residual 1.307e-15 (after a step with a fresh J) [1691s]
  it 3: residual 1.307e-15 (after a step with a fresh J) [1693s]
  it 4: residual 7.821e-18 (after a step with a fresh J) [1736s]
  it 5: residual 7.821e-18 (after a step with a fresh J) [1737s]
  it 6: residual 6.024e-20 (after a step with a fresh J) [1780s]
  it 7: residual 6.024e-20 (after a step with a fresh J) [1782s]
  it 8: residual 6.536e-22 (after a step with a fresh J) [1825s]
  it 9: residual 6.536e-22 (after a step with a fresh J) [1827s]
  it 10: residual 7.312e-24 (after a step with a fresh J) [1870s]
  it 11: residual 7.312e-24 (after a step with a fresh J) [1872s]
  it 12: residual 9.838e-26 (after a step with a fresh J) [1915s]
  it 13: residual 9.838e-26 (after a step with a fresh J) [1917s]
  it 14: residual 1.376e-28 (after a step with a fresh J) [1959s]
  it 15: residual 1.376e-28 (after a step with a fresh J) [1960s]
  it 16: residual 1.565e-34 (after a step with a fresh J) [2002s]
  it 17: residual 1.565e-34 (after a step with a fresh J) [2004s]
  it 18: residual 1.883e-46 (after a step with a fresh J) [2048s]
  rm 1.107 (eps 0.093000000) valid: res 1.9e-46 (18 its); G [6.9048, 22.3036, 38.4835, 55.1929, 72.3837]; masses [0.044056, 0.05207, 0.047017, 0.04337, 0.042399, 0.043117] [2181s]
     margins ['14.60:-1.64e-27', '30.39:-2.80e-27', '46.84:-4.54e-27', '63.79:-6.80e-27', '81.19:-8.85e-27']; gapmax ['6.732:-1.65e-30e', '7.290:-8.35e-30e', '22.708:-1.39e-29e', '38.901:-2.30e-29e', '55.623:-3.59e-29e', '72.824:-5.03e-29e']; scan +8.09e-49@90.00; DC0 -9.80e-28 DC90 +8.09e-49; fine0max -1.81e-28@5.0; fine90max -7.23e-31@89.95; d2 ['G0:-3.665e-25', 'G1:-5.531e-25', 'G2:-8.574e-25', 'G3:-1.266e-24', 'G4:-1.694e-24', 'Y:-1.900e-24'] [2181s]
  it 0: residual 1.047e-08 [2183s]
  it 1: residual 1.047e-08 (chord step) [2183s]
  it 2: residual 1.366e-15 (after a step with a fresh J) [2226s]
  it 3: residual 1.366e-15 (after a step with a fresh J) [2228s]
  it 4: residual 4.067e-19 (after a step with a fresh J) [2271s]
  it 5: residual 4.067e-19 (after a step with a fresh J) [2273s]
  it 6: residual 9.613e-23 (after a step with a fresh J) [2315s]
  it 7: residual 9.613e-23 (after a step with a fresh J) [2317s]
  it 8: residual 1.939e-25 (after a step with a fresh J) [2360s]
  it 9: residual 1.939e-25 (after a step with a fresh J) [2361s]
  it 10: residual 1.797e-28 (after a step with a fresh J) [2404s]
  it 11: residual 1.797e-28 (after a step with a fresh J) [2406s]
  it 12: residual 3.023e-34 (after a step with a fresh J) [2448s]
  it 13: residual 3.023e-34 (after a step with a fresh J) [2450s]
  it 14: residual 3.270e-46 (after a step with a fresh J) [2494s]
  rm 1.109 (eps 0.091000000) valid: res 3.3e-46 (14 its); G [7.1481, 22.7565, 38.955, 55.5676, 72.5912]; masses [0.043592, 0.052886, 0.047139, 0.043278, 0.042158, 0.042743] [2625s]
     margins ['14.95:-1.13e-27', '30.86:-1.72e-27', '47.26:-2.54e-27', '64.08:-3.56e-27', '81.30:-4.47e-27']; gapmax ['6.969:-1.24e-30e', '7.538:-5.98e-30e', '23.161:-8.96e-30e', '39.370:-1.34e-29e', '55.993:-1.93e-29e', '73.026:-2.57e-29e']; scan +2.25e-49@90.00; DC0 -7.47e-28 DC90 +2.25e-49; fine0max -1.60e-28@5.0; fine90max -3.73e-31@89.95; d2 ['G0:-2.560e-25', 'G1:-3.558e-25', 'G2:-5.046e-25', 'G3:-6.937e-25', 'G4:-8.870e-25', 'Y:-9.785e-25'] [2625s]
  it 0: residual 1.052e-08 [2627s]
  it 1: residual 1.052e-08 (chord step) [2627s]
  it 2: residual 1.375e-15 (after a step with a fresh J) [2670s]
  it 3: residual 1.375e-15 (after a step with a fresh J) [2672s]
  it 4: residual 2.147e-19 (after a step with a fresh J) [2715s]
  it 5: residual 2.147e-19 (after a step with a fresh J) [2716s]
  it 6: residual 1.887e-23 (after a step with a fresh J) [2761s]
  it 7: residual 1.887e-23 (after a step with a fresh J) [2763s]
  it 8: residual 1.973e-26 (after a step with a fresh J) [2807s]
  it 9: residual 1.973e-26 (after a step with a fresh J) [2809s]
  it 10: residual 1.279e-30 (after a step with a fresh J) [2853s]
  it 11: residual 1.279e-30 (after a step with a fresh J) [2855s]
  it 12: residual 1.039e-38 (after a step with a fresh J) [2898s]
  it 13: residual 1.039e-38 (after a step with a fresh J) [2900s]
  it 14: residual 4.620e-57 (after a step with a fresh J) [2944s]
  rm 1.111 (eps 0.089000000) valid: res 4.6e-57 (14 its); G [7.3244, 23.089, 39.3221, 55.8772, 72.7704]; masses [0.043193, 0.053349, 0.047292, 0.043296, 0.042021, 0.042446] [3074s]
     margins ['15.21:-5.40e-28', '31.21:-7.64e-28', '47.60:-1.05e-27', '64.32:-1.40e-27', '81.39:-1.71e-27']; gapmax ['7.141:-6.26e-31e', '7.719:-2.93e-30e', '23.495:-4.09e-30e', '39.736:-5.69e-30e', '56.300:-7.74e-30e', '73.201:-9.92e-30e']; scan -3.66e-57@90.00; DC0 -3.81e-28 DC90 -3.66e-57; fine0max -8.98e-29@5.0; fine90max -1.45e-31@89.95; d2 ['G0:-1.230e-25', 'G1:-1.620e-25', 'G2:-2.168e-25', 'G3:-2.836e-25', 'G4:-3.503e-25', 'Y:-3.815e-25'] [3074s]
  it 0: residual 1.056e-08 [3076s]
  it 1: residual 1.056e-08 (chord step) [3076s]
  it 2: residual 1.350e-15 (after a step with a fresh J) [3114s]
  it 3: residual 1.350e-15 (after a step with a fresh J) [3116s]
  it 4: residual 1.467e-19 (after a step with a fresh J) [3154s]
  it 5: residual 1.467e-19 (after a step with a fresh J) [3156s]
  it 6: residual 7.050e-24 (after a step with a fresh J) [3194s]
  it 7: residual 7.050e-24 (after a step with a fresh J) [3196s]
  it 8: residual 4.853e-27 (after a step with a fresh J) [3234s]
  it 9: residual 4.853e-27 (after a step with a fresh J) [3236s]
  it 10: residual 1.527e-32 (after a step with a fresh J) [3275s]
  it 11: residual 1.527e-32 (after a step with a fresh J) [3277s]
  it 12: residual 1.039e-42 (after a step with a fresh J) [3314s]
  rm 1.113 (eps 0.087000000) INVALID: res 1.0e-42 (12 its); G [7.4576, 23.3377, 39.6072, 56.1293, 72.922]; masses [0.04286, 0.053584, 0.047433, 0.043373, 0.04196, 0.04222]; FAILS ['scan +8.12e-29@47.750', 'fine0 +5.17e-29@0.0', 'fine90 +4.91e-29@85.0', 'margin +6.65e-29@15.398', 'margin +7.75e-29@31.472', 'margin +8.12e-29@47.868', 'margin +7.98e-29@64.526', 'margin +7.81e-29@81.461', 'gap(-7.46,7.46) +5.17e-29@0.0000', 'gap(7.46,23.34) +6.65e-29@15.5007', 'gap(23.34,39.61) +7.75e-29@31.5156', 'gap(39.61,56.13) +8.12e-29@47.8424', 'gap(56.13,72.92) +7.98e-29@64.4635', 'gap(72.92,90.00) +7.81e-29@81.4251', 'd2 G0@7.458 +1.58e-26', 'd2 G1@23.338 +1.82e-26', 'd2 G2@39.607 +1.93e-26', 'd2 G3@56.129 +1.89e-26', 'd2 G4@72.922 +1.78e-26', 'd2 Y@90.000 +1.72e-26'] [3608s]
     margins ['15.40:+6.65e-29', '31.47:+7.75e-29', '47.87:+8.12e-29', '64.53:+7.98e-29', '81.46:+7.81e-29']; gapmax ['0.000:+5.17e-29', '15.501:+6.65e-29', '31.516:+7.75e-29', '47.842:+8.12e-29', '64.464:+7.98e-29', '81.425:+7.81e-29']; scan +8.12e-29@47.75; DC0 +5.17e-29 DC90 +5.93e-45; fine0max +5.17e-29@0.0; fine90max +4.91e-29@85.0; d2 ['G0:+1.577e-26', 'G1:+1.817e-26', 'G2:+1.933e-26', 'G3:+1.891e-26', 'G4:+1.777e-26', 'Y:+1.717e-26'] [3608s]
  it 0: residual 1.972e-09 [3610s]
  it 1: residual 1.972e-09 (chord step) [3610s]
  it 2: residual 2.686e-16 (after a step with a fresh J) [3649s]
  it 3: residual 2.686e-16 (after a step with a fresh J) [3651s]
  it 4: residual 6.746e-21 (after a step with a fresh J) [3689s]
  it 5: residual 6.746e-21 (after a step with a fresh J) [3691s]
  it 6: residual 1.732e-25 (after a step with a fresh J) [3730s]
  it 7: residual 1.732e-25 (after a step with a fresh J) [3731s]
  it 8: residual 1.282e-29 (after a step with a fresh J) [3770s]
  it 9: residual 1.282e-29 (after a step with a fresh J) [3772s]
  it 10: residual 9.133e-37 (after a step with a fresh J) [3811s]
  it 11: residual 9.133e-37 (after a step with a fresh J) [3812s]
  it 12: residual 6.645e-51 (after a step with a fresh J) [3850s]
  rm 1.112 (eps 0.088000000) valid: res 6.6e-51 (12 its); G [7.3954, 23.2221, 39.4737, 56.01, 72.8495]; masses [0.043019, 0.053489, 0.047365, 0.043329, 0.041982, 0.042325] [3968s]
     margins ['15.31:-2.35e-28', '31.35:-3.29e-28', '47.74:-4.50e-28', '64.43:-5.96e-28', '81.42:-7.25e-28']; gapmax ['7.211:-2.78e-31e', '7.791:-1.28e-30e', '23.628:-1.76e-30e', '39.887:-2.43e-30e', '56.431:-3.29e-30e', '73.278:-4.20e-30e']; scan +4.98e-53@90.00; DC0 -1.70e-28 DC90 +4.98e-53; fine0max -4.14e-29@5.0; fine90max -6.20e-32@89.95; d2 ['G0:-5.355e-26', 'G1:-6.980e-26', 'G2:-9.294e-26', 'G3:-1.214e-25', 'G4:-1.497e-25', 'Y:-1.629e-25'] [3968s]
  it 0: residual 2.462e-10 [3969s]
  it 1: residual 2.462e-10 (chord step) [3969s]
  it 2: residual 4.963e-17 (after a step with a fresh J) [4008s]
  it 3: residual 4.963e-17 (after a step with a fresh J) [4010s]
  it 4: residual 1.550e-22 (after a step with a fresh J) [4048s]
  it 5: residual 1.550e-22 (after a step with a fresh J) [4050s]
  it 6: residual 2.851e-26 (after a step with a fresh J) [4088s]
  it 7: residual 2.851e-26 (after a step with a fresh J) [4090s]
  it 8: residual 2.061e-30 (after a step with a fresh J) [4129s]
  it 9: residual 2.061e-30 (after a step with a fresh J) [4131s]
  it 10: residual 6.589e-38 (after a step with a fresh J) [4169s]
  it 11: residual 6.589e-38 (after a step with a fresh J) [4171s]
  it 12: residual 2.208e-53 (after a step with a fresh J) [4209s]
  rm 1.1125 (eps 0.087500000) valid: res 2.2e-53 (12 its); G [7.4275, 23.2819, 39.5426, 56.0712, 72.8866]; masses [0.042937, 0.053542, 0.0474, 0.04335, 0.041969, 0.042271] [4325s]
     margins ['15.35:-8.38e-29', '31.41:-1.22e-28', '47.81:-1.76e-28', '64.48:-2.44e-28', '81.44:-3.03e-28']; gapmax ['7.242:-9.83e-32e', '7.824:-4.52e-31e', '23.688:-6.40e-31e', '39.956:-9.28e-31e', '56.492:-1.32e-30e', '73.314:-1.74e-30e']; scan -1.13e-54@90.00; DC0 -5.99e-29 DC90 -1.13e-54; fine0max -1.49e-29@5.0; fine90max -2.61e-32@89.95; d2 ['G0:-1.880e-26', 'G1:-2.525e-26', 'G2:-3.544e-26', 'G3:-4.873e-26', 'G4:-6.226e-26', 'Y:-6.860e-26'] [4325s]
  it 0: residual 3.076e-11 [4327s]
  it 1: residual 3.076e-11 (chord step) [4327s]
  it 2: residual 1.918e-18 (after a step with a fresh J) [4366s]
  it 3: residual 1.918e-18 (after a step with a fresh J) [4368s]
  it 4: residual 5.101e-26 (after a step with a fresh J) [4404s]
  it 5: residual 5.101e-26 (after a step with a fresh J) [4406s]
  it 6: residual 1.937e-31 (after a step with a fresh J) [4443s]
  it 7: residual 1.937e-31 (after a step with a fresh J) [4445s]
  it 8: residual 2.456e-41 (after a step with a fresh J) [4482s]
  rm 1.11275 (eps 0.087250000) valid: res 2.5e-41 (8 its); G [7.4428, 23.3103, 39.5754, 56.1007, 72.9045]; masses [0.042898, 0.053564, 0.047417, 0.043361, 0.041964, 0.042245] [4599s]
     margins ['15.38:-8.47e-30', '31.44:-2.14e-29', '47.84:-4.56e-29', '64.50:-7.85e-29', '81.45:-1.08e-28']; gapmax ['7.257:-7.73e-33e', '7.839:-3.60e-32e', '23.717:-8.73e-32e', '39.989:-2.04e-31e', '56.521:-3.89e-31e', '73.332:-5.98e-31e']; scan +1.73e-44@90.00; DC0 -4.30e-30 DC90 +1.73e-44; fine0max -1.13e-30@5.0; fine90max -9.41e-33@89.95; d2 ['G0:-1.479e-27', 'G1:-3.394e-27', 'G2:-7.721e-27', 'G3:-1.432e-26', 'G4:-2.137e-26', 'Y:-2.471e-26'] [4599s]
  it 0: residual 3.843e-12 [4601s]
  it 1: residual 3.843e-12 (chord step) [4601s]
  it 2: residual 2.083e-20 (after a step with a fresh J) [4639s]
  it 3: residual 4.017e-21 (chord step) [4641s]
  it 4: residual 1.396e-29 (after a step with a fresh J) [4680s]
  it 5: residual 1.396e-29 (after a step with a fresh J) [4681s]
  it 6: residual 8.074e-36 (after a step with a fresh J) [4720s]
  it 7: residual 8.074e-36 (after a step with a fresh J) [4722s]
  it 8: residual 2.739e-49 (after a step with a fresh J) [4760s]
  rm 1.112875 (eps 0.087125000) INVALID: res 2.7e-49 (8 its); G [7.4503, 23.3241, 39.5915, 56.1151, 72.9133]; masses [0.042879, 0.053574, 0.047425, 0.043367, 0.041962, 0.042233]; FAILS ['scan +2.91e-29@15.500', 'fine0 +2.37e-29@0.0', 'margin +2.91e-29@15.387', 'margin +2.83e-29@31.458', 'margin +1.83e-29@47.853', 'margin +1.52e-30@64.514', 'gap(-7.45,7.45) +2.37e-29@0.0000', 'gap(7.45,23.32) +2.91e-29@15.4081', 'gap(23.32,39.59) +2.83e-29@31.2704', 'gap(39.59,56.12) +1.86e-29@47.2080', 'gap(56.12,72.91) +3.43e-30@61.5562', 'd2 G0@7.450 +7.16e-27', 'd2 G1@23.324 +7.43e-27', 'd2 G2@39.591 +5.88e-27', 'd2 G3@56.115 +2.44e-27'] [5021s]
     margins ['15.39:+2.91e-29', '31.46:+2.83e-29', '47.85:+1.83e-29', '64.51:+1.52e-30', '81.46:-1.36e-29']; gapmax ['0.000:+2.37e-29', '15.408:+2.91e-29', '31.270:+2.83e-29', '47.208:+1.86e-29', '61.556:+3.43e-30', '73.340:-4.64e-32e']; scan +2.91e-29@15.50; DC0 +2.37e-29 DC90 +9.69e-52; fine0max +2.37e-29@0.0; fine90max -1.34e-33@89.95; d2 ['G0:+7.157e-27', 'G1:+7.425e-27', 'G2:+5.885e-27', 'G3:+2.442e-27', 'G4:-1.585e-27', 'Y:-3.524e-27'] [5021s]
  it 0: residual 8.005e-13 [5023s]
  it 1: residual 8.005e-13 (chord step) [5023s]
  it 2: residual 9.242e-22 (after a step with a fresh J) [5061s]
  it 3: residual 3.551e-22 (chord step) [5063s]
  it 4: residual 6.347e-30 (after a step with a fresh J) [5101s]
  it 5: residual 6.347e-30 (after a step with a fresh J) [5103s]
  it 6: residual 1.178e-37 (after a step with a fresh J) [5142s]
  it 7: residual 1.178e-37 (after a step with a fresh J) [5143s]
  it 8: residual 6.641e-53 (after a step with a fresh J) [5183s]
  rm 1.1128125 (eps 0.087187500) INVALID: res 6.6e-53 (8 its); G [7.4465, 23.3172, 39.5835, 56.1079, 72.9089]; masses [0.042889, 0.053569, 0.047421, 0.043364, 0.041963, 0.042239]; FAILS ['scan +1.03e-29@15.250', 'fine0 +9.67e-30@0.0', 'margin +1.03e-29@15.382', 'margin +3.47e-30@31.450', 'gap(-7.45,7.45) +9.67e-30@0.0000', 'gap(7.45,23.32) +1.03e-29@15.1415', 'gap(23.32,39.58) +4.19e-30@29.6312', 'd2 G0@7.447 +2.84e-27', 'd2 G1@23.317 +2.02e-27'] [5379s]
     margins ['15.38:+1.03e-29', '31.45:+3.47e-30', '47.85:-1.35e-29', '64.51:-3.83e-29', '81.45:-6.03e-29']; gapmax ['0.000:+9.67e-30', '15.142:+1.03e-29', '29.631:+4.19e-30', '39.997:-2.60e-32e', '56.528:-1.62e-31e', '73.336:-3.20e-31e']; scan +1.03e-29@15.25; DC0 +9.67e-30 DC90 -1.90e-54; fine0max +9.67e-30@0.0; fine90max -5.35e-33@89.95; d2 ['G0:+2.841e-27', 'G1:+2.025e-27', 'G2:-8.974e-28', 'G3:-5.900e-27', 'G4:-1.142e-26', 'Y:-1.405e-26'] [5379s]
  it 0: residual 1.801e-13 [5380s]
  it 1: residual 1.801e-13 (chord step) [5380s]
  it 2: residual 5.399e-23 (after a step with a fresh J) [5417s]
  it 3: residual 5.399e-23 (after a step with a fresh J) [5419s]
  it 4: residual 3.685e-31 (after a step with a fresh J) [5457s]
  it 5: residual 3.685e-31 (after a step with a fresh J) [5458s]
  it 6: residual 1.535e-40 (after a step with a fresh J) [5495s]
  rm 1.11278125 (eps 0.087218750) INVALID: res 1.5e-40 (6 its); G [7.4447, 23.3138, 39.5795, 56.1043, 72.9067]; masses [0.042893, 0.053567, 0.047419, 0.043363, 0.041963, 0.042242]; FAILS ['scan +2.68e-30@0.000', 'fine0 +2.68e-30@0.0', 'margin +9.23e-31@15.379', 'gap(-7.44,7.44) +2.68e-30@0.0000', 'gap(7.44,23.31) +1.30e-30@13.2907', 'd2 G0@7.445 +6.82e-28'] [5665s]
     margins ['15.38:+9.23e-31', '31.45:-8.97e-30', '47.84:-2.95e-29', '64.51:-5.83e-29', '81.45:-8.39e-29']; gapmax ['0.000:+2.68e-30', '13.291:+1.30e-30', '23.720:-1.87e-32e', '39.993:-1.15e-31e', '56.524:-2.75e-31e', '73.334:-4.59e-31e']; scan +2.68e-30@0.00; DC0 +2.68e-30 DC90 +1.09e-42; fine0max +2.68e-30@0.0; fine90max -7.37e-33@89.95; d2 ['G0:+6.817e-28', 'G1:-6.823e-28', 'G2:-4.304e-27', 'G3:-1.010e-26', 'G4:-1.638e-26', 'Y:-1.936e-26'] [5665s]
  it 0: residual 4.252e-14 [5667s]
  it 1: residual 4.252e-14 (chord step) [5667s]
  it 2: residual 3.660e-24 (after a step with a fresh J) [5704s]
  it 3: residual 3.660e-24 (after a step with a fresh J) [5706s]
  it 4: residual 5.887e-33 (after a step with a fresh J) [5743s]
  it 5: residual 5.887e-33 (after a step with a fresh J) [5745s]
  it 6: residual 3.955e-44 (after a step with a fresh J) [5783s]
  rm 1.112765625 (eps 0.087234375) valid: res 4.0e-44 (6 its); G [7.4437, 23.312, 39.5774, 56.1025, 72.9056]; masses [0.042896, 0.053565, 0.047418, 0.043362, 0.041964, 0.042243] [5894s]
     margins ['15.38:-3.77e-30', '31.44:-1.52e-29', '47.84:-3.75e-29', '64.50:-6.84e-29', '81.45:-9.57e-29']; gapmax ['7.258:-2.06e-33e', '7.840:-9.98e-33e', '23.719:-5.30e-32e', '39.991:-1.59e-31e', '56.523:-3.32e-31e', '73.333:-5.28e-31e']; scan +2.33e-46@90.00; DC0 -8.12e-31 DC90 +2.33e-46; fine0max -2.56e-31@5.0; fine90max -8.39e-33@89.95; d2 ['G0:-3.985e-28', 'G1:-2.038e-27', 'G2:-6.011e-27', 'G3:-1.221e-26', 'G4:-1.887e-26', 'Y:-2.203e-26'] [5894s]
  it 0: residual 9.377e-16 [5896s]
  it 1: residual 9.377e-16 (chord step) [5898s]
  it 2: residual 2.017e-27 (after a step with a fresh J) [5935s]
  it 3: residual 8.900e-28 (chord step) [5937s]
  it 4: residual 8.409e-39 (after a step with a fresh J) [5974s]
  rm 1.1127734375 (eps 0.087226562) INVALID: res 8.4e-39 (4 its); G [7.4442, 23.3129, 39.5785, 56.1034, 72.9062]; masses [0.042895, 0.053566, 0.047418, 0.043362, 0.041964, 0.042243]; FAILS ['scan +9.33e-31@0.000', 'fine0 +9.33e-31@0.0', 'gap(-7.44,7.44) +9.33e-31@0.0000', 'gap(7.44,23.31) +3.15e-32@9.4597', 'd2 G0@7.444 +1.42e-28'] [6142s]
     margins ['15.38:-1.42e-30', '31.45:-1.21e-29', '47.84:-3.35e-29', '64.50:-6.33e-29', '81.45:-8.98e-29']; gapmax ['0.000:+9.33e-31', '9.460:+3.15e-32', '23.720:-3.58e-32e', '39.992:-1.37e-31e', '56.523:-3.04e-31e', '73.334:-4.93e-31e']; scan +9.33e-31@0.00; DC0 +9.33e-31 DC90 +2.43e-44; fine0max +9.33e-31@0.0; fine90max -7.88e-33@89.95; d2 ['G0:+1.416e-28', 'G1:-1.360e-27', 'G2:-5.157e-27', 'G3:-1.115e-26', 'G4:-1.763e-26', 'Y:-2.070e-26'] [6142s]
EVENT: K 22 (X0 Y1 nG 5) loses KKT between rm 1.112765625 (last valid) and 1.1127734375 (first invalid) (eps 0.087234375 valid, 0.087226562 invalid); first invalid fails: ['scan +9.33e-31@0.000', 'fine0 +9.33e-31@0.0', 'gap(-7.44,7.44) +9.33e-31@0.0000', 'gap(7.44,23.31) +3.15e-32@9.4597', 'd2 G0@7.444 +1.42e-28'] [6142s]
