q811: a_k from q764_R1.0_N160_D8.json (R 1.0, N 160); eps 0.0004..0.15, 1200 points; K up to 320
K    4: no in-regime crossing (0 crossings total)
K    6: no in-regime crossing (0 crossings total)
K    8: first in-regime crossing eps 0.1494815 tau +1; K eps 1.1959; crossings 1
K   10: first in-regime crossing eps 0.1239003 tau +1; K eps 1.2390; crossings 3
K   12: first in-regime crossing eps 0.1053461 tau +1; K eps 1.2642; crossings 4
K   14: first in-regime crossing eps 0.0912515 tau +1; K eps 1.2775; crossings 4
K   16: first in-regime crossing eps 0.0801357 tau +1; K eps 1.2822; crossings 5
K   18: first in-regime crossing eps 0.0712021 tau +1; K eps 1.2816; crossings 7
K   20: first in-regime crossing eps 0.0638879 tau +1; K eps 1.2778; crossings 8
K   22: first in-regime crossing eps 0.0578480 tau +1; K eps 1.2727; crossings 9
K   24: first in-regime crossing eps 0.0528255 tau +1; K eps 1.2678; crossings 11
K   26: first in-regime crossing eps 0.0486672 tau +1; K eps 1.2653; crossings 13
K   28: first in-regime crossing eps 0.0453051 tau +1; K eps 1.2685; crossings 13
K   30: first in-regime crossing eps 0.0428531 tau +1; K eps 1.2856; crossings 17
K   32: first in-regime crossing eps 0.0421482 tau +1; K eps 1.3487; crossings 19
K   34: first in-regime crossing eps 0.0369115 tau -1; K eps 1.2550; crossings 20
K   36: first in-regime crossing eps 0.0326295 tau -1; K eps 1.1747; crossings 20
K   38: first in-regime crossing eps 0.0295886 tau -1; K eps 1.1244; crossings 21
K   40: first in-regime crossing eps 0.0271827 tau -1; K eps 1.0873; crossings 24
K   42: first in-regime crossing eps 0.0251929 tau -1; K eps 1.0581; crossings 26
K   44: first in-regime crossing eps 0.0235106 tau -1; K eps 1.0345; crossings 31
K   46: first in-regime crossing eps 0.0220779 tau -1; K eps 1.0156; crossings 32
K   48: first in-regime crossing eps 0.0208743 tau -1; K eps 1.0020; crossings 33
K   50: first in-regime crossing eps 0.0199119 tau -1; K eps 0.9956; crossings 36
K   52: first in-regime crossing eps 0.0193810 tau -1; K eps 1.0078; crossings 39
K   54: first in-regime crossing eps 0.0182390 tau +1; K eps 0.9849; crossings 41
K   56: first in-regime crossing eps 0.0165698 tau +1; K eps 0.9279; crossings 43
K   58: first in-regime crossing eps 0.0153884 tau +1; K eps 0.8925; crossings 41
K   60: first in-regime crossing eps 0.0144211 tau +1; K eps 0.8653; crossings 43
K   62: first in-regime crossing eps 0.0135890 tau +1; K eps 0.8425; crossings 47
K   64: first in-regime crossing eps 0.0128573 tau +1; K eps 0.8229; crossings 51
K   66: first in-regime crossing eps 0.0122019 tau +1; K eps 0.8053; crossings 52
K   68: first in-regime crossing eps 0.0116133 tau +1; K eps 0.7897; crossings 53
K   70: first in-regime crossing eps 0.0110816 tau +1; K eps 0.7757; crossings 51
K   72: first in-regime crossing eps 0.0105977 tau +1; K eps 0.7630; crossings 53
K   74: first in-regime crossing eps 0.0101574 tau +1; K eps 0.7516; crossings 57
K   76: first in-regime crossing eps 0.0097599 tau +1; K eps 0.7417; crossings 61
K   78: first in-regime crossing eps 0.0094040 tau +1; K eps 0.7335; crossings 61
K   80: first in-regime crossing eps 0.0090963 tau +1; K eps 0.7277; crossings 59
K   82: first in-regime crossing eps 0.0088570 tau +1; K eps 0.7263; crossings 63
K   84: no in-regime crossing (67 crossings total)
K   86: first in-regime crossing eps 0.0081939 tau -1; K eps 0.7047; crossings 67
K   88: first in-regime crossing eps 0.0077565 tau -1; K eps 0.6826; crossings 71
K   90: first in-regime crossing eps 0.0074029 tau -1; K eps 0.6663; crossings 69
K   92: first in-regime crossing eps 0.0070946 tau -1; K eps 0.6527; crossings 73
K   94: first in-regime crossing eps 0.0068170 tau -1; K eps 0.6408; crossings 73
K   96: first in-regime crossing eps 0.0065647 tau -1; K eps 0.6302; crossings 75
K   98: first in-regime crossing eps 0.0063308 tau -1; K eps 0.6204; crossings 77
K  100: first in-regime crossing eps 0.0061152 tau -1; K eps 0.6115; crossings 77
K  102: first in-regime crossing eps 0.0059161 tau -1; K eps 0.6034; crossings 83
K  104: first in-regime crossing eps 0.0057294 tau -1; K eps 0.5959; crossings 89
K  106: first in-regime crossing eps 0.0055575 tau -1; K eps 0.5891; crossings 87
K  108: first in-regime crossing eps 0.0053988 tau -1; K eps 0.5831; crossings 89
K  110: first in-regime crossing eps 0.0052556 tau -1; K eps 0.5781; crossings 87
K  112: first in-regime crossing eps 0.0051289 tau -1; K eps 0.5744; crossings 91
K  114: first in-regime crossing eps 0.0050325 tau -1; K eps 0.5737; crossings 97
K  116: first in-regime crossing eps 0.0050084 tau +1; K eps 0.5810; crossings 95
K  118: first in-regime crossing eps 0.0047311 tau +1; K eps 0.5583; crossings 91
K  120: first in-regime crossing eps 0.0045460 tau +1; K eps 0.5455; crossings 99
K  122: first in-regime crossing eps 0.0043910 tau +1; K eps 0.5357; crossings 103
K  124: first in-regime crossing eps 0.0042526 tau +1; K eps 0.5273; crossings 109
K  126: first in-regime crossing eps 0.0041260 tau +1; K eps 0.5199; crossings 105
K  128: first in-regime crossing eps 0.0040079 tau +1; K eps 0.5130; crossings 109
K  130: first in-regime crossing eps 0.0038978 tau +1; K eps 0.5067; crossings 111
K  132: first in-regime crossing eps 0.0037950 tau +1; K eps 0.5009; crossings 117
K  134: first in-regime crossing eps 0.0036987 tau +1; K eps 0.4956; crossings 117
K  136: first in-regime crossing eps 0.0036076 tau +1; K eps 0.4906; crossings 116
K  138: first in-regime crossing eps 0.0035223 tau +1; K eps 0.4861; crossings 115
K  140: first in-regime crossing eps 0.0034424 tau +1; K eps 0.4819; crossings 113
K  142: first in-regime crossing eps 0.0033701 tau +1; K eps 0.4785; crossings 121
K  144: first in-regime crossing eps 0.0033056 tau +1; K eps 0.4760; crossings 124
K  146: first in-regime crossing eps 0.0032570 tau +1; K eps 0.4755; crossings 125
K  148: first in-regime crossing eps 0.0032381 tau -1; K eps 0.4792; crossings 125
K  150: first in-regime crossing eps 0.0030971 tau -1; K eps 0.4646; crossings 123
K  152: first in-regime crossing eps 0.0030005 tau -1; K eps 0.4561; crossings 123
K  154: first in-regime crossing eps 0.0029189 tau -1; K eps 0.4495; crossings 133
K  156: first in-regime crossing eps 0.0028444 tau -1; K eps 0.4437; crossings 140
K  158: first in-regime crossing eps 0.0027757 tau -1; K eps 0.4386; crossings 137
K  160: first in-regime crossing eps 0.0027112 tau -1; K eps 0.4338; crossings 136
K  162: first in-regime crossing eps 0.0026501 tau -1; K eps 0.4293; crossings 133
K  164: first in-regime crossing eps 0.0025931 tau -1; K eps 0.4253; crossings 141
K  166: first in-regime crossing eps 0.0025387 tau -1; K eps 0.4214; crossings 149
K  168: first in-regime crossing eps 0.0024870 tau -1; K eps 0.4178; crossings 144
K  170: first in-regime crossing eps 0.0024383 tau -1; K eps 0.4145; crossings 145
K  172: first in-regime crossing eps 0.0023930 tau -1; K eps 0.4116; crossings 148
K  174: first in-regime crossing eps 0.0023503 tau -1; K eps 0.4089; crossings 157
K  176: first in-regime crossing eps 0.0023129 tau -1; K eps 0.4071; crossings 153
K  178: first in-regime crossing eps 0.0022816 tau -1; K eps 0.4061; crossings 153
K  180: first in-regime crossing eps 0.0022765 tau -1; K eps 0.4098; crossings 159
K  182: first in-regime crossing eps 0.0021964 tau +1; K eps 0.3997; crossings 157
K  184: first in-regime crossing eps 0.0021379 tau +1; K eps 0.3934; crossings 159
K  186: first in-regime crossing eps 0.0020879 tau +1; K eps 0.3883; crossings 161
K  188: first in-regime crossing eps 0.0020433 tau +1; K eps 0.3841; crossings 165
K  190: first in-regime crossing eps 0.0020012 tau +1; K eps 0.3802; crossings 165
K  192: first in-regime crossing eps 0.0019618 tau +1; K eps 0.3767; crossings 163
K  194: first in-regime crossing eps 0.0019248 tau +1; K eps 0.3734; crossings 171
K  196: first in-regime crossing eps 0.0018894 tau +1; K eps 0.3703; crossings 175
K  198: first in-regime crossing eps 0.0018553 tau +1; K eps 0.3673; crossings 175
K  200: first in-regime crossing eps 0.0018236 tau +1; K eps 0.3647; crossings 175
K  202: first in-regime crossing eps 0.0017927 tau +1; K eps 0.3621; crossings 177
K  204: first in-regime crossing eps 0.0017640 tau +1; K eps 0.3599; crossings 173
K  206: first in-regime crossing eps 0.0017372 tau +1; K eps 0.3579; crossings 181
K  208: first in-regime crossing eps 0.0017125 tau +1; K eps 0.3562; crossings 181
K  210: first in-regime crossing eps 0.0016921 tau +1; K eps 0.3553; crossings 187
K  212: first in-regime crossing eps 0.0016832 tau +1; K eps 0.3568; crossings 185
K  214: first in-regime crossing eps 0.0016435 tau -1; K eps 0.3517; crossings 189
K  216: first in-regime crossing eps 0.0016042 tau -1; K eps 0.3465; crossings 195
K  218: first in-regime crossing eps 0.0015713 tau -1; K eps 0.3425; crossings 193
K  220: first in-regime crossing eps 0.0015422 tau -1; K eps 0.3393; crossings 189
K  222: first in-regime crossing eps 0.0015143 tau -1; K eps 0.3362; crossings 189
K  224: first in-regime crossing eps 0.0014887 tau -1; K eps 0.3335; crossings 191
K  226: first in-regime crossing eps 0.0014638 tau -1; K eps 0.3308; crossings 191
K  228: first in-regime crossing eps 0.0014405 tau -1; K eps 0.3284; crossings 191
K  230: first in-regime crossing eps 0.0014183 tau -1; K eps 0.3262; crossings 199
K  232: first in-regime crossing eps 0.0013970 tau -1; K eps 0.3241; crossings 213
K  234: first in-regime crossing eps 0.0013766 tau -1; K eps 0.3221; crossings 211
K  236: first in-regime crossing eps 0.0013569 tau -1; K eps 0.3202; crossings 205
K  238: first in-regime crossing eps 0.0013383 tau -1; K eps 0.3185; crossings 205
K  240: first in-regime crossing eps 0.0013218 tau -1; K eps 0.3172; crossings 212
K  242: first in-regime crossing eps 0.0013070 tau -1; K eps 0.3163; crossings 215
K  244: first in-regime crossing eps 0.0012984 tau -1; K eps 0.3168; crossings 212
K  246: first in-regime crossing eps 0.0012784 tau +1; K eps 0.3145; crossings 207
K  248: first in-regime crossing eps 0.0012497 tau +1; K eps 0.3099; crossings 215
K  250: first in-regime crossing eps 0.0012271 tau +1; K eps 0.3068; crossings 223
K  252: first in-regime crossing eps 0.0012066 tau +1; K eps 0.3041; crossings 217
K  254: first in-regime crossing eps 0.0011877 tau +1; K eps 0.3017; crossings 227
K  256: first in-regime crossing eps 0.0011698 tau +1; K eps 0.2995; crossings 225
K  258: first in-regime crossing eps 0.0011527 tau +1; K eps 0.2974; crossings 229
K  260: first in-regime crossing eps 0.0011362 tau +1; K eps 0.2954; crossings 229
K  262: first in-regime crossing eps 0.0011204 tau +1; K eps 0.2935; crossings 235
K  264: first in-regime crossing eps 0.0011054 tau +1; K eps 0.2918; crossings 227
K  266: first in-regime crossing eps 0.0010913 tau +1; K eps 0.2903; crossings 231
K  268: first in-regime crossing eps 0.0010772 tau +1; K eps 0.2887; crossings 232
K  270: first in-regime crossing eps 0.0010646 tau +1; K eps 0.2874; crossings 235
K  272: first in-regime crossing eps 0.0010523 tau +1; K eps 0.2862; crossings 240
K  274: first in-regime crossing eps 0.0010416 tau +1; K eps 0.2854; crossings 243
K  276: first in-regime crossing eps 0.0010342 tau +1; K eps 0.2854; crossings 235
K  278: first in-regime crossing eps 0.0010242 tau -1; K eps 0.2847; crossings 239
K  280: first in-regime crossing eps 0.0010028 tau -1; K eps 0.2808; crossings 231
K  282: first in-regime crossing eps 0.0009859 tau -1; K eps 0.2780; crossings 243
K  284: first in-regime crossing eps 0.0009711 tau -1; K eps 0.2758; crossings 247
K  286: first in-regime crossing eps 0.0009573 tau -1; K eps 0.2738; crossings 251
K  288: first in-regime crossing eps 0.0009445 tau -1; K eps 0.2720; crossings 249
K  290: first in-regime crossing eps 0.0009321 tau -1; K eps 0.2703; crossings 251
K  292: first in-regime crossing eps 0.0009200 tau -1; K eps 0.2686; crossings 255
K  294: first in-regime crossing eps 0.0009089 tau -1; K eps 0.2672; crossings 257
K  296: first in-regime crossing eps 0.0008976 tau -1; K eps 0.2657; crossings 257
K  298: first in-regime crossing eps 0.0008872 tau -1; K eps 0.2644; crossings 257
K  300: first in-regime crossing eps 0.0008772 tau -1; K eps 0.2632; crossings 261
K  302: first in-regime crossing eps 0.0008674 tau -1; K eps 0.2619; crossings 269
K  304: first in-regime crossing eps 0.0008583 tau -1; K eps 0.2609; crossings 267
K  306: first in-regime crossing eps 0.0008504 tau -1; K eps 0.2602; crossings 267
K  308: first in-regime crossing eps 0.0008443 tau -1; K eps 0.2600; crossings 255
K  310: first in-regime crossing eps 0.0008401 tau +1; K eps 0.2604; crossings 259
K  312: first in-regime crossing eps 0.0008232 tau +1; K eps 0.2568; crossings 265
K  314: first in-regime crossing eps 0.0008105 tau +1; K eps 0.2545; crossings 281
K  316: first in-regime crossing eps 0.0007994 tau +1; K eps 0.2526; crossings 287
K  318: first in-regime crossing eps 0.0007888 tau +1; K eps 0.2508; crossings 277
K  320: first in-regime crossing eps 0.0007794 tau +1; K eps 0.2494; crossings 285
