start rm 0.7264 (eps 0.273600, rp 1.0): residual 1.16e-32, scan max +1.16e-32 at 0.00 deg; PREC 110, NGH 200 [0s]
  rm 0.7274 (eps 0.2726000) valid: res 3.9e-33 (6 its); G [29.2291, 54.5752, 75.2536]; masses [0.165303, 0.035975, 0.058419, 0.050293, 0.040649]; margins ['-2.44e-14', '-5.72e-15', '-7.34e-16', '-9.62e-17']; scan max +7.70e-34 at 0.00; fine 85-90 [89.95, -9.37306169751341e-21]; d2_Y -2.462e-14 [8s]
  rm 0.7289 (eps 0.2711000) valid: res 3.1e-33 (5 its); G [28.7672, 53.403, 73.0429]; masses [0.163088, 0.045172, 0.057891, 0.047924, 0.040056]; margins ['-1.82e-14', '-4.41e-15', '-6.85e-16', '-2.13e-16']; scan max +0.00e+00 at 0.00; fine 85-90 [89.95, -1.652115357134999e-20]; d2_Y -4.339e-14 [16s]
  rm 0.7309 (eps 0.2691000) valid: res 3.9e-33 (5 its); G [28.1669, 52.0062, 71.2601]; masses [0.160137, 0.050499, 0.057239, 0.045769, 0.041674]; margins ['-1.26e-14', '-3.26e-15', '-6.67e-16', '-3.71e-16']; scan max +3.08e-33 at 0.00; fine 85-90 [89.95, -2.4507661219330196e-20]; d2_Y -6.436e-14 [24s]
  rm 0.7329 (eps 0.2671000) valid: res 3.1e-33 (5 its); G [27.5919, 50.8202, 70.1646]; masses [0.1572, 0.053165, 0.056681, 0.044585, 0.043552]; margins ['-8.93e-15', '-2.50e-15', '-6.65e-16', '-4.96e-16']; scan max -7.70e-34 at 0.00; fine 85-90 [89.95, -2.9906008097856226e-20]; d2_Y -7.854e-14 [32s]
  rm 0.7349 (eps 0.2651000) valid: res 3.9e-33 (5 its); G [27.0477, 49.8309, 69.4427]; masses [0.154286, 0.054726, 0.056238, 0.044083, 0.045173]; margins ['-6.44e-15', '-1.98e-15', '-6.60e-16', '-5.75e-16']; scan max -7.70e-34 at 0.00; fine 85-90 [89.95, -3.277523557509872e-20]; d2_Y -8.608e-14 [41s]
  rm 0.7369 (eps 0.2631000) valid: res 3.9e-33 (5 its); G [26.5377, 49.0107, 68.9422]; masses [0.151405, 0.055724, 0.055919, 0.044021, 0.046496]; margins ['-4.70e-15', '-1.59e-15', '-6.43e-16', '-6.12e-16']; scan max +2.31e-33 at 0.00; fine 85-90 [89.95, -3.350527836017431e-20]; d2_Y -8.799e-14 [48s]
  rm 0.7389 (eps 0.2611000) valid: res 3.9e-33 (5 its); G [26.0634, 48.3304, 68.5816]; masses [0.148565, 0.056399, 0.055722, 0.044227, 0.047569]; margins ['-3.45e-15', '-1.29e-15', '-6.11e-16', '-6.11e-16']; scan max +3.85e-33 at 0.00; fine 85-90 [89.95, -3.253782866338839e-20]; d2_Y -8.545e-14 [57s]
  rm 0.7409 (eps 0.2591000) valid: res 2.3e-33 (5 its); G [25.625, 47.7643, 68.3142]; masses [0.145773, 0.056873, 0.055637, 0.044592, 0.048448]; margins ['-2.53e-15', '-1.04e-15', '-5.64e-16', '-5.81e-16']; scan max +1.54e-33 at 0.00; fine 85-90 [89.95, -3.027177009263861e-20]; d2_Y -7.950e-14 [65s]
  rm 0.7429 (eps 0.2571000) valid: res 3.8e-31 (4 its); G [25.2217, 47.291, 68.1112]; masses [0.143036, 0.057214, 0.055652, 0.045046, 0.049178]; margins ['-1.85e-15', '-8.37e-16', '-5.04e-16', '-5.27e-16']; scan max +1.22e-31 at 0.00; fine 85-90 [89.95, -2.7038453654646394e-20]; d2_Y -7.101e-14 [71s]
  rm 0.7449 (eps 0.2551000) valid: res 9.6e-31 (4 its); G [24.852, 46.8931, 67.9542]; masses [0.140359, 0.057462, 0.055754, 0.045543, 0.049793]; margins ['-1.32e-15', '-6.57e-16', '-4.33e-16', '-4.56e-16']; scan max +6.69e-31 at 90.00; fine 85-90 [89.95, -2.3102492850437125e-20]; d2_Y -6.067e-14 [78s]
  rm 0.7469 (eps 0.2531000) valid: res 6.2e-33 (5 its); G [24.5141, 46.5568, 67.8312]; masses [0.137746, 0.057646, 0.055928, 0.046057, 0.050319]; margins ['-9.16e-16', '-4.97e-16', '-3.52e-16', '-3.72e-16']; scan max -3.85e-33 at 0.00; fine 85-90 [89.95, -1.8670745227498387e-20]; d2_Y -4.903e-14 [85s]
  rm 0.7489 (eps 0.2511000) valid: res 4.6e-33 (5 its); G [24.2059, 46.2711, 67.7336]; masses [0.135201, 0.057781, 0.056163, 0.046572, 0.050774]; margins ['-5.94e-16', '-3.51e-16', '-2.64e-16', '-2.79e-16']; scan max +1.54e-33 at 0.00; fine 85-90 [89.95, -1.3902813729934158e-20]; d2_Y -3.651e-14 [92s]
  rm 0.7509 (eps 0.2491000) valid: res 3.1e-33 (5 its); G [23.9254, 46.0273, 67.6555]; masses [0.132726, 0.057881, 0.056445, 0.047077, 0.051174]; margins ['-3.37e-16', '-2.15e-16', '-1.70e-16', '-1.80e-16']; scan max +1.54e-33 at 0.00; fine 85-90 [89.95, -8.920681455618918e-21]; d2_Y -2.343e-14 [99s]
  rm 0.7529 (eps 0.2471000) valid: res 4.6e-33 (5 its); G [23.6705, 45.8182, 67.5925]; masses [0.130324, 0.057955, 0.056764, 0.047567, 0.051529]; margins ['-1.27e-16', '-8.75e-17', '-7.30e-17', '-7.75e-17']; scan max +7.70e-34 at 0.00; fine 85-90 [89.95, -3.8168015783928564e-21]; d2_Y -1.002e-14 [107s]
  rm 0.7549 (eps 0.2451000) INVALID: res 4.6e-33 (5 its); G [23.4392, 45.6382, 67.5415]; masses [0.127997, 0.058008, 0.057111, 0.048039, 0.051847]; margins ['+4.64e-17', '+3.33e-17', '+2.73e-17', '+2.75e-17']; scan max +4.63e-17 at 12.00; fine 85-90 [85.0, 1.1360641439104035e-17]; d2_Y +3.518e-15 [114s]
  rm 0.7539 (eps 0.2461000) valid: res 1.2e-32 (4 its); G [23.552, 45.7249, 67.5657]; masses [0.129151, 0.057984, 0.056935, 0.047805, 0.051692]; margins ['-3.63e-17', '-2.64e-17', '-2.31e-17', '-2.52e-17']; scan max +3.85e-33 at 0.00; fine 85-90 [89.95, -1.2416573477609757e-21]; d2_Y -3.261e-15 [120s]
  rm 0.7544 (eps 0.2456000) INVALID: res 3.9e-33 (4 its); G [23.4949, 45.6807, 67.5533]; masses [0.128572, 0.057996, 0.057022, 0.047923, 0.051771]; margins ['+6.02e-18', '+3.68e-18', '+2.05e-18', '+1.15e-18']; scan max +6.00e-18 at 12.00; fine 85-90 [85.0, 4.2420029598558557e-19]; d2_Y +1.274e-16 [127s]
  rm 0.75415 (eps 0.2458500) valid: res 5.4e-33 (4 its); G [23.5233, 45.7026, 67.5594]; masses [0.128861, 0.05799, 0.056978, 0.047864, 0.051732]; margins ['-1.49e-17', '-1.13e-17', '-1.05e-17', '-1.20e-17']; scan max +3.08e-33 at 0.00; fine 85-90 [89.95, -5.967029331096976e-22]; d2_Y -1.567e-15 [133s]
  rm 0.754275 (eps 0.2457250) valid: res 8.5e-33 (3 its); G [23.5091, 45.6916, 67.5563]; masses [0.128716, 0.057993, 0.057, 0.047894, 0.051751]; margins ['-4.37e-18', '-3.80e-18', '-4.25e-18', '-5.44e-18']; scan max +3.85e-33 at 0.00; fine 85-90 [89.95, -2.741200957500017e-22]; d2_Y -7.199e-16 [139s]
  rm 0.7543375 (eps 0.2456625) INVALID: res 6.9e-33 (3 its); G [23.502, 45.6862, 67.5548]; masses [0.128644, 0.057995, 0.057011, 0.047908, 0.051761]; margins ['+8.41e-19', '-5.71e-20', '-1.10e-18', '-2.15e-18']; scan max +8.50e-19 at 11.00; fine 85-90 [89.95, -1.1280750965792862e-22]; d2_Y -2.963e-16 [145s]
  rm 0.75430625 (eps 0.2456938) valid: res 3.1e-33 (3 its); G [23.5055, 45.6889, 67.5555]; masses [0.12868, 0.057994, 0.057006, 0.047901, 0.051756]; margins ['-1.76e-18', '-1.93e-18', '-2.67e-18', '-3.79e-18']; scan max +2.31e-33 at 0.00; fine 85-90 [89.95, -1.9346541312036234e-22]; d2_Y -5.081e-16 [150s]
  rm 0.754321875 (eps 0.2456781) valid: res 1.2e-32 (2 its); G [23.5038, 45.6875, 67.5552]; masses [0.128662, 0.057994, 0.057009, 0.047904, 0.051759]; margins ['-4.58e-19', '-9.91e-19', '-1.89e-18', '-2.97e-18']; scan max +1.00e-32 at 0.00; fine 85-90 [89.95, -1.5313685255822832e-22]; d2_Y -4.022e-16 [155s]
  rm 0.7543296875 (eps 0.2456703) INVALID: res 9.2e-33 (2 its); G [23.5029, 45.6869, 67.555]; masses [0.128653, 0.057995, 0.05701, 0.047906, 0.05176]; margins ['+1.92e-19', '-5.24e-19', '-1.49e-18', '-2.56e-18']; scan max +2.12e-19 at 10.00; fine 85-90 [89.95, -1.3297227746158322e-22]; d2_Y -3.492e-16 [160s]
  rm 0.75432578125 (eps 0.2456742) valid: res 4.6e-33 (2 its); G [23.5033, 45.6872, 67.5551]; masses [0.128657, 0.057995, 0.057009, 0.047905, 0.051759]; margins ['-1.33e-19', '-7.58e-19', '-1.69e-18', '-2.76e-18']; scan max -2.31e-33 at 0.00; fine 85-90 [89.95, -1.430545892812453e-22]; d2_Y -3.757e-16 [166s]
  rm 0.754327734375 (eps 0.2456723) INVALID: res 3.1e-33 (2 its); G [23.5031, 45.687, 67.555]; masses [0.128655, 0.057995, 0.05701, 0.047906, 0.05176]; margins ['+2.92e-20', '-6.41e-19', '-1.59e-18', '-2.66e-18']; scan max +6.88e-20 at 8.00; fine 85-90 [89.95, -1.3801343942307133e-22]; d2_Y -3.625e-16 [173s]
  rm 0.754326757813 (eps 0.2456732) INVALID: res 6.2e-33 (2 its); G [23.5032, 45.6871, 67.555]; masses [0.128656, 0.057995, 0.05701, 0.047906, 0.05176]; margins ['-5.20e-20', '-6.99e-19', '-1.64e-18', '-2.71e-18']; scan max +1.51e-20 at 6.00; fine 85-90 [89.95, -1.4053401457209952e-22]; d2_Y -3.691e-16 [180s]
EVENT: K 16 loses KKT at rm in (0.75432578125, 0.754326757813] (eps in [0.2456732, 0.2456742)); 720-point scan of the first invalid state: max +1.531e-20 at 5.625 deg; fine 85-90 [89.95, -1.4053401457209952e-22]; d2_Y -3.691e-16 [181s]
  last valid state: fine 85-90 [89.95, -1.430545892812453e-22]; d2_Y -3.757e-16 [181s]
