rp 4.0 rm 3.999: inner mass 0.15119593; C 1.875272357942; inner radius a_0..: [1.276869, 0.000177, 0.0, 0.0]; inner d_1..: [0.000926, 2e-06, -0.0]; min g +0.999; residual 1.7e-13
rp 4.0 rm 3.98: inner mass 0.15030273; C 1.872045310828; inner radius a_0..: [1.26705, 0.003474, 6e-06, 0.0]; inner d_1..: [0.018969, 0.000862, 2.3e-05]; min g +0.982; residual 2.3e-13
rp 4.0 rm 3.96: inner mass 0.14935143; C 1.868639123306; inner radius a_0..: [1.256528, 0.006811, 2.2e-05, 0.0]; inner d_1..: [0.0389, 0.003571, 0.000192]; min g +0.964; residual 3.4e-14
rp 4.0 rm 3.94: inner mass 0.14838860; C 1.865223408685; inner radius a_0..: [1.245809, 0.010013, 4.8e-05, 0.0]; inner d_1..: [0.059841, 0.008325, 0.00068]; min g +0.948; residual 3.2e-13
rp 4.0 rm 3.92: inner mass 0.14741408; C 1.861798174605; inner radius a_0..: [1.234886, 0.013081, 8.4e-05, 0.0]; inner d_1..: [0.081847, 0.015341, 0.001692]; min g +0.932; residual 1.2e-14
rp 4.0 rm 3.9: inner mass 0.14642773; C 1.858363429016; inner radius a_0..: [1.223753, 0.016016, 0.000127, 1e-06]; inner d_1..: [0.104976, 0.024864, 0.003473]; min g +0.916; residual 2.8e-14
rp 4.0 rm 3.88: inner mass 0.14542940; C 1.854919180051; inner radius a_0..: [1.212401, 0.018821, 0.000178, 1e-06]; inner d_1..: [0.129292, 0.037166, 0.006313]; min g +0.902; residual 1.3e-14
rp 4.0 rm 3.86: inner mass 0.14441893; C 1.851465435890; inner radius a_0..: [1.200825, 0.021496, 0.000236, 2e-06]; inner d_1..: [0.154863, 0.05255, 0.010554]; min g +0.887; residual 4.4e-13
rp 4.0 rm 3.84: inner mass 0.14339620; C 1.848002204618; inner radius a_0..: [1.189015, 0.024043, 0.0003, 3e-06]; inner d_1..: [0.181764, 0.071359, 0.016604]; min g +0.873; residual 1.8e-14
rp 4.0 rm 3.82: inner mass 0.14236104; C 1.844529494084; inner radius a_0..: [1.176964, 0.026462, 0.000368, 4e-06]; inner d_1..: [0.21008, 0.093979, 0.024946]; min g +0.859; residual 2.6e-13
rp 4.0 rm 3.8: inner mass 0.14131334; C 1.841047311757; inner radius a_0..: [1.164662, 0.028756, 0.000441, 6e-06]; inner d_1..: [0.239901, 0.120846, 0.036154]; min g +0.845; residual 4.4e-13
rp 4.0 rm 3.78: inner mass 0.14025294; C 1.837555664575; inner radius a_0..: [1.152099, 0.030924, 0.000518, 7e-06]; inner d_1..: [0.271326, 0.152457, 0.050914]; min g +0.830; residual 2.7e-14
rp 4.0 rm 3.76: inner mass 0.13917973; C 1.834054558795; inner radius a_0..: [1.139266, 0.032969, 0.000598, 9e-06]; inner d_1..: [0.304464, 0.189376, 0.070042]; min g +0.805; residual 3.2e-13
rp 4.0 rm 3.74: inner mass 0.13809356; C 1.830543999839; inner radius a_0..: [1.126152, 0.034891, 0.000681, 1.2e-05]; inner d_1..: [0.339438, 0.232251, 0.094517]; min g +0.768; residual 7.2e-13
rp 4.0 rm 3.72: inner mass 0.13699433; C 1.827023992135; inner radius a_0..: [1.112744, 0.03669, 0.000765, 1.4e-05]; inner d_1..: [0.376381, 0.281827, 0.125519]; min g +0.718; residual 3.1e-13
rp 4.0 rm 3.7: inner mass 0.13588190; C 1.823494538957; inner radius a_0..: [1.09903, 0.038368, 0.00085, 1.7e-05]; inner d_1..: [0.41544, 0.33896, 0.164471]; min g +0.661; residual 9.2e-13
rp 4.0 rm 3.68: inner mass 0.13475616; C 1.819955642264; inner radius a_0..: [1.084997, 0.039926, 0.000937, 2e-05]; inner d_1..: [0.456779, 0.404646, 0.21309]; min g +0.595; residual 4.9e-13
rp 4.0 rm 3.66: inner mass 0.13361700; C 1.816407302528; inner radius a_0..: [1.07063, 0.041364, 0.001023, 2.3e-05]; inner d_1..: [0.500582, 0.480041, 0.273479]; min g +0.502; residual 3.5e-15
rp 4.0 rm 3.64: inner mass 0.13246431; C 1.812849518572; inner radius a_0..: [1.055914, 0.042681, 0.001109, 2.6e-05]; inner d_1..: [0.547051, 0.566495, 0.348212]; min g +0.390; residual 7.4e-13
rp 4.0 rm 3.62: inner mass 0.13129800; C 1.809282287391; inner radius a_0..: [1.04083, 0.04388, 0.001194, 2.9e-05]; inner d_1..: [0.596414, 0.665595, 0.440462]; min g +0.257; residual 2.3e-13
rp 4.0 rm 3.6: inner mass 0.13011795; C 1.805705603985; inner radius a_0..: [1.025362, 0.04496, 0.001278, 3.3e-05]; inner d_1..: [0.648923, 0.779214, 0.554143]; min g +0.099; residual 2.1e-13
rp 4.0 rm 3.58: inner mass 0.12892409; C 1.802119461176; inner radius a_0..: [1.009487, 0.045921, 0.00136, 3.7e-05]; inner d_1..: [0.704866, 0.909569, 0.694151]; min g -0.088; residual 6.5e-14
rp 4.0 rm 3.56: inner mass 0.12771633; C 1.798523849430; inner radius a_0..: [0.993186, 0.046763, 0.001439, 4.1e-05]; inner d_1..: [0.764563, 1.059308, 0.866637]; min g -0.311; residual 3.5e-13
rp 4.0 rm 3.54: inner mass 0.12649460; C 1.794918756677; inner radius a_0..: [0.976433, 0.047486, 0.001516, 4.5e-05]; inner d_1..: [0.828376, 1.231604, 1.079374]; min g -0.576; residual 1.4e-13
rp 4.0 rm 3.52: inner mass 0.12525882; C 1.791304168124; inner radius a_0..: [0.959201, 0.048089, 0.001589, 4.9e-05]; inner d_1..: [0.896716, 1.430282, 1.342307]; min g -0.908; residual 6.1e-13
rp 4.0 rm 3.505: inner mass 0.12432273; C 1.788586984558; inner radius a_0..: [0.945946, 0.048462, 0.001642, 5.2e-05]; inner d_1..: [0.951219, 1.599366, 1.579994]; min g -1.227; residual 5.8e-13
rp 4.0 rm 3.5: inner mass 0.12400893; C 1.787680066072; inner radius a_0..: [0.941462, 0.048571, 0.001659, 5.4e-05]; inner d_1..: [0.970048, 1.659995, 1.668192]; min g -1.344; residual 4.7e-13
rp 4.0 rm 3.498: inner mass 0.12388317; C 1.787317131852; inner radius a_0..: [0.939659, 0.048613, 0.001666, 5.4e-05]; inner d_1..: [0.977675, 1.68488, 1.704853]; min g -1.392; residual 8.9e-13
rp 4.0 rm 3.496: inner mass 0.12375726; C 1.786954102269; inner radius a_0..: [0.93785, 0.048653, 0.001673, 5.4e-05]; inner d_1..: [0.985359, 1.71014, 1.742307]; min g -1.442; residual 2.2e-14
rp 4.0 rm 3.494: inner mass 0.12363121; C 1.786590977300; inner radius a_0..: [0.936036, 0.048693, 0.001679, 5.5e-05]; inner d_1..: [0.993098, 1.735778, 1.780601]; min g -1.492; residual 2.0e-13
rp 4.0 rm 3.492: inner mass 0.12350502; C 1.786227756921; inner radius a_0..: [0.934217, 0.048731, 0.001686, 5.5e-05]; inner d_1..: [1.000894, 1.761806, 1.819691]; min g -1.544; residual 2.6e-12
rp 4.0 rm 3.49: inner mass 0.12337868; C 1.785864441581; inner radius a_0..: [0.932392, 0.048767, 0.001693, 5.5e-05]; inner d_1..: [1.008876, 1.783349, 1.91048]; min g -1.640; residual 2.3e-09
rp 4.0 rm 3.488: inner mass 0.12325221; C 1.785501029845; inner radius a_0..: [0.930561, 0.048803, 0.001699, 5.6e-05]; inner d_1..: [1.01666, 1.815028, 1.900692]; min g -1.650; residual 6.5e-13
rp 4.0 rm 3.486: inner mass 0.12312559; C 1.785137523098; inner radius a_0..: [0.928725, 0.048837, 0.001706, 5.7e-05]; inner d_1..: [1.024631, 1.842252, 1.942487]; min g -1.705; residual 3.6e-13
rp 4.0 rm 3.484: inner mass 0.12299882; C 1.784773922480; inner radius a_0..: [0.926884, 0.048871, 0.001712, 5.6e-05]; inner d_1..: [1.032937, 1.859318, 2.095873]; min g -1.856; residual 5.9e-09
