rp 3.6 rm 3.599: inner mass 0.11114401; C 1.735263279794; inner radius a_0..: [0.733815, 6.1e-05, 0.0]; inner d_1..: [0.00388, 2e-05]; min g +0.996; residual 4.2e-15
rp 3.6 rm 3.58: inner mass 0.11013537; C 1.731828741290; inner radius a_0..: [0.714713, 0.001174, 1e-06]; inner d_1..: [0.08238, 0.008733]; min g +0.926; residual 3.4e-14
rp 3.6 rm 3.56: inner mass 0.10906242; C 1.728203871784; inner radius a_0..: [0.693782, 0.002245, 5e-06]; inner d_1..: [0.1761, 0.03931]; min g +0.863; residual 4.4e-14
rp 3.6 rm 3.54: inner mass 0.10797794; C 1.724569166213; inner radius a_0..: [0.671924, 0.003214, 1.1e-05]; inner d_1..: [0.283508, 0.100441]; min g +0.800; residual 1.4e-13
rp 3.6 rm 3.52: inner mass 0.10688188; C 1.720924596296; inner radius a_0..: [0.649043, 0.004078, 1.8e-05]; inner d_1..: [0.407662, 0.204913]; min g +0.695; residual 6.6e-13
rp 3.6 rm 3.5: inner mass 0.10577424; C 1.717270130634; inner radius a_0..: [0.625024, 0.004836, 2.6e-05]; inner d_1..: [0.552614, 0.371945]; min g +0.526; residual 9.4e-13
rp 3.6 rm 3.48: inner mass 0.10465498; C 1.713605734517; inner radius a_0..: [0.599724, 0.005485, 3.5e-05]; inner d_1..: [0.723851, 0.631221]; min g +0.276; residual 7.6e-13
rp 3.6 rm 3.46: inner mass 0.10352410; C 1.709931369723; inner radius a_0..: [0.57297, 0.006021, 4.5e-05]; inner d_1..: [0.928989, 1.030145]; min g -0.133; residual 4.3e-13
rp 3.6 rm 3.4475: inner mass 0.10281141; C 1.707629811035; inner radius a_0..: [0.555415, 0.006297, 5.1e-05]; inner d_1..: [1.079061, 1.383398]; min g -0.489; residual 2.8e-13
rp 3.6 rm 3.445: inner mass 0.10266832; C 1.707169029102; inner radius a_0..: [0.55182, 0.006347, 5.2e-05]; inner d_1..: [1.111462, 1.466535]; min g -0.572; residual 6.2e-13
rp 3.6 rm 3.4425: inner mass 0.10252506; C 1.706708090227; inner radius a_0..: [0.548196, 0.006395, 5.3e-05]; inner d_1..: [1.144731, 1.554451]; min g -0.659; residual 4.7e-13
rp 3.6 rm 3.44: inner mass 0.10238161; C 1.706246994317; inner radius a_0..: [0.544542, 0.006441, 5.4e-05]; inner d_1..: [1.178904, 1.647458]; min g -0.752; residual 2.5e-14
rp 3.6 rm 3.4375: inner mass 0.10223798; C 1.705785741281; inner radius a_0..: [0.540858, 0.006485, 5.5e-05]; inner d_1..: [1.214017, 1.745883]; min g -0.850; residual 1.5e-13
rp 3.6 rm 3.435: inner mass 0.10209417; C 1.705324331024; inner radius a_0..: [0.537143, 0.006527, 5.6e-05]; inner d_1..: [1.25011, 1.850083]; min g -0.953; residual 2.5e-13
rp 3.6 rm 3.4325: inner mass 0.10195018; C 1.704862763451; inner radius a_0..: [0.533396, 0.006567, 5.8e-05]; inner d_1..: [1.287222, 1.960444]; min g -1.062; residual 6.3e-14
rp 3.6 rm 3.43: inner mass 0.10180601; C 1.704401038466; inner radius a_0..: [0.529616, 0.006605, 5.9e-05]; inner d_1..: [1.325397, 2.077378]; min g -1.178; residual 5.7e-13
rp 3.6 rm 3.4275: inner mass 0.10166166; C 1.703939155973; inner radius a_0..: [0.525803, 0.006641, 6e-05]; inner d_1..: [1.364682, 2.201341]; min g -1.300; residual 3.3e-13
rp 3.6 rm 3.425: inner mass 0.10151713; C 1.703477115872; inner radius a_0..: [0.521957, 0.006675, 6.1e-05]; inner d_1..: [1.405123, 2.332815]; min g -1.429; residual 6.6e-15
rp 3.6 rm 3.4225: inner mass 0.10137241; C 1.703014918065; inner radius a_0..: [0.518076, 0.006707, 6.2e-05]; inner d_1..: [1.446773, 2.472329]; min g -1.566; residual 1.2e-13
rp 3.6 rm 3.42: inner mass 0.10122752; C 1.702552562452; inner radius a_0..: [0.514159, 0.006737, 6.3e-05]; inner d_1..: [1.489685, 2.620459]; min g -1.712; residual 7.3e-13
rp 3.6 rm 3.4175: inner mass 0.10108244; C 1.702090048932; inner radius a_0..: [0.510206, 0.006765, 6.4e-05]; inner d_1..: [1.533918, 2.777822]; min g -1.866; residual 2.4e-13
rp 3.6 rm 3.415: inner mass 0.10093718; C 1.701627377402; inner radius a_0..: [0.506216, 0.006791, 6.5e-05]; inner d_1..: [1.579531, 2.945101]; min g -2.029; residual 4.2e-13
