rp 3.85 rm 3.849: inner mass 0.13676977; C 1.823786995949; inner radius a_0..: [1.110534, 0.000129, 0.0]; inner d_1..: [0.00139, 4e-06]; min g +0.999; residual 2.5e-14
rp 3.85 rm 3.83: inner mass 0.13582543; C 1.820483462826; inner radius a_0..: [1.098922, 0.00252, 4e-06]; inner d_1..: [0.02861, 0.001557]; min g +0.973; residual 8.6e-15
rp 3.85 rm 3.81: inner mass 0.13481987; C 1.816996762313; inner radius a_0..: [1.08643, 0.004922, 1.4e-05]; inner d_1..: [0.059005, 0.006524]; min g +0.948; residual 4.6e-15
rp 3.85 rm 3.79: inner mass 0.13380238; C 1.813500529332; inner radius a_0..: [1.073651, 0.007206, 3.1e-05]; inner d_1..: [0.091319, 0.015404]; min g +0.924; residual 9.4e-15
rp 3.85 rm 3.77: inner mass 0.13277284; C 1.809994766437; inner radius a_0..: [1.060575, 0.009374, 5.3e-05]; inner d_1..: [0.125701, 0.028784]; min g +0.903; residual 4.0e-15
rp 3.85 rm 3.75: inner mass 0.13173113; C 1.806479475370; inner radius a_0..: [1.047187, 0.011427, 8e-05]; inner d_1..: [0.162318, 0.047353]; min g +0.883; residual 3.4e-15
rp 3.85 rm 3.73: inner mass 0.13067713; C 1.802954656910; inner radius a_0..: [1.033475, 0.013365, 0.000112]; inner d_1..: [0.201356, 0.071927]; min g +0.858; residual 6.9e-15
rp 3.85 rm 3.71: inner mass 0.12961074; C 1.799420310709; inner radius a_0..: [1.019422, 0.015188, 0.000147]; inner d_1..: [0.243025, 0.103475]; min g +0.825; residual 9.9e-15
rp 3.85 rm 3.69: inner mass 0.12853184; C 1.795876435131; inner radius a_0..: [1.005014, 0.016899, 0.000185]; inner d_1..: [0.287561, 0.143152]; min g +0.785; residual 4.4e-15
rp 3.85 rm 3.67: inner mass 0.12744035; C 1.792323027086; inner radius a_0..: [0.990232, 0.018496, 0.000226]; inner d_1..: [0.335231, 0.192344]; min g +0.736; residual 5.1e-15
rp 3.85 rm 3.65: inner mass 0.12633616; C 1.788760081859; inner radius a_0..: [0.975057, 0.019982, 0.000268]; inner d_1..: [0.386337, 0.252721]; min g +0.673; residual 1.9e-14
rp 3.85 rm 3.63: inner mass 0.12521919; C 1.785187592940; inner radius a_0..: [0.959468, 0.021355, 0.000313]; inner d_1..: [0.441224, 0.326311]; min g +0.600; residual 6.8e-15
rp 3.85 rm 3.61: inner mass 0.12408934; C 1.781605551848; inner radius a_0..: [0.943443, 0.022616, 0.000358]; inner d_1..: [0.500285, 0.415593]; min g +0.515; residual 2.1e-14
rp 3.85 rm 3.59: inner mass 0.12294654; C 1.778013947953; inner radius a_0..: [0.926957, 0.023766, 0.000404]; inner d_1..: [0.56397, 0.523613]; min g +0.406; residual 5.0e-15
rp 3.85 rm 3.57: inner mass 0.12179071; C 1.774412768296; inner radius a_0..: [0.909981, 0.024804, 0.00045]; inner d_1..: [0.6328, 0.65415]; min g +0.272; residual 1.4e-14
rp 3.85 rm 3.55: inner mass 0.12062179; C 1.770801997405; inner radius a_0..: [0.892485, 0.02573, 0.000496]; inner d_1..: [0.707376, 0.811926]; min g +0.112; residual 9.1e-15
rp 3.85 rm 3.53: inner mass 0.11943971; C 1.767181617110; inner radius a_0..: [0.874436, 0.026544, 0.00054]; inner d_1..: [0.788394, 1.002892]; min g -0.080; residual 6.9e-14
rp 3.85 rm 3.51: inner mass 0.11824443; C 1.763551606354; inner radius a_0..: [0.855794, 0.027244, 0.000584]; inner d_1..: [0.876671, 1.234633]; min g -0.312; residual 9.3e-14
rp 3.85 rm 3.49: inner mass 0.11703590; C 1.759911941004; inner radius a_0..: [0.836518, 0.027831, 0.000626]; inner d_1..: [0.973162, 1.516906]; min g -0.591; residual 1.1e-13
rp 3.85 rm 3.466: inner mass 0.11556812; C 1.755531559697; inner radius a_0..: [0.81248, 0.028382, 0.000673]; inner d_1..: [1.101399, 1.940507]; min g -1.008; residual 9.0e-13
rp 3.85 rm 3.464: inner mass 0.11544494; C 1.755165896945; inner radius a_0..: [0.810429, 0.02842, 0.000677]; inner d_1..: [1.112763, 1.980791]; min g -1.047; residual 5.3e-14
rp 3.85 rm 3.462: inner mass 0.11532163; C 1.754800136969; inner radius a_0..: [0.808371, 0.028457, 0.000681]; inner d_1..: [1.124239, 2.02193]; min g -1.087; residual 6.1e-14
rp 3.85 rm 3.461: inner mass 0.11525992; C 1.754617220510; inner radius a_0..: [0.807339, 0.028475, 0.000683]; inner d_1..: [1.130019, 2.042827]; min g -1.108; residual 2.0e-14
rp 3.85 rm 3.46: inner mass 0.11519818; C 1.754434279733; inner radius a_0..: [0.806305, 0.028493, 0.000685]; inner d_1..: [1.135827, 2.063946]; min g -1.128; residual 1.1e-14
rp 3.85 rm 3.459: inner mass 0.11513641; C 1.754251314632; inner radius a_0..: [0.805269, 0.028511, 0.000687]; inner d_1..: [1.141663, 2.085289]; min g -1.149; residual 5.2e-14
rp 3.85 rm 3.458: inner mass 0.11507460; C 1.754068325204; inner radius a_0..: [0.804232, 0.028528, 0.000689]; inner d_1..: [1.147529, 2.10686]; min g -1.170; residual 6.0e-15
rp 3.85 rm 3.457: inner mass 0.11501276; C 1.753885311443; inner radius a_0..: [0.803192, 0.028545, 0.00069]; inner d_1..: [1.153423, 2.128662]; min g -1.192; residual 3.6e-14
rp 3.85 rm 3.456: inner mass 0.11495089; C 1.753702273346; inner radius a_0..: [0.802151, 0.028562, 0.000692]; inner d_1..: [1.159347, 2.150696]; min g -1.213; residual 6.5e-15
