rp 3.7 rm 3.699: inner mass 0.12159575; C 1.771086276978; inner radius a_0..: [0.90707, 8.7e-05, 0.0, -0.0]; inner d_1..: [0.00235, 8e-06, 0.0]; min g +0.998; residual 1.8e-14
rp 3.7 rm 3.68: inner mass 0.12060838; C 1.767705031953; inner radius a_0..: [0.892221, 0.001687, 2e-06, -1e-06]; inner d_1..: [0.048934, 0.00274, 0.241368]; min g +0.712; residual 1.8e-08
rp 3.7 rm 3.66: inner mass 0.11955733; C 1.764136702018; inner radius a_0..: [0.876139, 0.003269, 1.2e-05, 1.3e-05]; inner d_1..: [0.102299, 0.037229, -3.557588]; min g -2.560; residual 2.2e-06
rp 3.7 rm 3.64: inner mass 0.11849462; C 1.760558201879; inner radius a_0..: [0.85955, 0.004744, 2.1e-05, 8e-06]; inner d_1..: [0.160434, 0.067216, -3.065233]; min g -2.121; residual 2.7e-07
rp 3.7 rm 3.62: inner mass 0.11742006; C 1.756970243154; inner radius a_0..: [0.842425, 0.006114, 2.9e-05, 3e-06]; inner d_1..: [0.224261, 0.088743, -1.164456]; min g -0.301; residual 1.5e-08
rp 3.7 rm 3.6: inner mass 0.11633333; C 1.753372640323; inner radius a_0..: [0.824738, 0.00738, 4.4e-05, 1e-06]; inner d_1..: [0.294428, 0.13242, -0.509957]; min g +0.286; residual 4.1e-09
rp 3.7 rm 3.58: inner mass 0.11523450; C 1.749765345713; inner radius a_0..: [0.806446, 0.008541, 6.1e-05, 1e-06]; inner d_1..: [0.371824, 0.199222, -0.234161]; min g +0.488; residual 2.1e-09
rp 3.7 rm 3.56: inner mass 0.11412350; C 1.746148337423; inner radius a_0..: [0.787504, 0.009597, 8e-05, -1e-06]; inner d_1..: [0.457771, 0.256929, 1.489753]; min g -0.691; residual 6.4e-09
rp 3.7 rm 3.54: inner mass 0.11300028; C 1.742521596962; inner radius a_0..: [0.767859, 0.010545, 9.7e-05, 3e-06]; inner d_1..: [0.552462, 0.48821, -2.554895]; min g -2.000; residual 2.7e-08
rp 3.7 rm 3.52: inner mass 0.11186489; C 1.738885089280; inner radius a_0..: [0.74745, 0.011387, 0.00012, 3e-06]; inner d_1..: [0.659284, 0.636879, -1.545546]; min g -1.131; residual 4.1e-09
rp 3.7 rm 3.5: inner mass 0.11071688; C 1.735238808076; inner radius a_0..: [0.726229, 0.012118, 0.000142, 7e-06]; inner d_1..: [0.777163, 1.118721, -9.514474]; min g -9.192; residual 1.9e-08
rp 3.7 rm 3.48: inner mass 0.10955710; C 1.731582685918; inner radius a_0..: [0.704075, 0.012743, 0.000162, 5e-06]; inner d_1..: [0.913599, 1.339247, -6.335012]; min g -6.233; residual 2.7e-08
rp 3.7 rm 3.455: inner mass 0.10808978; C 1.726998689593; inner radius a_0..: [0.674977, 0.013364, 0.000184, 5e-06]; inner d_1..: [1.110047, 1.920234, -7.117054]; min g -7.358; residual 5.2e-09
rp 3.7 rm 3.45: inner mass 0.10779398; C 1.726080036822; inner radius a_0..: [0.668952, 0.013466, 0.000188, 5e-06]; inner d_1..: [1.153427, 2.080657, -7.736586]; min g -8.060; residual 5.4e-09
rp 3.7 rm 3.448: inner mass 0.10767547; C 1.725712400173; inner radius a_0..: [0.666521, 0.013506, 0.000191, 5e-06]; inner d_1..: [1.171319, 2.141277, -7.884453]; min g -8.247; residual 5.0e-09
rp 3.7 rm 3.446: inner mass 0.10755680; C 1.725344666931; inner radius a_0..: [0.664079, 0.013544, 0.000193, 5e-06]; inner d_1..: [1.18896, 2.252249, -9.258267]; min g -9.603; residual 5.7e-09
rp 3.7 rm 3.444: inner mass 0.10743802; C 1.724976833489; inner radius a_0..: [0.661625, 0.01358, 0.000194, 5e-06]; inner d_1..: [1.207286, 2.321188, -9.42191]; min g -9.808; residual 5.4e-09
rp 3.7 rm 3.442: inner mass 0.10731908; C 1.724608903343; inner radius a_0..: [0.659161, 0.013615, 0.000195, 5e-06]; inner d_1..: [1.225456, 2.431768, -10.582962]; min g -10.991; residual 5.7e-09
rp 3.7 rm 3.44: inner mass 0.10720015; C 1.724240868697; inner radius a_0..: [0.656677, 0.013649, 0.000197, 5e-06]; inner d_1..: [1.245878, 2.360505, -7.161842]; min g -7.763; residual 3.7e-09
rp 3.7 rm 3.438: inner mass 0.10708102; C 1.723872737535; inner radius a_0..: [0.654185, 0.013682, 0.0002, 5e-06]; inner d_1..: [1.265293, 2.416769, -6.968024]; min g -7.631; residual 3.9e-09
rp 3.7 rm 3.435: inner mass 0.10690208; C 1.723320354476; inner radius a_0..: [0.650425, 0.01373, 0.000202, 5e-06]; inner d_1..: [1.294642, 2.528125, -7.130863]; min g -7.871; residual 3.3e-09
