rp 4.0 rm 3.999: inner mass 0.15119593; C 1.875272357942; inner radius a_0..: [1.276869, 0.000177, 0.0]; inner d_1..: [0.000926, 2e-06]; min g +0.999; residual 3.8e-15
rp 4.0 rm 3.98: inner mass 0.15030273; C 1.872045310828; inner radius a_0..: [1.26705, 0.003474, 6e-06]; inner d_1..: [0.018969, 0.000862]; min g +0.982; residual 4.5e-13
rp 4.0 rm 3.96: inner mass 0.14935143; C 1.868639123306; inner radius a_0..: [1.256528, 0.006811, 2.2e-05]; inner d_1..: [0.0389, 0.003573]; min g +0.965; residual 7.9e-13
rp 4.0 rm 3.94: inner mass 0.14838860; C 1.865223408685; inner radius a_0..: [1.245809, 0.010013, 4.8e-05]; inner d_1..: [0.059841, 0.008334]; min g +0.948; residual 5.0e-13
rp 4.0 rm 3.92: inner mass 0.14741408; C 1.861798174605; inner radius a_0..: [1.234886, 0.013081, 8.4e-05]; inner d_1..: [0.081847, 0.015371]; min g +0.934; residual 4.3e-13
rp 4.0 rm 3.9: inner mass 0.14642773; C 1.858363429015; inner radius a_0..: [1.223753, 0.016016, 0.000127]; inner d_1..: [0.104976, 0.024941]; min g +0.920; residual 5.6e-13
rp 4.0 rm 3.88: inner mass 0.14542940; C 1.854919180049; inner radius a_0..: [1.212401, 0.018821, 0.000178]; inner d_1..: [0.129291, 0.037331]; min g +0.907; residual 5.6e-13
rp 4.0 rm 3.86: inner mass 0.14441893; C 1.851465435884; inner radius a_0..: [1.200825, 0.021496, 0.000236]; inner d_1..: [0.15486, 0.05287]; min g +0.890; residual 9.5e-13
rp 4.0 rm 3.84: inner mass 0.14339620; C 1.848002204605; inner radius a_0..: [1.189015, 0.024043, 0.0003]; inner d_1..: [0.181759, 0.071929]; min g +0.871; residual 5.7e-15
rp 4.0 rm 3.82: inner mass 0.14236104; C 1.844529494058; inner radius a_0..: [1.176964, 0.026462, 0.000368]; inner d_1..: [0.21007, 0.094934]; min g +0.847; residual 8.8e-13
rp 4.0 rm 3.8: inner mass 0.14131334; C 1.841047311708; inner radius a_0..: [1.164662, 0.028756, 0.000441]; inner d_1..: [0.239883, 0.122371]; min g +0.820; residual 9.0e-13
rp 4.0 rm 3.78: inner mass 0.14025294; C 1.837555664491; inner radius a_0..: [1.152099, 0.030924, 0.000518]; inner d_1..: [0.271295, 0.154799]; min g +0.787; residual 7.3e-13
rp 4.0 rm 3.76: inner mass 0.13917973; C 1.834054558656; inner radius a_0..: [1.139266, 0.032969, 0.000598]; inner d_1..: [0.304416, 0.192862]; min g +0.747; residual 7.3e-15
rp 4.0 rm 3.74: inner mass 0.13809357; C 1.830543999621; inner radius a_0..: [1.126152, 0.03489, 0.000681]; inner d_1..: [0.339363, 0.237306]; min g +0.702; residual 4.5e-15
rp 4.0 rm 3.72: inner mass 0.13699433; C 1.827023991804; inner radius a_0..: [1.112744, 0.03669, 0.000765]; inner d_1..: [0.376267, 0.288998]; min g +0.652; residual 4.2e-15
rp 4.0 rm 3.7: inner mass 0.13588190; C 1.823494538472; inner radius a_0..: [1.09903, 0.038368, 0.00085]; inner d_1..: [0.415273, 0.348945]; min g +0.594; residual 3.3e-15
rp 4.0 rm 3.68: inner mass 0.13475617; C 1.819955641572; inner radius a_0..: [1.084997, 0.039926, 0.000937]; inner d_1..: [0.456538, 0.418333]; min g +0.524; residual 5.0e-15
rp 4.0 rm 3.66: inner mass 0.13361701; C 1.816407301565; inner radius a_0..: [1.07063, 0.041363, 0.001023]; inner d_1..: [0.500239, 0.498552]; min g +0.442; residual 4.4e-15
rp 4.0 rm 3.64: inner mass 0.13246432; C 1.812849517261; inner radius a_0..: [1.055914, 0.042681, 0.001109]; inner d_1..: [0.54657, 0.591249]; min g +0.347; residual 5.8e-15
rp 4.0 rm 3.62: inner mass 0.13129801; C 1.809282285643; inner radius a_0..: [1.04083, 0.04388, 0.001194]; inner d_1..: [0.595749, 0.698378]; min g +0.239; residual 2.9e-15
rp 4.0 rm 3.6: inner mass 0.13011796; C 1.805705601694; inner radius a_0..: [1.025362, 0.044959, 0.001278]; inner d_1..: [0.648014, 0.822274]; min g +0.114; residual 8.0e-15
rp 4.0 rm 3.58: inner mass 0.12892411; C 1.802119458222; inner radius a_0..: [1.009487, 0.04592, 0.00136]; inner d_1..: [0.703634, 0.965746]; min g -0.030; residual 7.0e-15
rp 4.0 rm 3.56: inner mass 0.12771635; C 1.798523845679; inner radius a_0..: [0.993186, 0.046762, 0.001439]; inner d_1..: [0.762907, 1.132187]; min g -0.195; residual 7.7e-15
rp 4.0 rm 3.54: inner mass 0.12649462; C 1.794918751978; inner radius a_0..: [0.976432, 0.047484, 0.001516]; inner d_1..: [0.826165, 1.325726]; min g -0.386; residual 1.0e-14
rp 4.0 rm 3.52: inner mass 0.12525884; C 1.791304162314; inner radius a_0..: [0.959201, 0.048087, 0.001589]; inner d_1..: [0.893779, 1.551429]; min g -0.608; residual 1.6e-14
rp 4.0 rm 3.505: inner mass 0.12432276; C 1.788586977798; inner radius a_0..: [0.945946, 0.048461, 0.001642]; inner d_1..: [0.947595, 1.745524]; min g -0.798; residual 6.8e-15
rp 4.0 rm 3.5: inner mass 0.12400896; C 1.787680058972; inner radius a_0..: [0.941462, 0.04857, 0.001659]; inner d_1..: [0.966163, 1.815553]; min g -0.866; residual 2.7e-14
rp 4.0 rm 3.498: inner mass 0.12388320; C 1.787317124612; inner radius a_0..: [0.939659, 0.048612, 0.001666]; inner d_1..: [0.973681, 1.844363]; min g -0.894; residual 5.8e-15
rp 4.0 rm 3.496: inner mass 0.12375729; C 1.786954094888; inner radius a_0..: [0.93785, 0.048652, 0.001672]; inner d_1..: [0.981252, 1.873642]; min g -0.922; residual 9.7e-15
rp 4.0 rm 3.494: inner mass 0.12363124; C 1.786590969776; inner radius a_0..: [0.936036, 0.048691, 0.001679]; inner d_1..: [0.988876, 1.9034]; min g -0.951; residual 5.8e-15
rp 4.0 rm 3.492: inner mass 0.12350505; C 1.786227749253; inner radius a_0..: [0.934217, 0.048729, 0.001686]; inner d_1..: [0.996553, 1.933645]; min g -0.981; residual 3.1e-15
rp 4.0 rm 3.49: inner mass 0.12337872; C 1.785864433295; inner radius a_0..: [0.932392, 0.048766, 0.001692]; inner d_1..: [1.004285, 1.964386]; min g -1.011; residual 6.4e-15
rp 4.0 rm 3.488: inner mass 0.12325224; C 1.785501021880; inner radius a_0..: [0.930561, 0.048801, 0.001699]; inner d_1..: [1.012072, 1.995635]; min g -1.041; residual 7.6e-15
rp 4.0 rm 3.486: inner mass 0.12312562; C 1.785137514982; inner radius a_0..: [0.928725, 0.048836, 0.001705]; inner d_1..: [1.019914, 2.027399]; min g -1.072; residual 2.3e-15
rp 4.0 rm 3.484: inner mass 0.12299887; C 1.784773912576; inner radius a_0..: [0.926883, 0.048869, 0.001712]; inner d_1..: [1.027812, 2.05969]; min g -1.103; residual 1.8e-14
