rp 3.85 rm 3.849: inner mass 0.13676977; C 1.823786995949; inner radius a_0..: [1.110534, 0.000129, 0.0]; inner d_1..: [0.00139, 4e-06]; min g +0.999; residual 2.5e-14
rp 3.85 rm 3.83: inner mass 0.13582543; C 1.820483462826; inner radius a_0..: [1.098922, 0.00252, 4e-06]; inner d_1..: [0.02861, 0.001557]; min g +0.973; residual 8.6e-15
rp 3.85 rm 3.81: inner mass 0.13481987; C 1.816996762313; inner radius a_0..: [1.08643, 0.004922, 1.4e-05]; inner d_1..: [0.059005, 0.006524]; min g +0.948; residual 4.6e-15
rp 3.85 rm 3.79: inner mass 0.13380238; C 1.813500529332; inner radius a_0..: [1.073651, 0.007206, 3.1e-05]; inner d_1..: [0.091319, 0.015404]; min g +0.924; residual 9.4e-15
rp 3.85 rm 3.77: inner mass 0.13277284; C 1.809994766437; inner radius a_0..: [1.060575, 0.009374, 5.3e-05]; inner d_1..: [0.125701, 0.028784]; min g +0.903; residual 4.0e-15
rp 3.85 rm 3.75: inner mass 0.13173113; C 1.806479475370; inner radius a_0..: [1.047187, 0.011427, 8e-05]; inner d_1..: [0.162318, 0.047353]; min g +0.883; residual 3.4e-15
rp 3.85 rm 3.73: inner mass 0.13067713; C 1.802954656910; inner radius a_0..: [1.033475, 0.013365, 0.000112]; inner d_1..: [0.201356, 0.071927]; min g +0.858; residual 6.9e-15
rp 3.85 rm 3.71: inner mass 0.12961074; C 1.799420310709; inner radius a_0..: [1.019422, 0.015188, 0.000147]; inner d_1..: [0.243025, 0.103475]; min g +0.825; residual 9.9e-15
rp 3.85 rm 3.69: inner mass 0.12853184; C 1.795876435131; inner radius a_0..: [1.005014, 0.016899, 0.000185]; inner d_1..: [0.287561, 0.143152]; min g +0.785; residual 4.4e-15
rp 3.85 rm 3.67: inner mass 0.12744035; C 1.792323027086; inner radius a_0..: [0.990232, 0.018496, 0.000226]; inner d_1..: [0.335231, 0.192344]; min g +0.736; residual 5.1e-15
rp 3.85 rm 3.65: inner mass 0.12633616; C 1.788760081859; inner radius a_0..: [0.975057, 0.019982, 0.000268]; inner d_1..: [0.386337, 0.252721]; min g +0.673; residual 1.9e-14
rp 3.85 rm 3.63: inner mass 0.12521919; C 1.785187592940; inner radius a_0..: [0.959468, 0.021355, 0.000313]; inner d_1..: [0.441224, 0.326311]; min g +0.600; residual 6.8e-15
rp 3.85 rm 3.61: inner mass 0.12408934; C 1.781605551848; inner radius a_0..: [0.943443, 0.022616, 0.000358]; inner d_1..: [0.500285, 0.415593]; min g +0.515; residual 2.1e-14
rp 3.85 rm 3.59: inner mass 0.12294654; C 1.778013947953; inner radius a_0..: [0.926957, 0.023766, 0.000404]; inner d_1..: [0.56397, 0.523613]; min g +0.406; residual 5.0e-15
rp 3.85 rm 3.57: inner mass 0.12179071; C 1.774412768296; inner radius a_0..: [0.909981, 0.024804, 0.00045]; inner d_1..: [0.6328, 0.65415]; min g +0.272; residual 1.4e-14
rp 3.85 rm 3.55: inner mass 0.12062179; C 1.770801997405; inner radius a_0..: [0.892485, 0.02573, 0.000496]; inner d_1..: [0.707376, 0.811926]; min g +0.112; residual 9.1e-15
rp 3.85 rm 3.53: inner mass 0.11943971; C 1.767181617110; inner radius a_0..: [0.874436, 0.026544, 0.00054]; inner d_1..: [0.788394, 1.002892]; min g -0.080; residual 6.9e-14
rp 3.85 rm 3.51: inner mass 0.11824443; C 1.763551606354; inner radius a_0..: [0.855794, 0.027244, 0.000584]; inner d_1..: [0.876671, 1.234633]; min g -0.312; residual 9.3e-14
rp 3.85 rm 3.49: inner mass 0.11703590; C 1.759911941004; inner radius a_0..: [0.836518, 0.027831, 0.000626]; inner d_1..: [0.973162, 1.516906]; min g -0.591; residual 1.1e-13
rp 3.85 rm 3.47: inner mass 0.11581408; C 1.756262593658; inner radius a_0..: [0.816558, 0.028301, 0.000666]; inner d_1..: [1.078997, 1.862425]; min g -0.931; residual 4.7e-13
rp 3.85 rm 3.45: inner mass 0.11457895; C 1.752603533453; inner radius a_0..: [0.79586, 0.028655, 0.000703]; inner d_1..: [1.195512, 2.287966]; min g -1.347; residual 2.7e-14
rp 3.85 rm 3.43: inner mass 0.11333050; C 1.748934725864; inner radius a_0..: [0.77436, 0.02889, 0.000738]; inner d_1..: [1.324301, 2.815999]; min g -1.860; residual 2.9e-15
rp 3.85 rm 3.41: inner mass 0.11206871; C 1.745256132514; inner radius a_0..: [0.751985, 0.029003, 0.000769]; inner d_1..: [1.467267, 3.47711]; min g -2.499; residual 5.2e-15
rp 3.85 rm 3.39: inner mass 0.11079359; C 1.741567710971; inner radius a_0..: [0.728651, 0.028991, 0.000797]; inner d_1..: [1.626697, 4.313718]; min g -3.314; residual 9.8e-15
rp 3.85 rm 3.37: inner mass 0.10950516; C 1.737869414548; inner radius a_0..: [0.704256, 0.028849, 0.00082]; inner d_1..: [1.805337, 5.385899]; min g -4.386; residual 1.7e-13
rp 3.85 rm 3.35: inner mass 0.10820345; C 1.734161192110; inner radius a_0..: [0.678682, 0.028572, 0.000838]; inner d_1..: [2.00647, 6.780813]; min g -5.781; residual 3.3e-14
rp 3.85 rm 3.33: inner mass 0.10688849; C 1.730442987866; inner radius a_0..: [0.651783, 0.028154, 0.000852]; inner d_1..: [2.233982, 8.628502]; min g -7.629; residual 2.4e-13
rp 3.85 rm 3.31: inner mass 0.10556036; C 1.726714741174; inner radius a_0..: [0.623383, 0.027586, 0.000859]; inner d_1..: [2.492333, 11.129457]; min g -10.129; residual 7.6e-13
