rp 4.15 rm 4.149: inner mass 0.16478580; C 1.925552437384; inner radius a_0..: [1.421138, 0.000233, 0.0]; inner d_1..: [0.000653, 1e-06]; min g +0.999; residual 4.7e-14
rp 4.15 rm 4.13: inner mass 0.16394742; C 1.922401677623; inner radius a_0..: [1.412449, 0.004586, 8e-06]; inner d_1..: [0.013333, 0.000538]; min g +0.987; residual 5.7e-14
rp 4.15 rm 4.11: inner mass 0.16305455; C 1.919075760967; inner radius a_0..: [1.403162, 0.009011, 3.2e-05]; inner d_1..: [0.027266, 0.002218]; min g +0.975; residual 7.1e-14
rp 4.15 rm 4.09: inner mass 0.16215088; C 1.915740280871; inner radius a_0..: [1.393726, 0.013278, 7e-05]; inner d_1..: [0.041823, 0.00514]; min g +0.963; residual 8.9e-14
rp 4.15 rm 4.07: inner mass 0.16123622; C 1.912395241909; inner radius a_0..: [1.384138, 0.017388, 0.000122]; inner d_1..: [0.057026, 0.009419]; min g +0.952; residual 1.3e-13
rp 4.15 rm 4.05: inner mass 0.16031040; C 1.909040649935; inner radius a_0..: [1.374394, 0.021343, 0.000186]; inner d_1..: [0.072901, 0.015176]; min g +0.942; residual 9.6e-14
rp 4.15 rm 4.03: inner mass 0.15937324; C 1.905676511959; inner radius a_0..: [1.364488, 0.025146, 0.000262]; inner d_1..: [0.089473, 0.022548]; min g +0.933; residual 1.6e-13
rp 4.15 rm 4.01: inner mass 0.15842457; C 1.902302836042; inner radius a_0..: [1.354416, 0.028799, 0.000349]; inner d_1..: [0.106773, 0.031683]; min g +0.923; residual 4.2e-13
rp 4.15 rm 3.99: inner mass 0.15746422; C 1.898919631169; inner radius a_0..: [1.344173, 0.032302, 0.000445]; inner d_1..: [0.12483, 0.042747]; min g +0.912; residual 1.3e-13
rp 4.15 rm 3.97: inner mass 0.15649201; C 1.895526907130; inner radius a_0..: [1.333754, 0.035658, 0.000549]; inner d_1..: [0.143678, 0.055923]; min g +0.898; residual 1.2e-13
rp 4.15 rm 3.95: inner mass 0.15550778; C 1.892124674396; inner radius a_0..: [1.323153, 0.038869, 0.000662]; inner d_1..: [0.163351, 0.071414]; min g +0.882; residual 7.2e-14
rp 4.15 rm 3.93: inner mass 0.15451136; C 1.888712943990; inner radius a_0..: [1.312365, 0.041936, 0.000781]; inner d_1..: [0.183887, 0.089446]; min g +0.864; residual 2.9e-13
rp 4.15 rm 3.91: inner mass 0.15350260; C 1.885291727355; inner radius a_0..: [1.301384, 0.044861, 0.000907]; inner d_1..: [0.205328, 0.110273]; min g +0.843; residual 2.3e-13
rp 4.15 rm 3.89: inner mass 0.15248133; C 1.881861036226; inner radius a_0..: [1.290204, 0.047646, 0.001038]; inner d_1..: [0.227717, 0.134176]; min g +0.818; residual 6.7e-13
rp 4.15 rm 3.87: inner mass 0.15144739; C 1.878420882487; inner radius a_0..: [1.278817, 0.050292, 0.001173]; inner d_1..: [0.2511, 0.161475]; min g +0.790; residual 2.0e-13
rp 4.15 rm 3.85: inner mass 0.15040064; C 1.874971278036; inner radius a_0..: [1.267217, 0.0528, 0.001312]; inner d_1..: [0.275529, 0.192526]; min g +0.758; residual 3.7e-13
rp 4.15 rm 3.83: inner mass 0.14934091; C 1.871512234643; inner radius a_0..: [1.255397, 0.055172, 0.001453]; inner d_1..: [0.301057, 0.227733]; min g +0.724; residual 9.4e-13
rp 4.15 rm 3.81: inner mass 0.14826806; C 1.868043763803; inner radius a_0..: [1.243349, 0.05741, 0.001597]; inner d_1..: [0.327744, 0.267554]; min g +0.685; residual 5.3e-15
rp 4.15 rm 3.79: inner mass 0.14718194; C 1.864565876595; inner radius a_0..: [1.231064, 0.059514, 0.001743]; inner d_1..: [0.355653, 0.312506]; min g +0.642; residual 4.0e-13
rp 4.15 rm 3.77: inner mass 0.14608240; C 1.861078583525; inner radius a_0..: [1.218535, 0.061485, 0.001889]; inner d_1..: [0.384853, 0.363179]; min g +0.589; residual 3.4e-13
rp 4.15 rm 3.75: inner mass 0.14496931; C 1.857581894376; inner radius a_0..: [1.20575, 0.063325, 0.002035]; inner d_1..: [0.415416, 0.42025]; min g +0.531; residual 5.4e-15
rp 4.15 rm 3.73: inner mass 0.14384253; C 1.854075818056; inner radius a_0..: [1.192702, 0.065035, 0.002181]; inner d_1..: [0.447422, 0.484489]; min g +0.465; residual 9.9e-13
rp 4.15 rm 3.71: inner mass 0.14270192; C 1.850560362434; inner radius a_0..: [1.179378, 0.066615, 0.002325]; inner d_1..: [0.480957, 0.556787]; min g +0.392; residual 4.8e-15
rp 4.15 rm 3.69: inner mass 0.14154736; C 1.847035534187; inner radius a_0..: [1.165768, 0.068066, 0.002468]; inner d_1..: [0.516114, 0.638168]; min g +0.310; residual 7.8e-15
rp 4.15 rm 3.67: inner mass 0.14037873; C 1.843501338627; inner radius a_0..: [1.15186, 0.069389, 0.002609]; inner d_1..: [0.552991, 0.729821]; min g +0.218; residual 6.2e-15
rp 4.15 rm 3.65: inner mass 0.13919589; C 1.839957779547; inner radius a_0..: [1.13764, 0.070584, 0.002747]; inner d_1..: [0.591696, 0.833128]; min g +0.115; residual 6.3e-15
rp 4.15 rm 3.63: inner mass 0.13799874; C 1.836404859042; inner radius a_0..: [1.123095, 0.071653, 0.002881]; inner d_1..: [0.632344, 0.949705]; min g -0.001; residual 6.4e-15
rp 4.15 rm 3.61: inner mass 0.13678716; C 1.832842577345; inner radius a_0..: [1.108209, 0.072594, 0.003011]; inner d_1..: [0.675058, 1.081444]; min g -0.131; residual 8.2e-15
rp 4.15 rm 3.59: inner mass 0.13556106; C 1.829270932653; inner radius a_0..: [1.092966, 0.073409, 0.003137]; inner d_1..: [0.719971, 1.230581]; min g -0.277; residual 1.6e-14
rp 4.15 rm 3.57: inner mass 0.13432033; C 1.825689920950; inner radius a_0..: [1.077348, 0.074096, 0.003258]; inner d_1..: [0.767223, 1.399762]; min g -0.443; residual 3.3e-15
rp 4.15 rm 3.55: inner mass 0.13306488; C 1.822099535830; inner radius a_0..: [1.061336, 0.074657, 0.003373]; inner d_1..: [0.816963, 1.59214]; min g -0.630; residual 9.7e-15
rp 4.15 rm 3.53: inner mass 0.13179463; C 1.818499768319; inner radius a_0..: [1.04491, 0.075091, 0.003483]; inner d_1..: [0.869347, 1.811496]; min g -0.843; residual 8.6e-15
rp 4.15 rm 3.5275: inner mass 0.13163481; C 1.818049137128; inner radius a_0..: [1.042826, 0.075136, 0.003496]; inner d_1..: [0.876089, 1.841029]; min g -0.872; residual 5.4e-15
rp 4.15 rm 3.525: inner mass 0.13147475; C 1.817598359132; inner radius a_0..: [1.040736, 0.075179, 0.003509]; inner d_1..: [0.882875, 1.871064]; min g -0.901; residual 7.6e-15
rp 4.15 rm 3.5225: inner mass 0.13131446; C 1.817147434304; inner radius a_0..: [1.038638, 0.07522, 0.003522]; inner d_1..: [0.889705, 1.90161]; min g -0.930; residual 4.4e-15
rp 4.15 rm 3.52: inner mass 0.13115393; C 1.816696362616; inner radius a_0..: [1.036534, 0.075259, 0.003535]; inner d_1..: [0.89658, 1.932678]; min g -0.960; residual 3.7e-15
rp 4.15 rm 3.5175: inner mass 0.13099318; C 1.816245144040; inner radius a_0..: [1.034422, 0.075297, 0.003548]; inner d_1..: [0.903501, 1.964279]; min g -0.991; residual 7.5e-15
rp 4.15 rm 3.515: inner mass 0.13083219; C 1.815793778548; inner radius a_0..: [1.032304, 0.075332, 0.00356]; inner d_1..: [0.910466, 1.996423]; min g -1.022; residual 8.0e-15
rp 4.15 rm 3.5125: inner mass 0.13067097; C 1.815342266109; inner radius a_0..: [1.030178, 0.075365, 0.003573]; inner d_1..: [0.917478, 2.029121]; min g -1.054; residual 1.0e-14
rp 4.15 rm 3.51: inner mass 0.13050951; C 1.814890606693; inner radius a_0..: [1.028045, 0.075396, 0.003586]; inner d_1..: [0.924536, 2.062385]; min g -1.086; residual 7.8e-15
rp 4.15 rm 3.5075: inner mass 0.13034782; C 1.814438800269; inner radius a_0..: [1.025905, 0.075425, 0.003598]; inner d_1..: [0.93164, 2.096227]; min g -1.118; residual 7.8e-15
rp 4.15 rm 3.505: inner mass 0.13018589; C 1.813986846806; inner radius a_0..: [1.023758, 0.075452, 0.00361]; inner d_1..: [0.93879, 2.130658]; min g -1.152; residual 4.3e-15
rp 4.15 rm 3.5025: inner mass 0.13002374; C 1.813534746269; inner radius a_0..: [1.021603, 0.075477, 0.003622]; inner d_1..: [0.945988, 2.165691]; min g -1.185; residual 5.3e-15
rp 4.15 rm 3.5: inner mass 0.12986135; C 1.813082498626; inner radius a_0..: [1.019441, 0.075501, 0.003634]; inner d_1..: [0.953233, 2.201339]; min g -1.220; residual 1.1e-14
rp 4.15 rm 3.4975: inner mass 0.12969872; C 1.812630103842; inner radius a_0..: [1.017272, 0.075522, 0.003646]; inner d_1..: [0.960526, 2.237614]; min g -1.255; residual 8.7e-15
rp 4.15 rm 3.495: inner mass 0.12953586; C 1.812177561883; inner radius a_0..: [1.015095, 0.075541, 0.003658]; inner d_1..: [0.967867, 2.27453]; min g -1.290; residual 1.2e-14
rp 4.15 rm 3.4925: inner mass 0.12937277; C 1.811724872712; inner radius a_0..: [1.01291, 0.075558, 0.00367]; inner d_1..: [0.975256, 2.312101]; min g -1.326; residual 1.4e-14
rp 4.15 rm 3.49: inner mass 0.12920944; C 1.811272036294; inner radius a_0..: [1.010718, 0.075573, 0.003682]; inner d_1..: [0.982694, 2.35034]; min g -1.363; residual 3.3e-14
rp 4.15 rm 3.4875: inner mass 0.12904588; C 1.810819052589; inner radius a_0..: [1.008518, 0.075586, 0.003693]; inner d_1..: [0.990181, 2.389262]; min g -1.401; residual 7.4e-15
rp 4.15 rm 3.485: inner mass 0.12888208; C 1.810365921561; inner radius a_0..: [1.006311, 0.075597, 0.003704]; inner d_1..: [0.997717, 2.428881]; min g -1.439; residual 1.7e-14
rp 4.15 rm 3.4825: inner mass 0.12871805; C 1.809912643169; inner radius a_0..: [1.004096, 0.075606, 0.003716]; inner d_1..: [1.005302, 2.469214]; min g -1.477; residual 2.6e-14
rp 4.15 rm 3.48: inner mass 0.12855378; C 1.809459217375; inner radius a_0..: [1.001873, 0.075612, 0.003727]; inner d_1..: [1.012938, 2.510274]; min g -1.517; residual 5.7e-15
rp 4.15 rm 3.4775: inner mass 0.12838928; C 1.809005644138; inner radius a_0..: [0.999642, 0.075617, 0.003738]; inner d_1..: [1.020624, 2.552079]; min g -1.557; residual 9.5e-15
rp 4.15 rm 3.475: inner mass 0.12822454; C 1.808551923415; inner radius a_0..: [0.997403, 0.07562, 0.003749]; inner d_1..: [1.02836, 2.594644]; min g -1.598; residual 1.6e-14
