rp 4.0 rm 3.999: inner mass 0.15119593; C 1.875272357942; inner radius a_0..: [1.276869, 0.000177, 0.0]; inner d_1..: [0.000926, 2e-06]; min g +0.999; residual 3.8e-15
rp 4.0 rm 3.98: inner mass 0.15030273; C 1.872045310828; inner radius a_0..: [1.26705, 0.003474, 6e-06]; inner d_1..: [0.018969, 0.000862]; min g +0.982; residual 4.5e-13
rp 4.0 rm 3.96: inner mass 0.14935143; C 1.868639123306; inner radius a_0..: [1.256528, 0.006811, 2.2e-05]; inner d_1..: [0.0389, 0.003573]; min g +0.965; residual 7.9e-13
rp 4.0 rm 3.94: inner mass 0.14838860; C 1.865223408685; inner radius a_0..: [1.245809, 0.010013, 4.8e-05]; inner d_1..: [0.059841, 0.008334]; min g +0.948; residual 5.0e-13
rp 4.0 rm 3.92: inner mass 0.14741408; C 1.861798174605; inner radius a_0..: [1.234886, 0.013081, 8.4e-05]; inner d_1..: [0.081847, 0.015371]; min g +0.934; residual 4.3e-13
rp 4.0 rm 3.9: inner mass 0.14642773; C 1.858363429015; inner radius a_0..: [1.223753, 0.016016, 0.000127]; inner d_1..: [0.104976, 0.024941]; min g +0.920; residual 5.6e-13
rp 4.0 rm 3.88: inner mass 0.14542940; C 1.854919180049; inner radius a_0..: [1.212401, 0.018821, 0.000178]; inner d_1..: [0.129291, 0.037331]; min g +0.907; residual 5.6e-13
rp 4.0 rm 3.86: inner mass 0.14441893; C 1.851465435884; inner radius a_0..: [1.200825, 0.021496, 0.000236]; inner d_1..: [0.15486, 0.05287]; min g +0.890; residual 9.5e-13
rp 4.0 rm 3.84: inner mass 0.14339620; C 1.848002204605; inner radius a_0..: [1.189015, 0.024043, 0.0003]; inner d_1..: [0.181759, 0.071929]; min g +0.871; residual 5.7e-15
rp 4.0 rm 3.82: inner mass 0.14236104; C 1.844529494058; inner radius a_0..: [1.176964, 0.026462, 0.000368]; inner d_1..: [0.21007, 0.094934]; min g +0.847; residual 8.8e-13
rp 4.0 rm 3.8: inner mass 0.14131334; C 1.841047311708; inner radius a_0..: [1.164662, 0.028756, 0.000441]; inner d_1..: [0.239883, 0.122371]; min g +0.820; residual 9.0e-13
rp 4.0 rm 3.78: inner mass 0.14025294; C 1.837555664491; inner radius a_0..: [1.152099, 0.030924, 0.000518]; inner d_1..: [0.271295, 0.154799]; min g +0.787; residual 7.3e-13
rp 4.0 rm 3.76: inner mass 0.13917973; C 1.834054558656; inner radius a_0..: [1.139266, 0.032969, 0.000598]; inner d_1..: [0.304416, 0.192862]; min g +0.747; residual 7.3e-15
rp 4.0 rm 3.74: inner mass 0.13809357; C 1.830543999621; inner radius a_0..: [1.126152, 0.03489, 0.000681]; inner d_1..: [0.339363, 0.237306]; min g +0.702; residual 4.5e-15
rp 4.0 rm 3.72: inner mass 0.13699433; C 1.827023991804; inner radius a_0..: [1.112744, 0.03669, 0.000765]; inner d_1..: [0.376267, 0.288998]; min g +0.652; residual 4.2e-15
rp 4.0 rm 3.7: inner mass 0.13588190; C 1.823494538472; inner radius a_0..: [1.09903, 0.038368, 0.00085]; inner d_1..: [0.415273, 0.348945]; min g +0.594; residual 3.3e-15
rp 4.0 rm 3.68: inner mass 0.13475617; C 1.819955641572; inner radius a_0..: [1.084997, 0.039926, 0.000937]; inner d_1..: [0.456538, 0.418333]; min g +0.524; residual 5.0e-15
rp 4.0 rm 3.66: inner mass 0.13361701; C 1.816407301565; inner radius a_0..: [1.07063, 0.041363, 0.001023]; inner d_1..: [0.500239, 0.498552]; min g +0.442; residual 4.4e-15
rp 4.0 rm 3.64: inner mass 0.13246432; C 1.812849517261; inner radius a_0..: [1.055914, 0.042681, 0.001109]; inner d_1..: [0.54657, 0.591249]; min g +0.347; residual 5.8e-15
rp 4.0 rm 3.62: inner mass 0.13129801; C 1.809282285643; inner radius a_0..: [1.04083, 0.04388, 0.001194]; inner d_1..: [0.595749, 0.698378]; min g +0.239; residual 2.9e-15
rp 4.0 rm 3.6: inner mass 0.13011796; C 1.805705601694; inner radius a_0..: [1.025362, 0.044959, 0.001278]; inner d_1..: [0.648014, 0.822274]; min g +0.114; residual 8.0e-15
rp 4.0 rm 3.58: inner mass 0.12892411; C 1.802119458222; inner radius a_0..: [1.009487, 0.04592, 0.00136]; inner d_1..: [0.703634, 0.965746]; min g -0.030; residual 7.0e-15
rp 4.0 rm 3.56: inner mass 0.12771635; C 1.798523845679; inner radius a_0..: [0.993186, 0.046762, 0.001439]; inner d_1..: [0.762907, 1.132187]; min g -0.195; residual 7.7e-15
rp 4.0 rm 3.54: inner mass 0.12649462; C 1.794918751978; inner radius a_0..: [0.976432, 0.047484, 0.001516]; inner d_1..: [0.826165, 1.325726]; min g -0.386; residual 1.0e-14
rp 4.0 rm 3.52: inner mass 0.12525884; C 1.791304162314; inner radius a_0..: [0.959201, 0.048087, 0.001589]; inner d_1..: [0.893779, 1.551429]; min g -0.608; residual 1.6e-14
rp 4.0 rm 3.488: inner mass 0.12325224; C 1.785501021880; inner radius a_0..: [0.930561, 0.048801, 0.001699]; inner d_1..: [1.012072, 1.995635]; min g -1.041; residual 1.8e-13
rp 4.0 rm 3.486: inner mass 0.12312562; C 1.785137514982; inner radius a_0..: [0.928725, 0.048836, 0.001705]; inner d_1..: [1.019914, 2.027399]; min g -1.072; residual 5.2e-15
rp 4.0 rm 3.484: inner mass 0.12299887; C 1.784773912576; inner radius a_0..: [0.926883, 0.048869, 0.001712]; inner d_1..: [1.027812, 2.05969]; min g -1.103; residual 2.0e-14
rp 4.0 rm 3.483: inner mass 0.12293543; C 1.784592075551; inner radius a_0..: [0.92596, 0.048885, 0.001715]; inner d_1..: [1.031782, 2.076036]; min g -1.119; residual 7.4e-15
rp 4.0 rm 3.482: inner mass 0.12287197; C 1.784410214639; inner radius a_0..: [0.925036, 0.048901, 0.001718]; inner d_1..: [1.035766, 2.092517]; min g -1.135; residual 4.5e-15
rp 4.0 rm 3.481: inner mass 0.12280846; C 1.784228329838; inner radius a_0..: [0.92411, 0.048916, 0.001721]; inner d_1..: [1.039764, 2.109136]; min g -1.151; residual 4.4e-15
rp 4.0 rm 3.48: inner mass 0.12274492; C 1.784046421145; inner radius a_0..: [0.923182, 0.048931, 0.001724]; inner d_1..: [1.043777, 2.125892]; min g -1.168; residual 5.5e-15
rp 4.0 rm 3.479: inner mass 0.12268135; C 1.783864488555; inner radius a_0..: [0.922254, 0.048946, 0.001727]; inner d_1..: [1.047804, 2.142788]; min g -1.184; residual 1.3e-14
rp 4.0 rm 3.478: inner mass 0.12261774; C 1.783682532067; inner radius a_0..: [0.921323, 0.048961, 0.001731]; inner d_1..: [1.051845, 2.159825]; min g -1.201; residual 5.3e-15
rp 4.0 rm 3.476: inner mass 0.12249041; C 1.783318547381; inner radius a_0..: [0.919459, 0.048989, 0.001737]; inner d_1..: [1.059972, 2.194327]; min g -1.234; residual 1.5e-14
