rp 4.3 rm 4.299: inner mass 0.17750908; C 1.974625638420; inner radius a_0..: [1.551034, 0.0003, 0.0, 0.0]; inner d_1..: [0.000471]; min g +1.000; residual 1.1e-13
rp 4.3 rm 4.28: inner mass 0.17672614; C 1.971551500186; inner radius a_0..: [1.543103, 0.0059, 3e-05, 0.0]; inner d_1..: [0.009622]; min g +0.990; residual 1.1e-14
rp 4.3 rm 4.26: inner mass 0.17589262; C 1.968306228035; inner radius a_0..: [1.534644, 0.011609, 0.00012, 1e-06]; inner d_1..: [0.019662]; min g +0.980; residual 6.7e-15
rp 4.3 rm 4.24: inner mass 0.17504926; C 1.965051371245; inner radius a_0..: [1.526069, 0.017133, 0.000268, 3e-06]; inner d_1..: [0.030133]; min g +0.970; residual 1.0e-14
rp 4.3 rm 4.22: inner mass 0.17419587; C 1.961786923429; inner radius a_0..: [1.517375, 0.022475, 0.00047, 6e-06]; inner d_1..: [0.041053]; min g +0.959; residual 1.6e-14
rp 4.3 rm 4.2: inner mass 0.17333224; C 1.958512879923; inner radius a_0..: [1.508559, 0.027637, 0.000726, 1.2e-05]; inner d_1..: [0.052438]; min g +0.948; residual 6.7e-15
rp 4.3 rm 4.18: inner mass 0.17245818; C 1.955229237684; inner radius a_0..: [1.499616, 0.032625, 0.001033, 2.1e-05]; inner d_1..: [0.064306]; min g +0.936; residual 1.0e-14
rp 4.3 rm 4.16: inner mass 0.17157349; C 1.951935995184; inner radius a_0..: [1.490544, 0.03744, 0.00139, 3.4e-05]; inner d_1..: [0.076678]; min g +0.923; residual 4.3e-15
rp 4.3 rm 4.14: inner mass 0.17067798; C 1.948633152295; inner radius a_0..: [1.481338, 0.042088, 0.001793, 5e-05]; inner d_1..: [0.089572]; min g +0.910; residual 5.9e-15
rp 4.3 rm 4.12: inner mass 0.16977147; C 1.945320710188; inner radius a_0..: [1.471996, 0.046571, 0.002241, 7.1e-05]; inner d_1..: [0.103013]; min g +0.897; residual 5.8e-15
rp 4.3 rm 4.1: inner mass 0.16885376; C 1.941998671214; inner radius a_0..: [1.462513, 0.050892, 0.002732, 9.7e-05]; inner d_1..: [0.117022]; min g +0.883; residual 6.2e-15
rp 4.3 rm 4.08: inner mass 0.16792469; C 1.938667038797; inner radius a_0..: [1.452885, 0.055055, 0.003264, 0.000129]; inner d_1..: [0.131626]; min g +0.868; residual 1.9e-14
rp 4.3 rm 4.06: inner mass 0.16698407; C 1.935325817317; inner radius a_0..: [1.443108, 0.059062, 0.003835, 0.000167]; inner d_1..: [0.146852]; min g +0.853; residual 1.0e-14
rp 4.3 rm 4.04: inner mass 0.16603173; C 1.931975012002; inner radius a_0..: [1.433177, 0.062918, 0.004444, 0.000211]; inner d_1..: [0.162729]; min g +0.837; residual 9.1e-15
rp 4.3 rm 4.02: inner mass 0.16506751; C 1.928614628807; inner radius a_0..: [1.423088, 0.066625, 0.005088, 0.000262]; inner d_1..: [0.179289]; min g +0.821; residual 7.1e-15
rp 4.3 rm 4.0: inner mass 0.16409122; C 1.925244674303; inner radius a_0..: [1.412837, 0.070185, 0.005766, 0.00032]; inner d_1..: [0.196566]; min g +0.803; residual 4.6e-15
rp 4.3 rm 3.98: inner mass 0.16310271; C 1.921865155558; inner radius a_0..: [1.402418, 0.073601, 0.006476, 0.000385]; inner d_1..: [0.214598]; min g +0.785; residual 6.1e-15
rp 4.3 rm 3.96: inner mass 0.16210182; C 1.918476080021; inner radius a_0..: [1.391826, 0.076876, 0.007216, 0.000459]; inner d_1..: [0.233423]; min g +0.767; residual 1.5e-14
rp 4.3 rm 3.94: inner mass 0.16108839; C 1.915077455402; inner radius a_0..: [1.381055, 0.080012, 0.007985, 0.00054]; inner d_1..: [0.253085]; min g +0.747; residual 8.8e-15
rp 4.3 rm 3.92: inner mass 0.16006225; C 1.911669289554; inner radius a_0..: [1.3701, 0.083012, 0.00878, 0.00063]; inner d_1..: [0.273633]; min g +0.726; residual 1.4e-14
rp 4.3 rm 3.9: inner mass 0.15902327; C 1.908251590348; inner radius a_0..: [1.358955, 0.085877, 0.009601, 0.000729]; inner d_1..: [0.295115]; min g +0.705; residual 1.1e-14
rp 4.3 rm 3.88: inner mass 0.15797128; C 1.904824365556; inner radius a_0..: [1.347614, 0.08861, 0.010446, 0.000837]; inner d_1..: [0.31759]; min g +0.682; residual 4.8e-15
rp 4.3 rm 3.86: inner mass 0.15690615; C 1.901387622721; inner radius a_0..: [1.336068, 0.091213, 0.011313, 0.000954]; inner d_1..: [0.341117]; min g +0.659; residual 1.2e-14
rp 4.3 rm 3.84: inner mass 0.15582773; C 1.897941369037; inner radius a_0..: [1.324312, 0.093687, 0.012201, 0.00108]; inner d_1..: [0.365762]; min g +0.634; residual 2.1e-14
rp 4.3 rm 3.82: inner mass 0.15473587; C 1.894485611215; inner radius a_0..: [1.312338, 0.096034, 0.013107, 0.001216]; inner d_1..: [0.3916]; min g +0.608; residual 6.4e-15
rp 4.3 rm 3.8: inner mass 0.15363045; C 1.891020355360; inner radius a_0..: [1.300137, 0.098256, 0.014032, 0.001361]; inner d_1..: [0.418709]; min g +0.581; residual 1.4e-14
rp 4.3 rm 3.78: inner mass 0.15251133; C 1.887545606837; inner radius a_0..: [1.287701, 0.100353, 0.014973, 0.001516]; inner d_1..: [0.447178]; min g +0.553; residual 1.7e-14
rp 4.3 rm 3.76: inner mass 0.15137838; C 1.884061370135; inner radius a_0..: [1.275021, 0.102327, 0.015928, 0.001681]; inner d_1..: [0.477104]; min g +0.523; residual 3.5e-15
rp 4.3 rm 3.74: inner mass 0.15023148; C 1.880567648737; inner radius a_0..: [1.262087, 0.104179, 0.016897, 0.001856]; inner d_1..: [0.508593]; min g +0.491; residual 6.0e-15
rp 4.3 rm 3.72: inner mass 0.14907051; C 1.877064444978; inner radius a_0..: [1.248888, 0.105911, 0.017877, 0.002041]; inner d_1..: [0.541764]; min g +0.458; residual 5.5e-15
rp 4.3 rm 3.7: inner mass 0.14789535; C 1.873551759908; inner radius a_0..: [1.235414, 0.107521, 0.018868, 0.002236]; inner d_1..: [0.576749]; min g +0.423; residual 1.4e-14
rp 4.3 rm 3.68: inner mass 0.14670589; C 1.870029593148; inner radius a_0..: [1.221651, 0.109012, 0.019866, 0.002442]; inner d_1..: [0.613694]; min g +0.386; residual 5.9e-15
rp 4.3 rm 3.66: inner mass 0.14550203; C 1.866497942745; inner radius a_0..: [1.207588, 0.110383, 0.020872, 0.002657]; inner d_1..: [0.652761]; min g +0.347; residual 2.4e-14
rp 4.3 rm 3.64: inner mass 0.14428367; C 1.862956805025; inner radius a_0..: [1.19321, 0.111635, 0.021884, 0.002883]; inner d_1..: [0.694136]; min g +0.306; residual 9.0e-15
rp 4.3 rm 3.62: inner mass 0.14305071; C 1.859406174443; inner radius a_0..: [1.178502, 0.112767, 0.022898, 0.003119]; inner d_1..: [0.738022]; min g +0.262; residual 7.5e-15
rp 4.3 rm 3.6: inner mass 0.14180308; C 1.855846043430; inner radius a_0..: [1.163448, 0.11378, 0.023915, 0.003365]; inner d_1..: [0.784652]; min g +0.215; residual 3.2e-14
rp 4.3 rm 3.58: inner mass 0.14054068; C 1.852276402239; inner radius a_0..: [1.148031, 0.114671, 0.024931, 0.003621]; inner d_1..: [0.834288]; min g +0.166; residual 2.0e-14
rp 4.3 rm 3.56: inner mass 0.13926346; C 1.848697238783; inner radius a_0..: [1.13223, 0.115441, 0.025946, 0.003886]; inner d_1..: [0.887228]; min g +0.113; residual 1.8e-14
rp 4.3 rm 3.54: inner mass 0.13797134; C 1.845108538475; inner radius a_0..: [1.116025, 0.116089, 0.026956, 0.004162]; inner d_1..: [0.943813]; min g +0.056; residual 2.7e-14
rp 4.3 rm 3.52: inner mass 0.13666427; C 1.841510284064; inner radius a_0..: [1.099394, 0.116612, 0.027959, 0.004447]; inner d_1..: [1.004434]; min g -0.004; residual 3.4e-14
rp 4.3 rm 3.5: inner mass 0.13534221; C 1.837902455466; inner radius a_0..: [1.08231, 0.117009, 0.028954, 0.004741]; inner d_1..: [1.06954]; min g -0.070; residual 3.3e-14
rp 4.3 rm 3.48: inner mass 0.13400512; C 1.834285029592; inner radius a_0..: [1.064747, 0.117278, 0.029937, 0.005044]; inner d_1..: [1.139654]; min g -0.140; residual 5.2e-14
rp 4.3 rm 3.46: inner mass 0.13265298; C 1.830657980171; inner radius a_0..: [1.046674, 0.117415, 0.030906, 0.005356]; inner d_1..: [1.215382]; min g -0.215; residual 6.8e-14
rp 4.3 rm 3.44: inner mass 0.13128578; C 1.827021277573; inner radius a_0..: [1.028056, 0.117417, 0.031857, 0.005676]; inner d_1..: [1.297438]; min g -0.297; residual 1.2e-13
rp 4.3 rm 3.42: inner mass 0.12990351; C 1.823374888624; inner radius a_0..: [1.008857, 0.117279, 0.032787, 0.006003]; inner d_1..: [1.386665]; min g -0.387; residual 1.7e-13
rp 4.3 rm 3.4: inner mass 0.12850619; C 1.819718776416; inner radius a_0..: [0.989034, 0.116997, 0.033692, 0.006338]; inner d_1..: [1.484065]; min g -0.484; residual 2.8e-13
rp 4.3 rm 3.38: inner mass 0.12709386; C 1.816052900112; inner radius a_0..: [0.968539, 0.116564, 0.034567, 0.006679]; inner d_1..: [1.590843]; min g -0.591; residual 4.3e-13
rp 4.3 rm 3.36: inner mass 0.12566655; C 1.812377214749; inner radius a_0..: [0.947319, 0.115974, 0.035408, 0.007025]; inner d_1..: [1.708456]; min g -0.708; residual 6.8e-13
rp 4.3 rm 3.34: inner mass 0.12422433; C 1.808691671024; inner radius a_0..: [0.925312, 0.115217, 0.036207, 0.007375]; inner d_1..: [1.838687]; min g -0.839; residual 6.7e-15
rp 4.3 rm 3.32: inner mass 0.12276728; C 1.804996215081; inner radius a_0..: [0.902449, 0.114285, 0.03696, 0.007729]; inner d_1..: [1.983743]; min g -0.984; residual 7.3e-15
rp 4.3 rm 3.3: inner mass 0.12129550; C 1.801290788285; inner radius a_0..: [0.878649, 0.113163, 0.037657, 0.008083]; inner d_1..: [2.146387]; min g -1.146; residual 8.1e-15
rp 4.3 rm 3.2975: inner mass 0.12111049; C 1.800826905746; inner radius a_0..: [0.875603, 0.113009, 0.03774, 0.008127]; inner d_1..: [2.168119]; min g -1.168; residual 7.9e-15
rp 4.3 rm 3.295: inner mass 0.12092526; C 1.800362866294; inner radius a_0..: [0.872542, 0.112852, 0.037821, 0.008171]; inner d_1..: [2.190188]; min g -1.190; residual 5.8e-15
rp 4.3 rm 3.2925: inner mass 0.12073980; C 1.799898669799; inner radius a_0..: [0.869463, 0.112691, 0.037902, 0.008215]; inner d_1..: [2.212601]; min g -1.213; residual 1.0e-14
rp 4.3 rm 3.29: inner mass 0.12055412; C 1.799434316127; inner radius a_0..: [0.866368, 0.112528, 0.037982, 0.008259]; inner d_1..: [2.235366]; min g -1.235; residual 6.4e-15
rp 4.3 rm 3.2875: inner mass 0.12036821; C 1.798969805145; inner radius a_0..: [0.863256, 0.112361, 0.03806, 0.008303]; inner d_1..: [2.258493]; min g -1.258; residual 4.8e-15
rp 4.3 rm 3.285: inner mass 0.12018207; C 1.798505136717; inner radius a_0..: [0.860127, 0.11219, 0.038138, 0.008347]; inner d_1..: [2.28199]; min g -1.282; residual 4.4e-15
