   centre excess D(0) - C +5.4956545295e-02
cap rp 5.0 rm 4.999: inner mass 0.22620107; C 5.025385540283; inner radius a_0..: [2.066759, 0.000856, 0.000011]; inner d_1..: [0.000060, -0.000012]; residual 3.7e-11; min f 1.000
   centre excess D(0) - C +5.1168086318e-02
cap rp 5.0 rm 4.97: inner mass 0.22535830; C 5.021243666527; inner radius a_0..: [2.056973, 0.025035, 0.015409]; inner d_1..: [0.002210, -0.017332]; residual 1.5e-05; min f 0.997
   centre excess D(0) - C +4.4580362668e-02
cap rp 5.0 rm 4.92: inner mass 0.22389295; C 5.014059758210; inner radius a_0..: [2.039815, 0.064974, -0.015363]; inner d_1..: [0.005401, 0.017626]; residual 5.8e-11; min f 0.993
   centre excess D(0) - C +3.7967486746e-02
cap rp 5.0 rm 4.87: inner mass 0.22241352; C 5.006823397172; inner radius a_0..: [2.022562, 0.101045, -0.017882]; inner d_1..: [0.010195, 0.021489]; residual 1.8e-11; min f 0.988
   centre excess D(0) - C +3.1531048669e-02
cap rp 5.0 rm 4.82: inner mass 0.22090646; C 4.999531654829; inner radius a_0..: [2.005053, 0.133512, -0.018665]; inner d_1..: [0.016363, 0.024505]; residual 4.1e-11; min f 0.983
   centre excess D(0) - C +2.5394462384e-02
cap rp 5.0 rm 4.77: inner mass 0.21936232; C 4.992182702776; inner radius a_0..: [1.987214, 0.162574, -0.018029]; inner d_1..: [0.023973, 0.027430]; residual 1.4e-11; min f 0.979
   centre excess D(0) - C +1.9633534272e-02
cap rp 5.0 rm 4.72: inner mass 0.21777377; C 4.984775022882; inner radius a_0..: [1.968992, 0.188548, -0.016350]; inner d_1..: [0.033000, 0.031048]; residual 1.3e-11; min f 0.975
   centre excess D(0) - C +1.4289736210e-02
cap rp 5.0 rm 4.67: inner mass 0.21613505; C 4.977307390618; inner radius a_0..: [1.950349, 0.211765, -0.013931]; inner d_1..: [0.043378, 0.036021]; residual 1.5e-11; min f 0.971
   centre excess D(0) - C +9.3817520195e-03
cap rp 5.0 rm 4.62: inner mass 0.21444151; C 4.969778842651; inner radius a_0..: [1.931252, 0.232536, -0.010998]; inner d_1..: [0.055034, 0.042909]; residual 4.1e-11; min f 0.966
   centre excess D(0) - C +4.9138368987e-03
cap rp 5.0 rm 4.57: inner mass 0.21268930; C 4.962188642194; inner radius a_0..: [1.911671, 0.251131, -0.007718]; inner d_1..: [0.067894, 0.052207]; residual 2.7e-11; min f 0.962
   centre excess D(0) - C +8.8136124255e-04
cap rp 5.0 rm 4.52: inner mass 0.21087503; C 4.954536247608; inner radius a_0..: [1.891577, 0.267779, -0.004211]; inner d_1..: [0.081898, 0.064381]; residual 8.4e-12; min f 0.958
   centre excess D(0) - C -2.7256747913e-03
cap rp 5.0 rm 4.47: inner mass 0.20899567; C 4.946821285676; inner radius a_0..: [1.870942, 0.282673, -0.000569]; inner d_1..: [0.096992, 0.079894]; residual 3.1e-11; min f 0.954
   centre excess D(0) - C -5.9204608355e-03
cap rp 5.0 rm 4.42: inner mass 0.20704838; C 4.939043529318; inner radius a_0..: [1.849734, 0.295972, 0.003143]; inner d_1..: [0.113133, 0.099239]; residual 2.7e-11; min f 0.949
   centre excess D(0) - C -8.7180523963e-03
cap rp 5.0 rm 4.37: inner mass 0.20503044; C 4.931202878969; inner radius a_0..: [1.827922, 0.307809, 0.006873]; inner d_1..: [0.130286, 0.122953]; residual 2.0e-11; min f 0.945
   centre excess D(0) - C -1.1134567884e-02
cap rp 5.0 rm 4.32: inner mass 0.20293922; C 4.923299346765; inner radius a_0..: [1.805471, 0.318294, 0.010583]; inner d_1..: [0.148420, 0.151649]; residual 2.5e-11; min f 0.941
